============================================================
  日志文件创建: 2026-09-16 16:08:06
  策略版本: v56 (for MiniQMT Evn)
  标的: portfolio
============================================================
[16:08:08] [REFERENCE-MODE] shadow: coefficient scaling affects execution baseline; shadow intraday strength is observation only; active requires user-approved validation
[16:08:08] [连接] MiniQMT 行情服务已连接
[16:08:08] [账号状态] 8890145315 STOCK: 正常
[16:08:09] [交易] 已订阅账号 8890145315
[16:08:09] [RUNTIME] watchdog=15.0s read-RPC-timeout=5.0s instrumented-clients=2; native/router calls may have separate timeouts
[16:08:09] [PORTFOLIO-START] all account holdings; mode=LIVE
[16:08:09] [600584.SH] [LANE 0] [STATE-RESTORED] ledger state=IDLE REV-count=0 FWD-count=0
[16:08:09] [601869.SH] [LANE 0] [STATE-RESTORED] ledger state=IDLE REV-count=0 FWD-count=0
[16:08:09] [600584.SH] [LANE 0] [STATE-RESTORED] ledger state=IDLE REV-count=0 FWD-count=0
[16:08:09] [601869.SH] [LANE 0] [STATE-RESTORED] ledger state=IDLE REV-count=0 FWD-count=0
[16:08:09] [600584.SH] [LANE 0] [START] v56 LIVE
[16:08:09] [600584.SH] [LANE 0] [TREND-GUARD BLOCK] 3-session return +2.67%
[16:08:09] [600584.SH] [LANE 0] [NON-TRADING PREVIEW] indicative plans only; no orders outside trading hours; next trading day recalculates from its opening price
[16:08:10] [600584.SH] [LANE 0] [T-SIZE PLAN] at base Y69.55: REV 0 sh / FWD 0 sh; rechecked at order submission
[16:08:10] [600584.SH] [LANE 0] [SIGNAL] ADAPTIVE-SIDEWAYS | SignalBase Y69.55 (source: latest complete close; after-hours) | ATR 4.2% | RSI 31 | Vol_ratio 1.02 | Mult 0.32 | base-trigger Y70.48 [REV-T blocked:REV-T blocked by 3-session return +2.67%]
[16:08:10] [600584.SH] [LANE 0] [REFERENCE] base-trigger Y70.48 | execution Y70.48 | shadow-candidate NON_TRADING
[16:08:10] [600584.SH] [LANE 0] [QUANTILE-TREND] score +0.491 | rank 0.732 | trigger-Q 0.674 | samples 71 | span 8d | ATR-units 0.316
[16:08:10] [600584.SH] [LANE 0] [QUANTILE-FORMULA] units=Quantile(next-day open-to-high, tail 0.125 + trend-rank 0.732*(1-2*tail)) = Q0.674 -> raw 0.5271 * scale 0.60 = 0.3163
[16:08:10] [600584.SH] [LANE 0] [VOLUME] last 825628 | prev10_avg 651991 (last/10d 1.27x) | prev20_avg 807678 (last/20d 1.02x) | n10=10 n20=20 | VALID
[16:08:10] [600584.SH] [LANE 0] [FACTOR] trend_score +0.49 |  trend_rank +0.73 |  trigger_q +0.67 | 
[16:08:10] [600584.SH] [LANE 0] [ACCOUNT] Position:500 sh Y34,775(28%) | Cash:Y41,401 | Sellable:0 lots(0 sh)
[16:08:10] [600584.SH] [LANE 0] [REV-T] BLOCKED REV-T blocked by 3-session return +2.67% | base-trigger Y70.48 = open Y69.55*(1+ATR 4.23%*(raw 0.527114*scale 0.600)) | base-trigger Y70.48 | execution Y70.48 | shadow-candidate NON_TRADING | buyback Y70.03 = Y70.48*(1-4.23%*0.15)
[16:08:10] [600584.SH] [LANE 0] [FWD-T] BLOCKED T+1: sellable base shares 0 sh < 100 sh | plan buy Y68.16 = max(floor Y67.46, trail Y68.16) | plan sell Y68.98 = Y68.16*(1+1.2%) | planned value~Y0
[16:08:11] [600584.SH] [LANE 0] [CONNECTION] market/trade probes OK
[16:08:11] [600584.SH] [LANE 0] [QUOTE-HEALTH] NOT_APPLICABLE connection=OK quote_time=UNKNOWN age=UNKNOWN last_rpc_success=2026-09-16 16:08:10 last_confirmed_fresh=UNKNOWN reason=non-trading session action=LOG_ONLY
[16:08:11] [600584.SH] [LANE 0] [STRENGTH SHADOW] NON_TRADING minutes=0; original reference, observation reset
[16:08:12] [600584.SH] [LANE 0] [CLOSE 16:08:10]
[16:08:12] [STATE-SAVED] symbols=2 inflight=False path=D:\02Project\QMT-export\Stragety\MiniQMT_Stragety\DayT\state\v56_8890145315.json
[16:08:12] [600584.SH] [LANE 1] [START] v56 LIVE
[16:08:12] [600584.SH] [LANE 1] [TREND-GUARD BLOCK] 3-session return +2.67%
[16:08:12] [600584.SH] [LANE 1] [NON-TRADING PREVIEW] indicative plans only; no orders outside trading hours; next trading day recalculates from its opening price
[16:08:13] [600584.SH] [LANE 1] [T-SIZE PLAN] at base Y69.55: REV 0 sh / FWD 0 sh; rechecked at order submission
[16:08:13] [600584.SH] [LANE 1] [SIGNAL] ADAPTIVE-SIDEWAYS | SignalBase Y69.55 (source: latest complete close; after-hours) | ATR 4.2% | RSI 31 | Vol_ratio 1.02 | Mult 0.32 | base-trigger Y70.48 [REV-T blocked:REV-T blocked by 3-session return +2.67%]
[16:08:13] [600584.SH] [LANE 1] [REFERENCE] base-trigger Y70.48 | execution Y70.48 | shadow-candidate NON_TRADING
[16:08:13] [600584.SH] [LANE 1] [QUANTILE-TREND] score +0.491 | rank 0.732 | trigger-Q 0.674 | samples 71 | span 8d | ATR-units 0.316
[16:08:13] [600584.SH] [LANE 1] [QUANTILE-FORMULA] units=Quantile(next-day open-to-high, tail 0.125 + trend-rank 0.732*(1-2*tail)) = Q0.674 -> raw 0.5271 * scale 0.60 = 0.3163
[16:08:13] [600584.SH] [LANE 1] [VOLUME] last 825628 | prev10_avg 651991 (last/10d 1.27x) | prev20_avg 807678 (last/20d 1.02x) | n10=10 n20=20 | VALID
[16:08:13] [600584.SH] [LANE 1] [FACTOR] trend_score +0.49 |  trend_rank +0.73 |  trigger_q +0.67 | 
[16:08:13] [600584.SH] [LANE 1] [ACCOUNT] Position:500 sh Y34,775(28%) | Cash:Y41,401 | Sellable:0 lots(0 sh)
[16:08:13] [600584.SH] [LANE 1] [REV-T] BLOCKED REV-T blocked by 3-session return +2.67% | base-trigger Y70.48 = open Y69.55*(1+ATR 4.23%*(raw 0.527114*scale 0.600)) | base-trigger Y70.48 | execution Y70.48 | shadow-candidate NON_TRADING | buyback Y70.03 = Y70.48*(1-4.23%*0.15)
[16:08:13] [600584.SH] [LANE 1] [FWD-T] BLOCKED T+1: sellable base shares 0 sh < 100 sh | plan buy Y68.16 = max(floor Y67.46, trail Y68.16) | plan sell Y68.98 = Y68.16*(1+1.2%) | planned value~Y0
[16:08:13] [600584.SH] [LANE 1] [CONNECTION] market/trade probes OK
[16:08:13] [600584.SH] [LANE 1] [QUOTE-HEALTH] NOT_APPLICABLE connection=OK quote_time=UNKNOWN age=UNKNOWN last_rpc_success=2026-09-16 16:08:13 last_confirmed_fresh=UNKNOWN reason=non-trading session action=LOG_ONLY
[16:08:14] [600584.SH] [LANE 1] [STRENGTH SHADOW] NON_TRADING minutes=0; original reference, observation reset
[16:08:14] [600584.SH] [LANE 1] [CLOSE 16:08:13]
[16:08:14] [601869.SH] [LANE 0] [START] v56 LIVE
[16:08:14] [601869.SH] [LANE 0] [TREND-GUARD PASS] 3-session return -2.74%
[16:08:14] [601869.SH] [LANE 0] [NON-TRADING PREVIEW] indicative plans only; no orders outside trading hours; next trading day recalculates from its opening price
[16:08:15] [601869.SH] [LANE 0] [T-SIZE PLAN] at base Y461.00: REV 100 sh / FWD 0 sh; rechecked at order submission
[16:08:15] [601869.SH] [LANE 0] [SIGNAL] ADAPTIVE-SIDEWAYS | SignalBase Y461.00 (source: latest complete close; after-hours) | ATR 6.4% | RSI 59 | Vol_ratio 0.89 | Mult 0.32 | base-trigger Y470.52 
[16:08:15] [601869.SH] [LANE 0] [REFERENCE] base-trigger Y470.52 | execution Y470.52 | shadow-candidate NON_TRADING
[16:08:15] [601869.SH] [LANE 0] [QUANTILE-TREND] score +0.581 | rank 0.634 | trigger-Q 0.600 | samples 71 | span 8d | ATR-units 0.325
[16:08:15] [601869.SH] [LANE 0] [QUANTILE-FORMULA] units=Quantile(next-day open-to-high, tail 0.125 + trend-rank 0.634*(1-2*tail)) = Q0.600 -> raw 0.5415 * scale 0.60 = 0.3249
[16:08:15] [601869.SH] [LANE 0] [VOLUME] last 129473 | prev10_avg 139674 (last/10d 0.93x) | prev20_avg 145410 (last/20d 0.89x) | n10=10 n20=20 | VALID
[16:08:15] [601869.SH] [LANE 0] [FACTOR] trend_score +0.58 |  trend_rank +0.63 |  trigger_q +0.60 | 
[16:08:15] [601869.SH] [LANE 0] [ACCOUNT] Position:100 sh Y46,100(38%) | Cash:Y41,401 | Sellable:1 lots(100 sh)
[16:08:16] [601869.SH] [LANE 0] [REV-T] NON-TRADING PREVIEW plan 100 sh / remaining 5 entries | base-trigger Y470.52 = open Y461.00*(1+ATR 6.36%*(raw 0.541465*scale 0.600)) | base-trigger Y470.52 | execution Y470.52 | shadow-candidate NON_TRADING | buyback Y466.03 = Y470.52*(1-6.36%*0.15)
[16:08:16] [601869.SH] [LANE 0] [FWD-T] BLOCKED insufficient cash for 1 lot | plan buy Y451.78 = max(floor Y447.17, trail Y451.78) | plan sell Y457.20 = Y451.78*(1+1.2%) | planned value~Y0
[16:08:16] [601869.SH] [LANE 0] [CONNECTION] market/trade probes OK
[16:08:16] [601869.SH] [LANE 0] [QUOTE-HEALTH] NOT_APPLICABLE connection=OK quote_time=UNKNOWN age=UNKNOWN last_rpc_success=2026-09-16 16:08:16 last_confirmed_fresh=UNKNOWN reason=non-trading session action=LOG_ONLY
[16:08:17] [601869.SH] [LANE 0] [STRENGTH SHADOW] NON_TRADING minutes=0; original reference, observation reset
[16:08:17] [601869.SH] [LANE 0] [CLOSE 16:08:16]
[16:08:17] [601869.SH] [LANE 1] [START] v56 LIVE
[16:08:17] [601869.SH] [LANE 1] [TREND-GUARD PASS] 3-session return -2.74%
[16:08:17] [601869.SH] [LANE 1] [NON-TRADING PREVIEW] indicative plans only; no orders outside trading hours; next trading day recalculates from its opening price
[16:08:18] [601869.SH] [LANE 1] [T-SIZE PLAN] at base Y461.00: REV 100 sh / FWD 0 sh; rechecked at order submission
[16:08:18] [601869.SH] [LANE 1] [SIGNAL] ADAPTIVE-SIDEWAYS | SignalBase Y461.00 (source: latest complete close; after-hours) | ATR 6.4% | RSI 59 | Vol_ratio 0.89 | Mult 0.32 | base-trigger Y470.52 
[16:08:18] [601869.SH] [LANE 1] [REFERENCE] base-trigger Y470.52 | execution Y470.52 | shadow-candidate NON_TRADING
[16:08:18] [601869.SH] [LANE 1] [QUANTILE-TREND] score +0.581 | rank 0.634 | trigger-Q 0.600 | samples 71 | span 8d | ATR-units 0.325
[16:08:18] [601869.SH] [LANE 1] [QUANTILE-FORMULA] units=Quantile(next-day open-to-high, tail 0.125 + trend-rank 0.634*(1-2*tail)) = Q0.600 -> raw 0.5415 * scale 0.60 = 0.3249
[16:08:18] [601869.SH] [LANE 1] [VOLUME] last 129473 | prev10_avg 139674 (last/10d 0.93x) | prev20_avg 145410 (last/20d 0.89x) | n10=10 n20=20 | VALID
[16:08:18] [601869.SH] [LANE 1] [FACTOR] trend_score +0.58 |  trend_rank +0.63 |  trigger_q +0.60 | 
[16:08:18] [601869.SH] [LANE 1] [ACCOUNT] Position:100 sh Y46,100(38%) | Cash:Y41,401 | Sellable:1 lots(100 sh)
[16:08:19] [601869.SH] [LANE 1] [REV-T] NON-TRADING PREVIEW plan 100 sh / remaining 5 entries | base-trigger Y470.52 = open Y461.00*(1+ATR 6.36%*(raw 0.541465*scale 0.600)) | base-trigger Y470.52 | execution Y470.52 | shadow-candidate NON_TRADING | buyback Y466.03 = Y470.52*(1-6.36%*0.15)
[16:08:19] [601869.SH] [LANE 1] [FWD-T] BLOCKED insufficient cash for 1 lot | plan buy Y451.78 = max(floor Y447.17, trail Y451.78) | plan sell Y457.20 = Y451.78*(1+1.2%) | planned value~Y0
[16:08:19] [601869.SH] [LANE 1] [CONNECTION] market/trade probes OK
[16:08:19] [601869.SH] [LANE 1] [QUOTE-HEALTH] NOT_APPLICABLE connection=OK quote_time=UNKNOWN age=UNKNOWN last_rpc_success=2026-09-16 16:08:19 last_confirmed_fresh=UNKNOWN reason=non-trading session action=LOG_ONLY
[16:08:20] [601869.SH] [LANE 1] [STRENGTH SHADOW] NON_TRADING minutes=0; original reference, observation reset
[16:08:20] [601869.SH] [LANE 1] [CLOSE 16:08:19]
[16:13:15] [600584.SH] [LANE 0] [QUOTE-HEALTH] NOT_APPLICABLE connection=OK quote_time=UNKNOWN age=UNKNOWN last_rpc_success=2026-09-16 16:13:15 last_confirmed_fresh=UNKNOWN reason=non-trading session action=LOG_ONLY
[16:13:16] [600584.SH] [LANE 0] [CLOSE 16:13:15]
[16:13:16] [STATE-SAVED] symbols=2 inflight=False path=D:\02Project\QMT-export\Stragety\MiniQMT_Stragety\DayT\state\v56_8890145315.json
[16:13:16] [600584.SH] [LANE 1] [QUOTE-HEALTH] NOT_APPLICABLE connection=OK quote_time=UNKNOWN age=UNKNOWN last_rpc_success=2026-09-16 16:13:16 last_confirmed_fresh=UNKNOWN reason=non-trading session action=LOG_ONLY
[16:13:17] [600584.SH] [LANE 1] [CLOSE 16:13:16]
[16:13:20] [601869.SH] [LANE 0] [QUOTE-HEALTH] NOT_APPLICABLE connection=OK quote_time=UNKNOWN age=UNKNOWN last_rpc_success=2026-09-16 16:13:19 last_confirmed_fresh=UNKNOWN reason=non-trading session action=LOG_ONLY
[16:13:20] [601869.SH] [LANE 0] [CLOSE 16:13:19]
[16:13:22] [601869.SH] [LANE 1] [QUOTE-HEALTH] NOT_APPLICABLE connection=OK quote_time=UNKNOWN age=UNKNOWN last_rpc_success=2026-09-16 16:13:21 last_confirmed_fresh=UNKNOWN reason=non-trading session action=LOG_ONLY
[16:13:23] [601869.SH] [LANE 1] [CLOSE 16:13:21]
[16:18:19] [600584.SH] [LANE 0] [QUOTE-HEALTH] NOT_APPLICABLE connection=OK quote_time=UNKNOWN age=UNKNOWN last_rpc_success=2026-09-16 16:18:19 last_confirmed_fresh=UNKNOWN reason=non-trading session action=LOG_ONLY
[16:18:19] [600584.SH] [LANE 0] [CLOSE 16:18:19]
[16:18:20] [STATE-SAVED] symbols=2 inflight=False path=D:\02Project\QMT-export\Stragety\MiniQMT_Stragety\DayT\state\v56_8890145315.json
[16:18:20] [600584.SH] [LANE 1] [QUOTE-HEALTH] NOT_APPLICABLE connection=OK quote_time=UNKNOWN age=UNKNOWN last_rpc_success=2026-09-16 16:18:20 last_confirmed_fresh=UNKNOWN reason=non-trading session action=LOG_ONLY
[16:18:20] [600584.SH] [LANE 1] [CLOSE 16:18:20]
[16:18:22] [601869.SH] [LANE 0] [QUOTE-HEALTH] NOT_APPLICABLE connection=OK quote_time=UNKNOWN age=UNKNOWN last_rpc_success=2026-09-16 16:18:22 last_confirmed_fresh=UNKNOWN reason=non-trading session action=LOG_ONLY
[16:18:22] [601869.SH] [LANE 0] [CLOSE 16:18:22]
[16:18:25] [601869.SH] [LANE 1] [QUOTE-HEALTH] NOT_APPLICABLE connection=OK quote_time=UNKNOWN age=UNKNOWN last_rpc_success=2026-09-16 16:18:25 last_confirmed_fresh=UNKNOWN reason=non-trading session action=LOG_ONLY
[16:18:25] [601869.SH] [LANE 1] [CLOSE 16:18:25]
[16:23:23] [600584.SH] [LANE 0] [QUOTE-HEALTH] NOT_APPLICABLE connection=OK quote_time=UNKNOWN age=UNKNOWN last_rpc_success=2026-09-16 16:23:22 last_confirmed_fresh=UNKNOWN reason=non-trading session action=LOG_ONLY
[16:23:23] [600584.SH] [LANE 0] [CLOSE 16:23:22]
[16:23:24] [STATE-SAVED] symbols=2 inflight=False path=D:\02Project\QMT-export\Stragety\MiniQMT_Stragety\DayT\state\v56_8890145315.json
[16:23:26] [600584.SH] [LANE 1] [QUOTE-HEALTH] NOT_APPLICABLE connection=OK quote_time=UNKNOWN age=UNKNOWN last_rpc_success=2026-09-16 16:23:26 last_confirmed_fresh=UNKNOWN reason=non-trading session action=LOG_ONLY
[16:23:27] [600584.SH] [LANE 1] [CLOSE 16:23:26]
[16:23:30] [601869.SH] [LANE 0] [QUOTE-HEALTH] NOT_APPLICABLE connection=OK quote_time=UNKNOWN age=UNKNOWN last_rpc_success=2026-09-16 16:23:29 last_confirmed_fresh=UNKNOWN reason=non-trading session action=LOG_ONLY
[16:23:30] [601869.SH] [LANE 0] [CLOSE 16:23:29]
[16:23:31] [601869.SH] [LANE 1] [QUOTE-HEALTH] NOT_APPLICABLE connection=OK quote_time=UNKNOWN age=UNKNOWN last_rpc_success=2026-09-16 16:23:30 last_confirmed_fresh=UNKNOWN reason=non-trading session action=LOG_ONLY
[16:23:31] [601869.SH] [LANE 1] [CLOSE 16:23:30]
[16:28:31] [600584.SH] [LANE 0] [QUOTE-HEALTH] NOT_APPLICABLE connection=OK quote_time=UNKNOWN age=UNKNOWN last_rpc_success=2026-09-16 16:28:31 last_confirmed_fresh=UNKNOWN reason=non-trading session action=LOG_ONLY
[16:28:32] [600584.SH] [LANE 0] [CLOSE 16:28:31]
[16:28:32] [STATE-SAVED] symbols=2 inflight=False path=D:\02Project\QMT-export\Stragety\MiniQMT_Stragety\DayT\state\v56_8890145315.json
[16:28:33] [600584.SH] [LANE 1] [QUOTE-HEALTH] NOT_APPLICABLE connection=OK quote_time=UNKNOWN age=UNKNOWN last_rpc_success=2026-09-16 16:28:32 last_confirmed_fresh=UNKNOWN reason=non-trading session action=LOG_ONLY
[16:28:33] [600584.SH] [LANE 1] [CLOSE 16:28:32]
[16:28:33] [601869.SH] [LANE 0] [QUOTE-HEALTH] NOT_APPLICABLE connection=OK quote_time=UNKNOWN age=UNKNOWN last_rpc_success=2026-09-16 16:28:33 last_confirmed_fresh=UNKNOWN reason=non-trading session action=LOG_ONLY
[16:28:33] [601869.SH] [LANE 0] [CLOSE 16:28:33]
[16:28:34] [601869.SH] [LANE 1] [QUOTE-HEALTH] NOT_APPLICABLE connection=OK quote_time=UNKNOWN age=UNKNOWN last_rpc_success=2026-09-16 16:28:33 last_confirmed_fresh=UNKNOWN reason=non-trading session action=LOG_ONLY
[16:28:35] [601869.SH] [LANE 1] [CLOSE 16:28:33]
[16:33:34] [600584.SH] [LANE 0] [QUOTE-HEALTH] NOT_APPLICABLE connection=OK quote_time=UNKNOWN age=UNKNOWN last_rpc_success=2026-09-16 16:33:34 last_confirmed_fresh=UNKNOWN reason=non-trading session action=LOG_ONLY
[16:33:34] [600584.SH] [LANE 0] [CLOSE 16:33:34]
[16:33:35] [STATE-SAVED] symbols=2 inflight=False path=D:\02Project\QMT-export\Stragety\MiniQMT_Stragety\DayT\state\v56_8890145315.json
[16:33:35] [600584.SH] [LANE 1] [QUOTE-HEALTH] NOT_APPLICABLE connection=OK quote_time=UNKNOWN age=UNKNOWN last_rpc_success=2026-09-16 16:33:35 last_confirmed_fresh=UNKNOWN reason=non-trading session action=LOG_ONLY
[16:33:35] [600584.SH] [LANE 1] [CLOSE 16:33:35]
[16:33:38] [601869.SH] [LANE 0] [QUOTE-HEALTH] NOT_APPLICABLE connection=OK quote_time=UNKNOWN age=UNKNOWN last_rpc_success=2026-09-16 16:33:38 last_confirmed_fresh=UNKNOWN reason=non-trading session action=LOG_ONLY
[16:33:39] [601869.SH] [LANE 0] [CLOSE 16:33:38]
[16:33:40] [601869.SH] [LANE 1] [QUOTE-HEALTH] NOT_APPLICABLE connection=OK quote_time=UNKNOWN age=UNKNOWN last_rpc_success=2026-09-16 16:33:39 last_confirmed_fresh=UNKNOWN reason=non-trading session action=LOG_ONLY
[16:33:40] [601869.SH] [LANE 1] [CLOSE 16:33:39]
[16:38:43] [600584.SH] [LANE 0] [QUOTE-HEALTH] NOT_APPLICABLE connection=OK quote_time=UNKNOWN age=UNKNOWN last_rpc_success=2026-09-16 16:38:42 last_confirmed_fresh=UNKNOWN reason=non-trading session action=LOG_ONLY
[16:38:45] [600584.SH] [LANE 0] [CLOSE 16:38:42]
[16:38:45] [STATE-SAVED] symbols=2 inflight=False path=D:\02Project\QMT-export\Stragety\MiniQMT_Stragety\DayT\state\v56_8890145315.json
[16:38:46] [600584.SH] [LANE 1] [QUOTE-HEALTH] NOT_APPLICABLE connection=OK quote_time=UNKNOWN age=UNKNOWN last_rpc_success=2026-09-16 16:38:45 last_confirmed_fresh=UNKNOWN reason=non-trading session action=LOG_ONLY
[16:38:46] [600584.SH] [LANE 1] [CLOSE 16:38:45]
[16:38:46] [601869.SH] [LANE 0] [QUOTE-HEALTH] NOT_APPLICABLE connection=OK quote_time=UNKNOWN age=UNKNOWN last_rpc_success=2026-09-16 16:38:46 last_confirmed_fresh=UNKNOWN reason=non-trading session action=LOG_ONLY
[16:38:46] [601869.SH] [LANE 0] [CLOSE 16:38:46]
[16:38:47] [601869.SH] [LANE 1] [QUOTE-HEALTH] NOT_APPLICABLE connection=OK quote_time=UNKNOWN age=UNKNOWN last_rpc_success=2026-09-16 16:38:47 last_confirmed_fresh=UNKNOWN reason=non-trading session action=LOG_ONLY
[16:38:47] [601869.SH] [LANE 1] [CLOSE 16:38:47]
[16:43:46] [STATE-SAVED] symbols=2 inflight=False path=D:\02Project\QMT-export\Stragety\MiniQMT_Stragety\DayT\state\v56_8890145315.json
[16:43:48] [600584.SH] [LANE 0] [QUOTE-HEALTH] NOT_APPLICABLE connection=OK quote_time=UNKNOWN age=UNKNOWN last_rpc_success=2026-09-16 16:43:48 last_confirmed_fresh=UNKNOWN reason=non-trading session action=LOG_ONLY
[16:43:49] [600584.SH] [LANE 0] [CLOSE 16:43:48]
[16:43:49] [600584.SH] [LANE 1] [QUOTE-HEALTH] NOT_APPLICABLE connection=OK quote_time=UNKNOWN age=UNKNOWN last_rpc_success=2026-09-16 16:43:49 last_confirmed_fresh=UNKNOWN reason=non-trading session action=LOG_ONLY
[16:43:49] [600584.SH] [LANE 1] [CLOSE 16:43:49]
[16:43:49] [601869.SH] [LANE 0] [QUOTE-HEALTH] NOT_APPLICABLE connection=OK quote_time=UNKNOWN age=UNKNOWN last_rpc_success=2026-09-16 16:43:49 last_confirmed_fresh=UNKNOWN reason=non-trading session action=LOG_ONLY
[16:43:50] [601869.SH] [LANE 0] [CLOSE 16:43:49]
[16:43:57] [601869.SH] [LANE 1] [QUOTE-HEALTH] NOT_APPLICABLE connection=OK quote_time=UNKNOWN age=UNKNOWN last_rpc_success=2026-09-16 16:43:56 last_confirmed_fresh=UNKNOWN reason=non-trading session action=LOG_ONLY
[16:43:57] [601869.SH] [LANE 1] [CLOSE 16:43:56]
[16:48:46] [STATE-SAVED] symbols=2 inflight=False path=D:\02Project\QMT-export\Stragety\MiniQMT_Stragety\DayT\state\v56_8890145315.json
[16:48:54] [600584.SH] [LANE 0] [QUOTE-HEALTH] NOT_APPLICABLE connection=OK quote_time=UNKNOWN age=UNKNOWN last_rpc_success=2026-09-16 16:48:54 last_confirmed_fresh=UNKNOWN reason=non-trading session action=LOG_ONLY
[16:48:55] [600584.SH] [LANE 0] [CLOSE 16:48:54]
[16:48:55] [600584.SH] [LANE 1] [QUOTE-HEALTH] NOT_APPLICABLE connection=OK quote_time=UNKNOWN age=UNKNOWN last_rpc_success=2026-09-16 16:48:55 last_confirmed_fresh=UNKNOWN reason=non-trading session action=LOG_ONLY
[16:48:56] [600584.SH] [LANE 1] [CLOSE 16:48:55]
[16:48:57] [601869.SH] [LANE 0] [QUOTE-HEALTH] NOT_APPLICABLE connection=OK quote_time=UNKNOWN age=UNKNOWN last_rpc_success=2026-09-16 16:48:57 last_confirmed_fresh=UNKNOWN reason=non-trading session action=LOG_ONLY
[16:48:57] [601869.SH] [LANE 0] [CLOSE 16:48:57]
[16:49:06] [601869.SH] [LANE 1] [QUOTE-HEALTH] NOT_APPLICABLE connection=OK quote_time=UNKNOWN age=UNKNOWN last_rpc_success=2026-09-16 16:49:05 last_confirmed_fresh=UNKNOWN reason=non-trading session action=LOG_ONLY
[16:49:06] [601869.SH] [LANE 1] [CLOSE 16:49:05]
[16:51:24] [WATCHDOG-STALL] RPC query_stock_positions elapsed=28.5s
[16:51:39] [WATCHDOG-STALL] RPC query_stock_positions elapsed=43.5s
[16:51:54] [WATCHDOG-STALL] RPC query_stock_positions elapsed=58.5s
[16:52:01] [CALL-SLOW] RPC query_stock_positions elapsed=65.2s
[16:52:01] [CALL-SLOW] REFRESH holdings elapsed=65.2s
[16:53:56] [600584.SH] [LANE 0] [QUOTE-HEALTH] NOT_APPLICABLE connection=OK quote_time=UNKNOWN age=UNKNOWN last_rpc_success=2026-09-16 16:53:55 last_confirmed_fresh=UNKNOWN reason=non-trading session action=LOG_ONLY
[16:53:56] [600584.SH] [LANE 0] [CLOSE 16:53:55]
[16:53:56] [STATE-SAVED] symbols=2 inflight=False path=D:\02Project\QMT-export\Stragety\MiniQMT_Stragety\DayT\state\v56_8890145315.json
[16:53:57] [600584.SH] [LANE 1] [QUOTE-HEALTH] NOT_APPLICABLE connection=OK quote_time=UNKNOWN age=UNKNOWN last_rpc_success=2026-09-16 16:53:56 last_confirmed_fresh=UNKNOWN reason=non-trading session action=LOG_ONLY
[16:53:57] [600584.SH] [LANE 1] [CLOSE 16:53:56]
[16:53:57] [601869.SH] [LANE 0] [QUOTE-HEALTH] NOT_APPLICABLE connection=OK quote_time=UNKNOWN age=UNKNOWN last_rpc_success=2026-09-16 16:53:57 last_confirmed_fresh=UNKNOWN reason=non-trading session action=LOG_ONLY
[16:53:58] [601869.SH] [LANE 0] [CLOSE 16:53:57]
[16:54:08] [601869.SH] [LANE 1] [QUOTE-HEALTH] NOT_APPLICABLE connection=OK quote_time=UNKNOWN age=UNKNOWN last_rpc_success=2026-09-16 16:54:08 last_confirmed_fresh=UNKNOWN reason=non-trading session action=LOG_ONLY
[16:54:08] [601869.SH] [LANE 1] [CLOSE 16:54:08]
[16:58:57] [600584.SH] [LANE 0] [QUOTE-HEALTH] NOT_APPLICABLE connection=OK quote_time=UNKNOWN age=UNKNOWN last_rpc_success=2026-09-16 16:58:57 last_confirmed_fresh=UNKNOWN reason=non-trading session action=LOG_ONLY
[16:58:57] [600584.SH] [LANE 0] [CLOSE 16:58:57]
[16:58:58] [STATE-SAVED] symbols=2 inflight=False path=D:\02Project\QMT-export\Stragety\MiniQMT_Stragety\DayT\state\v56_8890145315.json
[16:58:59] [600584.SH] [LANE 1] [QUOTE-HEALTH] NOT_APPLICABLE connection=OK quote_time=UNKNOWN age=UNKNOWN last_rpc_success=2026-09-16 16:58:59 last_confirmed_fresh=UNKNOWN reason=non-trading session action=LOG_ONLY
[16:58:59] [600584.SH] [LANE 1] [CLOSE 16:58:59]
[16:58:59] [601869.SH] [LANE 0] [QUOTE-HEALTH] NOT_APPLICABLE connection=OK quote_time=UNKNOWN age=UNKNOWN last_rpc_success=2026-09-16 16:58:59 last_confirmed_fresh=UNKNOWN reason=non-trading session action=LOG_ONLY
[16:59:00] [601869.SH] [LANE 0] [CLOSE 16:58:59]
[16:59:11] [601869.SH] [LANE 1] [QUOTE-HEALTH] NOT_APPLICABLE connection=OK quote_time=UNKNOWN age=UNKNOWN last_rpc_success=2026-09-16 16:59:11 last_confirmed_fresh=UNKNOWN reason=non-trading session action=LOG_ONLY
[16:59:11] [601869.SH] [LANE 1] [CLOSE 16:59:11]
[16:59:57] [PORTFOLIO-STOP] interrupted
[16:59:58] [600584.SH] [LANE 0] [STOP] 长电科技 v56 cum 0 days gross~Y0
[16:59:58] [600584.SH] [LANE 1] [STOP] 长电科技 v56 cum 0 days gross~Y0
[16:59:58] [601869.SH] [LANE 0] [STOP] 长飞光纤 v56 cum 0 days gross~Y0
[16:59:58] [601869.SH] [LANE 1] [STOP] 长飞光纤 v56 cum 0 days gross~Y0

============================================================
  日志结束: 2026-09-16 16:59:58
============================================================
