============================================================
  日志文件创建: 2026-09-07 09:36:42
  策略版本: v41 (for MiniQMT Evn)
  标的: 601869
============================================================
[09:36:43] [连接] MiniQMT 行情服务已连接
[09:36:43] [账号状态] 8890145315 STOCK: 正常
[09:36:44] [交易] 已订阅账号 8890145315
[09:36:44] [START] 长飞光纤 v41 LIVE 601869.SH
[09:36:44] [DailyData] excluded incomplete current-day bar 20260907
[09:36:45] [DATA-HEALTH] last_complete=20260904 expected=20260904 raw_close=378.80 tick_lastClose=378.80 count=79 aligned=True status=OK
[09:36:45] [DATA-DBG] last_complete=20260904 hist_open[-3:]=[392.59, 412.0, 399.66] | tick_open=390.0 | lastClose=378.8 | signal_open=390.0 (TICK_OPEN)
[09:36:45] [VOLUME-DATA] complete_count=79 tail=[125787.0, 118768.0, 100158.0]
[09:36:45] [SIGNAL] WEAK-BULL | SignalBase Y390.00 (source: today open tick) | ATR 7.5% | RSI 51 | Vol_ratio 0.71 | Mult 0.70 | Trig Y402.31 
[09:36:45] [VOLUME] last 100158 | prev10_avg 150399 (last/10d 0.67x) | prev20_avg 141785 (last/20d 0.71x) | n10=10 n20=20 | VALID
[09:36:45] [FACTOR] trend +0.05 |  volatility -0.12 |  volume +0.12 |  RSI +0.00 | 
[09:36:45] [ACCOUNT] Position:200 sh Y77,828(99%) | Cash:Y455 | Sellable:2 lots(200 sh)
[09:36:45] [REV-T] ENABLED 2 lots | plan sell Y402.31 = open Y390.00*(1+ATR 7.52%*mult 0.70*scale 0.60) | buyback Y397.77 = Y402.31*(1-7.52%*0.15)
[09:36:45] [FWD-T] BLOCKED insufficient cash for 1 lot | plan buy Y381.36 = max(floor Y378.30, trail Y381.36) | plan sell Y385.94 = Y381.36*(1+1.2%) | plan 1 lot~Y38,136
[09:36:45] [MOM] 2minutes±3.6×ATR in 10 minutes(1.0%~6.0%) 反T买回-1.5% 正T卖回+1.8% MOM_LOT_SIZE(100sh) 上限3次 紧急买回关
[09:36:45] [MOM-CAPACITY] short ON | long OFF insufficient cash for 1 lot
[09:36:45] [MOM-v40] REV让权开 band 1.20% (仅低于REV阈值) | 自适应回撤开 0.20~0.60% ATR×0.30
[09:36:45] [MA-POS] price Y389.14 | MA5 Y393.85: BELOW -1.19% | MA20 Y379.89: ABOVE +2.44%
[09:36:45] [OPEN] [Y389.14] [REV-T needs +3.38% to Y402.31] [FWD-T needs -2.00% to Y381.36]
[09:36:45] [HB] IDLE Y389.14 REV-T: needs +Y13.17 to Y402.31 | FWD-T: off (insufficient cash for 1 lot)
[09:37:45] [HB] IDLE Y386.02 REV-T: needs +Y16.29 to Y402.31 | FWD-T: off (insufficient cash for 1 lot)
[09:38:45] [HB] IDLE Y387.93 REV-T: needs +Y14.38 to Y402.31 | FWD-T: off (insufficient cash for 1 lot)
[09:39:46] [HB] IDLE Y388.61 REV-T: needs +Y13.70 to Y402.31 | FWD-T: off (insufficient cash for 1 lot)
[09:40:47] [HB] IDLE Y388.02 REV-T: needs +Y14.29 to Y402.31 | FWD-T: off (insufficient cash for 1 lot)
[09:41:47] [HB] IDLE Y386.88 REV-T: needs +Y15.43 to Y402.31 | FWD-T: off (insufficient cash for 1 lot)
[09:42:48] [HB] IDLE Y386.10 REV-T: needs +Y16.21 to Y402.31 | FWD-T: off (insufficient cash for 1 lot)
[09:43:48] [HB] IDLE Y384.03 REV-T: needs +Y18.28 to Y402.31 | FWD-T: off (insufficient cash for 1 lot)
[09:44:48] [HB] IDLE Y384.50 REV-T: needs +Y17.81 to Y402.31 | FWD-T: off (insufficient cash for 1 lot)
[09:45:49] [HB] IDLE Y386.50 REV-T: needs +Y15.81 to Y402.31 | FWD-T: off (insufficient cash for 1 lot)
[09:46:45] [MA-POS] price Y387.87 | MA5 Y393.59: BELOW -1.45% | MA20 Y379.82: ABOVE +2.12%
[09:46:50] [HB] IDLE Y388.58 REV-T: needs +Y13.73 to Y402.31 | FWD-T: off (insufficient cash for 1 lot)
[09:48:50] Interrupted by user
[09:48:51] [STOP] 长飞光纤 v41 cum 0 days gross~Y0

============================================================
  日志结束: 2026-09-07 09:48:51
============================================================
