============================================================
  日志文件创建: 2026-09-15 09:17:29
  策略版本: v41 (for MiniQMT Evn)
  标的: 601869
============================================================
[09:17:31] [连接] MiniQMT 行情服务已连接
[09:17:32] [交易] 已订阅账号 8890145315
[09:17:32] [START] 长飞光纤 v41 LIVE 601869.SH
[09:17:32] [DailyData] download failed attempt 1/3: download_history_data() got an unexpected keyword argument 'dividend_type'
[09:17:32] [DATA-STALE] attempt 1/3: last complete 20260904 expected 20260914
[09:17:33] [DailyData] download failed attempt 2/3: download_history_data() got an unexpected keyword argument 'dividend_type'
[09:17:33] [DATA-STALE] attempt 2/3: last complete 20260904 expected 20260914
[09:17:34] [DailyData] download failed attempt 3/3: download_history_data() got an unexpected keyword argument 'dividend_type'
[09:17:34] [DATA-STALE] attempt 3/3: last complete 20260904 expected 20260914
[09:17:34] [TRADE-LOCK] daily data unavailable or stale; all trading disabled
[09:17:34] [WAIT 09:17:34] to open 12分26秒
[09:22:34] [WAIT 09:22:34] to open 7分26秒
[09:27:34] [WAIT 09:27:34] to open 2分26秒
[09:30:04] [SELL-TRIG RECALC] open Y0.00→Y446.34 trig Y0.00→Y446.34 (Mult 0.40 ATR 3.0%)
[09:30:04] [OPEN] [Y448.57] [REV-T exceeded by Y2.23] [FWD-T needs -2.00% to Y439.60] [LOCKED]
[09:32:34] [STANDBY] Y448.28 no trade direction
[09:37:34] [STANDBY] Y446.89 no trade direction
[09:42:34] [STANDBY] Y447.50 no trade direction
[09:47:34] [STANDBY] Y451.55 no trade direction
[09:47:49] Interrupted by user
[09:47:49] [STOP] 长飞光纤 v41 cum 0 days gross~Y0

============================================================
  日志结束: 2026-09-15 09:47:49
============================================================
