============================================================
  日志文件创建: 2026-09-10 10:49:51
  策略版本: v50 (for MiniQMT Evn)
  标的: portfolio
============================================================
[10:49:52] [连接] MiniQMT 行情服务已连接
[10:49:53] [账号状态] 8890145315 STOCK: 正常
[10:49:53] [交易] 已订阅账号 8890145315
[10:49:53] [RUNTIME] watchdog=15.0s read-RPC-timeout=5.0s instrumented-clients=2; native/router calls may have separate timeouts
[10:49:53] [PORTFOLIO-START] all account holdings; mode=LIVE
[10:49:53] [600584.SH] [STATE-RESTORED] same-day state=IDLE REV-count=1 FWD-count=0 MOM-count=0
[10:49:53] [601869.SH] [STATE-RESTORED] same-day state=IDLE REV-count=0 FWD-count=0 MOM-count=0
[10:49:54] [600584.SH] [START] v50 LIVE
[10:49:54] [600584.SH] [T-SIZE PLAN] at base Y68.64: REV 200 sh / FWD 100 sh; rechecked at order submission
[10:49:54] [600584.SH] [SIGNAL] ADAPTIVE-SIDEWAYS | SignalBase Y68.64 (source: latest complete close; after-hours) | ATR 4.9% | RSI 26 | Vol_ratio 0.60 | Mult 0.26 | Trig Y69.42 
[10:49:54] [600584.SH] [QUANTILE-TREND] score -0.600 | rank 0.314 | trigger-Q 0.361 | samples 70 | span 8d | ATR-units 0.259
[10:49:54] [600584.SH] [QUANTILE-FORMULA] units=Quantile(next-day open-to-high, tail 0.125 + trend-rank 0.314*(1-2*tail)) = Q0.361 -> 0.259
[10:49:54] [600584.SH] [VOLUME] last 613675 | prev10_avg 762994 (last/10d 0.80x) | prev20_avg 1025718 (last/20d 0.60x) | n10=10 n20=20 | VALID
[10:49:54] [600584.SH] [FACTOR] trend_score -0.60 |  trend_rank +0.31 |  trigger_q +0.36 | 
[10:49:54] [600584.SH] [ACCOUNT] Position:900 sh Y61,839(52%) | Cash:Y13,390 | Sellable:7 lots(700 sh)
[10:49:55] [600584.SH] [REV-T] ENABLED plan 200 sh / remaining 4 entries | plan sell Y69.42 = open Y68.64*(1+ATR 4.89%*quantile_units 0.259) | buyback Y68.91 = Y69.42*(1-4.89%*0.15)
[10:49:55] [600584.SH] [FWD-T] ENABLED plan 100 sh / remaining 5 entries | plan buy Y67.08 = max(floor Y67.08, trail Y67.08) | plan sell Y67.88 = Y67.08*(1+1.2%) | planned value~Y6,708
[10:49:55] [600584.SH] [MOM] 2minutes±3.6×ATR in 10 minutes(1.0%~6.0%) 反T买回-1.5% 正T卖回+1.8% 最小单位(100sh)，新开仓按金额/底仓动态计算 上限3次 紧急买回关
[10:49:55] [600584.SH] [MOM-CAPACITY] short ON | long ON
[10:49:55] [600584.SH] [MOM-v40] REV让权开 band 1.20% (仅低于REV阈值) | 自适应回撤开 0.20~0.60% ATR×0.30
[10:49:55] [600584.SH] [CUM] 1 trades gross~Y112
[10:49:55] [600584.SH] [CONNECTION] market/trade probes OK
[10:49:55] [600584.SH] [HB] IDLE Y68.71 REV-T: needs +Y0.71 to Y69.42 | FWD-T: needs -Y1.63 to Y67.08
[10:49:56] [STATE-SAVED] symbols=2 inflight=False path=D:\02Project\QMT-export\Stragety\MiniQMT_Stragety\DayT\state\v49_8890145315.json
[10:49:56] [601869.SH] [START] v50 LIVE
[10:49:56] [601869.SH] [T-SIZE PLAN] at base Y437.32: REV 100 sh / FWD 0 sh; rechecked at order submission
[10:49:56] [601869.SH] [SIGNAL] ADAPTIVE-SIDEWAYS | SignalBase Y437.32 (source: today open tick) | ATR 6.5% | RSI 70 | Vol_ratio 1.41 | Mult 0.70 | Trig Y457.27 
[10:49:56] [601869.SH] [QUANTILE-TREND] score +1.203 | rank 0.786 | trigger-Q 0.714 | samples 70 | span 8d | ATR-units 0.698
[10:49:56] [601869.SH] [QUANTILE-FORMULA] units=Quantile(next-day open-to-high, tail 0.125 + trend-rank 0.786*(1-2*tail)) = Q0.714 -> 0.698
[10:49:56] [601869.SH] [VOLUME] last 198414 | prev10_avg 141748 (last/10d 1.40x) | prev20_avg 140775 (last/20d 1.41x) | n10=10 n20=20 | VALID
[10:49:56] [601869.SH] [FACTOR] trend_score +1.20 |  trend_rank +0.79 |  trigger_q +0.71 | 
[10:49:56] [601869.SH] [ACCOUNT] Position:100 sh Y43,800(37%) | Cash:Y13,390 | Sellable:1 lots(100 sh)
[10:49:57] [601869.SH] [REV-T] ENABLED plan 100 sh / remaining 5 entries | plan sell Y457.27 = open Y437.32*(1+ATR 6.54%*quantile_units 0.698) | buyback Y452.78 = Y457.27*(1-6.54%*0.15)
[10:49:57] [601869.SH] [FWD-T] BLOCKED insufficient cash for 1 lot | plan buy Y425.61 = max(floor Y424.20, trail Y425.61) | plan sell Y430.72 = Y425.61*(1+1.2%) | planned value~Y0
[10:49:57] [601869.SH] [MOM] 2minutes±3.6×ATR in 10 minutes(1.0%~6.0%) 反T买回-1.5% 正T卖回+1.8% 最小单位(100sh)，新开仓按金额/底仓动态计算 上限3次 紧急买回关
[10:49:57] [601869.SH] [MOM-CAPACITY] short ON | long OFF insufficient cash for 1 lot
[10:49:57] [601869.SH] [MOM-v40] REV让权开 band 1.20% (仅低于REV阈值) | 自适应回撤开 0.20~0.60% ATR×0.30
[10:49:57] [601869.SH] [CONNECTION] market/trade probes OK
[10:49:58] [601869.SH] [HB] IDLE Y438.00 REV-T: needs +Y19.27 to Y457.27 | FWD-T: off (insufficient cash for 1 lot)
[10:50:26] [STATE-SAVED] symbols=2 inflight=False path=D:\02Project\QMT-export\Stragety\MiniQMT_Stragety\DayT\state\v49_8890145315.json
[10:50:55] [600584.SH] [HB] IDLE Y68.69 REV-T: needs +Y0.73 to Y69.42 | FWD-T: needs -Y1.61 to Y67.08
[10:50:57] [STATE-SAVED] symbols=2 inflight=False path=D:\02Project\QMT-export\Stragety\MiniQMT_Stragety\DayT\state\v49_8890145315.json
[10:50:57] [601869.SH] [HB] IDLE Y438.50 REV-T: needs +Y18.77 to Y457.27 | FWD-T: off (insufficient cash for 1 lot)
[10:51:27] [STATE-SAVED] symbols=2 inflight=False path=D:\02Project\QMT-export\Stragety\MiniQMT_Stragety\DayT\state\v49_8890145315.json
[10:51:55] [600584.SH] [HB] IDLE Y68.63 REV-T: needs +Y0.79 to Y69.42 | FWD-T: needs -Y1.55 to Y67.08
[10:51:57] [STATE-SAVED] symbols=2 inflight=False path=D:\02Project\QMT-export\Stragety\MiniQMT_Stragety\DayT\state\v49_8890145315.json
[10:51:58] [601869.SH] [HB] IDLE Y438.01 REV-T: needs +Y19.26 to Y457.27 | FWD-T: off (insufficient cash for 1 lot)
[10:52:28] [STATE-SAVED] symbols=2 inflight=False path=D:\02Project\QMT-export\Stragety\MiniQMT_Stragety\DayT\state\v49_8890145315.json
[10:52:55] [600584.SH] [HB] IDLE Y68.75 REV-T: needs +Y0.67 to Y69.42 | FWD-T: needs -Y1.67 to Y67.08
[10:52:59] [STATE-SAVED] symbols=2 inflight=False path=D:\02Project\QMT-export\Stragety\MiniQMT_Stragety\DayT\state\v49_8890145315.json
[10:52:59] [601869.SH] [HB] IDLE Y439.44 REV-T: needs +Y17.83 to Y457.27 | FWD-T: off (insufficient cash for 1 lot)
[10:53:29] [STATE-SAVED] symbols=2 inflight=False path=D:\02Project\QMT-export\Stragety\MiniQMT_Stragety\DayT\state\v49_8890145315.json
[10:53:56] [600584.SH] [HB] IDLE Y68.63 REV-T: needs +Y0.79 to Y69.42 | FWD-T: needs -Y1.55 to Y67.08
[10:53:59] [STATE-SAVED] symbols=2 inflight=False path=D:\02Project\QMT-export\Stragety\MiniQMT_Stragety\DayT\state\v49_8890145315.json
[10:53:59] [601869.SH] [HB] IDLE Y438.91 REV-T: needs +Y18.36 to Y457.27 | FWD-T: off (insufficient cash for 1 lot)
[10:54:29] [STATE-SAVED] symbols=2 inflight=False path=D:\02Project\QMT-export\Stragety\MiniQMT_Stragety\DayT\state\v49_8890145315.json
[10:54:56] [600584.SH] [HB] IDLE Y68.69 REV-T: needs +Y0.73 to Y69.42 | FWD-T: needs -Y1.61 to Y67.08
[10:54:59] [STATE-SAVED] symbols=2 inflight=False path=D:\02Project\QMT-export\Stragety\MiniQMT_Stragety\DayT\state\v49_8890145315.json
[10:55:01] [601869.SH] [HB] IDLE Y439.98 REV-T: needs +Y17.29 to Y457.27 | FWD-T: off (insufficient cash for 1 lot)
[10:55:29] [STATE-SAVED] symbols=2 inflight=False path=D:\02Project\QMT-export\Stragety\MiniQMT_Stragety\DayT\state\v49_8890145315.json
[10:55:56] [600584.SH] [HB] IDLE Y68.88 REV-T: needs +Y0.54 to Y69.42 | FWD-T: needs -Y1.80 to Y67.08
[10:56:00] [STATE-SAVED] symbols=2 inflight=False path=D:\02Project\QMT-export\Stragety\MiniQMT_Stragety\DayT\state\v49_8890145315.json
[10:56:02] [601869.SH] [HB] IDLE Y441.12 REV-T: needs +Y16.15 to Y457.27 | FWD-T: off (insufficient cash for 1 lot)
[10:56:30] [STATE-SAVED] symbols=2 inflight=False path=D:\02Project\QMT-export\Stragety\MiniQMT_Stragety\DayT\state\v49_8890145315.json
[10:56:56] [600584.SH] [HB] IDLE Y68.66 REV-T: needs +Y0.76 to Y69.42 | FWD-T: needs -Y1.58 to Y67.08
[10:57:00] [STATE-SAVED] symbols=2 inflight=False path=D:\02Project\QMT-export\Stragety\MiniQMT_Stragety\DayT\state\v49_8890145315.json
[10:57:02] [601869.SH] [HB] IDLE Y440.59 REV-T: needs +Y16.68 to Y457.27 | FWD-T: off (insufficient cash for 1 lot)
[10:57:26] [600584.SH] [MA-POS] price Y68.63 | MA5 Y68.45: ABOVE +0.27% | MA20 Y74.63: BELOW -8.04%
[10:57:26] [600584.SH] [MA20 RISK] price Y68.63 is below 97% of MA20 (risk line Y72.39)
[10:57:28] [601869.SH] [MA-POS] price Y440.59 | MA5 Y415.76: ABOVE +5.97% | MA20 Y394.51: ABOVE +11.68%
[10:57:30] [STATE-SAVED] symbols=2 inflight=False path=D:\02Project\QMT-export\Stragety\MiniQMT_Stragety\DayT\state\v49_8890145315.json
[10:57:56] [600584.SH] [HB] IDLE Y68.64 REV-T: needs +Y0.78 to Y69.42 | FWD-T: needs -Y1.56 to Y67.08
[10:58:00] [STATE-SAVED] symbols=2 inflight=False path=D:\02Project\QMT-export\Stragety\MiniQMT_Stragety\DayT\state\v49_8890145315.json
[10:58:03] [601869.SH] [HB] IDLE Y441.73 REV-T: needs +Y15.54 to Y457.27 | FWD-T: off (insufficient cash for 1 lot)
[10:58:31] [STATE-SAVED] symbols=2 inflight=False path=D:\02Project\QMT-export\Stragety\MiniQMT_Stragety\DayT\state\v49_8890145315.json
[10:58:57] [600584.SH] [HB] IDLE Y68.47 REV-T: needs +Y0.95 to Y69.42 | FWD-T: needs -Y1.39 to Y67.08
[10:59:01] [STATE-SAVED] symbols=2 inflight=False path=D:\02Project\QMT-export\Stragety\MiniQMT_Stragety\DayT\state\v49_8890145315.json
[10:59:08] [601869.SH] [HB] IDLE Y439.00 REV-T: needs +Y18.27 to Y457.27 | FWD-T: off (insufficient cash for 1 lot)
[10:59:31] [STATE-SAVED] symbols=2 inflight=False path=D:\02Project\QMT-export\Stragety\MiniQMT_Stragety\DayT\state\v49_8890145315.json
[10:59:57] [600584.SH] [HB] IDLE Y68.42 REV-T: needs +Y1.00 to Y69.42 | FWD-T: needs -Y1.34 to Y67.08
[11:00:01] [STATE-SAVED] symbols=2 inflight=False path=D:\02Project\QMT-export\Stragety\MiniQMT_Stragety\DayT\state\v49_8890145315.json
[11:00:07] [601869.SH] [HB] IDLE Y438.48 REV-T: needs +Y18.79 to Y457.27 | FWD-T: off (insufficient cash for 1 lot)
[11:00:32] [STATE-SAVED] symbols=2 inflight=False path=D:\02Project\QMT-export\Stragety\MiniQMT_Stragety\DayT\state\v49_8890145315.json
[11:00:57] [600584.SH] [HB] IDLE Y68.46 REV-T: needs +Y0.96 to Y69.42 | FWD-T: needs -Y1.38 to Y67.08
[11:01:02] [STATE-SAVED] symbols=2 inflight=False path=D:\02Project\QMT-export\Stragety\MiniQMT_Stragety\DayT\state\v49_8890145315.json
[11:01:08] [601869.SH] [HB] IDLE Y438.06 REV-T: needs +Y19.21 to Y457.27 | FWD-T: off (insufficient cash for 1 lot)
[11:01:32] [STATE-SAVED] symbols=2 inflight=False path=D:\02Project\QMT-export\Stragety\MiniQMT_Stragety\DayT\state\v49_8890145315.json
[11:01:58] [600584.SH] [HB] IDLE Y68.46 REV-T: needs +Y0.96 to Y69.42 | FWD-T: needs -Y1.38 to Y67.08
[11:02:03] [STATE-SAVED] symbols=2 inflight=False path=D:\02Project\QMT-export\Stragety\MiniQMT_Stragety\DayT\state\v49_8890145315.json
[11:02:08] [601869.SH] [HB] IDLE Y439.80 REV-T: needs +Y17.47 to Y457.27 | FWD-T: off (insufficient cash for 1 lot)
[11:02:33] [STATE-SAVED] symbols=2 inflight=False path=D:\02Project\QMT-export\Stragety\MiniQMT_Stragety\DayT\state\v49_8890145315.json
[11:02:58] [600584.SH] [HB] IDLE Y68.48 REV-T: needs +Y0.94 to Y69.42 | FWD-T: needs -Y1.40 to Y67.08
[11:03:03] [STATE-SAVED] symbols=2 inflight=False path=D:\02Project\QMT-export\Stragety\MiniQMT_Stragety\DayT\state\v49_8890145315.json
[11:03:08] [601869.SH] [HB] IDLE Y439.20 REV-T: needs +Y18.07 to Y457.27 | FWD-T: off (insufficient cash for 1 lot)
[11:03:33] [STATE-SAVED] symbols=2 inflight=False path=D:\02Project\QMT-export\Stragety\MiniQMT_Stragety\DayT\state\v49_8890145315.json
[11:03:59] [600584.SH] [HB] IDLE Y68.45 REV-T: needs +Y0.97 to Y69.42 | FWD-T: needs -Y1.37 to Y67.08
[11:04:04] [STATE-SAVED] symbols=2 inflight=False path=D:\02Project\QMT-export\Stragety\MiniQMT_Stragety\DayT\state\v49_8890145315.json
[11:04:08] [601869.SH] [HB] IDLE Y439.12 REV-T: needs +Y18.15 to Y457.27 | FWD-T: off (insufficient cash for 1 lot)
[11:04:34] [STATE-SAVED] symbols=2 inflight=False path=D:\02Project\QMT-export\Stragety\MiniQMT_Stragety\DayT\state\v49_8890145315.json
[11:04:59] [600584.SH] [HB] IDLE Y68.55 REV-T: needs +Y0.87 to Y69.42 | FWD-T: needs -Y1.47 to Y67.08
[11:05:04] [STATE-SAVED] symbols=2 inflight=False path=D:\02Project\QMT-export\Stragety\MiniQMT_Stragety\DayT\state\v49_8890145315.json
[11:05:09] [601869.SH] [HB] IDLE Y439.64 REV-T: needs +Y17.63 to Y457.27 | FWD-T: off (insufficient cash for 1 lot)
[11:05:34] [STATE-SAVED] symbols=2 inflight=False path=D:\02Project\QMT-export\Stragety\MiniQMT_Stragety\DayT\state\v49_8890145315.json
[11:06:00] [600584.SH] [HB] IDLE Y68.53 REV-T: needs +Y0.89 to Y69.42 | FWD-T: needs -Y1.45 to Y67.08
[11:06:05] [STATE-SAVED] symbols=2 inflight=False path=D:\02Project\QMT-export\Stragety\MiniQMT_Stragety\DayT\state\v49_8890145315.json
[11:06:10] [601869.SH] [HB] IDLE Y439.92 REV-T: needs +Y17.35 to Y457.27 | FWD-T: off (insufficient cash for 1 lot)
[11:06:35] [STATE-SAVED] symbols=2 inflight=False path=D:\02Project\QMT-export\Stragety\MiniQMT_Stragety\DayT\state\v49_8890145315.json
[11:07:00] [600584.SH] [HB] IDLE Y68.43 REV-T: needs +Y0.99 to Y69.42 | FWD-T: needs -Y1.35 to Y67.08
[11:07:06] [STATE-SAVED] symbols=2 inflight=False path=D:\02Project\QMT-export\Stragety\MiniQMT_Stragety\DayT\state\v49_8890145315.json
[11:07:10] [601869.SH] [HB] IDLE Y439.40 REV-T: needs +Y17.87 to Y457.27 | FWD-T: off (insufficient cash for 1 lot)
[11:07:27] [600584.SH] [MA-POS] price Y68.42 | MA5 Y68.40: ABOVE +0.02% | MA20 Y74.62: BELOW -8.31%
[11:07:27] [600584.SH] [MA20 RISK] price Y68.42 is below 97% of MA20 (risk line Y72.38)
[11:07:28] [601869.SH] [MA-POS] price Y439.00 | MA5 Y415.44: ABOVE +5.67% | MA20 Y394.43: ABOVE +11.30%
[11:07:36] [STATE-SAVED] symbols=2 inflight=False path=D:\02Project\QMT-export\Stragety\MiniQMT_Stragety\DayT\state\v49_8890145315.json
[11:08:00] [600584.SH] [HB] IDLE Y68.37 REV-T: needs +Y1.05 to Y69.42 | FWD-T: needs -Y1.29 to Y67.08
[11:08:09] [STATE-SAVED] symbols=2 inflight=False path=D:\02Project\QMT-export\Stragety\MiniQMT_Stragety\DayT\state\v49_8890145315.json
[11:08:10] [601869.SH] [HB] IDLE Y438.23 REV-T: needs +Y19.04 to Y457.27 | FWD-T: off (insufficient cash for 1 lot)
[11:08:37] [STATE-SAVED] symbols=2 inflight=False path=D:\02Project\QMT-export\Stragety\MiniQMT_Stragety\DayT\state\v49_8890145315.json
[11:09:01] [600584.SH] [HB] IDLE Y68.43 REV-T: needs +Y0.99 to Y69.42 | FWD-T: needs -Y1.35 to Y67.08
[11:09:07] [STATE-SAVED] symbols=2 inflight=False path=D:\02Project\QMT-export\Stragety\MiniQMT_Stragety\DayT\state\v49_8890145315.json
[11:09:10] [601869.SH] [HB] IDLE Y438.36 REV-T: needs +Y18.91 to Y457.27 | FWD-T: off (insufficient cash for 1 lot)
[11:09:38] [STATE-SAVED] symbols=2 inflight=False path=D:\02Project\QMT-export\Stragety\MiniQMT_Stragety\DayT\state\v49_8890145315.json
[11:10:01] [600584.SH] [HB] IDLE Y68.45 REV-T: needs +Y0.97 to Y69.42 | FWD-T: needs -Y1.37 to Y67.08
[11:10:08] [STATE-SAVED] symbols=2 inflight=False path=D:\02Project\QMT-export\Stragety\MiniQMT_Stragety\DayT\state\v49_8890145315.json
[11:10:11] [601869.SH] [HB] IDLE Y438.34 REV-T: needs +Y18.93 to Y457.27 | FWD-T: off (insufficient cash for 1 lot)
[11:10:38] [STATE-SAVED] symbols=2 inflight=False path=D:\02Project\QMT-export\Stragety\MiniQMT_Stragety\DayT\state\v49_8890145315.json
[11:11:02] [600584.SH] [HB] IDLE Y68.43 REV-T: needs +Y0.99 to Y69.42 | FWD-T: needs -Y1.35 to Y67.08
[11:11:08] [STATE-SAVED] symbols=2 inflight=False path=D:\02Project\QMT-export\Stragety\MiniQMT_Stragety\DayT\state\v49_8890145315.json
[11:11:11] [601869.SH] [HB] IDLE Y438.01 REV-T: needs +Y19.26 to Y457.27 | FWD-T: off (insufficient cash for 1 lot)
[11:11:39] [STATE-SAVED] symbols=2 inflight=False path=D:\02Project\QMT-export\Stragety\MiniQMT_Stragety\DayT\state\v49_8890145315.json
[11:12:02] [600584.SH] [HB] IDLE Y68.43 REV-T: needs +Y0.99 to Y69.42 | FWD-T: needs -Y1.35 to Y67.08
[11:12:09] [STATE-SAVED] symbols=2 inflight=False path=D:\02Project\QMT-export\Stragety\MiniQMT_Stragety\DayT\state\v49_8890145315.json
[11:12:12] [601869.SH] [HB] IDLE Y437.88 REV-T: needs +Y19.39 to Y457.27 | FWD-T: off (insufficient cash for 1 lot)
[11:12:39] [STATE-SAVED] symbols=2 inflight=False path=D:\02Project\QMT-export\Stragety\MiniQMT_Stragety\DayT\state\v49_8890145315.json
[11:13:03] [600584.SH] [HB] IDLE Y68.39 REV-T: needs +Y1.03 to Y69.42 | FWD-T: needs -Y1.31 to Y67.08
[11:13:09] [STATE-SAVED] symbols=2 inflight=False path=D:\02Project\QMT-export\Stragety\MiniQMT_Stragety\DayT\state\v49_8890145315.json
[11:13:12] [601869.SH] [HB] IDLE Y437.01 REV-T: needs +Y20.26 to Y457.27 | FWD-T: off (insufficient cash for 1 lot)
[11:13:40] [STATE-SAVED] symbols=2 inflight=False path=D:\02Project\QMT-export\Stragety\MiniQMT_Stragety\DayT\state\v49_8890145315.json
[11:14:03] [600584.SH] [HB] IDLE Y68.36 REV-T: needs +Y1.06 to Y69.42 | FWD-T: needs -Y1.28 to Y67.08
[11:14:11] [STATE-SAVED] symbols=2 inflight=False path=D:\02Project\QMT-export\Stragety\MiniQMT_Stragety\DayT\state\v49_8890145315.json
[11:14:12] [601869.SH] [HB] IDLE Y437.99 REV-T: needs +Y19.28 to Y457.27 | FWD-T: off (insufficient cash for 1 lot)
[11:14:40] [STATE-SAVED] symbols=2 inflight=False path=D:\02Project\QMT-export\Stragety\MiniQMT_Stragety\DayT\state\v49_8890145315.json
[11:15:03] [600584.SH] [HB] IDLE Y68.32 REV-T: needs +Y1.10 to Y69.42 | FWD-T: needs -Y1.24 to Y67.08
[11:15:10] [STATE-SAVED] symbols=2 inflight=False path=D:\02Project\QMT-export\Stragety\MiniQMT_Stragety\DayT\state\v49_8890145315.json
[11:15:13] [601869.SH] [HB] IDLE Y437.44 REV-T: needs +Y19.83 to Y457.27 | FWD-T: off (insufficient cash for 1 lot)
[11:15:40] [STATE-SAVED] symbols=2 inflight=False path=D:\02Project\QMT-export\Stragety\MiniQMT_Stragety\DayT\state\v49_8890145315.json
[11:16:03] [600584.SH] [HB] IDLE Y68.34 REV-T: needs +Y1.08 to Y69.42 | FWD-T: needs -Y1.26 to Y67.08
[11:16:10] [STATE-SAVED] symbols=2 inflight=False path=D:\02Project\QMT-export\Stragety\MiniQMT_Stragety\DayT\state\v49_8890145315.json
[11:16:13] [601869.SH] [HB] IDLE Y437.74 REV-T: needs +Y19.53 to Y457.27 | FWD-T: off (insufficient cash for 1 lot)
[11:16:40] [STATE-SAVED] symbols=2 inflight=False path=D:\02Project\QMT-export\Stragety\MiniQMT_Stragety\DayT\state\v49_8890145315.json
[11:17:04] [600584.SH] [HB] IDLE Y68.36 REV-T: needs +Y1.06 to Y69.42 | FWD-T: needs -Y1.28 to Y67.08
[11:17:11] [STATE-SAVED] symbols=2 inflight=False path=D:\02Project\QMT-export\Stragety\MiniQMT_Stragety\DayT\state\v49_8890145315.json
[11:17:14] [601869.SH] [HB] IDLE Y437.17 REV-T: needs +Y20.10 to Y457.27 | FWD-T: off (insufficient cash for 1 lot)
[11:17:27] [600584.SH] [MA-POS] price Y68.30 | MA5 Y68.38: BELOW -0.12% | MA20 Y74.61: BELOW -8.46%
[11:17:27] [600584.SH] [MA20 RISK] price Y68.30 is below 97% of MA20 (risk line Y72.37)
[11:17:29] [601869.SH] [MA-POS] price Y437.00 | MA5 Y415.04: ABOVE +5.29% | MA20 Y394.33: ABOVE +10.82%
[11:17:41] [STATE-SAVED] symbols=2 inflight=False path=D:\02Project\QMT-export\Stragety\MiniQMT_Stragety\DayT\state\v49_8890145315.json
[11:18:04] [600584.SH] [HB] IDLE Y68.31 REV-T: needs +Y1.11 to Y69.42 | FWD-T: needs -Y1.23 to Y67.08
[11:18:13] [STATE-SAVED] symbols=2 inflight=False path=D:\02Project\QMT-export\Stragety\MiniQMT_Stragety\DayT\state\v49_8890145315.json
[11:18:14] [601869.SH] [HB] IDLE Y436.30 REV-T: needs +Y20.97 to Y457.27 | FWD-T: off (insufficient cash for 1 lot)
[11:18:42] [STATE-SAVED] symbols=2 inflight=False path=D:\02Project\QMT-export\Stragety\MiniQMT_Stragety\DayT\state\v49_8890145315.json
[11:19:04] [600584.SH] [HB] IDLE Y68.41 REV-T: needs +Y1.01 to Y69.42 | FWD-T: needs -Y1.33 to Y67.08
[11:19:12] [STATE-SAVED] symbols=2 inflight=False path=D:\02Project\QMT-export\Stragety\MiniQMT_Stragety\DayT\state\v49_8890145315.json
[11:19:14] [601869.SH] [HB] IDLE Y437.22 REV-T: needs +Y20.05 to Y457.27 | FWD-T: off (insufficient cash for 1 lot)
[11:19:43] [STATE-SAVED] symbols=2 inflight=False path=D:\02Project\QMT-export\Stragety\MiniQMT_Stragety\DayT\state\v49_8890145315.json
[11:20:04] [600584.SH] [HB] IDLE Y68.38 REV-T: needs +Y1.04 to Y69.42 | FWD-T: needs -Y1.30 to Y67.08
[11:20:13] [STATE-SAVED] symbols=2 inflight=False path=D:\02Project\QMT-export\Stragety\MiniQMT_Stragety\DayT\state\v49_8890145315.json
[11:20:15] [601869.SH] [HB] IDLE Y436.76 REV-T: needs +Y20.51 to Y457.27 | FWD-T: off (insufficient cash for 1 lot)
[11:20:43] [STATE-SAVED] symbols=2 inflight=False path=D:\02Project\QMT-export\Stragety\MiniQMT_Stragety\DayT\state\v49_8890145315.json
[11:21:04] [600584.SH] [HB] IDLE Y68.38 REV-T: needs +Y1.04 to Y69.42 | FWD-T: needs -Y1.30 to Y67.08
[11:21:14] [STATE-SAVED] symbols=2 inflight=False path=D:\02Project\QMT-export\Stragety\MiniQMT_Stragety\DayT\state\v49_8890145315.json
[11:21:15] [601869.SH] [HB] IDLE Y437.00 REV-T: needs +Y20.27 to Y457.27 | FWD-T: off (insufficient cash for 1 lot)
[11:21:43] [STATE-SAVED] symbols=2 inflight=False path=D:\02Project\QMT-export\Stragety\MiniQMT_Stragety\DayT\state\v49_8890145315.json
[11:22:05] [600584.SH] [HB] IDLE Y68.33 REV-T: needs +Y1.09 to Y69.42 | FWD-T: needs -Y1.25 to Y67.08
[11:22:13] [STATE-SAVED] symbols=2 inflight=False path=D:\02Project\QMT-export\Stragety\MiniQMT_Stragety\DayT\state\v49_8890145315.json
[11:22:16] [601869.SH] [HB] IDLE Y436.50 REV-T: needs +Y20.77 to Y457.27 | FWD-T: off (insufficient cash for 1 lot)
[11:22:44] [STATE-SAVED] symbols=2 inflight=False path=D:\02Project\QMT-export\Stragety\MiniQMT_Stragety\DayT\state\v49_8890145315.json
[11:23:06] [600584.SH] [HB] IDLE Y68.42 REV-T: needs +Y1.00 to Y69.42 | FWD-T: needs -Y1.34 to Y67.08
[11:23:14] [STATE-SAVED] symbols=2 inflight=False path=D:\02Project\QMT-export\Stragety\MiniQMT_Stragety\DayT\state\v49_8890145315.json
[11:23:16] [601869.SH] [HB] IDLE Y436.30 REV-T: needs +Y20.97 to Y457.27 | FWD-T: off (insufficient cash for 1 lot)
[11:23:44] [STATE-SAVED] symbols=2 inflight=False path=D:\02Project\QMT-export\Stragety\MiniQMT_Stragety\DayT\state\v49_8890145315.json
[11:24:06] [600584.SH] [HB] IDLE Y68.30 REV-T: needs +Y1.12 to Y69.42 | FWD-T: needs -Y1.22 to Y67.08
[11:24:15] [STATE-SAVED] symbols=2 inflight=False path=D:\02Project\QMT-export\Stragety\MiniQMT_Stragety\DayT\state\v49_8890145315.json
[11:24:16] [601869.SH] [HB] IDLE Y435.81 REV-T: needs +Y21.46 to Y457.27 | FWD-T: off (insufficient cash for 1 lot)
[11:24:45] [STATE-SAVED] symbols=2 inflight=False path=D:\02Project\QMT-export\Stragety\MiniQMT_Stragety\DayT\state\v49_8890145315.json
[11:25:07] [600584.SH] [HB] IDLE Y68.33 REV-T: needs +Y1.09 to Y69.42 | FWD-T: needs -Y1.25 to Y67.08
[11:25:15] [STATE-SAVED] symbols=2 inflight=False path=D:\02Project\QMT-export\Stragety\MiniQMT_Stragety\DayT\state\v49_8890145315.json
[11:25:17] [601869.SH] [HB] IDLE Y436.50 REV-T: needs +Y20.77 to Y457.27 | FWD-T: off (insufficient cash for 1 lot)
[11:25:45] [STATE-SAVED] symbols=2 inflight=False path=D:\02Project\QMT-export\Stragety\MiniQMT_Stragety\DayT\state\v49_8890145315.json
[11:26:07] [600584.SH] [HB] IDLE Y68.35 REV-T: needs +Y1.07 to Y69.42 | FWD-T: needs -Y1.27 to Y67.08
[11:26:16] [STATE-SAVED] symbols=2 inflight=False path=D:\02Project\QMT-export\Stragety\MiniQMT_Stragety\DayT\state\v49_8890145315.json
[11:26:17] [601869.SH] [HB] IDLE Y437.00 REV-T: needs +Y20.27 to Y457.27 | FWD-T: off (insufficient cash for 1 lot)
[11:26:45] [STATE-SAVED] symbols=2 inflight=False path=D:\02Project\QMT-export\Stragety\MiniQMT_Stragety\DayT\state\v49_8890145315.json
[11:27:07] [600584.SH] [HB] IDLE Y68.34 REV-T: needs +Y1.08 to Y69.42 | FWD-T: needs -Y1.26 to Y67.08
[11:27:15] [STATE-SAVED] symbols=2 inflight=False path=D:\02Project\QMT-export\Stragety\MiniQMT_Stragety\DayT\state\v49_8890145315.json
[11:27:18] [601869.SH] [HB] IDLE Y437.54 REV-T: needs +Y19.73 to Y457.27 | FWD-T: off (insufficient cash for 1 lot)
[11:27:27] [600584.SH] [MA-POS] price Y68.34 | MA5 Y68.39: BELOW -0.07% | MA20 Y74.61: BELOW -8.41%
[11:27:27] [600584.SH] [MA20 RISK] price Y68.34 is below 97% of MA20 (risk line Y72.38)
[11:27:30] [601869.SH] [MA-POS] price Y437.53 | MA5 Y415.14: ABOVE +5.39% | MA20 Y394.36: ABOVE +10.95%
[11:27:46] [STATE-SAVED] symbols=2 inflight=False path=D:\02Project\QMT-export\Stragety\MiniQMT_Stragety\DayT\state\v49_8890145315.json
[11:28:08] [600584.SH] [HB] IDLE Y68.35 REV-T: needs +Y1.07 to Y69.42 | FWD-T: needs -Y1.27 to Y67.08
[11:28:16] [STATE-SAVED] symbols=2 inflight=False path=D:\02Project\QMT-export\Stragety\MiniQMT_Stragety\DayT\state\v49_8890145315.json
[11:28:19] [601869.SH] [HB] IDLE Y437.00 REV-T: needs +Y20.27 to Y457.27 | FWD-T: off (insufficient cash for 1 lot)
[11:28:46] [STATE-SAVED] symbols=2 inflight=False path=D:\02Project\QMT-export\Stragety\MiniQMT_Stragety\DayT\state\v49_8890145315.json
[11:29:09] [600584.SH] [HB] IDLE Y68.38 REV-T: needs +Y1.04 to Y69.42 | FWD-T: needs -Y1.30 to Y67.08
[11:29:16] [STATE-SAVED] symbols=2 inflight=False path=D:\02Project\QMT-export\Stragety\MiniQMT_Stragety\DayT\state\v49_8890145315.json
[11:29:19] [601869.SH] [HB] IDLE Y437.50 REV-T: needs +Y19.77 to Y457.27 | FWD-T: off (insufficient cash for 1 lot)
[11:29:46] [STATE-SAVED] symbols=2 inflight=False path=D:\02Project\QMT-export\Stragety\MiniQMT_Stragety\DayT\state\v49_8890145315.json
[11:34:11] [600584.SH] [LUNCH 11:34:11]
[11:34:22] [601869.SH] [LUNCH 11:34:22]
[11:34:53] [STATE-SAVED] symbols=2 inflight=False path=D:\02Project\QMT-export\Stragety\MiniQMT_Stragety\DayT\state\v49_8890145315.json
[11:39:13] [600584.SH] [LUNCH 11:39:13]
[11:39:24] [601869.SH] [LUNCH 11:39:24]
[11:39:54] [STATE-SAVED] symbols=2 inflight=False path=D:\02Project\QMT-export\Stragety\MiniQMT_Stragety\DayT\state\v49_8890145315.json
[11:44:15] [600584.SH] [LUNCH 11:44:15]
[11:44:25] [601869.SH] [LUNCH 11:44:25]
[11:44:56] [STATE-SAVED] symbols=2 inflight=False path=D:\02Project\QMT-export\Stragety\MiniQMT_Stragety\DayT\state\v49_8890145315.json
[11:49:16] [600584.SH] [LUNCH 11:49:16]
[11:49:27] [601869.SH] [LUNCH 11:49:27]
[11:49:59] [STATE-SAVED] symbols=2 inflight=False path=D:\02Project\QMT-export\Stragety\MiniQMT_Stragety\DayT\state\v49_8890145315.json
[11:54:19] [600584.SH] [LUNCH 11:54:19]
[11:54:30] [601869.SH] [LUNCH 11:54:30]
[11:55:01] [STATE-SAVED] symbols=2 inflight=False path=D:\02Project\QMT-export\Stragety\MiniQMT_Stragety\DayT\state\v49_8890145315.json
[11:59:21] [600584.SH] [LUNCH 11:59:21]
[11:59:32] [601869.SH] [LUNCH 11:59:32]
[12:00:02] [STATE-SAVED] symbols=2 inflight=False path=D:\02Project\QMT-export\Stragety\MiniQMT_Stragety\DayT\state\v49_8890145315.json
[12:04:23] [600584.SH] [LUNCH 12:04:23]
[12:04:34] [601869.SH] [LUNCH 12:04:34]
[12:05:04] [STATE-SAVED] symbols=2 inflight=False path=D:\02Project\QMT-export\Stragety\MiniQMT_Stragety\DayT\state\v49_8890145315.json
[12:09:25] [600584.SH] [LUNCH 12:09:25]
[12:09:35] [601869.SH] [LUNCH 12:09:35]
[12:10:06] [STATE-SAVED] symbols=2 inflight=False path=D:\02Project\QMT-export\Stragety\MiniQMT_Stragety\DayT\state\v49_8890145315.json
[12:14:26] [600584.SH] [LUNCH 12:14:26]
[12:14:37] [601869.SH] [LUNCH 12:14:37]
[12:15:07] [STATE-SAVED] symbols=2 inflight=False path=D:\02Project\QMT-export\Stragety\MiniQMT_Stragety\DayT\state\v49_8890145315.json
[12:19:28] [600584.SH] [LUNCH 12:19:28]
[12:19:38] [601869.SH] [LUNCH 12:19:38]
[12:20:09] [STATE-SAVED] symbols=2 inflight=False path=D:\02Project\QMT-export\Stragety\MiniQMT_Stragety\DayT\state\v49_8890145315.json
[12:24:30] [600584.SH] [LUNCH 12:24:30]
[12:24:40] [601869.SH] [LUNCH 12:24:40]
[12:25:11] [STATE-SAVED] symbols=2 inflight=False path=D:\02Project\QMT-export\Stragety\MiniQMT_Stragety\DayT\state\v49_8890145315.json
[12:29:32] [600584.SH] [LUNCH 12:29:32]
[12:29:42] [601869.SH] [LUNCH 12:29:42]
[12:30:13] [STATE-SAVED] symbols=2 inflight=False path=D:\02Project\QMT-export\Stragety\MiniQMT_Stragety\DayT\state\v49_8890145315.json
[13:34:50] [600584.SH] [MA-POS] price Y68.35 | MA5 Y68.39: BELOW -0.06% | MA20 Y74.61: BELOW -8.40%
[13:34:50] [600584.SH] [MA20 RISK] price Y68.35 is below 97% of MA20 (risk line Y72.38)
[13:34:50] [600584.SH] [HB] IDLE Y68.35 REV-T: needs +Y1.07 to Y69.42 | FWD-T: needs -Y1.27 to Y67.08
[13:34:51] [STATE-SAVED] symbols=2 inflight=False path=D:\02Project\QMT-export\Stragety\MiniQMT_Stragety\DayT\state\v49_8890145315.json
[13:34:51] [601869.SH] [MA-POS] price Y437.55 | MA5 Y415.15: ABOVE +5.40% | MA20 Y394.36: ABOVE +10.95%
[13:34:51] [601869.SH] [HB] IDLE Y437.55 REV-T: needs +Y19.72 to Y457.27 | FWD-T: off (insufficient cash for 1 lot)
[13:35:21] [STATE-SAVED] symbols=2 inflight=False path=D:\02Project\QMT-export\Stragety\MiniQMT_Stragety\DayT\state\v49_8890145315.json
[13:35:45] [600584.SH] [HB] IDLE Y68.47 REV-T: needs +Y0.95 to Y69.42 | FWD-T: needs -Y1.39 to Y67.08
[13:35:51] [601869.SH] [HB] IDLE Y438.65 REV-T: needs +Y18.62 to Y457.27 | FWD-T: off (insufficient cash for 1 lot)
[13:35:52] [STATE-SAVED] symbols=2 inflight=False path=D:\02Project\QMT-export\Stragety\MiniQMT_Stragety\DayT\state\v49_8890145315.json
[13:36:22] [STATE-SAVED] symbols=2 inflight=False path=D:\02Project\QMT-export\Stragety\MiniQMT_Stragety\DayT\state\v49_8890145315.json
[13:36:45] [600584.SH] [HB] IDLE Y68.30 REV-T: needs +Y1.12 to Y69.42 | FWD-T: needs -Y1.22 to Y67.08
[13:36:51] [601869.SH] [HB] IDLE Y437.83 REV-T: needs +Y19.44 to Y457.27 | FWD-T: off (insufficient cash for 1 lot)
[13:36:52] [STATE-SAVED] symbols=2 inflight=False path=D:\02Project\QMT-export\Stragety\MiniQMT_Stragety\DayT\state\v49_8890145315.json
[13:37:22] [STATE-SAVED] symbols=2 inflight=False path=D:\02Project\QMT-export\Stragety\MiniQMT_Stragety\DayT\state\v49_8890145315.json
[13:37:46] [600584.SH] [HB] IDLE Y68.42 REV-T: needs +Y1.00 to Y69.42 | FWD-T: needs -Y1.34 to Y67.08
[13:37:51] [601869.SH] [HB] IDLE Y438.42 REV-T: needs +Y18.85 to Y457.27 | FWD-T: off (insufficient cash for 1 lot)
[13:37:52] [STATE-SAVED] symbols=2 inflight=False path=D:\02Project\QMT-export\Stragety\MiniQMT_Stragety\DayT\state\v49_8890145315.json
[13:38:22] [STATE-SAVED] symbols=2 inflight=False path=D:\02Project\QMT-export\Stragety\MiniQMT_Stragety\DayT\state\v49_8890145315.json
[13:38:46] [600584.SH] [HB] IDLE Y68.32 REV-T: needs +Y1.10 to Y69.42 | FWD-T: needs -Y1.24 to Y67.08
[13:38:52] [601869.SH] [HB] IDLE Y438.10 REV-T: needs +Y19.17 to Y457.27 | FWD-T: off (insufficient cash for 1 lot)
[13:38:53] [STATE-SAVED] symbols=2 inflight=False path=D:\02Project\QMT-export\Stragety\MiniQMT_Stragety\DayT\state\v49_8890145315.json
[13:39:23] [STATE-SAVED] symbols=2 inflight=False path=D:\02Project\QMT-export\Stragety\MiniQMT_Stragety\DayT\state\v49_8890145315.json
[13:39:47] [600584.SH] [HB] IDLE Y68.21 REV-T: needs +Y1.21 to Y69.42 | FWD-T: needs -Y1.13 to Y67.08
[13:39:53] [601869.SH] [HB] IDLE Y437.34 REV-T: needs +Y19.93 to Y457.27 | FWD-T: off (insufficient cash for 1 lot)
[13:39:53] [STATE-SAVED] symbols=2 inflight=False path=D:\02Project\QMT-export\Stragety\MiniQMT_Stragety\DayT\state\v49_8890145315.json
[13:40:23] [STATE-SAVED] symbols=2 inflight=False path=D:\02Project\QMT-export\Stragety\MiniQMT_Stragety\DayT\state\v49_8890145315.json
[13:40:47] [600584.SH] [HB] IDLE Y68.21 REV-T: needs +Y1.21 to Y69.42 | FWD-T: needs -Y1.13 to Y67.08
[13:40:53] [601869.SH] [HB] IDLE Y437.26 REV-T: needs +Y20.01 to Y457.27 | FWD-T: off (insufficient cash for 1 lot)
[13:40:53] [STATE-SAVED] symbols=2 inflight=False path=D:\02Project\QMT-export\Stragety\MiniQMT_Stragety\DayT\state\v49_8890145315.json
[13:41:24] [STATE-SAVED] symbols=2 inflight=False path=D:\02Project\QMT-export\Stragety\MiniQMT_Stragety\DayT\state\v49_8890145315.json
[13:41:48] [600584.SH] [HB] IDLE Y68.18 REV-T: needs +Y1.24 to Y69.42 | FWD-T: needs -Y1.10 to Y67.08
[13:41:54] [601869.SH] [HB] IDLE Y437.00 REV-T: needs +Y20.27 to Y457.27 | FWD-T: off (insufficient cash for 1 lot)
[13:41:54] [STATE-SAVED] symbols=2 inflight=False path=D:\02Project\QMT-export\Stragety\MiniQMT_Stragety\DayT\state\v49_8890145315.json
[13:42:24] [STATE-SAVED] symbols=2 inflight=False path=D:\02Project\QMT-export\Stragety\MiniQMT_Stragety\DayT\state\v49_8890145315.json
[13:42:48] [600584.SH] [HB] IDLE Y68.16 REV-T: needs +Y1.26 to Y69.42 | FWD-T: needs -Y1.08 to Y67.08
[13:42:54] [STATE-SAVED] symbols=2 inflight=False path=D:\02Project\QMT-export\Stragety\MiniQMT_Stragety\DayT\state\v49_8890145315.json
[13:42:54] [601869.SH] [HB] IDLE Y436.66 REV-T: needs +Y20.61 to Y457.27 | FWD-T: off (insufficient cash for 1 lot)
[13:43:25] [STATE-SAVED] symbols=2 inflight=False path=D:\02Project\QMT-export\Stragety\MiniQMT_Stragety\DayT\state\v49_8890145315.json
[13:43:49] [600584.SH] [HB] IDLE Y68.15 REV-T: needs +Y1.27 to Y69.42 | FWD-T: needs -Y1.07 to Y67.08
[13:43:55] [STATE-SAVED] symbols=2 inflight=False path=D:\02Project\QMT-export\Stragety\MiniQMT_Stragety\DayT\state\v49_8890145315.json
[13:43:55] [601869.SH] [HB] IDLE Y436.03 REV-T: needs +Y21.24 to Y457.27 | FWD-T: off (insufficient cash for 1 lot)
[13:44:25] [STATE-SAVED] symbols=2 inflight=False path=D:\02Project\QMT-export\Stragety\MiniQMT_Stragety\DayT\state\v49_8890145315.json
[13:44:49] [600584.SH] [HB] IDLE Y68.09 REV-T: needs +Y1.33 to Y69.42 | FWD-T: needs -Y1.01 to Y67.08
[13:44:50] [600584.SH] [MA-POS] price Y68.09 | MA5 Y68.34: BELOW -0.36% | MA20 Y74.60: BELOW -8.73%
[13:44:50] [600584.SH] [MA20 RISK] price Y68.09 is below 97% of MA20 (risk line Y72.36)
[13:44:52] [601869.SH] [MA-POS] price Y435.64 | MA5 Y414.77: ABOVE +5.03% | MA20 Y394.26: ABOVE +10.49%
[13:44:55] [STATE-SAVED] symbols=2 inflight=False path=D:\02Project\QMT-export\Stragety\MiniQMT_Stragety\DayT\state\v49_8890145315.json
[13:44:56] [601869.SH] [HB] IDLE Y435.90 REV-T: needs +Y21.37 to Y457.27 | FWD-T: off (insufficient cash for 1 lot)
[13:45:25] [STATE-SAVED] symbols=2 inflight=False path=D:\02Project\QMT-export\Stragety\MiniQMT_Stragety\DayT\state\v49_8890145315.json
[13:45:50] [600584.SH] [HB] IDLE Y68.21 REV-T: needs +Y1.21 to Y69.42 | FWD-T: needs -Y1.13 to Y67.08
[13:45:56] [STATE-SAVED] symbols=2 inflight=False path=D:\02Project\QMT-export\Stragety\MiniQMT_Stragety\DayT\state\v49_8890145315.json
[13:45:56] [601869.SH] [HB] IDLE Y436.81 REV-T: needs +Y20.46 to Y457.27 | FWD-T: off (insufficient cash for 1 lot)
[13:46:26] [STATE-SAVED] symbols=2 inflight=False path=D:\02Project\QMT-export\Stragety\MiniQMT_Stragety\DayT\state\v49_8890145315.json
[13:46:51] [600584.SH] [HB] IDLE Y68.19 REV-T: needs +Y1.23 to Y69.42 | FWD-T: needs -Y1.11 to Y67.08
[13:46:56] [STATE-SAVED] symbols=2 inflight=False path=D:\02Project\QMT-export\Stragety\MiniQMT_Stragety\DayT\state\v49_8890145315.json
[13:46:56] [601869.SH] [HB] IDLE Y436.75 REV-T: needs +Y20.52 to Y457.27 | FWD-T: off (insufficient cash for 1 lot)
[13:47:26] [STATE-SAVED] symbols=2 inflight=False path=D:\02Project\QMT-export\Stragety\MiniQMT_Stragety\DayT\state\v49_8890145315.json
[13:47:51] [600584.SH] [HB] IDLE Y68.26 REV-T: needs +Y1.16 to Y69.42 | FWD-T: needs -Y1.18 to Y67.08
[13:47:56] [STATE-SAVED] symbols=2 inflight=False path=D:\02Project\QMT-export\Stragety\MiniQMT_Stragety\DayT\state\v49_8890145315.json
[13:47:56] [601869.SH] [HB] IDLE Y437.70 REV-T: needs +Y19.57 to Y457.27 | FWD-T: off (insufficient cash for 1 lot)
[13:48:26] [STATE-SAVED] symbols=2 inflight=False path=D:\02Project\QMT-export\Stragety\MiniQMT_Stragety\DayT\state\v49_8890145315.json
[13:48:51] [600584.SH] [HB] IDLE Y68.16 REV-T: needs +Y1.26 to Y69.42 | FWD-T: needs -Y1.08 to Y67.08
[13:48:56] [STATE-SAVED] symbols=2 inflight=False path=D:\02Project\QMT-export\Stragety\MiniQMT_Stragety\DayT\state\v49_8890145315.json
[13:48:57] [601869.SH] [HB] IDLE Y437.00 REV-T: needs +Y20.27 to Y457.27 | FWD-T: off (insufficient cash for 1 lot)
[13:49:27] [STATE-SAVED] symbols=2 inflight=False path=D:\02Project\QMT-export\Stragety\MiniQMT_Stragety\DayT\state\v49_8890145315.json
[13:49:52] [600584.SH] [HB] IDLE Y68.15 REV-T: needs +Y1.27 to Y69.42 | FWD-T: needs -Y1.07 to Y67.08
[13:49:57] [STATE-SAVED] symbols=2 inflight=False path=D:\02Project\QMT-export\Stragety\MiniQMT_Stragety\DayT\state\v49_8890145315.json
[13:49:58] [601869.SH] [HB] IDLE Y436.87 REV-T: needs +Y20.40 to Y457.27 | FWD-T: off (insufficient cash for 1 lot)
[13:50:27] [STATE-SAVED] symbols=2 inflight=False path=D:\02Project\QMT-export\Stragety\MiniQMT_Stragety\DayT\state\v49_8890145315.json
[13:50:52] [600584.SH] [HB] IDLE Y68.15 REV-T: needs +Y1.27 to Y69.42 | FWD-T: needs -Y1.07 to Y67.08
[13:50:57] [STATE-SAVED] symbols=2 inflight=False path=D:\02Project\QMT-export\Stragety\MiniQMT_Stragety\DayT\state\v49_8890145315.json
[13:50:58] [601869.SH] [HB] IDLE Y436.61 REV-T: needs +Y20.66 to Y457.27 | FWD-T: off (insufficient cash for 1 lot)
[13:51:27] [STATE-SAVED] symbols=2 inflight=False path=D:\02Project\QMT-export\Stragety\MiniQMT_Stragety\DayT\state\v49_8890145315.json
[13:51:52] [600584.SH] [HB] IDLE Y68.13 REV-T: needs +Y1.29 to Y69.42 | FWD-T: needs -Y1.05 to Y67.08
[13:51:57] [STATE-SAVED] symbols=2 inflight=False path=D:\02Project\QMT-export\Stragety\MiniQMT_Stragety\DayT\state\v49_8890145315.json
[13:51:59] [601869.SH] [HB] IDLE Y436.09 REV-T: needs +Y21.18 to Y457.27 | FWD-T: off (insufficient cash for 1 lot)
[13:52:28] [STATE-SAVED] symbols=2 inflight=False path=D:\02Project\QMT-export\Stragety\MiniQMT_Stragety\DayT\state\v49_8890145315.json
[13:52:53] [600584.SH] [HB] IDLE Y68.12 REV-T: needs +Y1.30 to Y69.42 | FWD-T: needs -Y1.04 to Y67.08
[13:52:58] [STATE-SAVED] symbols=2 inflight=False path=D:\02Project\QMT-export\Stragety\MiniQMT_Stragety\DayT\state\v49_8890145315.json
[13:52:59] [601869.SH] [HB] IDLE Y436.53 REV-T: needs +Y20.74 to Y457.27 | FWD-T: off (insufficient cash for 1 lot)
[13:53:28] [STATE-SAVED] symbols=2 inflight=False path=D:\02Project\QMT-export\Stragety\MiniQMT_Stragety\DayT\state\v49_8890145315.json
[13:53:53] [600584.SH] [HB] IDLE Y68.20 REV-T: needs +Y1.22 to Y69.42 | FWD-T: needs -Y1.12 to Y67.08
[13:53:58] [STATE-SAVED] symbols=2 inflight=False path=D:\02Project\QMT-export\Stragety\MiniQMT_Stragety\DayT\state\v49_8890145315.json
[13:54:00] [601869.SH] [HB] IDLE Y436.50 REV-T: needs +Y20.77 to Y457.27 | FWD-T: off (insufficient cash for 1 lot)
[13:54:29] [STATE-SAVED] symbols=2 inflight=False path=D:\02Project\QMT-export\Stragety\MiniQMT_Stragety\DayT\state\v49_8890145315.json
[13:54:51] [600584.SH] [MA-POS] price Y68.37 | MA5 Y68.39: BELOW -0.04% | MA20 Y74.62: BELOW -8.37%
[13:54:51] [600584.SH] [MA20 RISK] price Y68.37 is below 97% of MA20 (risk line Y72.38)
[13:54:52] [601869.SH] [MA-POS] price Y437.22 | MA5 Y415.08: ABOVE +5.33% | MA20 Y394.34: ABOVE +10.87%
[13:54:54] [600584.SH] [HB] IDLE Y68.36 REV-T: needs +Y1.06 to Y69.42 | FWD-T: needs -Y1.28 to Y67.08
[13:54:59] [STATE-SAVED] symbols=2 inflight=False path=D:\02Project\QMT-export\Stragety\MiniQMT_Stragety\DayT\state\v49_8890145315.json
[13:55:00] [601869.SH] [HB] IDLE Y437.28 REV-T: needs +Y19.99 to Y457.27 | FWD-T: off (insufficient cash for 1 lot)
[13:55:29] [STATE-SAVED] symbols=2 inflight=False path=D:\02Project\QMT-export\Stragety\MiniQMT_Stragety\DayT\state\v49_8890145315.json
[13:55:54] [600584.SH] [HB] IDLE Y68.28 REV-T: needs +Y1.14 to Y69.42 | FWD-T: needs -Y1.20 to Y67.08
[13:55:59] [STATE-SAVED] symbols=2 inflight=False path=D:\02Project\QMT-export\Stragety\MiniQMT_Stragety\DayT\state\v49_8890145315.json
[13:56:01] [601869.SH] [HB] IDLE Y436.87 REV-T: needs +Y20.40 to Y457.27 | FWD-T: off (insufficient cash for 1 lot)
[13:56:29] [STATE-SAVED] symbols=2 inflight=False path=D:\02Project\QMT-export\Stragety\MiniQMT_Stragety\DayT\state\v49_8890145315.json
[13:56:54] [600584.SH] [HB] IDLE Y68.28 REV-T: needs +Y1.14 to Y69.42 | FWD-T: needs -Y1.20 to Y67.08
[13:56:59] [STATE-SAVED] symbols=2 inflight=False path=D:\02Project\QMT-export\Stragety\MiniQMT_Stragety\DayT\state\v49_8890145315.json
[13:57:01] [601869.SH] [HB] IDLE Y436.64 REV-T: needs +Y20.63 to Y457.27 | FWD-T: off (insufficient cash for 1 lot)
[13:57:30] [STATE-SAVED] symbols=2 inflight=False path=D:\02Project\QMT-export\Stragety\MiniQMT_Stragety\DayT\state\v49_8890145315.json
[13:57:55] [600584.SH] [HB] IDLE Y68.33 REV-T: needs +Y1.09 to Y69.42 | FWD-T: needs -Y1.25 to Y67.08
[13:58:00] [STATE-SAVED] symbols=2 inflight=False path=D:\02Project\QMT-export\Stragety\MiniQMT_Stragety\DayT\state\v49_8890145315.json
[13:58:02] [601869.SH] [HB] IDLE Y437.35 REV-T: needs +Y19.92 to Y457.27 | FWD-T: off (insufficient cash for 1 lot)
[13:58:30] [STATE-SAVED] symbols=2 inflight=False path=D:\02Project\QMT-export\Stragety\MiniQMT_Stragety\DayT\state\v49_8890145315.json
[13:58:56] [600584.SH] [HB] IDLE Y68.34 REV-T: needs +Y1.08 to Y69.42 | FWD-T: needs -Y1.26 to Y67.08
[13:59:11] [STATE-SAVED] symbols=2 inflight=False path=D:\02Project\QMT-export\Stragety\MiniQMT_Stragety\DayT\state\v49_8890145315.json
[13:59:13] [601869.SH] [HB] IDLE Y437.19 REV-T: needs +Y20.08 to Y457.27 | FWD-T: off (insufficient cash for 1 lot)
[13:59:33] [STATE-SAVED] symbols=2 inflight=False path=D:\02Project\QMT-export\Stragety\MiniQMT_Stragety\DayT\state\v49_8890145315.json
[13:59:56] [600584.SH] [HB] IDLE Y68.39 REV-T: needs +Y1.03 to Y69.42 | FWD-T: needs -Y1.31 to Y67.08
[14:00:01] [STATE-SAVED] symbols=2 inflight=False path=D:\02Project\QMT-export\Stragety\MiniQMT_Stragety\DayT\state\v49_8890145315.json
[14:00:13] [601869.SH] [HB] IDLE Y437.58 REV-T: needs +Y19.69 to Y457.27 | FWD-T: off (insufficient cash for 1 lot)
[14:00:31] [STATE-SAVED] symbols=2 inflight=False path=D:\02Project\QMT-export\Stragety\MiniQMT_Stragety\DayT\state\v49_8890145315.json
[14:00:56] [600584.SH] [HB] IDLE Y68.27 REV-T: needs +Y1.15 to Y69.42 | FWD-T: needs -Y1.19 to Y67.08
[14:01:02] [STATE-SAVED] symbols=2 inflight=False path=D:\02Project\QMT-export\Stragety\MiniQMT_Stragety\DayT\state\v49_8890145315.json
[14:01:14] [601869.SH] [HB] IDLE Y437.09 REV-T: needs +Y20.18 to Y457.27 | FWD-T: off (insufficient cash for 1 lot)
[14:01:32] [STATE-SAVED] symbols=2 inflight=False path=D:\02Project\QMT-export\Stragety\MiniQMT_Stragety\DayT\state\v49_8890145315.json
[14:01:57] [600584.SH] [HB] IDLE Y68.31 REV-T: needs +Y1.11 to Y69.42 | FWD-T: needs -Y1.23 to Y67.08
[14:02:03] [STATE-SAVED] symbols=2 inflight=False path=D:\02Project\QMT-export\Stragety\MiniQMT_Stragety\DayT\state\v49_8890145315.json
[14:02:16] [601869.SH] [HB] IDLE Y437.78 REV-T: needs +Y19.49 to Y457.27 | FWD-T: off (insufficient cash for 1 lot)
[14:02:33] [STATE-SAVED] symbols=2 inflight=False path=D:\02Project\QMT-export\Stragety\MiniQMT_Stragety\DayT\state\v49_8890145315.json
[14:02:57] [600584.SH] [HB] IDLE Y68.29 REV-T: needs +Y1.13 to Y69.42 | FWD-T: needs -Y1.21 to Y67.08
[14:03:03] [STATE-SAVED] symbols=2 inflight=False path=D:\02Project\QMT-export\Stragety\MiniQMT_Stragety\DayT\state\v49_8890145315.json
[14:03:17] [601869.SH] [HB] IDLE Y437.49 REV-T: needs +Y19.78 to Y457.27 | FWD-T: off (insufficient cash for 1 lot)
[14:03:33] [STATE-SAVED] symbols=2 inflight=False path=D:\02Project\QMT-export\Stragety\MiniQMT_Stragety\DayT\state\v49_8890145315.json
[14:03:58] [600584.SH] [HB] IDLE Y68.29 REV-T: needs +Y1.13 to Y69.42 | FWD-T: needs -Y1.21 to Y67.08
[14:04:03] [STATE-SAVED] symbols=2 inflight=False path=D:\02Project\QMT-export\Stragety\MiniQMT_Stragety\DayT\state\v49_8890145315.json
[14:04:17] [601869.SH] [HB] IDLE Y437.09 REV-T: needs +Y20.18 to Y457.27 | FWD-T: off (insufficient cash for 1 lot)
[14:04:33] [STATE-SAVED] symbols=2 inflight=False path=D:\02Project\QMT-export\Stragety\MiniQMT_Stragety\DayT\state\v49_8890145315.json
[14:04:51] [600584.SH] [MA-POS] price Y68.24 | MA5 Y68.37: BELOW -0.19% | MA20 Y74.61: BELOW -8.54%
[14:04:51] [600584.SH] [MA20 RISK] price Y68.24 is below 97% of MA20 (risk line Y72.37)
[14:04:52] [601869.SH] [MA-POS] price Y436.69 | MA5 Y414.98: ABOVE +5.23% | MA20 Y394.32: ABOVE +10.75%
[14:04:58] [600584.SH] [HB] IDLE Y68.23 REV-T: needs +Y1.19 to Y69.42 | FWD-T: needs -Y1.15 to Y67.08
[14:05:04] [STATE-SAVED] symbols=2 inflight=False path=D:\02Project\QMT-export\Stragety\MiniQMT_Stragety\DayT\state\v49_8890145315.json
[14:05:18] [601869.SH] [HB] IDLE Y436.50 REV-T: needs +Y20.77 to Y457.27 | FWD-T: off (insufficient cash for 1 lot)
[14:05:34] [STATE-SAVED] symbols=2 inflight=False path=D:\02Project\QMT-export\Stragety\MiniQMT_Stragety\DayT\state\v49_8890145315.json
[14:05:59] [600584.SH] [HB] IDLE Y68.22 REV-T: needs +Y1.20 to Y69.42 | FWD-T: needs -Y1.14 to Y67.08
[14:06:04] [STATE-SAVED] symbols=2 inflight=False path=D:\02Project\QMT-export\Stragety\MiniQMT_Stragety\DayT\state\v49_8890145315.json
[14:06:19] [601869.SH] [HB] IDLE Y436.37 REV-T: needs +Y20.90 to Y457.27 | FWD-T: off (insufficient cash for 1 lot)
[14:06:34] [STATE-SAVED] symbols=2 inflight=False path=D:\02Project\QMT-export\Stragety\MiniQMT_Stragety\DayT\state\v49_8890145315.json
[14:06:59] [600584.SH] [HB] IDLE Y68.23 REV-T: needs +Y1.19 to Y69.42 | FWD-T: needs -Y1.15 to Y67.08
[14:07:05] [STATE-SAVED] symbols=2 inflight=False path=D:\02Project\QMT-export\Stragety\MiniQMT_Stragety\DayT\state\v49_8890145315.json
[14:07:20] [601869.SH] [HB] IDLE Y436.41 REV-T: needs +Y20.86 to Y457.27 | FWD-T: off (insufficient cash for 1 lot)
[14:07:34] [STATE-SAVED] symbols=2 inflight=False path=D:\02Project\QMT-export\Stragety\MiniQMT_Stragety\DayT\state\v49_8890145315.json
[14:08:00] [600584.SH] [HB] IDLE Y68.21 REV-T: needs +Y1.21 to Y69.42 | FWD-T: needs -Y1.13 to Y67.08
[14:08:05] [STATE-SAVED] symbols=2 inflight=False path=D:\02Project\QMT-export\Stragety\MiniQMT_Stragety\DayT\state\v49_8890145315.json
[14:08:21] [601869.SH] [HB] IDLE Y436.31 REV-T: needs +Y20.96 to Y457.27 | FWD-T: off (insufficient cash for 1 lot)
[14:08:35] [STATE-SAVED] symbols=2 inflight=False path=D:\02Project\QMT-export\Stragety\MiniQMT_Stragety\DayT\state\v49_8890145315.json
[14:09:01] [600584.SH] [HB] IDLE Y68.19 REV-T: needs +Y1.23 to Y69.42 | FWD-T: needs -Y1.11 to Y67.08
[14:09:05] [STATE-SAVED] symbols=2 inflight=False path=D:\02Project\QMT-export\Stragety\MiniQMT_Stragety\DayT\state\v49_8890145315.json
[14:09:21] [601869.SH] [HB] IDLE Y436.18 REV-T: needs +Y21.09 to Y457.27 | FWD-T: off (insufficient cash for 1 lot)
[14:09:35] [STATE-SAVED] symbols=2 inflight=False path=D:\02Project\QMT-export\Stragety\MiniQMT_Stragety\DayT\state\v49_8890145315.json
[14:10:01] [600584.SH] [HB] IDLE Y68.18 REV-T: needs +Y1.24 to Y69.42 | FWD-T: needs -Y1.10 to Y67.08
[14:10:06] [STATE-SAVED] symbols=2 inflight=False path=D:\02Project\QMT-export\Stragety\MiniQMT_Stragety\DayT\state\v49_8890145315.json
[14:10:22] [601869.SH] [HB] IDLE Y437.02 REV-T: needs +Y20.25 to Y457.27 | FWD-T: off (insufficient cash for 1 lot)
[14:10:38] [STATE-SAVED] symbols=2 inflight=False path=D:\02Project\QMT-export\Stragety\MiniQMT_Stragety\DayT\state\v49_8890145315.json
[14:11:03] [600584.SH] [HB] IDLE Y68.18 REV-T: needs +Y1.24 to Y69.42 | FWD-T: needs -Y1.10 to Y67.08
[14:11:07] [STATE-SAVED] symbols=2 inflight=False path=D:\02Project\QMT-export\Stragety\MiniQMT_Stragety\DayT\state\v49_8890145315.json
[14:11:23] [601869.SH] [HB] IDLE Y438.19 REV-T: needs +Y19.08 to Y457.27 | FWD-T: off (insufficient cash for 1 lot)
[14:11:37] [STATE-SAVED] symbols=2 inflight=False path=D:\02Project\QMT-export\Stragety\MiniQMT_Stragety\DayT\state\v49_8890145315.json
[14:12:03] [600584.SH] [HB] IDLE Y68.21 REV-T: needs +Y1.21 to Y69.42 | FWD-T: needs -Y1.13 to Y67.08
[14:12:08] [STATE-SAVED] symbols=2 inflight=False path=D:\02Project\QMT-export\Stragety\MiniQMT_Stragety\DayT\state\v49_8890145315.json
[14:12:23] [601869.SH] [HB] IDLE Y438.18 REV-T: needs +Y19.09 to Y457.27 | FWD-T: off (insufficient cash for 1 lot)
[14:12:37] [STATE-SAVED] symbols=2 inflight=False path=D:\02Project\QMT-export\Stragety\MiniQMT_Stragety\DayT\state\v49_8890145315.json
[14:13:04] [600584.SH] [HB] IDLE Y68.19 REV-T: needs +Y1.23 to Y69.42 | FWD-T: needs -Y1.11 to Y67.08
[14:13:08] [STATE-SAVED] symbols=2 inflight=False path=D:\02Project\QMT-export\Stragety\MiniQMT_Stragety\DayT\state\v49_8890145315.json
[14:13:23] [601869.SH] [HB] IDLE Y438.06 REV-T: needs +Y19.21 to Y457.27 | FWD-T: off (insufficient cash for 1 lot)
[14:13:38] [STATE-SAVED] symbols=2 inflight=False path=D:\02Project\QMT-export\Stragety\MiniQMT_Stragety\DayT\state\v49_8890145315.json
[14:14:04] [600584.SH] [HB] IDLE Y68.22 REV-T: needs +Y1.20 to Y69.42 | FWD-T: needs -Y1.14 to Y67.08
[14:14:10] [STATE-SAVED] symbols=2 inflight=False path=D:\02Project\QMT-export\Stragety\MiniQMT_Stragety\DayT\state\v49_8890145315.json
[14:14:24] [601869.SH] [HB] IDLE Y438.00 REV-T: needs +Y19.27 to Y457.27 | FWD-T: off (insufficient cash for 1 lot)
[14:14:39] [STATE-SAVED] symbols=2 inflight=False path=D:\02Project\QMT-export\Stragety\MiniQMT_Stragety\DayT\state\v49_8890145315.json
[14:14:52] [600584.SH] [MA-POS] price Y68.18 | MA5 Y68.36: BELOW -0.26% | MA20 Y74.61: BELOW -8.61%
[14:14:52] [600584.SH] [MA20 RISK] price Y68.18 is below 97% of MA20 (risk line Y72.37)
[14:14:52] [601869.SH] [MA-POS] price Y437.44 | MA5 Y415.13: ABOVE +5.38% | MA20 Y394.35: ABOVE +10.93%
[14:15:04] [600584.SH] [HB] IDLE Y68.17 REV-T: needs +Y1.25 to Y69.42 | FWD-T: needs -Y1.09 to Y67.08
[14:15:09] [STATE-SAVED] symbols=2 inflight=False path=D:\02Project\QMT-export\Stragety\MiniQMT_Stragety\DayT\state\v49_8890145315.json
[14:15:25] [601869.SH] [HB] IDLE Y436.92 REV-T: needs +Y20.35 to Y457.27 | FWD-T: off (insufficient cash for 1 lot)
[14:15:39] [STATE-SAVED] symbols=2 inflight=False path=D:\02Project\QMT-export\Stragety\MiniQMT_Stragety\DayT\state\v49_8890145315.json
[14:16:04] [600584.SH] [HB] IDLE Y68.16 REV-T: needs +Y1.26 to Y69.42 | FWD-T: needs -Y1.08 to Y67.08
[14:16:09] [STATE-SAVED] symbols=2 inflight=False path=D:\02Project\QMT-export\Stragety\MiniQMT_Stragety\DayT\state\v49_8890145315.json
[14:16:25] [601869.SH] [HB] IDLE Y436.71 REV-T: needs +Y20.56 to Y457.27 | FWD-T: off (insufficient cash for 1 lot)
[14:16:40] [STATE-SAVED] symbols=2 inflight=False path=D:\02Project\QMT-export\Stragety\MiniQMT_Stragety\DayT\state\v49_8890145315.json
[14:17:05] [600584.SH] [HB] IDLE Y68.16 REV-T: needs +Y1.26 to Y69.42 | FWD-T: needs -Y1.08 to Y67.08
[14:17:10] [STATE-SAVED] symbols=2 inflight=False path=D:\02Project\QMT-export\Stragety\MiniQMT_Stragety\DayT\state\v49_8890145315.json
[14:17:26] [601869.SH] [HB] IDLE Y436.73 REV-T: needs +Y20.54 to Y457.27 | FWD-T: off (insufficient cash for 1 lot)
[14:17:40] [STATE-SAVED] symbols=2 inflight=False path=D:\02Project\QMT-export\Stragety\MiniQMT_Stragety\DayT\state\v49_8890145315.json
[14:18:05] [600584.SH] [HB] IDLE Y68.16 REV-T: needs +Y1.26 to Y69.42 | FWD-T: needs -Y1.08 to Y67.08
[14:18:10] [STATE-SAVED] symbols=2 inflight=False path=D:\02Project\QMT-export\Stragety\MiniQMT_Stragety\DayT\state\v49_8890145315.json
[14:18:27] [601869.SH] [HB] IDLE Y436.88 REV-T: needs +Y20.39 to Y457.27 | FWD-T: off (insufficient cash for 1 lot)
[14:18:41] [STATE-SAVED] symbols=2 inflight=False path=D:\02Project\QMT-export\Stragety\MiniQMT_Stragety\DayT\state\v49_8890145315.json
[14:19:05] [600584.SH] [HB] IDLE Y68.18 REV-T: needs +Y1.24 to Y69.42 | FWD-T: needs -Y1.10 to Y67.08
[14:19:11] [STATE-SAVED] symbols=2 inflight=False path=D:\02Project\QMT-export\Stragety\MiniQMT_Stragety\DayT\state\v49_8890145315.json
[14:19:27] [601869.SH] [HB] IDLE Y437.54 REV-T: needs +Y19.73 to Y457.27 | FWD-T: off (insufficient cash for 1 lot)
[14:19:41] [STATE-SAVED] symbols=2 inflight=False path=D:\02Project\QMT-export\Stragety\MiniQMT_Stragety\DayT\state\v49_8890145315.json
[14:20:05] [600584.SH] [HB] IDLE Y68.23 REV-T: needs +Y1.19 to Y69.42 | FWD-T: needs -Y1.15 to Y67.08
[14:20:11] [STATE-SAVED] symbols=2 inflight=False path=D:\02Project\QMT-export\Stragety\MiniQMT_Stragety\DayT\state\v49_8890145315.json
[14:20:30] [601869.SH] [HB] IDLE Y437.96 REV-T: needs +Y19.31 to Y457.27 | FWD-T: off (insufficient cash for 1 lot)
[14:20:42] [STATE-SAVED] symbols=2 inflight=False path=D:\02Project\QMT-export\Stragety\MiniQMT_Stragety\DayT\state\v49_8890145315.json
[14:21:06] [600584.SH] [HB] IDLE Y68.33 REV-T: needs +Y1.09 to Y69.42 | FWD-T: needs -Y1.25 to Y67.08
[14:21:12] [STATE-BLOCKED] [WinError 5] 拒绝访问。: 'D:\\02Project\\QMT-export\\Stragety\\MiniQMT_Stragety\\DayT\\state\\v49_8890145315.json.guvdxi7g.tmp' -> 'D:\\02Project\\QMT-export\\Stragety\\MiniQMT_Stragety\\DayT\\state\\v49_8890145315.json'; automatic trading stopped; checkpoint retained
[14:21:12] [600584.SH] [STOP] 长电科技 v50 cum 1 days gross~Y112
[14:21:12] [601869.SH] [STOP] 长飞光纤 v50 cum 0 days gross~Y0

============================================================
  日志结束: 2026-09-10 14:21:13
============================================================
