============================================================
  日志文件创建: 2026-09-17 08:43:35
  策略版本: v56 (for MiniQMT Evn)
  标的: portfolio
============================================================
[08:43:37] [REFERENCE-MODE] shadow: coefficient scaling affects execution baseline; shadow intraday strength is observation only; active requires user-approved validation
[08:43:37] [连接] MiniQMT 行情服务已连接
[08:43:38] [账号状态] 8890697593 STOCK: 正常
[08:43:38] [交易] 已订阅账号 8890697593
[08:43:38] [RUNTIME] watchdog=15.0s read-RPC-timeout=5.0s instrumented-clients=2; native/router calls may have separate timeouts
[08:43:38] [PORTFOLIO-START] all account holdings; mode=LIVE
[08:43:38] [PORTFOLIO-ADD] 562590.SH shares=5100 lot=100
[08:43:38] [PORTFOLIO-ADD] 601869.SH shares=200 lot=100
[08:43:39] [DATA-STALE] attempt 1/3: adjusted/raw date indexes differ
[08:43:40] [DATA-STALE] attempt 2/3: adjusted/raw date indexes differ
[08:43:41] [DATA-STALE] attempt 3/3: adjusted/raw date indexes differ
[08:43:42] [562590.SH] [LANE 0] [TRADE-LOCK] daily data unavailable or stale; all trading disabled
[08:43:42] [DATA-STALE] attempt 1/3: adjusted/raw date indexes differ
[08:43:43] [DATA-STALE] attempt 2/3: adjusted/raw date indexes differ
[08:43:44] [DATA-STALE] attempt 3/3: adjusted/raw date indexes differ
[08:43:45] [601869.SH] [LANE 0] [TRADE-LOCK] daily data unavailable or stale; all trading disabled
[08:43:45] [DATA-STALE] attempt 1/3: adjusted/raw date indexes differ
[08:43:46] [DATA-STALE] attempt 2/3: adjusted/raw date indexes differ
[08:43:47] [DATA-STALE] attempt 3/3: adjusted/raw date indexes differ
[08:43:48] [601869.SH] [LANE 1] [TRADE-LOCK] daily data unavailable or stale; all trading disabled
[08:43:48] [DATA-STALE] attempt 1/3: adjusted/raw date indexes differ
[08:43:49] [DATA-STALE] attempt 2/3: adjusted/raw date indexes differ
[08:43:50] [DATA-STALE] attempt 3/3: adjusted/raw date indexes differ
[08:43:51] [562590.SH] [LANE 1] [TRADE-LOCK] daily data unavailable or stale; all trading disabled
[08:43:51] [562590.SH] [LANE 0] [START] v56 LIVE
[08:43:51] [DATA-STALE] attempt 1/3: adjusted/raw date indexes differ
[08:43:52] [DATA-STALE] attempt 2/3: adjusted/raw date indexes differ
[08:43:53] [DATA-STALE] attempt 3/3: adjusted/raw date indexes differ
[08:43:54] [562590.SH] [LANE 0] [TRADE-LOCK] daily data unavailable or stale; all trading disabled
[08:43:54] [562590.SH] [CONNECTION] market/trade probes OK
[08:43:54] [562590.SH] [QUOTE-HEALTH] NOT_APPLICABLE connection=OK quote_time=UNKNOWN age=UNKNOWN last_rpc_success=2026-09-17 08:43:54 last_confirmed_fresh=UNKNOWN reason=non-trading session action=LOG_ONLY
[08:43:54] [562590.SH] [STRENGTH SHADOW] NON_TRADING minutes=0; original reference, observation reset
[08:43:54] [562590.SH] [WAIT 08:43:54] to open 46分6秒
[08:43:54] [STATE-BLOCKED] STATE-BLOCKED: 562590.SH record-date=20260917 expected=20260917 initialized=False; cannot checkpoint incomplete rollover; automatic trading stopped; checkpoint retained
[08:43:54] [562590.SH] [LANE 0] [STOP] 半导体设备ETF华夏 v56 cum 0 days gross~Y0

============================================================
  日志结束: 2026-09-17 08:43:54
============================================================
