============================================================
  日志文件创建: 2026-09-07 11:26:49
  策略版本: v42 (for MiniQMT Evn)
  标的: 601869
============================================================
[11:26:51] [连接] MiniQMT 行情服务已连接
[11:26:51] [账号状态] 8890145315 STOCK: 正常
[11:26:52] [交易] 已订阅账号 8890145315
[11:26:52] [START] 长飞光纤 v42 LIVE 601869.SH
[11:26:53] [DailyData] excluded incomplete current-day bar 20260907
[11:26:55] [DATA-HEALTH] last_complete=20260904 expected=20260904 raw_close=378.80 tick_lastClose=378.80 count=79 aligned=True status=OK
[11:26:56] [DATA-DBG] last_complete=20260904 hist_open[-3:]=[392.59, 412.0, 399.66] | tick_open=390.0 | lastClose=378.8 | signal_open=390.0 (TICK_OPEN)
[11:26:56] [VOLUME-DATA] complete_count=79 tail=[125787.0, 118768.0, 100158.0]
[11:26:56] [SIGNAL] ADAPTIVE-BULL | SignalBase Y390.00 (source: today open tick) | ATR 7.5% | RSI 51 | Vol_ratio 0.71 | Mult 0.42 | Trig Y401.50 [REV-T blocked:adaptive linear bull style]
[11:26:56] [ADAPTIVE-LINEAR] score +0.2917 | bear<=-0.1176 | bull>=+0.1176 | samples 24 | span 5d | horizon 1d | mean 0.647 | attainable 0.416 | trigger ATR-units 0.416
[11:26:56] [VOLUME] last 100158 | prev10_avg 150399 (last/10d 0.67x) | prev20_avg 141785 (last/20d 0.71x) | n10=10 n20=20 | VALID
[11:26:56] [FACTOR] trend -0.20 |  momentum -0.02 |  drawdown +0.11 |  volatility +0.15 |  volume +0.05 | 
[11:26:56] [ACCOUNT] Position:200 sh Y78,510(99%) | Cash:Y455 | Sellable:2 lots(200 sh)
[11:26:56] [REV-T] BLOCKED adaptive linear bull style | plan sell Y401.50 = open Y390.00*(1+ATR 7.52%*linear_units 0.416) | buyback Y396.97 = Y401.50*(1-7.52%*0.15)
[11:26:56] [FWD-T] BLOCKED insufficient cash for 1 lot | plan buy Y384.95 = max(floor Y378.30, trail Y384.95) | plan sell Y389.57 = Y384.95*(1+1.2%) | plan 1 lot~Y38,495
[11:26:56] [MOM] 2minutes±3.6×ATR in 10 minutes(1.0%~6.0%) 反T买回-1.5% 正T卖回+1.8% MOM_LOT_SIZE(100sh) 上限3次 紧急买回关
[11:26:56] [MOM-CAPACITY] short ON | long OFF insufficient cash for 1 lot
[11:26:56] [MOM-v40] REV让权开 band 1.20% (仅低于REV阈值) | 自适应回撤开 0.20~0.60% ATR×0.30
[11:26:56] [MA-POS] price Y392.55 | MA5 Y394.53: BELOW -0.50% | MA20 Y380.06: ABOVE +3.29%
[11:26:56] [OPEN] [Y392.55] [REV-T needs +2.28% to Y401.50] [FWD-T needs -1.94% to Y384.95]
[11:26:56] [STANDBY] Y392.55 no trade direction
[11:27:04] Interrupted by user
[11:27:05] [STOP] 长飞光纤 v42 cum 0 days gross~Y0

============================================================
  日志结束: 2026-09-07 11:27:05
============================================================
