============================================================
  日志文件创建: 2026-09-16 15:17:50
  策略版本: v56 (for MiniQMT Evn)
  标的: portfolio
============================================================
[15:17:51] [REFERENCE-MODE] shadow: coefficient scaling affects execution baseline; shadow intraday strength is observation only; active requires user-approved validation
[15:17:51] [连接] MiniQMT 行情服务已连接
[15:17:52] [账号状态] 8890145315 STOCK: 正常
[15:17:52] [交易] 已订阅账号 8890145315
[15:17:52] [RUNTIME] watchdog=15.0s read-RPC-timeout=5.0s instrumented-clients=2; native/router calls may have separate timeouts
[15:17:52] [PORTFOLIO-START] all account holdings; mode=LIVE
[15:17:53] [PORTFOLIO-ADD] 600584.SH shares=500 lot=100
[15:17:53] [PORTFOLIO-ADD] 601869.SH shares=100 lot=100
[15:17:54] [DailyData] retained post-close current-day bar 20260916 (after 15:10:00)
[15:17:54] [DATA-HEALTH] last_complete=20260916 expected=20260916 raw_close=69.55 tick_lastClose=66.86 count=80 aligned=True status=OK
[15:17:55] [600584.SH] [LANE 0] [DATA-DBG] last_complete=20260916 hist_open[-3:]=[66.80, 65.79, 66.91] | tick_open=66.91 | lastClose=66.86 | signal_open=69.55 (AFTER-HOURS latest_complete_close)
[15:17:55] [600584.SH] [LANE 0] [AFTER-HOURS] signal open uses latest complete close Y69.55
[15:17:55] [600584.SH] [LANE 0] [VOLUME-DATA] complete_count=80 tail=[458552.0, 525796.0, 825628.0]
[15:17:55] [600584.SH] [LANE 0] [TREND-GUARD BLOCK] 3-session return +2.67%
[15:17:56] [DailyData] retained post-close current-day bar 20260916 (after 15:10:00)
[15:17:58] [DATA-HEALTH] last_complete=20260916 expected=20260916 raw_close=461.00 tick_lastClose=462.00 count=80 aligned=True status=OK
[15:17:58] [601869.SH] [LANE 0] [DATA-DBG] last_complete=20260916 hist_open[-3:]=[450.00, 446.34, 453.03] | tick_open=453.03 | lastClose=462.00 | signal_open=461.00 (AFTER-HOURS latest_complete_close)
[15:17:58] [601869.SH] [LANE 0] [AFTER-HOURS] signal open uses latest complete close Y461.00
[15:17:58] [601869.SH] [LANE 0] [VOLUME-DATA] complete_count=80 tail=[152814.0, 118593.0, 129473.0]
[15:17:58] [601869.SH] [LANE 0] [TREND-GUARD PASS] 3-session return -2.74%
[15:18:00] [DailyData] retained post-close current-day bar 20260916 (after 15:10:00)
[15:18:02] [DATA-HEALTH] last_complete=20260916 expected=20260916 raw_close=69.55 tick_lastClose=66.86 count=80 aligned=True status=OK
[15:18:02] [600584.SH] [LANE 1] [DATA-DBG] last_complete=20260916 hist_open[-3:]=[66.80, 65.79, 66.91] | tick_open=66.91 | lastClose=66.86 | signal_open=69.55 (AFTER-HOURS latest_complete_close)
[15:18:02] [600584.SH] [LANE 1] [AFTER-HOURS] signal open uses latest complete close Y69.55
[15:18:02] [600584.SH] [LANE 1] [VOLUME-DATA] complete_count=80 tail=[458552.0, 525796.0, 825628.0]
[15:18:02] [600584.SH] [LANE 1] [TREND-GUARD BLOCK] 3-session return +2.67%
[15:18:03] [DailyData] retained post-close current-day bar 20260916 (after 15:10:00)
[15:18:05] [DATA-HEALTH] last_complete=20260916 expected=20260916 raw_close=461.00 tick_lastClose=462.00 count=80 aligned=True status=OK
[15:18:05] [601869.SH] [LANE 1] [DATA-DBG] last_complete=20260916 hist_open[-3:]=[450.00, 446.34, 453.03] | tick_open=453.03 | lastClose=462.00 | signal_open=461.00 (AFTER-HOURS latest_complete_close)
[15:18:05] [601869.SH] [LANE 1] [AFTER-HOURS] signal open uses latest complete close Y461.00
[15:18:05] [601869.SH] [LANE 1] [VOLUME-DATA] complete_count=80 tail=[152814.0, 118593.0, 129473.0]
[15:18:05] [601869.SH] [LANE 1] [TREND-GUARD PASS] 3-session return -2.74%
[15:18:05] [600584.SH] [LANE 0] [START] v56 LIVE
[15:18:05] [600584.SH] [LANE 0] [TREND-GUARD BLOCK] 3-session return +2.67%
[15:18:05] [600584.SH] [LANE 0] [NON-TRADING PREVIEW] indicative plans only; no orders outside trading hours; next trading day recalculates from its opening price
[15:18:06] [600584.SH] [LANE 0] [T-SIZE PLAN] at base Y69.55: REV 0 sh / FWD 0 sh; rechecked at order submission
[15:18:06] [600584.SH] [LANE 0] [SIGNAL] ADAPTIVE-SIDEWAYS | SignalBase Y69.55 (source: latest complete close; after-hours) | ATR 4.2% | RSI 31 | Vol_ratio 1.02 | Mult 0.32 | base-trigger Y70.48 [REV-T blocked:REV-T blocked by 3-session return +2.67%]
[15:18:06] [600584.SH] [LANE 0] [REFERENCE] base-trigger Y70.48 | execution Y70.48 | shadow-candidate NON_TRADING
[15:18:06] [600584.SH] [LANE 0] [QUANTILE-TREND] score +0.491 | rank 0.732 | trigger-Q 0.674 | samples 71 | span 8d | ATR-units 0.316
[15:18:06] [600584.SH] [LANE 0] [QUANTILE-FORMULA] units=Quantile(next-day open-to-high, tail 0.125 + trend-rank 0.732*(1-2*tail)) = Q0.674 -> raw 0.5271 * scale 0.60 = 0.3163
[15:18:06] [600584.SH] [LANE 0] [VOLUME] last 825628 | prev10_avg 651991 (last/10d 1.27x) | prev20_avg 807678 (last/20d 1.02x) | n10=10 n20=20 | VALID
[15:18:06] [600584.SH] [LANE 0] [FACTOR] trend_score +0.49 |  trend_rank +0.73 |  trigger_q +0.67 | 
[15:18:06] [600584.SH] [LANE 0] [ACCOUNT] Position:500 sh Y34,775(28%) | Cash:Y41,401 | Sellable:0 lots(0 sh)
[15:18:07] [600584.SH] [LANE 0] [REV-T] BLOCKED REV-T blocked by 3-session return +2.67% | base-trigger Y70.48 = open Y69.55*(1+ATR 4.23%*(raw 0.527114*scale 0.600)) | base-trigger Y70.48 | execution Y70.48 | shadow-candidate NON_TRADING | buyback Y70.03 = Y70.48*(1-4.23%*0.15)
[15:18:07] [600584.SH] [LANE 0] [FWD-T] BLOCKED T+1: sellable base shares 0 sh < 100 sh | plan buy Y68.16 = max(floor Y67.46, trail Y68.16) | plan sell Y68.98 = Y68.16*(1+1.2%) | planned value~Y0
[15:18:07] [600584.SH] [LANE 0] [MOM] 已屏蔽 (MOM_ENABLED=False)
[15:18:07] [600584.SH] [LANE 0] [CONNECTION] market/trade probes OK
[15:18:07] [600584.SH] [LANE 0] [QUOTE-HEALTH] NOT_APPLICABLE connection=OK quote_time=UNKNOWN age=UNKNOWN last_rpc_success=2026-09-16 15:18:07 last_confirmed_fresh=UNKNOWN reason=non-trading session action=LOG_ONLY
[15:18:08] [600584.SH] [LANE 0] [STRENGTH SHADOW] NON_TRADING minutes=0; original reference, observation reset
[15:18:08] [600584.SH] [LANE 0] [CLOSE 15:18:07]
[15:18:19] [STATE-SAVED] symbols=2 inflight=False path=D:\02Project\QMT-export\Stragety\MiniQMT_Stragety\DayT\state\v56_8890145315.json
[15:18:19] [600584.SH] [LANE 1] [START] v56 LIVE
[15:18:19] [600584.SH] [LANE 1] [TREND-GUARD BLOCK] 3-session return +2.67%
[15:18:19] [600584.SH] [LANE 1] [NON-TRADING PREVIEW] indicative plans only; no orders outside trading hours; next trading day recalculates from its opening price
[15:18:19] [600584.SH] [LANE 1] [T-SIZE PLAN] at base Y69.55: REV 0 sh / FWD 0 sh; rechecked at order submission
[15:18:19] [600584.SH] [LANE 1] [SIGNAL] ADAPTIVE-SIDEWAYS | SignalBase Y69.55 (source: latest complete close; after-hours) | ATR 4.2% | RSI 31 | Vol_ratio 1.02 | Mult 0.32 | base-trigger Y70.48 [REV-T blocked:REV-T blocked by 3-session return +2.67%]
[15:18:19] [600584.SH] [LANE 1] [REFERENCE] base-trigger Y70.48 | execution Y70.48 | shadow-candidate NON_TRADING
[15:18:19] [600584.SH] [LANE 1] [QUANTILE-TREND] score +0.491 | rank 0.732 | trigger-Q 0.674 | samples 71 | span 8d | ATR-units 0.316
[15:18:19] [600584.SH] [LANE 1] [QUANTILE-FORMULA] units=Quantile(next-day open-to-high, tail 0.125 + trend-rank 0.732*(1-2*tail)) = Q0.674 -> raw 0.5271 * scale 0.60 = 0.3163
[15:18:19] [600584.SH] [LANE 1] [VOLUME] last 825628 | prev10_avg 651991 (last/10d 1.27x) | prev20_avg 807678 (last/20d 1.02x) | n10=10 n20=20 | VALID
[15:18:19] [600584.SH] [LANE 1] [FACTOR] trend_score +0.49 |  trend_rank +0.73 |  trigger_q +0.67 | 
[15:18:19] [600584.SH] [LANE 1] [ACCOUNT] Position:500 sh Y34,775(28%) | Cash:Y41,401 | Sellable:0 lots(0 sh)
[15:18:20] [600584.SH] [LANE 1] [REV-T] BLOCKED REV-T blocked by 3-session return +2.67% | base-trigger Y70.48 = open Y69.55*(1+ATR 4.23%*(raw 0.527114*scale 0.600)) | base-trigger Y70.48 | execution Y70.48 | shadow-candidate NON_TRADING | buyback Y70.03 = Y70.48*(1-4.23%*0.15)
[15:18:20] [600584.SH] [LANE 1] [FWD-T] BLOCKED T+1: sellable base shares 0 sh < 100 sh | plan buy Y68.16 = max(floor Y67.46, trail Y68.16) | plan sell Y68.98 = Y68.16*(1+1.2%) | planned value~Y0
[15:18:20] [600584.SH] [LANE 1] [MOM] 已屏蔽 (MOM_ENABLED=False)
[15:18:20] [600584.SH] [LANE 1] [CONNECTION] market/trade probes OK
[15:18:20] [600584.SH] [LANE 1] [QUOTE-HEALTH] NOT_APPLICABLE connection=OK quote_time=UNKNOWN age=UNKNOWN last_rpc_success=2026-09-16 15:18:20 last_confirmed_fresh=UNKNOWN reason=non-trading session action=LOG_ONLY
[15:18:21] [600584.SH] [LANE 1] [STRENGTH SHADOW] NON_TRADING minutes=0; original reference, observation reset
[15:18:21] [600584.SH] [LANE 1] [CLOSE 15:18:20]
[15:18:21] [601869.SH] [LANE 0] [START] v56 LIVE
[15:18:21] [601869.SH] [LANE 0] [TREND-GUARD PASS] 3-session return -2.74%
[15:18:21] [601869.SH] [LANE 0] [NON-TRADING PREVIEW] indicative plans only; no orders outside trading hours; next trading day recalculates from its opening price
[15:18:21] [601869.SH] [LANE 0] [T-SIZE PLAN] at base Y461.00: REV 100 sh / FWD 0 sh; rechecked at order submission
[15:18:21] [601869.SH] [LANE 0] [SIGNAL] ADAPTIVE-SIDEWAYS | SignalBase Y461.00 (source: latest complete close; after-hours) | ATR 6.4% | RSI 59 | Vol_ratio 0.89 | Mult 0.32 | base-trigger Y470.52 
[15:18:21] [601869.SH] [LANE 0] [REFERENCE] base-trigger Y470.52 | execution Y470.52 | shadow-candidate NON_TRADING
[15:18:21] [601869.SH] [LANE 0] [QUANTILE-TREND] score +0.581 | rank 0.634 | trigger-Q 0.600 | samples 71 | span 8d | ATR-units 0.325
[15:18:21] [601869.SH] [LANE 0] [QUANTILE-FORMULA] units=Quantile(next-day open-to-high, tail 0.125 + trend-rank 0.634*(1-2*tail)) = Q0.600 -> raw 0.5415 * scale 0.60 = 0.3249
[15:18:21] [601869.SH] [LANE 0] [VOLUME] last 129473 | prev10_avg 139674 (last/10d 0.93x) | prev20_avg 145410 (last/20d 0.89x) | n10=10 n20=20 | VALID
[15:18:21] [601869.SH] [LANE 0] [FACTOR] trend_score +0.58 |  trend_rank +0.63 |  trigger_q +0.60 | 
[15:18:21] [601869.SH] [LANE 0] [ACCOUNT] Position:100 sh Y46,100(38%) | Cash:Y41,401 | Sellable:1 lots(100 sh)
[15:18:22] [601869.SH] [LANE 0] [REV-T] NON-TRADING PREVIEW plan 100 sh / remaining 5 entries | base-trigger Y470.52 = open Y461.00*(1+ATR 6.36%*(raw 0.541465*scale 0.600)) | base-trigger Y470.52 | execution Y470.52 | shadow-candidate NON_TRADING | buyback Y466.03 = Y470.52*(1-6.36%*0.15)
[15:18:22] [601869.SH] [LANE 0] [FWD-T] BLOCKED insufficient cash for 1 lot | plan buy Y451.78 = max(floor Y447.17, trail Y451.78) | plan sell Y457.20 = Y451.78*(1+1.2%) | planned value~Y0
[15:18:22] [601869.SH] [LANE 0] [MOM] 已屏蔽 (MOM_ENABLED=False)
[15:18:22] [601869.SH] [LANE 0] [CONNECTION] market/trade probes OK
[15:18:22] [601869.SH] [LANE 0] [QUOTE-HEALTH] NOT_APPLICABLE connection=OK quote_time=UNKNOWN age=UNKNOWN last_rpc_success=2026-09-16 15:18:22 last_confirmed_fresh=UNKNOWN reason=non-trading session action=LOG_ONLY
[15:18:22] [601869.SH] [LANE 0] [STRENGTH SHADOW] NON_TRADING minutes=0; original reference, observation reset
[15:18:22] [601869.SH] [LANE 0] [CLOSE 15:18:22]
[15:18:22] [601869.SH] [LANE 1] [START] v56 LIVE
[15:18:23] [601869.SH] [LANE 1] [TREND-GUARD PASS] 3-session return -2.74%
[15:18:23] [601869.SH] [LANE 1] [NON-TRADING PREVIEW] indicative plans only; no orders outside trading hours; next trading day recalculates from its opening price
[15:18:23] [601869.SH] [LANE 1] [T-SIZE PLAN] at base Y461.00: REV 100 sh / FWD 0 sh; rechecked at order submission
[15:18:23] [601869.SH] [LANE 1] [SIGNAL] ADAPTIVE-SIDEWAYS | SignalBase Y461.00 (source: latest complete close; after-hours) | ATR 6.4% | RSI 59 | Vol_ratio 0.89 | Mult 0.32 | base-trigger Y470.52 
[15:18:23] [601869.SH] [LANE 1] [REFERENCE] base-trigger Y470.52 | execution Y470.52 | shadow-candidate NON_TRADING
[15:18:23] [601869.SH] [LANE 1] [QUANTILE-TREND] score +0.581 | rank 0.634 | trigger-Q 0.600 | samples 71 | span 8d | ATR-units 0.325
[15:18:23] [601869.SH] [LANE 1] [QUANTILE-FORMULA] units=Quantile(next-day open-to-high, tail 0.125 + trend-rank 0.634*(1-2*tail)) = Q0.600 -> raw 0.5415 * scale 0.60 = 0.3249
[15:18:23] [601869.SH] [LANE 1] [VOLUME] last 129473 | prev10_avg 139674 (last/10d 0.93x) | prev20_avg 145410 (last/20d 0.89x) | n10=10 n20=20 | VALID
[15:18:23] [601869.SH] [LANE 1] [FACTOR] trend_score +0.58 |  trend_rank +0.63 |  trigger_q +0.60 | 
[15:18:23] [601869.SH] [LANE 1] [ACCOUNT] Position:100 sh Y46,100(38%) | Cash:Y41,401 | Sellable:1 lots(100 sh)
[15:18:24] [601869.SH] [LANE 1] [REV-T] NON-TRADING PREVIEW plan 100 sh / remaining 5 entries | base-trigger Y470.52 = open Y461.00*(1+ATR 6.36%*(raw 0.541465*scale 0.600)) | base-trigger Y470.52 | execution Y470.52 | shadow-candidate NON_TRADING | buyback Y466.03 = Y470.52*(1-6.36%*0.15)
[15:18:24] [601869.SH] [LANE 1] [FWD-T] BLOCKED insufficient cash for 1 lot | plan buy Y451.78 = max(floor Y447.17, trail Y451.78) | plan sell Y457.20 = Y451.78*(1+1.2%) | planned value~Y0
[15:18:24] [601869.SH] [LANE 1] [MOM] 已屏蔽 (MOM_ENABLED=False)
[15:18:24] [601869.SH] [LANE 1] [CONNECTION] market/trade probes OK
[15:18:24] [601869.SH] [LANE 1] [QUOTE-HEALTH] NOT_APPLICABLE connection=OK quote_time=UNKNOWN age=UNKNOWN last_rpc_success=2026-09-16 15:18:24 last_confirmed_fresh=UNKNOWN reason=non-trading session action=LOG_ONLY
[15:18:24] [601869.SH] [LANE 1] [STRENGTH SHADOW] NON_TRADING minutes=0; original reference, observation reset
[15:18:24] [601869.SH] [LANE 1] [CLOSE 15:18:24]
[15:23:13] [600584.SH] [LANE 0] [QUOTE-HEALTH] NOT_APPLICABLE connection=OK quote_time=UNKNOWN age=UNKNOWN last_rpc_success=2026-09-16 15:23:13 last_confirmed_fresh=UNKNOWN reason=non-trading session action=LOG_ONLY
[15:23:13] [600584.SH] [LANE 0] [CLOSE 15:23:13]
[15:23:14] [STATE-SAVED] symbols=2 inflight=False path=D:\02Project\QMT-export\Stragety\MiniQMT_Stragety\DayT\state\v56_8890145315.json
[15:23:25] [600584.SH] [LANE 1] [QUOTE-HEALTH] NOT_APPLICABLE connection=OK quote_time=UNKNOWN age=UNKNOWN last_rpc_success=2026-09-16 15:23:24 last_confirmed_fresh=UNKNOWN reason=non-trading session action=LOG_ONLY
[15:23:25] [600584.SH] [LANE 1] [CLOSE 15:23:24]
[15:23:26] [601869.SH] [LANE 0] [QUOTE-HEALTH] NOT_APPLICABLE connection=OK quote_time=UNKNOWN age=UNKNOWN last_rpc_success=2026-09-16 15:23:26 last_confirmed_fresh=UNKNOWN reason=non-trading session action=LOG_ONLY
[15:23:27] [601869.SH] [LANE 0] [CLOSE 15:23:26]
[15:23:27] [601869.SH] [LANE 1] [QUOTE-HEALTH] NOT_APPLICABLE connection=OK quote_time=UNKNOWN age=UNKNOWN last_rpc_success=2026-09-16 15:23:27 last_confirmed_fresh=UNKNOWN reason=non-trading session action=LOG_ONLY
[15:23:28] [601869.SH] [LANE 1] [CLOSE 15:23:27]
[15:28:15] [600584.SH] [LANE 0] [QUOTE-HEALTH] NOT_APPLICABLE connection=OK quote_time=UNKNOWN age=UNKNOWN last_rpc_success=2026-09-16 15:28:15 last_confirmed_fresh=UNKNOWN reason=non-trading session action=LOG_ONLY
[15:28:15] [600584.SH] [LANE 0] [CLOSE 15:28:15]
[15:28:16] [STATE-SAVED] symbols=2 inflight=False path=D:\02Project\QMT-export\Stragety\MiniQMT_Stragety\DayT\state\v56_8890145315.json
[15:28:30] [600584.SH] [LANE 1] [QUOTE-HEALTH] NOT_APPLICABLE connection=OK quote_time=UNKNOWN age=UNKNOWN last_rpc_success=2026-09-16 15:28:29 last_confirmed_fresh=UNKNOWN reason=non-trading session action=LOG_ONLY
[15:28:31] [600584.SH] [LANE 1] [CLOSE 15:28:29]
[15:28:32] [601869.SH] [LANE 0] [QUOTE-HEALTH] NOT_APPLICABLE connection=OK quote_time=UNKNOWN age=UNKNOWN last_rpc_success=2026-09-16 15:28:31 last_confirmed_fresh=UNKNOWN reason=non-trading session action=LOG_ONLY
[15:28:32] [601869.SH] [LANE 0] [CLOSE 15:28:31]
[15:28:32] [601869.SH] [LANE 1] [QUOTE-HEALTH] NOT_APPLICABLE connection=OK quote_time=UNKNOWN age=UNKNOWN last_rpc_success=2026-09-16 15:28:32 last_confirmed_fresh=UNKNOWN reason=non-trading session action=LOG_ONLY
[15:28:33] [601869.SH] [LANE 1] [CLOSE 15:28:32]
[15:33:18] [600584.SH] [LANE 0] [QUOTE-HEALTH] NOT_APPLICABLE connection=OK quote_time=UNKNOWN age=UNKNOWN last_rpc_success=2026-09-16 15:33:18 last_confirmed_fresh=UNKNOWN reason=non-trading session action=LOG_ONLY
[15:33:19] [600584.SH] [LANE 0] [CLOSE 15:33:18]
[15:33:19] [STATE-SAVED] symbols=2 inflight=False path=D:\02Project\QMT-export\Stragety\MiniQMT_Stragety\DayT\state\v56_8890145315.json
[15:33:35] [600584.SH] [LANE 1] [QUOTE-HEALTH] NOT_APPLICABLE connection=OK quote_time=UNKNOWN age=UNKNOWN last_rpc_success=2026-09-16 15:33:35 last_confirmed_fresh=UNKNOWN reason=non-trading session action=LOG_ONLY
[15:33:36] [600584.SH] [LANE 1] [CLOSE 15:33:35]
[15:33:36] [601869.SH] [LANE 0] [QUOTE-HEALTH] NOT_APPLICABLE connection=OK quote_time=UNKNOWN age=UNKNOWN last_rpc_success=2026-09-16 15:33:36 last_confirmed_fresh=UNKNOWN reason=non-trading session action=LOG_ONLY
[15:33:38] [601869.SH] [LANE 0] [CLOSE 15:33:36]
[15:33:39] [601869.SH] [LANE 1] [QUOTE-HEALTH] NOT_APPLICABLE connection=OK quote_time=UNKNOWN age=UNKNOWN last_rpc_success=2026-09-16 15:33:38 last_confirmed_fresh=UNKNOWN reason=non-trading session action=LOG_ONLY
[15:33:39] [601869.SH] [LANE 1] [CLOSE 15:33:38]
[15:38:25] [STATE-SAVED] symbols=2 inflight=False path=D:\02Project\QMT-export\Stragety\MiniQMT_Stragety\DayT\state\v56_8890145315.json
[15:38:26] [600584.SH] [LANE 0] [QUOTE-HEALTH] NOT_APPLICABLE connection=OK quote_time=UNKNOWN age=UNKNOWN last_rpc_success=2026-09-16 15:38:25 last_confirmed_fresh=UNKNOWN reason=non-trading session action=LOG_ONLY
[15:38:26] [600584.SH] [LANE 0] [CLOSE 15:38:25]
[15:38:39] [600584.SH] [LANE 1] [QUOTE-HEALTH] NOT_APPLICABLE connection=OK quote_time=UNKNOWN age=UNKNOWN last_rpc_success=2026-09-16 15:38:38 last_confirmed_fresh=UNKNOWN reason=non-trading session action=LOG_ONLY
[15:38:39] [600584.SH] [LANE 1] [CLOSE 15:38:38]
[15:38:46] [601869.SH] [LANE 0] [QUOTE-HEALTH] NOT_APPLICABLE connection=OK quote_time=UNKNOWN age=UNKNOWN last_rpc_success=2026-09-16 15:38:46 last_confirmed_fresh=UNKNOWN reason=non-trading session action=LOG_ONLY
[15:38:47] [601869.SH] [LANE 0] [CLOSE 15:38:46]
[15:38:47] [601869.SH] [LANE 1] [QUOTE-HEALTH] NOT_APPLICABLE connection=OK quote_time=UNKNOWN age=UNKNOWN last_rpc_success=2026-09-16 15:38:47 last_confirmed_fresh=UNKNOWN reason=non-trading session action=LOG_ONLY
[15:38:48] [601869.SH] [LANE 1] [CLOSE 15:38:47]
[15:43:30] [600584.SH] [LANE 0] [QUOTE-HEALTH] NOT_APPLICABLE connection=OK quote_time=UNKNOWN age=UNKNOWN last_rpc_success=2026-09-16 15:43:29 last_confirmed_fresh=UNKNOWN reason=non-trading session action=LOG_ONLY
[15:43:30] [600584.SH] [LANE 0] [CLOSE 15:43:29]
[15:43:30] [STATE-SAVED] symbols=2 inflight=False path=D:\02Project\QMT-export\Stragety\MiniQMT_Stragety\DayT\state\v56_8890145315.json
[15:43:41] [600584.SH] [LANE 1] [QUOTE-HEALTH] NOT_APPLICABLE connection=OK quote_time=UNKNOWN age=UNKNOWN last_rpc_success=2026-09-16 15:43:40 last_confirmed_fresh=UNKNOWN reason=non-trading session action=LOG_ONLY
[15:43:41] [600584.SH] [LANE 1] [CLOSE 15:43:40]
[15:43:51] [601869.SH] [LANE 0] [QUOTE-HEALTH] NOT_APPLICABLE connection=OK quote_time=UNKNOWN age=UNKNOWN last_rpc_success=2026-09-16 15:43:51 last_confirmed_fresh=UNKNOWN reason=non-trading session action=LOG_ONLY
[15:43:52] [601869.SH] [LANE 0] [CLOSE 15:43:51]
[15:43:52] [601869.SH] [LANE 1] [QUOTE-HEALTH] NOT_APPLICABLE connection=OK quote_time=UNKNOWN age=UNKNOWN last_rpc_success=2026-09-16 15:43:52 last_confirmed_fresh=UNKNOWN reason=non-trading session action=LOG_ONLY
[15:43:52] [601869.SH] [LANE 1] [CLOSE 15:43:52]
[15:48:30] [600584.SH] [LANE 0] [QUOTE-HEALTH] NOT_APPLICABLE connection=OK quote_time=UNKNOWN age=UNKNOWN last_rpc_success=2026-09-16 15:48:30 last_confirmed_fresh=UNKNOWN reason=non-trading session action=LOG_ONLY
[15:48:31] [600584.SH] [LANE 0] [CLOSE 15:48:30]
[15:48:31] [STATE-SAVED] symbols=2 inflight=False path=D:\02Project\QMT-export\Stragety\MiniQMT_Stragety\DayT\state\v56_8890145315.json
[15:48:43] [600584.SH] [LANE 1] [QUOTE-HEALTH] NOT_APPLICABLE connection=OK quote_time=UNKNOWN age=UNKNOWN last_rpc_success=2026-09-16 15:48:43 last_confirmed_fresh=UNKNOWN reason=non-trading session action=LOG_ONLY
[15:48:44] [600584.SH] [LANE 1] [CLOSE 15:48:43]
[15:48:55] [601869.SH] [LANE 0] [QUOTE-HEALTH] NOT_APPLICABLE connection=OK quote_time=UNKNOWN age=UNKNOWN last_rpc_success=2026-09-16 15:48:55 last_confirmed_fresh=UNKNOWN reason=non-trading session action=LOG_ONLY
[15:48:55] [601869.SH] [LANE 0] [CLOSE 15:48:55]
[15:48:56] [601869.SH] [LANE 1] [QUOTE-HEALTH] NOT_APPLICABLE connection=OK quote_time=UNKNOWN age=UNKNOWN last_rpc_success=2026-09-16 15:48:55 last_confirmed_fresh=UNKNOWN reason=non-trading session action=LOG_ONLY
[15:48:56] [601869.SH] [LANE 1] [CLOSE 15:48:55]
[15:53:37] [600584.SH] [LANE 0] [QUOTE-HEALTH] NOT_APPLICABLE connection=OK quote_time=UNKNOWN age=UNKNOWN last_rpc_success=2026-09-16 15:53:36 last_confirmed_fresh=UNKNOWN reason=non-trading session action=LOG_ONLY
[15:53:37] [600584.SH] [LANE 0] [CLOSE 15:53:36]
[15:53:38] [STATE-SAVED] symbols=2 inflight=False path=D:\02Project\QMT-export\Stragety\MiniQMT_Stragety\DayT\state\v56_8890145315.json
[15:53:48] [600584.SH] [LANE 1] [QUOTE-HEALTH] NOT_APPLICABLE connection=OK quote_time=UNKNOWN age=UNKNOWN last_rpc_success=2026-09-16 15:53:48 last_confirmed_fresh=UNKNOWN reason=non-trading session action=LOG_ONLY
[15:53:49] [600584.SH] [LANE 1] [CLOSE 15:53:48]
[15:53:59] [601869.SH] [LANE 0] [QUOTE-HEALTH] NOT_APPLICABLE connection=OK quote_time=UNKNOWN age=UNKNOWN last_rpc_success=2026-09-16 15:53:59 last_confirmed_fresh=UNKNOWN reason=non-trading session action=LOG_ONLY
[15:54:00] [601869.SH] [LANE 0] [CLOSE 15:53:59]
[15:54:00] [601869.SH] [LANE 1] [QUOTE-HEALTH] NOT_APPLICABLE connection=OK quote_time=UNKNOWN age=UNKNOWN last_rpc_success=2026-09-16 15:54:00 last_confirmed_fresh=UNKNOWN reason=non-trading session action=LOG_ONLY
[15:54:01] [601869.SH] [LANE 1] [CLOSE 15:54:00]
[15:58:40] [600584.SH] [LANE 0] [QUOTE-HEALTH] NOT_APPLICABLE connection=OK quote_time=UNKNOWN age=UNKNOWN last_rpc_success=2026-09-16 15:58:40 last_confirmed_fresh=UNKNOWN reason=non-trading session action=LOG_ONLY
[15:58:41] [600584.SH] [LANE 0] [CLOSE 15:58:40]
[15:58:41] [STATE-SAVED] symbols=2 inflight=False path=D:\02Project\QMT-export\Stragety\MiniQMT_Stragety\DayT\state\v56_8890145315.json
[15:58:52] [600584.SH] [LANE 1] [QUOTE-HEALTH] NOT_APPLICABLE connection=OK quote_time=UNKNOWN age=UNKNOWN last_rpc_success=2026-09-16 15:58:51 last_confirmed_fresh=UNKNOWN reason=non-trading session action=LOG_ONLY
[15:58:52] [600584.SH] [LANE 1] [CLOSE 15:58:51]
[15:59:03] [601869.SH] [LANE 0] [QUOTE-HEALTH] NOT_APPLICABLE connection=OK quote_time=UNKNOWN age=UNKNOWN last_rpc_success=2026-09-16 15:59:03 last_confirmed_fresh=UNKNOWN reason=non-trading session action=LOG_ONLY
[15:59:03] [601869.SH] [LANE 0] [CLOSE 15:59:03]
[15:59:04] [601869.SH] [LANE 1] [QUOTE-HEALTH] NOT_APPLICABLE connection=OK quote_time=UNKNOWN age=UNKNOWN last_rpc_success=2026-09-16 15:59:03 last_confirmed_fresh=UNKNOWN reason=non-trading session action=LOG_ONLY
[15:59:04] [601869.SH] [LANE 1] [CLOSE 15:59:03]
[16:03:44] [600584.SH] [LANE 0] [QUOTE-HEALTH] NOT_APPLICABLE connection=OK quote_time=UNKNOWN age=UNKNOWN last_rpc_success=2026-09-16 16:03:44 last_confirmed_fresh=UNKNOWN reason=non-trading session action=LOG_ONLY
[16:03:45] [600584.SH] [LANE 0] [CLOSE 16:03:44]
[16:03:45] [STATE-SAVED] symbols=2 inflight=False path=D:\02Project\QMT-export\Stragety\MiniQMT_Stragety\DayT\state\v56_8890145315.json
[16:03:57] [600584.SH] [LANE 1] [QUOTE-HEALTH] NOT_APPLICABLE connection=OK quote_time=UNKNOWN age=UNKNOWN last_rpc_success=2026-09-16 16:03:57 last_confirmed_fresh=UNKNOWN reason=non-trading session action=LOG_ONLY
[16:03:58] [600584.SH] [LANE 1] [CLOSE 16:03:57]
[16:04:08] [601869.SH] [LANE 0] [QUOTE-HEALTH] NOT_APPLICABLE connection=OK quote_time=UNKNOWN age=UNKNOWN last_rpc_success=2026-09-16 16:04:08 last_confirmed_fresh=UNKNOWN reason=non-trading session action=LOG_ONLY
[16:04:09] [601869.SH] [LANE 0] [CLOSE 16:04:08]
[16:04:09] [601869.SH] [LANE 1] [QUOTE-HEALTH] NOT_APPLICABLE connection=OK quote_time=UNKNOWN age=UNKNOWN last_rpc_success=2026-09-16 16:04:09 last_confirmed_fresh=UNKNOWN reason=non-trading session action=LOG_ONLY
[16:04:09] [601869.SH] [LANE 1] [CLOSE 16:04:09]
[16:07:59] [PORTFOLIO-STOP] interrupted
[16:08:00] [600584.SH] [LANE 0] [STOP] 长电科技 v56 cum 0 days gross~Y0
[16:08:00] [600584.SH] [LANE 1] [STOP] 长电科技 v56 cum 0 days gross~Y0
[16:08:00] [601869.SH] [LANE 0] [STOP] 长飞光纤 v56 cum 0 days gross~Y0
[16:08:00] [601869.SH] [LANE 1] [STOP] 长飞光纤 v56 cum 0 days gross~Y0

============================================================
  日志结束: 2026-09-16 16:08:00
============================================================
