============================================================
  日志文件创建: 2026-09-06 18:51:29
  策略版本: v41 (for MiniQMT Evn)
  标的: 601869
============================================================
[18:51:29] [连接] MiniQMT 行情服务已连接
[18:51:29] [START] 长飞光纤 v41 SIGNAL 601869.SH
[18:51:32] [DailyData WARN] tick lastClose 393.46 is one trading day stale; using verified raw close 378.80
[18:51:32] [DATA-HEALTH] last_complete=20260904 expected=20260904 raw_close=378.80 tick_lastClose=393.46 count=80 aligned=True status=OK
[18:51:32] [DATA-FALLBACK] confirmed one-day stale tick lastClose 393.46 -> verified raw close 378.80
[18:51:35] [DATA-HEALTH] last_complete=20260904 expected=20260904 raw_close=378.80 tick_lastClose=378.80 count=80 aligned=True status=OK
[18:51:35] [DATA-DBG] last_complete=20260904 hist_open[-3:]=[392.59, 412.0, 399.66] | tick_open=399.66 | lastClose=378.8 | signal_open=399.66
[18:51:35] [VOLUME-DATA] complete_count=80 tail=[125787.0, 118768.0, 100158.0]
[18:51:35] [SIGNAL] WEAK-BULL | Open Y399.66 | ATR 7.5% | RSI 51 | Vol_ratio 0.71 | Mult 0.70 | Trig Y412.28 [REV-T blocked:sellable 0 sh < 100 sh]
[18:51:35] [VOLUME] last 100158 | prev10_avg 150399 (last/10d 0.67x) | prev20_avg 141785 (last/20d 0.71x) | n10=10 n20=20 | VALID
[18:51:35] [FACTOR] trend +0.05 |  volatility -0.12 |  volume +0.12 |  RSI +0.00 | 
[18:51:35] [ACCOUNT] Position:0 sh Y0(0%) | Cash:Y0 | Sellable:0 lots(0 sh)
[18:51:35] [REV-T] BLOCKED sellable 0 sh < 100 sh
[18:51:35] [FWD-T] BLOCKED insufficient cash for 1 lot; T+1: sellable base shares 0 sh < 100 sh  1 lot≈Y37,880
[18:51:35] [MOM] 2minutes±3.6×ATR in 10 minutes(1.0%~6.0%) 反T买回-1.5% 正T卖回+1.8% MOM_LOT_SIZE(100sh) 上限3次 紧急买回关
[18:51:35] [MOM-CAPACITY] short OFF sellable 0 sh < 100 sh | long OFF insufficient cash for 1 lot; T+1: sellable base shares 0 sh < 100 sh
[18:51:35] [MOM-v40] REV让权开 band 1.20% (仅低于REV阈值) | 自适应回撤开 0.20~0.60% ATR×0.30
[18:51:35] [CLOSE 18:51:35]
[18:56:35] [CLOSE 18:56:35]
[19:01:35] [CLOSE 19:01:35]
[19:06:35] [CLOSE 19:06:35]
[19:11:35] [CLOSE 19:11:35]
[19:15:30] Interrupted by user
[19:15:30] [STOP] 长飞光纤 v41 cum 0 days gross~Y0

============================================================
  日志结束: 2026-09-06 19:15:30
============================================================
