============================================================
  日志文件创建: 2026-09-09 19:12:59
  策略版本: v49 (for MiniQMT Evn)
  标的: portfolio
============================================================
[19:13:08] [连接] MiniQMT 行情服务已连接
[19:13:31] [账号状态] 8890145315 STOCK: 正常
[19:13:32] [交易] 已订阅账号 8890145315
[19:13:32] [RUNTIME] watchdog=15.0s read-RPC-timeout=5.0s instrumented-clients=2; native/router calls may have separate timeouts
[19:13:32] [PORTFOLIO-START] all account holdings; mode=LIVE
[19:13:33] [600584.SH] [STATE-RESTORED] same-day state=IDLE REV-count=0 FWD-count=0 MOM-count=0
[19:13:33] [601869.SH] [STATE-RESTORED] same-day state=IDLE REV-count=0 FWD-count=0 MOM-count=0
[19:13:33] [600584.SH] [START] v49 LIVE
[19:13:33] [600584.SH] [NON-TRADING PREVIEW] indicative plans only; no orders outside trading hours; next trading day recalculates from its opening price
[19:13:33] [600584.SH] [T-SIZE PLAN] at base Y68.64: REV 200 sh / FWD 100 sh; rechecked at order submission
[19:13:34] [600584.SH] [SIGNAL] ADAPTIVE-SIDEWAYS | SignalBase Y68.64 (source: latest complete close; after-hours) | ATR 4.9% | RSI 26 | Vol_ratio 0.60 | Mult 0.26 | Trig Y69.51 
[19:13:34] [600584.SH] [QUANTILE-TREND] score -0.600 | rank 0.310 | trigger-Q 0.357 | samples 71 | span 8d | ATR-units 0.259
[19:13:34] [600584.SH] [QUANTILE-FORMULA] units=Quantile(next-day open-to-high, tail 0.125 + trend-rank 0.310*(1-2*tail)) = Q0.357 -> 0.259
[19:13:34] [600584.SH] [VOLUME] last 613675 | prev10_avg 762994 (last/10d 0.80x) | prev20_avg 1025718 (last/20d 0.60x) | n10=10 n20=20 | VALID
[19:13:34] [600584.SH] [FACTOR] trend_score -0.60 |  trend_rank +0.31 |  trigger_q +0.36 | 
[19:13:34] [600584.SH] [ACCOUNT] Position:900 sh Y61,776(52%) | Cash:Y13,302 | Sellable:4 lots(400 sh)
[19:13:34] [600584.SH] [REV-T] NON-TRADING PREVIEW plan 200 sh / remaining 5 entries | plan sell Y69.51 = open Y68.64*(1+ATR 4.89%*quantile_units 0.259) | buyback Y69.00 = Y69.51*(1-4.89%*0.15)
[19:13:34] [600584.SH] [FWD-T] NON-TRADING PREVIEW plan 100 sh / remaining 5 entries | plan buy Y67.27 = max(floor Y66.58, trail Y67.27) | plan sell Y68.08 = Y67.27*(1+1.2%) | planned value~Y6,727
[19:13:34] [600584.SH] [MOM] 2minutes±3.6×ATR in 10 minutes(1.0%~6.0%) 反T买回-1.5% 正T卖回+1.8% 最小单位(100sh)，新开仓按金额/底仓动态计算 上限3次 紧急买回关
[19:13:34] [600584.SH] [MOM-CAPACITY] short ON | long ON
[19:13:34] [600584.SH] [MOM-v40] REV让权开 band 1.20% (仅低于REV阈值) | 自适应回撤开 0.20~0.60% ATR×0.30
[19:13:34] [600584.SH] [CONNECTION] market/trade probes OK
[19:13:34] [600584.SH] [CLOSE 19:13:34]
[19:13:35] [STATE-SAVED] symbols=2 inflight=False path=D:\02Project\QMT-export\Stragety\MiniQMT_Stragety\DayT\state\v49_8890145315.json
[19:13:35] [601869.SH] [START] v49 LIVE
[19:13:35] [601869.SH] [NON-TRADING PREVIEW] indicative plans only; no orders outside trading hours; next trading day recalculates from its opening price
[19:13:35] [601869.SH] [T-SIZE PLAN] at base Y442.03: REV 0 sh / FWD 0 sh; rechecked at order submission
[19:13:35] [601869.SH] [SIGNAL] ADAPTIVE-SIDEWAYS | SignalBase Y442.03 (source: latest complete close; after-hours) | ATR 6.5% | RSI 70 | Vol_ratio 1.41 | Mult 0.70 | Trig Y462.25 [REV-T blocked:sellable 0 sh < 100 sh]
[19:13:35] [601869.SH] [QUANTILE-TREND] score +1.203 | rank 0.789 | trigger-Q 0.717 | samples 71 | span 8d | ATR-units 0.700
[19:13:35] [601869.SH] [QUANTILE-FORMULA] units=Quantile(next-day open-to-high, tail 0.125 + trend-rank 0.789*(1-2*tail)) = Q0.717 -> 0.700
[19:13:35] [601869.SH] [VOLUME] last 198414 | prev10_avg 141748 (last/10d 1.40x) | prev20_avg 140775 (last/20d 1.41x) | n10=10 n20=20 | VALID
[19:13:35] [601869.SH] [FACTOR] trend_score +1.20 |  trend_rank +0.79 |  trigger_q +0.72 | 
[19:13:35] [601869.SH] [ACCOUNT] Position:100 sh Y44,203(37%) | Cash:Y13,302 | Sellable:0 lots(0 sh)
[19:13:35] [601869.SH] [REV-T] BLOCKED sellable 0 sh < 100 sh | plan sell Y462.25 = open Y442.03*(1+ATR 6.54%*quantile_units 0.700) | buyback Y457.72 = Y462.25*(1-6.54%*0.15)
[19:13:35] [601869.SH] [FWD-T] BLOCKED insufficient cash for 1 lot; T+1: sellable base shares 0 sh < 100 sh | plan buy Y433.19 = max(floor Y428.77, trail Y433.19) | plan sell Y438.39 = Y433.19*(1+1.2%) | planned value~Y0
[19:13:35] [601869.SH] [MOM] 2minutes±3.6×ATR in 10 minutes(1.0%~6.0%) 反T买回-1.5% 正T卖回+1.8% 最小单位(100sh)，新开仓按金额/底仓动态计算 上限3次 紧急买回关
[19:13:35] [601869.SH] [MOM-CAPACITY] short OFF sellable 0 sh < 100 sh | long OFF insufficient cash for 1 lot; T+1: sellable base shares 0 sh < 100 sh
[19:13:35] [601869.SH] [MOM-v40] REV让权开 band 1.20% (仅低于REV阈值) | 自适应回撤开 0.20~0.60% ATR×0.30
[19:13:36] [601869.SH] [CONNECTION] market/trade probes OK
[19:13:36] [601869.SH] [CLOSE 19:13:35]
[19:18:37] [600584.SH] [CLOSE 19:18:36]
[19:18:38] [STATE-SAVED] symbols=2 inflight=False path=D:\02Project\QMT-export\Stragety\MiniQMT_Stragety\DayT\state\v49_8890145315.json
[19:18:38] [601869.SH] [CAPACITY] sellable=100 reserved=0 free=100 cash-free=Y13304.05 REV=True FWD=False |  insufficient cash for 1 lot
[19:18:38] [601869.SH] [CLOSE 19:18:38]
[19:23:39] [600584.SH] [CLOSE 19:23:38]
[19:23:40] [STATE-SAVED] symbols=2 inflight=False path=D:\02Project\QMT-export\Stragety\MiniQMT_Stragety\DayT\state\v49_8890145315.json
[19:23:40] [601869.SH] [CLOSE 19:23:40]
[19:28:41] [600584.SH] [CLOSE 19:28:40]
[19:28:42] [STATE-SAVED] symbols=2 inflight=False path=D:\02Project\QMT-export\Stragety\MiniQMT_Stragety\DayT\state\v49_8890145315.json
[19:28:43] [601869.SH] [CLOSE 19:28:42]
[19:39:31] [600584.SH] [CLOSE 19:39:26]
[19:39:31] [STATE-SAVED] symbols=2 inflight=False path=D:\02Project\QMT-export\Stragety\MiniQMT_Stragety\DayT\state\v49_8890145315.json
[19:39:32] [601869.SH] [CLOSE 19:39:31]
[19:44:30] [600584.SH] [CLOSE 19:44:29]
[19:44:31] [STATE-SAVED] symbols=2 inflight=False path=D:\02Project\QMT-export\Stragety\MiniQMT_Stragety\DayT\state\v49_8890145315.json
[19:44:42] [601869.SH] [CLOSE 19:44:41]
[19:49:32] [600584.SH] [CLOSE 19:49:32]
[19:49:33] [STATE-SAVED] symbols=2 inflight=False path=D:\02Project\QMT-export\Stragety\MiniQMT_Stragety\DayT\state\v49_8890145315.json
[19:49:43] [601869.SH] [CLOSE 19:49:43]
[19:54:34] [600584.SH] [CLOSE 19:54:33]
[19:54:34] [STATE-SAVED] symbols=2 inflight=False path=D:\02Project\QMT-export\Stragety\MiniQMT_Stragety\DayT\state\v49_8890145315.json
[19:54:45] [601869.SH] [CLOSE 19:54:45]
[19:59:36] [600584.SH] [CLOSE 19:59:35]
[19:59:39] [STATE-SAVED] symbols=2 inflight=False path=D:\02Project\QMT-export\Stragety\MiniQMT_Stragety\DayT\state\v49_8890145315.json
[19:59:50] [601869.SH] [CLOSE 19:59:50]
[20:04:41] [600584.SH] [CLOSE 20:04:40]
[20:04:45] [STATE-SAVED] symbols=2 inflight=False path=D:\02Project\QMT-export\Stragety\MiniQMT_Stragety\DayT\state\v49_8890145315.json
[20:04:56] [601869.SH] [CLOSE 20:04:55]
[20:09:46] [600584.SH] [CLOSE 20:09:46]
[20:09:47] [STATE-SAVED] symbols=2 inflight=False path=D:\02Project\QMT-export\Stragety\MiniQMT_Stragety\DayT\state\v49_8890145315.json
[20:09:57] [601869.SH] [CLOSE 20:09:57]
[20:14:48] [600584.SH] [CLOSE 20:14:48]
[20:14:49] [STATE-SAVED] symbols=2 inflight=False path=D:\02Project\QMT-export\Stragety\MiniQMT_Stragety\DayT\state\v49_8890145315.json
[20:15:00] [601869.SH] [CLOSE 20:14:59]
[20:19:50] [600584.SH] [CLOSE 20:19:50]
[20:19:51] [STATE-SAVED] symbols=2 inflight=False path=D:\02Project\QMT-export\Stragety\MiniQMT_Stragety\DayT\state\v49_8890145315.json
[20:20:01] [601869.SH] [CLOSE 20:20:01]
[20:24:52] [600584.SH] [CLOSE 20:24:52]
[20:24:52] [STATE-SAVED] symbols=2 inflight=False path=D:\02Project\QMT-export\Stragety\MiniQMT_Stragety\DayT\state\v49_8890145315.json
[20:25:03] [601869.SH] [CLOSE 20:25:03]
[20:30:02] [600584.SH] [CLOSE 20:29:53]
[20:30:02] [STATE-SAVED] symbols=2 inflight=False path=D:\02Project\QMT-export\Stragety\MiniQMT_Stragety\DayT\state\v49_8890145315.json
[20:30:24] [601869.SH] [CONNECTION-ALERT] market quote is unavailable
[20:30:24] [601869.SH] [CLOSE 20:30:12]
[20:34:55] [600584.SH] [CLOSE 20:34:55]
[20:35:06] [STATE-SAVED] symbols=2 inflight=False path=D:\02Project\QMT-export\Stragety\MiniQMT_Stragety\DayT\state\v49_8890145315.json
[20:35:16] [601869.SH] [CONNECTION-RECOVERED] market/trade probes OK
[20:35:16] [601869.SH] [CLOSE 20:35:16]
[20:39:58] [600584.SH] [CLOSE 20:39:58]
[20:40:08] [STATE-SAVED] symbols=2 inflight=False path=D:\02Project\QMT-export\Stragety\MiniQMT_Stragety\DayT\state\v49_8890145315.json
[20:40:18] [601869.SH] [CLOSE 20:40:18]
[20:44:59] [600584.SH] [CLOSE 20:44:59]
[20:45:09] [STATE-SAVED] symbols=2 inflight=False path=D:\02Project\QMT-export\Stragety\MiniQMT_Stragety\DayT\state\v49_8890145315.json
[20:45:20] [601869.SH] [CLOSE 20:45:19]
[20:50:01] [600584.SH] [CLOSE 20:50:01]
[20:50:20] [STATE-SAVED] symbols=2 inflight=False path=D:\02Project\QMT-export\Stragety\MiniQMT_Stragety\DayT\state\v49_8890145315.json
[20:50:31] [601869.SH] [CLOSE 20:50:31]
[20:55:02] [600584.SH] [CLOSE 20:55:02]
[20:55:12] [STATE-SAVED] symbols=2 inflight=False path=D:\02Project\QMT-export\Stragety\MiniQMT_Stragety\DayT\state\v49_8890145315.json
[20:55:32] [601869.SH] [CLOSE 20:55:32]
[21:00:03] [600584.SH] [CLOSE 21:00:03]
[21:00:14] [STATE-SAVED] symbols=2 inflight=False path=D:\02Project\QMT-export\Stragety\MiniQMT_Stragety\DayT\state\v49_8890145315.json
[21:00:34] [601869.SH] [CLOSE 21:00:34]
[21:05:06] [600584.SH] [CLOSE 21:05:05]
[21:05:16] [STATE-SAVED] symbols=2 inflight=False path=D:\02Project\QMT-export\Stragety\MiniQMT_Stragety\DayT\state\v49_8890145315.json
[21:05:36] [601869.SH] [CLOSE 21:05:36]
[21:10:08] [600584.SH] [CLOSE 21:10:07]
[21:10:18] [STATE-SAVED] symbols=2 inflight=False path=D:\02Project\QMT-export\Stragety\MiniQMT_Stragety\DayT\state\v49_8890145315.json
[21:10:38] [601869.SH] [CLOSE 21:10:38]
[21:15:09] [600584.SH] [CLOSE 21:15:09]
[21:15:19] [STATE-SAVED] symbols=2 inflight=False path=D:\02Project\QMT-export\Stragety\MiniQMT_Stragety\DayT\state\v49_8890145315.json
[21:15:39] [601869.SH] [CLOSE 21:15:39]
[21:20:10] [600584.SH] [CLOSE 21:20:10]
[21:20:21] [STATE-SAVED] symbols=2 inflight=False path=D:\02Project\QMT-export\Stragety\MiniQMT_Stragety\DayT\state\v49_8890145315.json
[21:20:41] [601869.SH] [CLOSE 21:20:41]
[21:25:12] [600584.SH] [CLOSE 21:25:12]
[21:25:22] [STATE-SAVED] symbols=2 inflight=False path=D:\02Project\QMT-export\Stragety\MiniQMT_Stragety\DayT\state\v49_8890145315.json
[21:25:43] [601869.SH] [CLOSE 21:25:43]
[21:30:13] [600584.SH] [CLOSE 21:30:13]
[21:30:24] [STATE-SAVED] symbols=2 inflight=False path=D:\02Project\QMT-export\Stragety\MiniQMT_Stragety\DayT\state\v49_8890145315.json
[21:30:45] [601869.SH] [CLOSE 21:30:45]
[21:35:16] [600584.SH] [CLOSE 21:35:16]
[21:35:26] [STATE-SAVED] symbols=2 inflight=False path=D:\02Project\QMT-export\Stragety\MiniQMT_Stragety\DayT\state\v49_8890145315.json
[21:35:47] [601869.SH] [CLOSE 21:35:47]
[21:40:17] [600584.SH] [CLOSE 21:40:17]
[21:40:28] [STATE-SAVED] symbols=2 inflight=False path=D:\02Project\QMT-export\Stragety\MiniQMT_Stragety\DayT\state\v49_8890145315.json
[21:40:48] [601869.SH] [CLOSE 21:40:48]
[21:45:19] [600584.SH] [CLOSE 21:45:19]
[21:45:31] [STATE-SAVED] symbols=2 inflight=False path=D:\02Project\QMT-export\Stragety\MiniQMT_Stragety\DayT\state\v49_8890145315.json
[21:45:52] [601869.SH] [CLOSE 21:45:52]
[21:50:22] [600584.SH] [CLOSE 21:50:22]
[21:50:33] [STATE-SAVED] symbols=2 inflight=False path=D:\02Project\QMT-export\Stragety\MiniQMT_Stragety\DayT\state\v49_8890145315.json
[21:50:53] [601869.SH] [CLOSE 21:50:53]
[21:55:24] [600584.SH] [CLOSE 21:55:24]
[21:55:34] [STATE-SAVED] symbols=2 inflight=False path=D:\02Project\QMT-export\Stragety\MiniQMT_Stragety\DayT\state\v49_8890145315.json
[21:55:55] [601869.SH] [CLOSE 21:55:55]
[22:00:25] [600584.SH] [CLOSE 22:00:25]
[22:00:36] [STATE-SAVED] symbols=2 inflight=False path=D:\02Project\QMT-export\Stragety\MiniQMT_Stragety\DayT\state\v49_8890145315.json
[22:00:56] [601869.SH] [CLOSE 22:00:56]
[22:05:27] [600584.SH] [CLOSE 22:05:27]
[22:05:37] [STATE-SAVED] symbols=2 inflight=False path=D:\02Project\QMT-export\Stragety\MiniQMT_Stragety\DayT\state\v49_8890145315.json
[22:05:58] [601869.SH] [CLOSE 22:05:58]
[09:05:02] [ACCOUNT-AUDIT-WAIT] Timeout connecting to server
[09:05:17] [DailyData] excluded incomplete current-day bar 20260910
[09:05:19] [DATA-HEALTH] last_complete=20260909 expected=20260909 raw_close=68.64 tick_lastClose=68.64 count=79 aligned=True status=OK
[09:05:20] [600584.SH] [DATA-DBG] last_complete=20260909 hist_open[-3:]=[68.59, 69.57, 69.10] | tick_open=68.64 | lastClose=68.64 | signal_open=68.64 (AFTER-HOURS latest_complete_close)
[09:05:20] [600584.SH] [AFTER-HOURS] signal open uses latest complete close Y68.64
[09:05:20] [600584.SH] [VOLUME-DATA] complete_count=79 tail=[821696.0, 738361.0, 613675.0]
[09:05:20] [600584.SH] [NON-TRADING PREVIEW] indicative plans only; no orders outside trading hours; next trading day recalculates from its opening price
[09:05:22] [600584.SH] [T-SIZE PLAN] at base Y68.64: REV 200 sh / FWD 100 sh; rechecked at order submission
[09:05:22] [600584.SH] [SIGNAL] ADAPTIVE-SIDEWAYS | SignalBase Y68.64 (source: latest complete close; after-hours) | ATR 4.9% | RSI 26 | Vol_ratio 0.60 | Mult 0.26 | Trig Y69.51 
[09:05:22] [600584.SH] [QUANTILE-TREND] score -0.600 | rank 0.314 | trigger-Q 0.361 | samples 70 | span 8d | ATR-units 0.259
[09:05:22] [600584.SH] [QUANTILE-FORMULA] units=Quantile(next-day open-to-high, tail 0.125 + trend-rank 0.314*(1-2*tail)) = Q0.361 -> 0.259
[09:05:22] [600584.SH] [VOLUME] last 613675 | prev10_avg 762994 (last/10d 0.80x) | prev20_avg 1025718 (last/20d 0.60x) | n10=10 n20=20 | VALID
[09:05:22] [600584.SH] [FACTOR] trend_score -0.60 |  trend_rank +0.31 |  trigger_q +0.36 | 
[09:05:22] [600584.SH] [ACCOUNT] Position:900 sh Y61,776(52%) | Cash:Y13,304 | Sellable:9 lots(900 sh)
[09:05:24] [600584.SH] [REV-T] NON-TRADING PREVIEW plan 200 sh / remaining 5 entries | plan sell Y69.51 = open Y68.64*(1+ATR 4.89%*quantile_units 0.259) | buyback Y69.00 = Y69.51*(1-4.89%*0.15)
[09:05:24] [600584.SH] [FWD-T] NON-TRADING PREVIEW plan 100 sh / remaining 5 entries | plan buy Y67.27 = max(floor Y66.58, trail Y67.27) | plan sell Y68.08 = Y67.27*(1+1.2%) | planned value~Y6,727
[09:05:24] [600584.SH] [MOM] 2minutes±3.6×ATR in 10 minutes(1.0%~6.0%) 反T买回-1.5% 正T卖回+1.8% 最小单位(100sh)，新开仓按金额/底仓动态计算 上限3次 紧急买回关
[09:05:24] [600584.SH] [MOM-CAPACITY] short ON | long ON
[09:05:24] [600584.SH] [MOM-v40] REV让权开 band 1.20% (仅低于REV阈值) | 自适应回撤开 0.20~0.60% ATR×0.30
[09:05:24] [600584.SH] [WAIT 09:05:08] to open 24分52秒
[09:05:24] [CALL-SLOW] TICK 600584.SH elapsed=16.0s
[09:05:24] [STATE-SAVED] symbols=2 inflight=False path=D:\02Project\QMT-export\Stragety\MiniQMT_Stragety\DayT\state\v49_8890145315.json
[09:05:29] [DailyData] excluded incomplete current-day bar 20260910
[09:05:29] [DATA-HEALTH] last_complete=20260909 expected=20260909 raw_close=442.03 tick_lastClose=442.03 count=79 aligned=True status=OK
[09:05:30] [601869.SH] [DATA-DBG] last_complete=20260909 hist_open[-3:]=[390.00, 400.88, 430.00] | tick_open=442.03 | lastClose=442.03 | signal_open=442.03 (AFTER-HOURS latest_complete_close)
[09:05:30] [601869.SH] [AFTER-HOURS] signal open uses latest complete close Y442.03
[09:05:30] [601869.SH] [VOLUME-DATA] complete_count=79 tail=[124725.0, 156181.0, 198414.0]
[09:05:30] [601869.SH] [NON-TRADING PREVIEW] indicative plans only; no orders outside trading hours; next trading day recalculates from its opening price
[09:05:31] [601869.SH] [T-SIZE PLAN] at base Y442.03: REV 100 sh / FWD 0 sh; rechecked at order submission
[09:05:32] [601869.SH] [SIGNAL] ADAPTIVE-SIDEWAYS | SignalBase Y442.03 (source: latest complete close; after-hours) | ATR 6.5% | RSI 70 | Vol_ratio 1.41 | Mult 0.70 | Trig Y462.20 
[09:05:32] [601869.SH] [QUANTILE-TREND] score +1.203 | rank 0.786 | trigger-Q 0.714 | samples 70 | span 8d | ATR-units 0.698
[09:05:32] [601869.SH] [QUANTILE-FORMULA] units=Quantile(next-day open-to-high, tail 0.125 + trend-rank 0.786*(1-2*tail)) = Q0.714 -> 0.698
[09:05:32] [601869.SH] [VOLUME] last 198414 | prev10_avg 141748 (last/10d 1.40x) | prev20_avg 140775 (last/20d 1.41x) | n10=10 n20=20 | VALID
[09:05:32] [601869.SH] [FACTOR] trend_score +1.20 |  trend_rank +0.79 |  trigger_q +0.71 | 
[09:05:32] [601869.SH] [ACCOUNT] Position:100 sh Y44,203(37%) | Cash:Y13,304 | Sellable:1 lots(100 sh)
[09:05:33] [601869.SH] [REV-T] NON-TRADING PREVIEW plan 100 sh / remaining 5 entries | plan sell Y462.20 = open Y442.03*(1+ATR 6.54%*quantile_units 0.698) | buyback Y457.67 = Y462.20*(1-6.54%*0.15)
[09:05:33] [601869.SH] [FWD-T] BLOCKED insufficient cash for 1 lot | plan buy Y433.19 = max(floor Y428.77, trail Y433.19) | plan sell Y438.39 = Y433.19*(1+1.2%) | planned value~Y0
[09:05:33] [601869.SH] [MOM] 2minutes±3.6×ATR in 10 minutes(1.0%~6.0%) 反T买回-1.5% 正T卖回+1.8% 最小单位(100sh)，新开仓按金额/底仓动态计算 上限3次 紧急买回关
[09:05:33] [601869.SH] [MOM-CAPACITY] short ON | long OFF insufficient cash for 1 lot
[09:05:33] [601869.SH] [MOM-v40] REV让权开 band 1.20% (仅低于REV阈值) | 自适应回撤开 0.20~0.60% ATR×0.30
[09:05:33] [601869.SH] [WAIT 09:05:24] to open 24分36秒
[09:06:33] [PORTFOLIO-STOP] interrupted
[09:06:34] [600584.SH] [STOP] 长电科技 v49 cum 0 days gross~Y0
[09:06:34] [601869.SH] [STOP] 长飞光纤 v49 cum 0 days gross~Y0

============================================================
  日志结束: 2026-09-10 09:06:35
============================================================
