============================================================
  日志文件创建: 2026-09-16 17:00:04
  策略版本: v56 (for MiniQMT Evn)
  标的: portfolio
============================================================
[17:00:06] [REFERENCE-MODE] shadow: coefficient scaling affects execution baseline; shadow intraday strength is observation only; active requires user-approved validation
[17:00:06] [连接] MiniQMT 行情服务已连接
[17:00:06] [账号状态] 8890145315 STOCK: 正常
[17:00:06] [交易] 已订阅账号 8890145315
[17:00:06] [RUNTIME] watchdog=15.0s read-RPC-timeout=5.0s instrumented-clients=2; native/router calls may have separate timeouts
[17:00:06] [PORTFOLIO-START] all account holdings; mode=LIVE
[17:00:07] [600584.SH] [LANE 0] [STATE-RESTORED] ledger state=IDLE REV-count=0 FWD-count=0
[17:00:07] [601869.SH] [LANE 0] [STATE-RESTORED] ledger state=IDLE REV-count=0 FWD-count=0
[17:00:07] [600584.SH] [LANE 0] [STATE-RESTORED] ledger state=IDLE REV-count=0 FWD-count=0
[17:00:07] [601869.SH] [LANE 0] [STATE-RESTORED] ledger state=IDLE REV-count=0 FWD-count=0
[17:00:07] [600584.SH] [LANE 0] [START] v56 LIVE
[17:00:07] [600584.SH] [LANE 0] [TREND-GUARD BLOCK] 3-session return +2.67%
[17:00:07] [600584.SH] [LANE 0] [NON-TRADING PREVIEW] indicative plans only; no orders outside trading hours; next trading day recalculates from its opening price
[17:00:08] [600584.SH] [LANE 0] [T-SIZE PLAN] at base Y69.55: REV 0 sh / FWD 0 sh; rechecked at order submission
[17:00:08] [600584.SH] [LANE 0] [SIGNAL] ADAPTIVE-SIDEWAYS | SignalBase Y69.55 (source: latest complete close; after-hours) | ATR 4.2% | RSI 31 | Vol_ratio 1.02 | Mult 0.32 | base-trigger Y70.48 [REV-T blocked:REV-T blocked by 3-session return +2.67%]
[17:00:08] [600584.SH] [LANE 0] [REFERENCE] base-trigger Y70.48 | execution Y70.48 | shadow-candidate NON_TRADING
[17:00:08] [600584.SH] [LANE 0] [QUANTILE-TREND] score +0.491 | rank 0.732 | trigger-Q 0.674 | samples 71 | span 8d | ATR-units 0.316
[17:00:08] [600584.SH] [LANE 0] [QUANTILE-FORMULA] units=Quantile(next-day open-to-high, tail 0.125 + trend-rank 0.732*(1-2*tail)) = Q0.674 -> raw 0.5271 * scale 0.60 = 0.3163
[17:00:08] [600584.SH] [LANE 0] [VOLUME] last 825628 | prev10_avg 651991 (last/10d 1.27x) | prev20_avg 807678 (last/20d 1.02x) | n10=10 n20=20 | VALID
[17:00:08] [600584.SH] [LANE 0] [FACTOR] trend_score +0.49 |  trend_rank +0.73 |  trigger_q +0.67 | 
[17:00:08] [600584.SH] [LANE 0] [ACCOUNT] Position:500 sh Y34,775(28%) | Cash:Y41,401 | Sellable:0 lots(0 sh)
[17:00:09] [600584.SH] [LANE 0] [REV-T] BLOCKED REV-T blocked by 3-session return +2.67% | base-trigger Y70.48 = open Y69.55*(1+ATR 4.23%*(raw 0.527114*scale 0.600)) | base-trigger Y70.48 | execution Y70.48 | shadow-candidate NON_TRADING | buyback Y70.03 = Y70.48*(1-4.23%*0.15)
[17:00:09] [600584.SH] [LANE 0] [FWD-T] BLOCKED T+1: sellable base shares 0 sh < 100 sh | plan buy Y68.16 = max(floor Y67.46, max-trail Y68.16); current-trail Y68.16 | plan sell Y68.98 = Y68.16*(1+1.2%) | planned value~Y0
[17:00:10] [600584.SH] [LANE 0] [CONNECTION] market/trade probes OK
[17:00:10] [600584.SH] [LANE 0] [QUOTE-HEALTH] NOT_APPLICABLE connection=OK quote_time=UNKNOWN age=UNKNOWN last_rpc_success=2026-09-16 17:00:09 last_confirmed_fresh=UNKNOWN reason=non-trading session action=LOG_ONLY
[17:00:10] [600584.SH] [LANE 0] [STRENGTH SHADOW] NON_TRADING minutes=0; original reference, observation reset
[17:00:10] [600584.SH] [LANE 0] [CLOSE 17:00:09]
[17:00:10] [STATE-SAVED] symbols=2 inflight=False path=D:\02Project\QMT-export\Stragety\MiniQMT_Stragety\DayT\state\v56_8890145315.json
[17:00:10] [600584.SH] [LANE 1] [START] v56 LIVE
[17:00:10] [600584.SH] [LANE 1] [TREND-GUARD BLOCK] 3-session return +2.67%
[17:00:10] [600584.SH] [LANE 1] [NON-TRADING PREVIEW] indicative plans only; no orders outside trading hours; next trading day recalculates from its opening price
[17:00:11] [600584.SH] [LANE 1] [T-SIZE PLAN] at base Y69.55: REV 0 sh / FWD 0 sh; rechecked at order submission
[17:00:11] [600584.SH] [LANE 1] [SIGNAL] ADAPTIVE-SIDEWAYS | SignalBase Y69.55 (source: latest complete close; after-hours) | ATR 4.2% | RSI 31 | Vol_ratio 1.02 | Mult 0.32 | base-trigger Y70.48 [REV-T blocked:REV-T blocked by 3-session return +2.67%]
[17:00:11] [600584.SH] [LANE 1] [REFERENCE] base-trigger Y70.48 | execution Y70.48 | shadow-candidate NON_TRADING
[17:00:11] [600584.SH] [LANE 1] [QUANTILE-TREND] score +0.491 | rank 0.732 | trigger-Q 0.674 | samples 71 | span 8d | ATR-units 0.316
[17:00:11] [600584.SH] [LANE 1] [QUANTILE-FORMULA] units=Quantile(next-day open-to-high, tail 0.125 + trend-rank 0.732*(1-2*tail)) = Q0.674 -> raw 0.5271 * scale 0.60 = 0.3163
[17:00:11] [600584.SH] [LANE 1] [VOLUME] last 825628 | prev10_avg 651991 (last/10d 1.27x) | prev20_avg 807678 (last/20d 1.02x) | n10=10 n20=20 | VALID
[17:00:11] [600584.SH] [LANE 1] [FACTOR] trend_score +0.49 |  trend_rank +0.73 |  trigger_q +0.67 | 
[17:00:11] [600584.SH] [LANE 1] [ACCOUNT] Position:500 sh Y34,775(28%) | Cash:Y41,401 | Sellable:0 lots(0 sh)
[17:00:12] [600584.SH] [LANE 1] [REV-T] BLOCKED REV-T blocked by 3-session return +2.67% | base-trigger Y70.48 = open Y69.55*(1+ATR 4.23%*(raw 0.527114*scale 0.600)) | base-trigger Y70.48 | execution Y70.48 | shadow-candidate NON_TRADING | buyback Y70.03 = Y70.48*(1-4.23%*0.15)
[17:00:12] [600584.SH] [LANE 1] [FWD-T] BLOCKED T+1: sellable base shares 0 sh < 100 sh | plan buy Y68.16 = max(floor Y67.46, max-trail Y68.16); current-trail Y68.16 | plan sell Y68.98 = Y68.16*(1+1.2%) | planned value~Y0
[17:00:12] [600584.SH] [LANE 1] [CONNECTION] market/trade probes OK
[17:00:12] [600584.SH] [LANE 1] [QUOTE-HEALTH] NOT_APPLICABLE connection=OK quote_time=UNKNOWN age=UNKNOWN last_rpc_success=2026-09-16 17:00:12 last_confirmed_fresh=UNKNOWN reason=non-trading session action=LOG_ONLY
[17:00:12] [600584.SH] [LANE 1] [STRENGTH SHADOW] NON_TRADING minutes=0; original reference, observation reset
[17:00:12] [600584.SH] [LANE 1] [CLOSE 17:00:12]
[17:00:12] [601869.SH] [LANE 0] [START] v56 LIVE
[17:00:12] [601869.SH] [LANE 0] [TREND-GUARD PASS] 3-session return -2.74%
[17:00:12] [601869.SH] [LANE 0] [NON-TRADING PREVIEW] indicative plans only; no orders outside trading hours; next trading day recalculates from its opening price
[17:00:13] [601869.SH] [LANE 0] [T-SIZE PLAN] at base Y461.00: REV 100 sh / FWD 0 sh; rechecked at order submission
[17:00:13] [601869.SH] [LANE 0] [SIGNAL] ADAPTIVE-SIDEWAYS | SignalBase Y461.00 (source: latest complete close; after-hours) | ATR 6.4% | RSI 59 | Vol_ratio 0.89 | Mult 0.32 | base-trigger Y470.52 
[17:00:13] [601869.SH] [LANE 0] [REFERENCE] base-trigger Y470.52 | execution Y470.52 | shadow-candidate NON_TRADING
[17:00:13] [601869.SH] [LANE 0] [QUANTILE-TREND] score +0.581 | rank 0.634 | trigger-Q 0.600 | samples 71 | span 8d | ATR-units 0.325
[17:00:13] [601869.SH] [LANE 0] [QUANTILE-FORMULA] units=Quantile(next-day open-to-high, tail 0.125 + trend-rank 0.634*(1-2*tail)) = Q0.600 -> raw 0.5415 * scale 0.60 = 0.3249
[17:00:13] [601869.SH] [LANE 0] [VOLUME] last 129473 | prev10_avg 139674 (last/10d 0.93x) | prev20_avg 145410 (last/20d 0.89x) | n10=10 n20=20 | VALID
[17:00:13] [601869.SH] [LANE 0] [FACTOR] trend_score +0.58 |  trend_rank +0.63 |  trigger_q +0.60 | 
[17:00:13] [601869.SH] [LANE 0] [ACCOUNT] Position:100 sh Y46,100(38%) | Cash:Y41,401 | Sellable:1 lots(100 sh)
[17:00:13] [601869.SH] [LANE 0] [REV-T] NON-TRADING PREVIEW plan 100 sh / remaining 5 entries | base-trigger Y470.52 = open Y461.00*(1+ATR 6.36%*(raw 0.541465*scale 0.600)) | base-trigger Y470.52 | execution Y470.52 | shadow-candidate NON_TRADING | buyback Y466.03 = Y470.52*(1-6.36%*0.15)
[17:00:13] [601869.SH] [LANE 0] [FWD-T] BLOCKED insufficient cash for 1 lot | plan buy Y451.78 = max(floor Y447.17, max-trail Y451.78); current-trail Y451.78 | plan sell Y457.20 = Y451.78*(1+1.2%) | planned value~Y0
[17:00:13] [601869.SH] [LANE 0] [CONNECTION] market/trade probes OK
[17:00:13] [601869.SH] [LANE 0] [QUOTE-HEALTH] NOT_APPLICABLE connection=OK quote_time=UNKNOWN age=UNKNOWN last_rpc_success=2026-09-16 17:00:13 last_confirmed_fresh=UNKNOWN reason=non-trading session action=LOG_ONLY
[17:00:14] [601869.SH] [LANE 0] [STRENGTH SHADOW] NON_TRADING minutes=0; original reference, observation reset
[17:00:14] [601869.SH] [LANE 0] [CLOSE 17:00:13]
[17:00:14] [601869.SH] [LANE 1] [START] v56 LIVE
[17:00:14] [601869.SH] [LANE 1] [TREND-GUARD PASS] 3-session return -2.74%
[17:00:14] [601869.SH] [LANE 1] [NON-TRADING PREVIEW] indicative plans only; no orders outside trading hours; next trading day recalculates from its opening price
[17:00:14] [601869.SH] [LANE 1] [T-SIZE PLAN] at base Y461.00: REV 100 sh / FWD 0 sh; rechecked at order submission
[17:00:14] [601869.SH] [LANE 1] [SIGNAL] ADAPTIVE-SIDEWAYS | SignalBase Y461.00 (source: latest complete close; after-hours) | ATR 6.4% | RSI 59 | Vol_ratio 0.89 | Mult 0.32 | base-trigger Y470.52 
[17:00:14] [601869.SH] [LANE 1] [REFERENCE] base-trigger Y470.52 | execution Y470.52 | shadow-candidate NON_TRADING
[17:00:14] [601869.SH] [LANE 1] [QUANTILE-TREND] score +0.581 | rank 0.634 | trigger-Q 0.600 | samples 71 | span 8d | ATR-units 0.325
[17:00:14] [601869.SH] [LANE 1] [QUANTILE-FORMULA] units=Quantile(next-day open-to-high, tail 0.125 + trend-rank 0.634*(1-2*tail)) = Q0.600 -> raw 0.5415 * scale 0.60 = 0.3249
[17:00:14] [601869.SH] [LANE 1] [VOLUME] last 129473 | prev10_avg 139674 (last/10d 0.93x) | prev20_avg 145410 (last/20d 0.89x) | n10=10 n20=20 | VALID
[17:00:14] [601869.SH] [LANE 1] [FACTOR] trend_score +0.58 |  trend_rank +0.63 |  trigger_q +0.60 | 
[17:00:14] [601869.SH] [LANE 1] [ACCOUNT] Position:100 sh Y46,100(38%) | Cash:Y41,401 | Sellable:1 lots(100 sh)
[17:00:15] [601869.SH] [LANE 1] [REV-T] NON-TRADING PREVIEW plan 100 sh / remaining 5 entries | base-trigger Y470.52 = open Y461.00*(1+ATR 6.36%*(raw 0.541465*scale 0.600)) | base-trigger Y470.52 | execution Y470.52 | shadow-candidate NON_TRADING | buyback Y466.03 = Y470.52*(1-6.36%*0.15)
[17:00:15] [601869.SH] [LANE 1] [FWD-T] BLOCKED insufficient cash for 1 lot | plan buy Y451.78 = max(floor Y447.17, max-trail Y451.78); current-trail Y451.78 | plan sell Y457.20 = Y451.78*(1+1.2%) | planned value~Y0
[17:00:15] [601869.SH] [LANE 1] [CONNECTION] market/trade probes OK
[17:00:15] [601869.SH] [LANE 1] [QUOTE-HEALTH] NOT_APPLICABLE connection=OK quote_time=UNKNOWN age=UNKNOWN last_rpc_success=2026-09-16 17:00:15 last_confirmed_fresh=UNKNOWN reason=non-trading session action=LOG_ONLY
[17:00:15] [601869.SH] [LANE 1] [STRENGTH SHADOW] NON_TRADING minutes=0; original reference, observation reset
[17:00:15] [601869.SH] [LANE 1] [CLOSE 17:00:15]
[17:05:12] [600584.SH] [LANE 1] [QUOTE-HEALTH] NOT_APPLICABLE connection=OK quote_time=UNKNOWN age=UNKNOWN last_rpc_success=2026-09-16 17:05:12 last_confirmed_fresh=UNKNOWN reason=non-trading session action=LOG_ONLY
[17:05:12] [600584.SH] [LANE 1] [CLOSE 17:05:12]
[17:05:13] [STATE-SAVED] symbols=2 inflight=False path=D:\02Project\QMT-export\Stragety\MiniQMT_Stragety\DayT\state\v56_8890145315.json
[17:05:19] [600584.SH] [LANE 0] [QUOTE-HEALTH] NOT_APPLICABLE connection=OK quote_time=UNKNOWN age=UNKNOWN last_rpc_success=2026-09-16 17:05:19 last_confirmed_fresh=UNKNOWN reason=non-trading session action=LOG_ONLY
[17:05:19] [600584.SH] [LANE 0] [CLOSE 17:05:19]
[17:05:23] [601869.SH] [LANE 0] [QUOTE-HEALTH] NOT_APPLICABLE connection=OK quote_time=UNKNOWN age=UNKNOWN last_rpc_success=2026-09-16 17:05:23 last_confirmed_fresh=UNKNOWN reason=non-trading session action=LOG_ONLY
[17:05:24] [601869.SH] [LANE 0] [CLOSE 17:05:23]
[17:05:24] [601869.SH] [LANE 1] [QUOTE-HEALTH] NOT_APPLICABLE connection=OK quote_time=UNKNOWN age=UNKNOWN last_rpc_success=2026-09-16 17:05:24 last_confirmed_fresh=UNKNOWN reason=non-trading session action=LOG_ONLY
[17:05:25] [601869.SH] [LANE 1] [CLOSE 17:05:24]
[17:10:14] [600584.SH] [LANE 1] [QUOTE-HEALTH] NOT_APPLICABLE connection=OK quote_time=UNKNOWN age=UNKNOWN last_rpc_success=2026-09-16 17:10:14 last_confirmed_fresh=UNKNOWN reason=non-trading session action=LOG_ONLY
[17:10:15] [600584.SH] [LANE 1] [CLOSE 17:10:14]
[17:10:16] [STATE-SAVED] symbols=2 inflight=False path=D:\02Project\QMT-export\Stragety\MiniQMT_Stragety\DayT\state\v56_8890145315.json
[17:10:22] [600584.SH] [LANE 0] [QUOTE-HEALTH] NOT_APPLICABLE connection=OK quote_time=UNKNOWN age=UNKNOWN last_rpc_success=2026-09-16 17:10:22 last_confirmed_fresh=UNKNOWN reason=non-trading session action=LOG_ONLY
[17:10:23] [600584.SH] [LANE 0] [CLOSE 17:10:22]
[17:10:27] [601869.SH] [LANE 0] [QUOTE-HEALTH] NOT_APPLICABLE connection=OK quote_time=UNKNOWN age=UNKNOWN last_rpc_success=2026-09-16 17:10:26 last_confirmed_fresh=UNKNOWN reason=non-trading session action=LOG_ONLY
[17:10:27] [601869.SH] [LANE 0] [CLOSE 17:10:26]
[17:10:30] [601869.SH] [LANE 1] [QUOTE-HEALTH] NOT_APPLICABLE connection=OK quote_time=UNKNOWN age=UNKNOWN last_rpc_success=2026-09-16 17:10:30 last_confirmed_fresh=UNKNOWN reason=non-trading session action=LOG_ONLY
[17:10:31] [601869.SH] [LANE 1] [CLOSE 17:10:30]
[17:15:16] [600584.SH] [LANE 1] [QUOTE-HEALTH] NOT_APPLICABLE connection=OK quote_time=UNKNOWN age=UNKNOWN last_rpc_success=2026-09-16 17:15:16 last_confirmed_fresh=UNKNOWN reason=non-trading session action=LOG_ONLY
[17:15:17] [600584.SH] [LANE 1] [CLOSE 17:15:16]
[17:15:17] [STATE-SAVED] symbols=2 inflight=False path=D:\02Project\QMT-export\Stragety\MiniQMT_Stragety\DayT\state\v56_8890145315.json
[17:15:28] [601869.SH] [LANE 0] [QUOTE-HEALTH] NOT_APPLICABLE connection=OK quote_time=UNKNOWN age=UNKNOWN last_rpc_success=2026-09-16 17:15:27 last_confirmed_fresh=UNKNOWN reason=non-trading session action=LOG_ONLY
[17:15:28] [601869.SH] [LANE 0] [CLOSE 17:15:27]
[17:15:31] [601869.SH] [LANE 1] [QUOTE-HEALTH] NOT_APPLICABLE connection=OK quote_time=UNKNOWN age=UNKNOWN last_rpc_success=2026-09-16 17:15:31 last_confirmed_fresh=UNKNOWN reason=non-trading session action=LOG_ONLY
[17:15:32] [601869.SH] [LANE 1] [CLOSE 17:15:31]
[17:15:33] [600584.SH] [LANE 0] [QUOTE-HEALTH] NOT_APPLICABLE connection=OK quote_time=UNKNOWN age=UNKNOWN last_rpc_success=2026-09-16 17:15:32 last_confirmed_fresh=UNKNOWN reason=non-trading session action=LOG_ONLY
[17:15:33] [600584.SH] [LANE 0] [CLOSE 17:15:32]
[17:18:03] [PORTFOLIO-STOP] interrupted
[17:18:04] [600584.SH] [LANE 0] [STOP] 长电科技 v56 cum 0 days gross~Y0
[17:18:04] [600584.SH] [LANE 1] [STOP] 长电科技 v56 cum 0 days gross~Y0
[17:18:04] [601869.SH] [LANE 0] [STOP] 长飞光纤 v56 cum 0 days gross~Y0
[17:18:04] [601869.SH] [LANE 1] [STOP] 长飞光纤 v56 cum 0 days gross~Y0

============================================================
  日志结束: 2026-09-16 17:18:04
============================================================
