============================================================
  日志文件创建: 2026-09-08 19:05:38
  策略版本: v43 (for MiniQMT Evn)
  标的: 601869
============================================================
[19:05:41] [连接] MiniQMT 行情服务已连接
[19:05:41] [账号状态] 8890145315 STOCK: 正常
[19:05:42] [交易] 已订阅账号 8890145315
[19:05:42] [START] 长飞光纤 v43 LIVE 601869.SH
[19:05:44] [DailyData] excluded incomplete current-day bar 20260908
[19:05:46] [DATA-HEALTH] last_complete=20260907 expected=20260907 raw_close=400.51 tick_lastClose=400.51 count=79 aligned=True status=OK
[19:05:46] [DATA-DBG] last_complete=20260907 hist_open[-3:]=[412.0, 399.66, 390.0] | tick_open=400.88 | lastClose=400.51 | signal_open=400.51 (AFTER-HOURS latest_complete_close)
[19:05:46] [AFTER-HOURS] signal open uses latest complete close Y400.51
[19:05:46] [VOLUME-DATA] complete_count=79 tail=[118768.0, 100158.0, 124725.0]
[19:05:46] [SIGNAL] ADAPTIVE-SIDEWAYS | SignalBase Y400.51 (source: latest complete close; after-hours) | ATR 7.1% | RSI 54 | Vol_ratio 0.90 | Mult 0.35 | Trig Y410.04 
[19:05:46] [QUANTILE-TREND] score -0.204 | rank 0.400 | trigger-Q 0.425 | samples 70 | span 8d | ATR-units 0.351
[19:05:46] [QUANTILE-FORMULA] units=Quantile(next-day open-to-high, tail 0.125 + trend-rank 0.400*(1-2*tail)) = Q0.425 -> 0.351
[19:05:46] [VOLUME] last 124725 | prev10_avg 150571 (last/10d 0.83x) | prev20_avg 138755 (last/20d 0.90x) | n10=10 n20=20 | VALID
[19:05:46] [FACTOR] trend_score -0.20 |  trend_rank +0.40 |  trigger_q +0.42 | 
[19:05:46] [ACCOUNT] Position:100 sh Y41,685(51%) | Cash:Y40,310 | Sellable:1 lots(100 sh)
[19:05:46] [REV-T] ENABLED 1 lots | plan sell Y410.04 = open Y400.51*(1+ATR 7.05%*quantile_units 0.351) | buyback Y405.70 = Y410.04*(1-7.05%*0.15)
[19:05:46] [FWD-T] BLOCKED insufficient cash for 1 lot | plan buy Y408.51 = max(floor Y388.49, trail Y408.51) | plan sell Y413.41 = Y408.51*(1+1.2%) | plan 1 lot~Y40,851
[19:05:46] [MOM] 2minutes±3.6×ATR in 10 minutes(1.0%~6.0%) 反T买回-1.5% 正T卖回+1.8% MOM_LOT_SIZE(100sh) 上限3次 紧急买回关
[19:05:46] [MOM-CAPACITY] short ON | long OFF insufficient cash for 1 lot
[19:05:46] [MOM-v40] REV让权开 band 1.20% (仅低于REV阈值) | 自适应回撤开 0.20~0.60% ATR×0.30
[19:05:46] [CLOSE 19:05:46]
[19:10:46] [CLOSE 19:10:46]
[19:14:15] Interrupted by user
[19:14:15] [STOP] 长飞光纤 v43 cum 0 days gross~Y0

============================================================
  日志结束: 2026-09-08 19:14:15
============================================================
