============================================================
  日志文件创建: 2026-09-09 17:05:33
  策略版本: v49 (for MiniQMT Evn)
  标的: portfolio
============================================================
[17:05:36] [连接] MiniQMT 行情服务已连接
[17:05:37] [账号状态] 8890145315 STOCK: 正常
[17:05:38] [交易] 已订阅账号 8890145315
[17:05:38] [RUNTIME] watchdog=15.0s read-RPC-timeout=5.0s instrumented-clients=2; native/router calls may have separate timeouts
[17:05:38] [PORTFOLIO-START] all account holdings; mode=LIVE
[17:05:39] [STATE-NEW] no same-day v49 checkpoint; older-version T legs/counts are NOT reconstructed
[17:05:39] [PORTFOLIO-ADD] 600584.SH shares=900 lot=100
[17:05:39] [PORTFOLIO-ADD] 601869.SH shares=100 lot=100
[17:05:40] [DailyData] retained post-close current-day bar 20260909 (after 15:10:00)
[17:05:41] [DATA-HEALTH] last_complete=20260909 expected=20260909 raw_close=68.64 tick_lastClose=68.60 count=80 aligned=True status=OK
[17:05:42] [600584.SH] [DATA-DBG] last_complete=20260909 hist_open[-3:]=[68.59, 69.57, 69.1] | tick_open=69.10000000000001 | lastClose=68.6 | signal_open=68.64 (AFTER-HOURS latest_complete_close)
[17:05:42] [600584.SH] [AFTER-HOURS] signal open uses latest complete close Y68.64
[17:05:42] [600584.SH] [VOLUME-DATA] complete_count=80 tail=[821696.0, 738361.0, 613675.0]
[17:05:43] [DailyData] retained post-close current-day bar 20260909 (after 15:10:00)
[17:05:45] [DATA-HEALTH] last_complete=20260909 expected=20260909 raw_close=442.03 tick_lastClose=416.85 count=80 aligned=True status=OK
[17:05:45] [601869.SH] [DATA-DBG] last_complete=20260909 hist_open[-3:]=[390.0, 400.88, 430.0] | tick_open=430.0 | lastClose=416.85 | signal_open=442.03000000000003 (AFTER-HOURS latest_complete_close)
[17:05:45] [601869.SH] [AFTER-HOURS] signal open uses latest complete close Y442.03
[17:05:45] [601869.SH] [VOLUME-DATA] complete_count=80 tail=[124725.0, 156181.0, 198414.0]
[17:05:45] [600584.SH] [START] v49 LIVE
[17:05:45] [600584.SH] [NON-TRADING PREVIEW] indicative plans only; no orders outside trading hours; next trading day recalculates from its opening price
[17:05:46] [600584.SH] [T-SIZE PLAN] at base Y68.64: REV 200 sh / FWD 100 sh; rechecked at order submission
[17:05:46] [600584.SH] [SIGNAL] ADAPTIVE-SIDEWAYS | SignalBase Y68.64 (source: latest complete close; after-hours) | ATR 4.9% | RSI 26 | Vol_ratio 0.60 | Mult 0.26 | Trig Y69.51 
[17:05:46] [600584.SH] [QUANTILE-TREND] score -0.600 | rank 0.310 | trigger-Q 0.357 | samples 71 | span 8d | ATR-units 0.259
[17:05:46] [600584.SH] [QUANTILE-FORMULA] units=Quantile(next-day open-to-high, tail 0.125 + trend-rank 0.310*(1-2*tail)) = Q0.357 -> 0.259
[17:05:46] [600584.SH] [VOLUME] last 613675 | prev10_avg 762994 (last/10d 0.80x) | prev20_avg 1025718 (last/20d 0.60x) | n10=10 n20=20 | VALID
[17:05:46] [600584.SH] [FACTOR] trend_score -0.60 |  trend_rank +0.31 |  trigger_q +0.36 | 
[17:05:46] [600584.SH] [ACCOUNT] Position:900 sh Y61,776(52%) | Cash:Y13,302 | Sellable:4 lots(400 sh)
[17:05:46] [600584.SH] [REV-T] NON-TRADING PREVIEW plan 200 sh / remaining 5 entries | plan sell Y69.51 = open Y68.64*(1+ATR 4.89%*quantile_units 0.259) | buyback Y69.00 = Y69.51*(1-4.89%*0.15)
[17:05:46] [600584.SH] [FWD-T] NON-TRADING PREVIEW plan 100 sh / remaining 5 entries | plan buy Y67.27 = max(floor Y66.58, trail Y67.27) | plan sell Y68.08 = Y67.27*(1+1.2%) | planned value~Y6,727
[17:05:46] [600584.SH] [MOM] 2minutes±3.6×ATR in 10 minutes(1.0%~6.0%) 反T买回-1.5% 正T卖回+1.8% 最小单位(100sh)，新开仓按金额/底仓动态计算 上限3次 紧急买回关
[17:05:46] [600584.SH] [MOM-CAPACITY] short ON | long ON
[17:05:46] [600584.SH] [MOM-v40] REV让权开 band 1.20% (仅低于REV阈值) | 自适应回撤开 0.20~0.60% ATR×0.30
[17:05:47] [600584.SH] [CONNECTION] market/trade probes OK
[17:05:47] [600584.SH] [CLOSE 17:05:46]
[17:05:48] [STATE-SAVED] symbols=2 inflight=False path=D:\02Project\QMT-export\Stragety\MiniQMT_Stragety\DayT\state\v49_8890145315.json
[17:05:48] [601869.SH] [START] v49 LIVE
[17:05:48] [601869.SH] [NON-TRADING PREVIEW] indicative plans only; no orders outside trading hours; next trading day recalculates from its opening price
[17:05:49] [601869.SH] [T-SIZE PLAN] at base Y442.03: REV 0 sh / FWD 0 sh; rechecked at order submission
[17:05:49] [601869.SH] [SIGNAL] ADAPTIVE-SIDEWAYS | SignalBase Y442.03 (source: latest complete close; after-hours) | ATR 6.5% | RSI 70 | Vol_ratio 1.41 | Mult 0.70 | Trig Y462.25 [REV-T blocked:sellable 0 sh < 100 sh]
[17:05:49] [601869.SH] [QUANTILE-TREND] score +1.203 | rank 0.789 | trigger-Q 0.717 | samples 71 | span 8d | ATR-units 0.700
[17:05:49] [601869.SH] [QUANTILE-FORMULA] units=Quantile(next-day open-to-high, tail 0.125 + trend-rank 0.789*(1-2*tail)) = Q0.717 -> 0.700
[17:05:49] [601869.SH] [VOLUME] last 198414 | prev10_avg 141748 (last/10d 1.40x) | prev20_avg 140775 (last/20d 1.41x) | n10=10 n20=20 | VALID
[17:05:49] [601869.SH] [FACTOR] trend_score +1.20 |  trend_rank +0.79 |  trigger_q +0.72 | 
[17:05:49] [601869.SH] [ACCOUNT] Position:100 sh Y44,203(37%) | Cash:Y13,302 | Sellable:0 lots(0 sh)
[17:05:50] [601869.SH] [REV-T] BLOCKED sellable 0 sh < 100 sh | plan sell Y462.25 = open Y442.03*(1+ATR 6.54%*quantile_units 0.700) | buyback Y457.72 = Y462.25*(1-6.54%*0.15)
[17:05:50] [601869.SH] [FWD-T] BLOCKED insufficient cash for 1 lot; T+1: sellable base shares 0 sh < 100 sh | plan buy Y433.19 = max(floor Y428.77, trail Y433.19) | plan sell Y438.39 = Y433.19*(1+1.2%) | planned value~Y0
[17:05:50] [601869.SH] [MOM] 2minutes±3.6×ATR in 10 minutes(1.0%~6.0%) 反T买回-1.5% 正T卖回+1.8% 最小单位(100sh)，新开仓按金额/底仓动态计算 上限3次 紧急买回关
[17:05:50] [601869.SH] [MOM-CAPACITY] short OFF sellable 0 sh < 100 sh | long OFF insufficient cash for 1 lot; T+1: sellable base shares 0 sh < 100 sh
[17:05:50] [601869.SH] [MOM-v40] REV让权开 band 1.20% (仅低于REV阈值) | 自适应回撤开 0.20~0.60% ATR×0.30
[17:05:50] [601869.SH] [CONNECTION] market/trade probes OK
[17:05:50] [601869.SH] [CLOSE 17:05:50]
[17:10:50] [600584.SH] [CLOSE 17:10:48]
[17:10:50] [STATE-SAVED] symbols=2 inflight=False path=D:\02Project\QMT-export\Stragety\MiniQMT_Stragety\DayT\state\v49_8890145315.json
[17:10:51] [601869.SH] [CLOSE 17:10:51]
[17:15:52] [600584.SH] [CLOSE 17:15:51]
[17:15:54] [STATE-SAVED] symbols=2 inflight=False path=D:\02Project\QMT-export\Stragety\MiniQMT_Stragety\DayT\state\v49_8890145315.json
[17:15:55] [601869.SH] [CLOSE 17:15:54]
[17:20:56] [600584.SH] [CLOSE 17:20:54]
[17:20:57] [STATE-SAVED] symbols=2 inflight=False path=D:\02Project\QMT-export\Stragety\MiniQMT_Stragety\DayT\state\v49_8890145315.json
[17:20:58] [601869.SH] [CLOSE 17:20:57]
[17:25:59] [600584.SH] [CLOSE 17:25:58]
[17:25:59] [STATE-SAVED] symbols=2 inflight=False path=D:\02Project\QMT-export\Stragety\MiniQMT_Stragety\DayT\state\v49_8890145315.json
[17:26:01] [601869.SH] [CLOSE 17:25:59]
[17:31:01] [600584.SH] [CLOSE 17:31:00]
[17:31:02] [STATE-SAVED] symbols=2 inflight=False path=D:\02Project\QMT-export\Stragety\MiniQMT_Stragety\DayT\state\v49_8890145315.json
[17:31:03] [601869.SH] [CLOSE 17:31:02]
[17:36:04] [600584.SH] [CLOSE 17:36:03]
[17:36:04] [STATE-SAVED] symbols=2 inflight=False path=D:\02Project\QMT-export\Stragety\MiniQMT_Stragety\DayT\state\v49_8890145315.json
[17:36:06] [601869.SH] [CLOSE 17:36:05]
[17:41:06] [600584.SH] [CLOSE 17:41:05]
[17:41:07] [STATE-SAVED] symbols=2 inflight=False path=D:\02Project\QMT-export\Stragety\MiniQMT_Stragety\DayT\state\v49_8890145315.json
[17:41:09] [601869.SH] [CLOSE 17:41:07]
[17:46:09] [600584.SH] [CLOSE 17:46:08]
[17:46:10] [STATE-SAVED] symbols=2 inflight=False path=D:\02Project\QMT-export\Stragety\MiniQMT_Stragety\DayT\state\v49_8890145315.json
[17:46:12] [601869.SH] [CLOSE 17:46:11]
[17:51:11] [600584.SH] [CLOSE 17:51:11]
[17:51:11] [STATE-SAVED] symbols=2 inflight=False path=D:\02Project\QMT-export\Stragety\MiniQMT_Stragety\DayT\state\v49_8890145315.json
[17:51:14] [601869.SH] [CLOSE 17:51:13]
[17:56:13] [600584.SH] [CLOSE 17:56:12]
[17:56:15] [STATE-SAVED] symbols=2 inflight=False path=D:\02Project\QMT-export\Stragety\MiniQMT_Stragety\DayT\state\v49_8890145315.json
[17:56:17] [601869.SH] [CLOSE 17:56:15]
[18:01:07] [WATCHDOG-STALL] RPC query_stock_trades elapsed=27.4s
[18:01:22] [WATCHDOG-STALL] RPC query_stock_trades elapsed=42.4s
[18:01:37] [WATCHDOG-STALL] RPC query_stock_trades elapsed=57.4s
[18:01:40] [CALL-SLOW] RPC query_stock_trades elapsed=59.8s
[18:01:40] [ACCOUNT-AUDIT-WAIT] Timeout reading from socket
[18:02:07] [WATCHDOG-STALL] RPC query_stock_positions elapsed=27.6s
[18:02:22] [WATCHDOG-STALL] RPC query_stock_positions elapsed=42.6s
[18:02:37] [WATCHDOG-STALL] RPC query_stock_positions elapsed=57.6s
[18:02:46] [CALL-SLOW] RPC query_stock_positions elapsed=66.0s
[18:02:52] [WATCHDOG-STALL] REFRESH holdings elapsed=132.4s
[18:03:07] [WATCHDOG-STALL] REFRESH holdings elapsed=147.4s
[18:03:22] [WATCHDOG-STALL] REFRESH holdings elapsed=162.4s
[18:03:37] [WATCHDOG-STALL] REFRESH holdings elapsed=177.5s
[18:03:49] [PORTFOLIO-ALERT] holdings query failed: Timeout reading from socket
[18:03:49] [CALL-SLOW] REFRESH holdings elapsed=189.2s
[18:04:07] [WATCHDOG-STALL] RPC get_full_tick elapsed=18.1s
[18:04:22] [WATCHDOG-STALL] RPC get_full_tick elapsed=33.1s
[18:04:37] [WATCHDOG-STALL] RPC get_full_tick elapsed=48.1s
[18:04:52] [WATCHDOG-STALL] RPC get_full_tick elapsed=63.1s
[18:04:52] [CALL-SLOW] RPC get_full_tick elapsed=63.1s
[18:05:22] [WATCHDOG-STALL] RPC query_stock_asset elapsed=30.0s
[18:05:37] [WATCHDOG-STALL] RPC query_stock_asset elapsed=45.0s
[18:05:52] [WATCHDOG-STALL] RPC query_stock_asset elapsed=60.0s
[18:06:01] [CALL-SLOW] RPC query_stock_asset elapsed=68.6s
[18:06:07] [WATCHDOG-STALL] TICK 600584.SH elapsed=138.1s
[18:06:22] [WATCHDOG-STALL] TICK 600584.SH elapsed=153.1s
[18:06:37] [WATCHDOG-STALL] TICK 600584.SH elapsed=168.2s
[18:06:52] [WATCHDOG-STALL] TICK 600584.SH elapsed=183.2s
[18:07:05] [600584.SH] [CONNECTION-ALERT] market quote is unavailable; trade account query returned empty
[18:07:22] [WATCHDOG-STALL] RPC query_stock_positions elapsed=17.1s
[18:07:37] [WATCHDOG-STALL] RPC query_stock_positions elapsed=32.1s
[18:07:52] [WATCHDOG-STALL] RPC query_stock_positions elapsed=47.1s
[18:08:07] [WATCHDOG-STALL] RPC query_stock_positions elapsed=62.1s
[18:08:08] [CALL-SLOW] RPC query_stock_positions elapsed=62.2s
[18:08:22] [WATCHDOG-STALL] TICK 600584.SH elapsed=273.2s
[18:08:37] [WATCHDOG-STALL] TICK 600584.SH elapsed=288.2s
[18:08:52] [WATCHDOG-STALL] TICK 600584.SH elapsed=303.2s
[18:09:07] [WATCHDOG-STALL] TICK 600584.SH elapsed=318.2s
[18:09:37] [WATCHDOG-STALL] RPC query_stock_asset elapsed=29.6s
[18:09:52] [WATCHDOG-STALL] RPC query_stock_asset elapsed=44.6s
[18:10:07] [WATCHDOG-STALL] RPC query_stock_asset elapsed=59.6s
[18:10:12] [CALL-SLOW] RPC query_stock_asset elapsed=63.7s
[18:10:22] [WATCHDOG-STALL] TICK 600584.SH elapsed=393.3s
[18:10:37] [WATCHDOG-STALL] TICK 600584.SH elapsed=408.3s
[18:10:53] [WATCHDOG-STALL] TICK 600584.SH elapsed=423.3s
[18:11:08] [WATCHDOG-STALL] TICK 600584.SH elapsed=438.3s
[18:11:15] [600584.SH] [CAPACITY-WAIT] account unavailable
[18:11:15] [600584.SH] [CLOSE 18:03:49]
[18:11:15] [CALL-SLOW] TICK 600584.SH elapsed=446.1s
[18:11:38] [WATCHDOG-STALL] RPC query_stock_positions elapsed=22.2s
[18:11:53] [WATCHDOG-STALL] RPC query_stock_positions elapsed=37.2s
[18:12:08] [WATCHDOG-STALL] RPC query_stock_positions elapsed=52.3s
[18:12:15] [CALL-SLOW] RPC query_stock_positions elapsed=60.1s
[18:13:19] [STATE-BLOCKED] Timeout connecting to server; automatic trading stopped; checkpoint retained
[18:13:19] [600584.SH] [STOP] 长电科技 v49 cum 0 days gross~Y0
[18:13:19] [601869.SH] [STOP] 长飞光纤 v49 cum 0 days gross~Y0

============================================================
  日志结束: 2026-09-09 18:13:20
============================================================
