============================================================
  日志文件创建: 2026-09-07 11:07:36
  策略版本: v42 (for MiniQMT Evn)
  标的: 601869
============================================================
[11:07:37] [连接] MiniQMT 行情服务已连接
[11:07:37] [账号状态] 8890145315 STOCK: 正常
[11:07:38] [交易] 已订阅账号 8890145315
[11:07:38] [START] 长飞光纤 v42 LIVE 601869.SH
[11:07:40] [DailyData] excluded incomplete current-day bar 20260907
[11:07:42] [DATA-HEALTH] last_complete=20260904 expected=20260904 raw_close=378.80 tick_lastClose=378.80 count=79 aligned=True status=OK
[11:07:42] [DATA-DBG] last_complete=20260904 hist_open[-3:]=[392.59, 412.0, 399.66] | tick_open=390.0 | lastClose=378.8 | signal_open=390.0 (TICK_OPEN)
[11:07:42] [VOLUME-DATA] complete_count=79 tail=[125787.0, 118768.0, 100158.0]
[11:07:42] [SIGNAL] ADAPTIVE-BULL | SignalBase Y390.00 (source: today open tick) | ATR 7.5% | RSI 51 | Vol_ratio 0.71 | Mult 0.39 | Trig Y401.06 [REV-T blocked:adaptive linear bull style]
[11:07:42] [ADAPTIVE-LINEAR] score +0.2309 | bear<=-0.1191 | bull>=+0.1191 | samples 69 | span 8d | horizon 2d | trigger ATR-units 0.392
[11:07:42] [VOLUME] last 100158 | prev10_avg 150399 (last/10d 0.67x) | prev20_avg 141785 (last/20d 0.71x) | n10=10 n20=20 | VALID
[11:07:42] [FACTOR] trend -0.54 |  momentum -0.13 |  drawdown +0.69 |  volatility +0.06 |  volume -0.14 | 
[11:07:42] [ACCOUNT] Position:200 sh Y78,380(99%) | Cash:Y455 | Sellable:2 lots(200 sh)
[11:07:42] [REV-T] BLOCKED adaptive linear bull style | plan sell Y401.06 = open Y390.00*(1+ATR 7.52%*linear_units 0.392) | buyback Y396.54 = Y401.06*(1-7.52%*0.15)
[11:07:42] [FWD-T] BLOCKED insufficient cash for 1 lot | plan buy Y384.16 = max(floor Y378.30, trail Y384.16) | plan sell Y388.77 = Y384.16*(1+1.2%) | plan 1 lot~Y38,416
[11:07:42] [MOM] 2minutes±3.6×ATR in 10 minutes(1.0%~6.0%) 反T买回-1.5% 正T卖回+1.8% MOM_LOT_SIZE(100sh) 上限3次 紧急买回关
[11:07:42] [MOM-CAPACITY] short ON | long OFF insufficient cash for 1 lot
[11:07:42] [MOM-v40] REV让权开 band 1.20% (仅低于REV阈值) | 自适应回撤开 0.20~0.60% ATR×0.30
[11:07:42] [MA-POS] price Y391.90 | MA5 Y394.40: BELOW -0.63% | MA20 Y380.02: ABOVE +3.13%
[11:07:42] [OPEN] [Y391.90] [REV-T needs +2.34% to Y401.06] [FWD-T needs -1.97% to Y384.16]
[11:07:42] [STANDBY] Y391.90 no trade direction
[11:12:47] [STANDBY] Y392.49 no trade direction
[11:14:54] Interrupted by user
[11:14:54] [STOP] 长飞光纤 v42 cum 0 days gross~Y0

============================================================
  日志结束: 2026-09-07 11:14:54
============================================================
