============================================================
  日志文件创建: 2026-09-10 17:42:38
  策略版本: v51 (for MiniQMT Evn)
  标的: portfolio
============================================================
[17:42:39] [REFERENCE-MODE] shadow: shadow keeps v50 execution; active requires user-approved validation
[17:42:39] [连接] MiniQMT 行情服务已连接
[17:42:39] [账号状态] 8890145315 STOCK: 正常
[17:42:40] [交易] 已订阅账号 8890145315
[17:42:40] [RUNTIME] watchdog=15.0s read-RPC-timeout=5.0s instrumented-clients=2; native/router calls may have separate timeouts
[17:42:40] [PORTFOLIO-START] all account holdings; mode=LIVE
[17:42:40] [600584.SH] [STATE-RESTORED] same-day state=IDLE REV-count=1 FWD-count=0 MOM-count=0
[17:42:40] [601869.SH] [STATE-RESTORED] same-day state=IDLE REV-count=0 FWD-count=0 MOM-count=0
[17:42:40] [600584.SH] [START] v51 LIVE
[17:42:40] [600584.SH] [NON-TRADING PREVIEW] indicative plans only; no orders outside trading hours; next trading day recalculates from its opening price
[17:42:41] [600584.SH] [T-SIZE PLAN] at base Y68.64: REV 300 sh / FWD 100 sh; rechecked at order submission
[17:42:41] [600584.SH] [SIGNAL] ADAPTIVE-SIDEWAYS | SignalBase Y68.64 (source: latest complete close; after-hours) | ATR 4.9% | RSI 26 | Vol_ratio 0.60 | Mult 0.29 | Trig Y69.18 
[17:42:41] [600584.SH] [QUANTILE-TREND] score -0.600 | rank 0.314 | trigger-Q 0.361 | samples 70 | span 8d | ATR-units 0.259
[17:42:41] [600584.SH] [QUANTILE-FORMULA] units=Quantile(next-day open-to-high, tail 0.125 + trend-rank 0.314*(1-2*tail)) = Q0.361 -> raw 0.2587 * scale 1.00 = 0.2587
[17:42:41] [600584.SH] [VOLUME] last 613675 | prev10_avg 762994 (last/10d 0.80x) | prev20_avg 1025718 (last/20d 0.60x) | n10=10 n20=20 | VALID
[17:42:41] [600584.SH] [FACTOR] trend_score -0.60 |  trend_rank +0.31 |  trigger_q +0.36 | 
[17:42:41] [600584.SH] [ACCOUNT] Position:900 sh Y61,308(52%) | Cash:Y13,390 | Sellable:7 lots(700 sh)
[17:42:41] [600584.SH] [REV-T] NON-TRADING PREVIEW plan 300 sh / remaining 4 entries | plan sell Y69.18 = close-fill Y68.2100*(1+ATR 4.8857%*(reentry_units 0.361369*scale 0.800)) [ceil cent; min distance Y0.01] | buyback Y68.67 = Y69.18*(1-4.89%*0.15)
[17:42:41] [600584.SH] [FWD-T] NON-TRADING PREVIEW plan 100 sh / remaining 5 entries | plan buy Y67.08 = max(floor Y67.08, trail Y67.08) | plan sell Y67.88 = Y67.08*(1+1.2%) | planned value~Y6,708
[17:42:41] [600584.SH] [MOM] 2minutes±3.6×ATR in 10 minutes(1.0%~6.0%) 反T买回-1.5% 正T卖回+1.8% 最小单位(100sh)，新开仓按金额/底仓动态计算 上限3次 紧急买回关
[17:42:41] [600584.SH] [MOM-CAPACITY] short ON | long ON
[17:42:41] [600584.SH] [MOM-v40] REV让权开 band 1.20% (仅低于REV阈值) | 自适应回撤开 0.20~0.60% ATR×0.30
[17:42:41] [600584.SH] [CUM] 1 trades gross~Y112
[17:42:41] [600584.SH] [CONNECTION] market/trade probes OK
[17:42:42] [600584.SH] [STRENGTH SHADOW] NON_TRADING minutes=0; original reference, observation reset
[17:42:42] [600584.SH] [CLOSE 17:42:41]
[17:42:42] [STATE-SAVED] symbols=2 inflight=False path=D:\02Project\QMT-export\Stragety\MiniQMT_Stragety\DayT\state\v49_8890145315.json
[17:42:42] [601869.SH] [START] v51 LIVE
[17:42:42] [601869.SH] [NON-TRADING PREVIEW] indicative plans only; no orders outside trading hours; next trading day recalculates from its opening price
[17:42:43] [601869.SH] [T-SIZE PLAN] at base Y437.32: REV 100 sh / FWD 0 sh; rechecked at order submission
[17:42:44] [601869.SH] [SIGNAL] ADAPTIVE-SIDEWAYS | SignalBase Y437.32 (source: today open tick) | ATR 6.5% | RSI 70 | Vol_ratio 1.41 | Mult 0.42 | Trig Y449.29 
[17:42:44] [601869.SH] [QUANTILE-TREND] score +1.203 | rank 0.786 | trigger-Q 0.714 | samples 70 | span 8d | ATR-units 0.419
[17:42:44] [601869.SH] [QUANTILE-FORMULA] units=Quantile(next-day open-to-high, tail 0.125 + trend-rank 0.786*(1-2*tail)) = Q0.714 -> raw 0.6977 * scale 0.60 = 0.4186
[17:42:44] [601869.SH] [VOLUME] last 198414 | prev10_avg 141748 (last/10d 1.40x) | prev20_avg 140775 (last/20d 1.41x) | n10=10 n20=20 | VALID
[17:42:44] [601869.SH] [FACTOR] trend_score +1.20 |  trend_rank +0.79 |  trigger_q +0.71 | 
[17:42:44] [601869.SH] [ACCOUNT] Position:100 sh Y43,574(37%) | Cash:Y13,390 | Sellable:1 lots(100 sh)
[17:42:44] [601869.SH] [REV-T] NON-TRADING PREVIEW plan 100 sh / remaining 5 entries | plan sell Y449.29 = open Y437.32*(1+ATR 6.54%*quantile_units 0.419) | buyback Y444.88 = Y449.29*(1-6.54%*0.15)
[17:42:44] [601869.SH] [FWD-T] BLOCKED insufficient cash for 1 lot | plan buy Y425.61 = max(floor Y424.20, trail Y425.61) | plan sell Y430.72 = Y425.61*(1+1.2%) | planned value~Y0
[17:42:44] [601869.SH] [MOM] 2minutes±3.6×ATR in 10 minutes(1.0%~6.0%) 反T买回-1.5% 正T卖回+1.8% 最小单位(100sh)，新开仓按金额/底仓动态计算 上限3次 紧急买回关
[17:42:44] [601869.SH] [MOM-CAPACITY] short ON | long OFF insufficient cash for 1 lot
[17:42:44] [601869.SH] [MOM-v40] REV让权开 band 1.20% (仅低于REV阈值) | 自适应回撤开 0.20~0.60% ATR×0.30
[17:42:45] [601869.SH] [CONNECTION] market/trade probes OK
[17:42:45] [601869.SH] [STRENGTH SHADOW] NON_TRADING minutes=0; original reference, observation reset
[17:42:45] [601869.SH] [CLOSE 17:42:44]
[17:47:43] [600584.SH] [CLOSE 17:47:43]
[17:47:44] [STATE-SAVED] symbols=2 inflight=False path=D:\02Project\QMT-export\Stragety\MiniQMT_Stragety\DayT\state\v49_8890145315.json
[17:47:47] [601869.SH] [CLOSE 17:47:46]
[17:52:45] [600584.SH] [CLOSE 17:52:45]
[17:52:46] [STATE-SAVED] symbols=2 inflight=False path=D:\02Project\QMT-export\Stragety\MiniQMT_Stragety\DayT\state\v49_8890145315.json
[17:52:48] [601869.SH] [CLOSE 17:52:47]
[17:57:47] [600584.SH] [CLOSE 17:57:46]
[17:57:47] [STATE-SAVED] symbols=2 inflight=False path=D:\02Project\QMT-export\Stragety\MiniQMT_Stragety\DayT\state\v49_8890145315.json
[17:57:50] [601869.SH] [CLOSE 17:57:49]
[18:02:49] [600584.SH] [CLOSE 18:02:48]
[18:02:49] [STATE-SAVED] symbols=2 inflight=False path=D:\02Project\QMT-export\Stragety\MiniQMT_Stragety\DayT\state\v49_8890145315.json
[18:02:51] [601869.SH] [CLOSE 18:02:51]
[18:07:51] [600584.SH] [CLOSE 18:07:50]
[18:07:51] [STATE-SAVED] symbols=2 inflight=False path=D:\02Project\QMT-export\Stragety\MiniQMT_Stragety\DayT\state\v49_8890145315.json
[18:07:53] [601869.SH] [CLOSE 18:07:52]
[18:12:52] [600584.SH] [CLOSE 18:12:52]
[18:12:53] [STATE-SAVED] symbols=2 inflight=False path=D:\02Project\QMT-export\Stragety\MiniQMT_Stragety\DayT\state\v49_8890145315.json
[18:12:54] [601869.SH] [CLOSE 18:12:54]
[18:17:54] [600584.SH] [CLOSE 18:17:54]
[18:17:54] [STATE-SAVED] symbols=2 inflight=False path=D:\02Project\QMT-export\Stragety\MiniQMT_Stragety\DayT\state\v49_8890145315.json
[18:17:55] [601869.SH] [CLOSE 18:17:55]
[18:22:56] [600584.SH] [CLOSE 18:22:55]
[18:22:56] [STATE-SAVED] symbols=2 inflight=False path=D:\02Project\QMT-export\Stragety\MiniQMT_Stragety\DayT\state\v49_8890145315.json
[18:22:57] [601869.SH] [CLOSE 18:22:56]
[18:27:57] [600584.SH] [CLOSE 18:27:57]
[18:27:58] [STATE-SAVED] symbols=2 inflight=False path=D:\02Project\QMT-export\Stragety\MiniQMT_Stragety\DayT\state\v49_8890145315.json
[18:27:59] [601869.SH] [CLOSE 18:27:58]
[18:32:59] [600584.SH] [CLOSE 18:32:59]
[18:33:00] [STATE-SAVED] symbols=2 inflight=False path=D:\02Project\QMT-export\Stragety\MiniQMT_Stragety\DayT\state\v49_8890145315.json
[18:33:00] [601869.SH] [CLOSE 18:33:00]
[18:38:01] [600584.SH] [CLOSE 18:38:01]
[18:38:02] [STATE-SAVED] symbols=2 inflight=False path=D:\02Project\QMT-export\Stragety\MiniQMT_Stragety\DayT\state\v49_8890145315.json
[18:38:02] [601869.SH] [CLOSE 18:38:02]
[18:43:03] [600584.SH] [CLOSE 18:43:02]
[18:43:04] [STATE-SAVED] symbols=2 inflight=False path=D:\02Project\QMT-export\Stragety\MiniQMT_Stragety\DayT\state\v49_8890145315.json
[18:43:05] [601869.SH] [CLOSE 18:43:04]
[18:48:05] [600584.SH] [CLOSE 18:48:05]
[18:48:06] [STATE-SAVED] symbols=2 inflight=False path=D:\02Project\QMT-export\Stragety\MiniQMT_Stragety\DayT\state\v49_8890145315.json
[18:48:07] [601869.SH] [CLOSE 18:48:06]
[18:53:07] [600584.SH] [CLOSE 18:53:06]
[18:53:08] [STATE-SAVED] symbols=2 inflight=False path=D:\02Project\QMT-export\Stragety\MiniQMT_Stragety\DayT\state\v49_8890145315.json
[18:53:08] [601869.SH] [CLOSE 18:53:08]
[18:58:09] [600584.SH] [CLOSE 18:58:08]
[18:58:09] [STATE-SAVED] symbols=2 inflight=False path=D:\02Project\QMT-export\Stragety\MiniQMT_Stragety\DayT\state\v49_8890145315.json
[18:58:10] [601869.SH] [CLOSE 18:58:10]
[19:03:11] [600584.SH] [CLOSE 19:03:10]
[19:03:11] [STATE-SAVED] symbols=2 inflight=False path=D:\02Project\QMT-export\Stragety\MiniQMT_Stragety\DayT\state\v49_8890145315.json
[19:03:12] [601869.SH] [CLOSE 19:03:11]
[19:08:14] [600584.SH] [CLOSE 19:08:12]
[19:08:14] [STATE-SAVED] symbols=2 inflight=False path=D:\02Project\QMT-export\Stragety\MiniQMT_Stragety\DayT\state\v49_8890145315.json
[19:08:16] [601869.SH] [CLOSE 19:08:14]
[19:13:17] [600584.SH] [CLOSE 19:13:15]
[19:13:17] [STATE-SAVED] symbols=2 inflight=False path=D:\02Project\QMT-export\Stragety\MiniQMT_Stragety\DayT\state\v49_8890145315.json
[19:13:19] [601869.SH] [CLOSE 19:13:17]
[19:18:18] [600584.SH] [CLOSE 19:18:17]
[19:18:18] [STATE-SAVED] symbols=2 inflight=False path=D:\02Project\QMT-export\Stragety\MiniQMT_Stragety\DayT\state\v49_8890145315.json
[19:18:21] [601869.SH] [CLOSE 19:18:20]
[19:23:20] [600584.SH] [CLOSE 19:23:19]
[19:23:20] [STATE-SAVED] symbols=2 inflight=False path=D:\02Project\QMT-export\Stragety\MiniQMT_Stragety\DayT\state\v49_8890145315.json
[19:23:22] [601869.SH] [CLOSE 19:23:22]
[19:28:21] [600584.SH] [CLOSE 19:28:21]
[19:28:22] [STATE-SAVED] symbols=2 inflight=False path=D:\02Project\QMT-export\Stragety\MiniQMT_Stragety\DayT\state\v49_8890145315.json
[19:28:25] [601869.SH] [CLOSE 19:28:23]
