============================================================
  日志文件创建: 2026-09-07 00:15:14
  策略版本: v41 (for MiniQMT Evn)
  标的: 601869
============================================================
[00:15:26] [连接] MiniQMT 行情服务已连接
[00:15:26] [账号状态] 8890145315 STOCK: 正常
[00:15:27] [交易] 已订阅账号 8890145315
[00:15:27] [START] 长飞光纤 v41 LIVE 601869.SH
[00:15:30] [DATA-HEALTH] last_complete=20260904 expected=20260904 raw_close=378.80 tick_lastClose=393.46 count=80 aligned=True status=OK
[00:15:30] [DATA-DBG] last_complete=20260904 hist_open[-3:]=[392.59, 412.0, 399.66] | tick_open=399.66 | lastClose=393.46 | signal_open=378.8 (AFTER-HOURS latest_complete_close)
[00:15:30] [AFTER-HOURS] signal open uses latest complete close Y378.80
[00:15:30] [VOLUME-DATA] complete_count=80 tail=[125787.0, 118768.0, 100158.0]
[00:15:30] [SIGNAL] WEAK-BULL | SignalBase Y378.80 (source: latest complete close; after-hours) | ATR 7.5% | RSI 51 | Vol_ratio 0.71 | Mult 0.70 | Trig Y390.76 
[00:15:30] [VOLUME] last 100158 | prev10_avg 150399 (last/10d 0.67x) | prev20_avg 141785 (last/20d 0.71x) | n10=10 n20=20 | VALID
[00:15:30] [FACTOR] trend +0.05 |  volatility -0.12 |  volume +0.12 |  RSI +0.00 | 
[00:15:30] [ACCOUNT] Position:200 sh Y75,760(99%) | Cash:Y455 | Sellable:2 lots(200 sh)
[00:15:30] [REV-T] ENABLED 2 lots | plan sell Y390.76 = open Y378.80*(1+ATR 7.52%*mult 0.70*scale 0.60) | buyback Y386.35 = Y390.76*(1-7.52%*0.15)
[00:15:30] [FWD-T] BLOCKED insufficient cash for 1 lot | plan buy Y371.22 = max(floor Y367.44, trail Y371.22) | plan sell Y375.67 = Y371.22*(1+1.2%) | plan 1 lot~Y37,122
[00:15:30] [MOM] 2minutes±3.6×ATR in 10 minutes(1.0%~6.0%) 反T买回-1.5% 正T卖回+1.8% MOM_LOT_SIZE(100sh) 上限3次 紧急买回关
[00:15:30] [MOM-CAPACITY] short ON | long OFF insufficient cash for 1 lot
[00:15:30] [MOM-v40] REV让权开 band 1.20% (仅低于REV阈值) | 自适应回撤开 0.20~0.60% ATR×0.30
[00:15:30] [WAIT 00:15:30] to open 9时14分
[00:20:30] [WAIT 00:20:30] to open 9时9分
[00:25:30] [WAIT 00:25:30] to open 9时4分
[00:30:30] [WAIT 00:30:30] to open 8时59分
[00:35:30] [WAIT 00:35:30] to open 8时54分
[00:51:33] [WAIT 00:51:33] to open 8时38分
[01:39:03] [WAIT 01:39:03] to open 7时50分
[01:44:03] [WAIT 01:44:03] to open 7时45分
[01:49:03] [WAIT 01:49:03] to open 7时40分
[01:54:03] [WAIT 01:54:03] to open 7时35分
[01:59:03] [WAIT 01:59:03] to open 7时30分
[02:39:55] [WAIT 02:39:55] to open 6时50分
[03:39:21] [WAIT 03:39:21] to open 5时50分
[04:39:51] [WAIT 04:39:51] to open 4时50分
[05:33:16] [WAIT 05:33:16] to open 3时56分
[06:37:19] [WAIT 06:37:19] to open 2时52分
[06:42:20] [WAIT 06:42:20] to open 2时47分
[06:47:20] [WAIT 06:47:20] to open 2时42分
[06:52:20] [WAIT 06:52:20] to open 2时37分
[06:57:20] [WAIT 06:57:20] to open 2时32分
[07:02:20] [WAIT 07:02:20] to open 2时27分
[07:07:20] [WAIT 07:07:20] to open 2时22分
[07:12:20] [WAIT 07:12:20] to open 2时17分
[07:17:20] [WAIT 07:17:20] to open 2时12分
[07:22:20] [WAIT 07:22:20] to open 2时7分
[07:27:20] [WAIT 07:27:20] to open 2时2分
[07:32:20] [WAIT 07:32:20] to open 1时57分
[09:02:26] [WAIT 09:02:26] to open 27分34秒
[09:07:26] [WAIT 09:07:26] to open 22分34秒
[09:12:26] [WAIT 09:12:26] to open 17分34秒
[09:17:26] [WAIT 09:17:26] to open 12分34秒
[09:22:26] [WAIT 09:22:26] to open 7分34秒
[09:27:26] [WAIT 09:27:26] to open 2分34秒
[09:28:33] Interrupted by user
[09:28:34] [STOP] 长飞光纤 v41 cum 0 days gross~Y0

============================================================
  日志结束: 2026-09-07 09:28:34
============================================================
