============================================================
  日志文件创建: 2026-09-07 11:14:57
  策略版本: v42 (for MiniQMT Evn)
  标的: 601869
============================================================
[11:14:59] [连接] MiniQMT 行情服务已连接
[11:14:59] [账号状态] 8890145315 STOCK: 正常
[11:14:59] [交易] 已订阅账号 8890145315
[11:14:59] [START] 长飞光纤 v42 LIVE 601869.SH
[11:15:00] [DailyData] excluded incomplete current-day bar 20260907
[11:15:02] [DATA-HEALTH] last_complete=20260904 expected=20260904 raw_close=378.80 tick_lastClose=378.80 count=79 aligned=True status=OK
[11:15:02] [DATA-DBG] last_complete=20260904 hist_open[-3:]=[392.59, 412.0, 399.66] | tick_open=390.0 | lastClose=378.8 | signal_open=390.0 (TICK_OPEN)
[11:15:02] [VOLUME-DATA] complete_count=79 tail=[125787.0, 118768.0, 100158.0]
[11:15:03] [SIGNAL] ADAPTIVE-BULL | SignalBase Y390.00 (source: today open tick) | ATR 7.5% | RSI 51 | Vol_ratio 0.71 | Mult 0.12 | Trig Y393.52 [REV-T blocked:adaptive linear bull style]
[11:15:03] [ADAPTIVE-LINEAR] score +0.2309 | bear<=-0.1191 | bull>=+0.1191 | samples 69 | span 8d | horizon 2d | mean 0.392 | attainable 0.048 | trigger ATR-units 0.120
[11:15:03] [REV-T PROFIT-FLOOR] Y311.84 (position cost + configured fees)
[11:15:03] [VOLUME] last 100158 | prev10_avg 150399 (last/10d 0.67x) | prev20_avg 141785 (last/20d 0.71x) | n10=10 n20=20 | VALID
[11:15:03] [FACTOR] trend -0.54 |  momentum -0.13 |  drawdown +0.69 |  volatility +0.06 |  volume -0.14 | 
[11:15:03] [ACCOUNT] Position:200 sh Y78,468(99%) | Cash:Y455 | Sellable:2 lots(200 sh)
[11:15:03] [REV-T] BLOCKED adaptive linear bull style | plan sell Y393.52 = open Y390.00*(1+ATR 7.52%*linear_units 0.120) | buyback Y389.08 = Y393.52*(1-7.52%*0.15)
[11:15:03] [FWD-T] BLOCKED insufficient cash for 1 lot | plan buy Y384.67 = max(floor Y378.30, trail Y384.67) | plan sell Y389.29 = Y384.67*(1+1.2%) | plan 1 lot~Y38,467
[11:15:03] [MOM] 2minutes±3.6×ATR in 10 minutes(1.0%~6.0%) 反T买回-1.5% 正T卖回+1.8% MOM_LOT_SIZE(100sh) 上限3次 紧急买回关
[11:15:03] [MOM-CAPACITY] short ON | long OFF insufficient cash for 1 lot
[11:15:03] [MOM-v40] REV让权开 band 1.20% (仅低于REV阈值) | 自适应回撤开 0.20~0.60% ATR×0.30
[11:15:03] [MA-POS] price Y392.34 | MA5 Y394.49: BELOW -0.54% | MA20 Y380.05: ABOVE +3.24%
[11:15:03] [OPEN] [Y392.34] [REV-T needs +0.30% to Y393.52] [FWD-T needs -1.95% to Y384.67]
[11:15:03] [STANDBY] Y392.34 no trade direction
[11:20:03] [STANDBY] Y392.86 no trade direction
[11:25:05] [MA-POS] price Y392.92 | MA5 Y394.60: BELOW -0.43% | MA20 Y380.07: ABOVE +3.38%
[11:25:05] [STANDBY] Y392.92 no trade direction
[11:25:46] Interrupted by user
[11:25:46] [STOP] 长飞光纤 v42 cum 0 days gross~Y0

============================================================
  日志结束: 2026-09-07 11:25:46
============================================================
