============================================================
  日志文件创建: 2026-09-08 18:51:55
  策略版本: v42 (for MiniQMT Evn)
  标的: 601869
============================================================
[18:51:58] [连接] MiniQMT 行情服务已连接
[18:52:00] [账号状态] 8890145315 STOCK: 正常
[18:52:00] [交易] 已订阅账号 8890145315
[18:52:00] [START] 长飞光纤 v42 LIVE 601869.SH
[18:52:01] [DailyData] excluded incomplete current-day bar 20260908
[18:52:03] [DATA-HEALTH] last_complete=20260907 expected=20260907 raw_close=400.51 tick_lastClose=400.51 count=79 aligned=True status=OK
[18:52:03] [DATA-DBG] last_complete=20260907 hist_open[-3:]=[412.0, 399.66, 390.0] | tick_open=400.88 | lastClose=400.51 | signal_open=400.51 (AFTER-HOURS latest_complete_close)
[18:52:03] [AFTER-HOURS] signal open uses latest complete close Y400.51
[18:52:03] [VOLUME-DATA] complete_count=79 tail=[118768.0, 100158.0, 124725.0]
[18:52:03] [SIGNAL] ADAPTIVE-SIDEWAYS | SignalBase Y400.51 (source: latest complete close; after-hours) | ATR 7.1% | RSI 54 | Vol_ratio 0.90 | Mult 0.10 | Trig Y403.11 
[18:52:03] [ADAPTIVE-LINEAR] score +0.0542 | bear<=-0.1173 | bull>=+0.1173 | samples 69 | span 8d | horizon 2d | mean 0.455 | attainable 0.075 | trigger ATR-units 0.096
[18:52:03] [ADAPTIVE-UNIT-FORMULA] units=clip(mean 0.455 (base 0.516 + tre-0.001 mom-0.031 dra+0.020 vol+0.009 vol-0.057) + lower-residual 1.00*-0.381, [0.096, 0.990]) = 0.096 (tail 0.125)
[18:52:03] [VOLUME] last 124725 | prev10_avg 150571 (last/10d 0.83x) | prev20_avg 138755 (last/20d 0.90x) | n10=10 n20=20 | VALID
[18:52:03] [FACTOR] trend -0.53 |  momentum -0.13 |  drawdown +0.67 |  volatility +0.21 |  volume -0.22 | 
[18:52:03] [ACCOUNT] Position:100 sh Y41,685(51%) | Cash:Y40,310 | Sellable:1 lots(100 sh)
[18:52:03] [REV-T] ENABLED 1 lots | plan sell Y403.11 = open Y400.51*(1+ATR 7.05%*linear_units 0.096) | buyback Y398.85 = Y403.11*(1-7.05%*0.15)
[18:52:03] [FWD-T] BLOCKED insufficient cash for 1 lot | plan buy Y408.51 = max(floor Y388.49, trail Y408.51) | plan sell Y413.41 = Y408.51*(1+1.2%) | plan 1 lot~Y40,851
[18:52:03] [MOM] 2minutes±3.6×ATR in 10 minutes(1.0%~6.0%) 反T买回-1.5% 正T卖回+1.8% MOM_LOT_SIZE(100sh) 上限3次 紧急买回关
[18:52:03] [MOM-CAPACITY] short ON | long OFF insufficient cash for 1 lot
[18:52:03] [MOM-v40] REV让权开 band 1.20% (仅低于REV阈值) | 自适应回撤开 0.20~0.60% ATR×0.30
[18:52:03] [CLOSE 18:52:03]
[18:57:03] [CLOSE 18:57:03]
[19:02:03] [CLOSE 19:02:03]
[19:05:24] Interrupted by user
[19:05:24] [STOP] 长飞光纤 v42 cum 0 days gross~Y0

============================================================
  日志结束: 2026-09-08 19:05:24
============================================================
