============================================================
  日志文件创建: 2026-08-10 09:33:10
  策略版本: v16 (MiniQMT, 模块化拆分)
  标的: 601869
============================================================
[09:33:14] [连接] MiniQMT 行情服务已连接

[09:33:14] [交易] 已订阅账号 8890145315

[09:33:14] 长飞光纤 迷你反T v16 MiniQMT版 启动

[09:33:14]   mode: 实盘交易

[09:33:14]   标的: 长飞光纤(601869.SH)

[09:33:14]   触发BASE: bear=0.4 sideways=0.55 weak_bull=0.65

[09:33:14]   ★ 日志文件: D:\02Project\QMT-export\Stragety\MiniQMT_Stragety\logs\DayTradeing_v16_601869_20260810_093310.log

[09:33:14]   ★ 模块: core/ + infra/ 拆分结构 (v16 盘前摘要增强)

[09:33:14] [数据] 今日开盘: Y345.00 (来自tick)

[09:33:14] 

[09:33:14] ┌──────────────────────────────────────────────────────────┐

[09:33:14] │  📊 信号计算结果摘要                                        │

[09:33:14] ├──────────────────────────────────────────────────────────┤

[09:33:14] │  趋势判定: 熊市 🔴                          连涨: 2天  │

[09:33:14] │  开盘: Y345.00         昨收: Y312.40         涨跌: +10.44%  │

[09:33:14] │  ATR: Y34.13 (10.92%)    ATR/MA20: 0.86                    │

[09:33:14] │  RSI: 41.6                   量比: 1.00                        │

[09:33:14] │  卖出乘数: 0.20  (基础: 0.40)                              │

[09:33:14] │  因子偏差: 趋势: -0.15 | 波动率: -0.11 | 成交量: +0.00 | RSI: +0.03                        │

[09:33:14] │  反T触发线: Y351.83  (原始: Y351.83)          │

[09:33:14] └──────────────────────────────────────────────────────────┘

[09:33:14] 

[09:33:14] ┌──────────────────────────────────────────────────────────┐

[09:33:14] │  🎯 今日交易计划 — bear  20260810               │

[09:33:14] ├──────────────────────────────────────────────────────────┤

[09:33:14] │  持仓:   100股  Y    34,936  (35%)                       │

[09:33:14] │  可用: Y      64,993    总资产: Y      99,929              │

[09:33:14] │  T+0可卖: 100股 (1手)   T+1锁定:   0股                       │

[09:33:14] ├──────────────────────────────────────────────────────────┤

[09:33:14] │  📉 反T (先卖后买) — ✅ 可用  1手                         │

[09:33:14] │     ├─ 卖出触发: Y351.83  (开盘 + ATR34.13 × 0.2)           │

[09:33:14] │     ├─ 卖出确认: 回落 ≥ 0.10%                               │

[09:33:14] │     ├─ 买回触发: 卖价 × (1 - ATR% × 0.15)                  │

[09:33:14] │     ├─ 买回确认: 回升 ≥ 0.10%                               │

[09:33:14] │     ├─ 紧急买回: 卖价 +3.0%                                  │

[09:33:14] │     ├─ 止损线: -1.5%                                        │

[09:33:14] │     └─ 尾盘强平: 已禁用                                    │

[09:33:14] │     📝 示例: 若卖Y351.83, 买回约Y346.06                        │

[09:33:14] ├──────────────────────────────────────────────────────────┤

[09:33:14] │  📈 正T (先买后卖) — ✅ 可用  1手                         │

[09:33:14] │     ├─ 买入触发: Y342.37  (动态跟踪)                          │

[09:33:14] │     │   底线(固定): Y334.65  (开盘 - 3.0%)                  │

[09:33:14] │     │   跟随(动态): Y342.37  (当前价 - 2.0%)               │

[09:33:14] │     ├─ 买入确认: 回升 ≥ 0.10%                               │

[09:33:14] │     ├─ 卖出触发: Y346.48  (买价 + 1.2%)                    │

[09:33:14] │     ├─ 卖出确认: 回落 ≥ 0.10%                               │

[09:33:14] │     ├─ 止损线: 买价 -1.5%                                   │

[09:33:14] │     ├─ 1手资金: Y34,936  (可用 Y64,993)                        │

[09:33:14] │     └─ 尾盘强平: 已禁用                                    │

[09:33:14] ├──────────────────────────────────────────────────────────┤

[09:33:14] │  ⚠ 风险: 熊市, 正T风险较高, 优先反T                          │

[09:33:14] │  📋 状态监控: 反T=✅ 正T=✅ 锁仓=False 最大3/3次                 │

[09:33:14] └──────────────────────────────────────────────────────────┘

[09:33:14] 

[09:33:14] 开始监控... (Ctrl+C 停止)

[09:33:14] 

[09:33:14] [心跳] IDLE | Y349.36 | 反T: 需涨2.47至Y351.83触发卖出  |  正T: 需跌6.99至Y342.37触发买入

[09:34:14] [心跳] IDLE | Y348.01 | 反T: 需涨3.82至Y351.83触发卖出  |  正T: 需跌5.64至Y342.37触发买入

[09:35:14] [心跳] IDLE | Y345.25 | 反T: 需涨6.58至Y351.83触发卖出  |  正T: 需跌2.88至Y342.37触发买入

[09:36:14] [心跳] IDLE | Y345.00 | 反T: 需涨6.83至Y351.83触发卖出  |  正T: 需跌2.63至Y342.37触发买入

[09:37:14] [心跳] IDLE | Y349.00 | 反T: 需涨2.83至Y351.83触发卖出  |  正T: 需跌6.63至Y342.37触发买入

[09:38:14] [心跳] IDLE | Y349.12 | 反T: 需涨2.71至Y351.83触发卖出  |  正T: 需跌6.75至Y342.37触发买入

[09:39:15] [心跳] IDLE | Y349.00 | 反T: 需涨2.83至Y351.83触发卖出  |  正T: 需跌6.63至Y342.37触发买入

[09:40:15] [心跳] IDLE | Y345.53 | 反T: 需涨6.30至Y351.83触发卖出  |  正T: 需跌3.16至Y342.37触发买入

[09:41:15] [心跳] IDLE | Y343.80 | 反T: 需涨8.03至Y351.83触发卖出  |  正T: 需跌1.43至Y342.37触发买入

[09:42:15] [心跳] IDLE | Y343.90 | 反T: 需涨7.93至Y351.83触发卖出  |  正T: 需跌1.53至Y342.37触发买入

[09:42:42] [正T探底#1/3] Y342.20 <= Y342.37(-0.05%)

[09:43:15] [心跳] BT_DIPPING | Y339.80 | dip=Y339.80 回升0.00%(需>=0.10%)

[09:43:20] [正T买入] 最低Y339.74 回升0.11% -> Y340.13

[09:43:20]   >>> 下单买入: Y340.13 x 100股 601869.SH

[09:43:20]   买价Y340.13 | 卖回触发线: Y344.21(+1.2%)

[09:43:20] [委托] 卖 Y0.00 0/0股 -> 已报

[09:43:34] [成交] 卖  Y0.00 x 0股 = Y0

[09:43:34] [委托] 卖 Y0.00 0/0股 -> 废单

[09:44:15] [心跳] BT_BOUGHT | Y342.10 | 买Y340.13 现+0.58% | 卖出线Y344.21(需涨2.11) | 止损线Y335.03 | 尾盘14:57:00强平

[09:45:15] [心跳] BT_BOUGHT | Y339.00 | 买Y340.13 现-0.33% | 卖出线Y344.21(需涨5.21) | 止损线Y335.03 | 尾盘14:57:00强平

[09:46:11] [正T卖回监控] 涨1.43% -> Y345.00 >= Y344.21 | 等回落0.10%

[09:46:15] [心跳] BT_SPIKING | Y345.00 | peak=Y345.00 回落0.00%(需>=0.10%)

[09:46:23] [正T卖出] 峰值Y345.83 回落0.15% -> Y345.30 | 毛利~Y517

[09:46:23]   >>> 下单卖出: Y345.30 x 100股 601869.SH

[09:46:23] [委托] 卖 Y0.00 0/0股 -> 已报

[09:46:25] [成交] 卖  Y0.00 x 0股 = Y0

[09:46:25] [委托] 卖 Y0.00 0/0股 -> 废单

