============================================================
  日志文件创建: 2026-08-11 09:15:47
  策略版本: v20 (MiniQMT, 模块化拆分)
  标的: 601869
============================================================
[09:15:50] [连接] MiniQMT 行情服务已连接
[09:15:51] [交易] 已订阅账号 8890145315
[09:15:51] [启动] 长飞光纤 v20 实盘 601869.SH
[09:15:51] [信号] 熊市 开盘Y270.00 ATR10.9% RSI42 量比1.00 乘数0.20 触发Y276.83 
[09:15:51] [因子] 趋势-0.15 波动率-0.11 成交量+0.00 RSI+0.03
[09:15:51] [账户] 持仓:200股 Y67,400(68%) | 可用:Y32,066 | T+0:2手(200股)
[09:15:51] [反T] ✅ 2手 触发Y276.83 买回=卖价×(1-ATR%×0.15) 紧急+3%
[09:15:51] [正T] ❌ 资金不足  1手≈Y33,700
[09:15:51] [等待09:15:51] 距开盘14分9秒
[09:20:51] [等待09:20:51] 距开盘9分9秒
[09:25:01] [盘前09:25:01] 计算信号...
[09:25:01] [信号] 熊市 开盘Y270.00 ATR10.9% RSI42 量比1.00 乘数0.20 触发Y276.83 
[09:25:01] [因子] 趋势-0.15 波动率-0.11 成交量+0.00 RSI+0.03
[09:25:01] [账户] 持仓:200股 Y66,800(68%) | 可用:Y32,066 | T+0:2手(200股)
[09:25:01] [反T] ✅ 2手 触发Y276.83 买回=卖价×(1-ATR%×0.15) 紧急+3%
[09:25:01] [正T] ❌ 资金不足  1手≈Y33,400
[09:25:27] 用户中断
[09:25:27] [停止] 长飞光纤 v20 累计0天 毛利~Y0

============================================================
  日志结束: 2026-08-11 09:25:27
============================================================
