============================================================
  日志文件创建: 2026-08-10 15:11:54
  策略版本: RSI_v5 (MiniQMT, 模块化拆分)
  标的: 601869
============================================================
[15:11:58] [连接] MiniQMT 行情服务已连接
[15:11:59] [交易] 已订阅账号 8890145315
[15:11:59] 长飞光纤 RSI策略 v5 启动
[15:11:59]   ★ v5: tick.lastClose昨收 (唯一可靠来源)
[15:11:59]   RSI(14) | 超买>70 | 超卖<30
[15:11:59]   ★ 日志: D:\02Project\QMT-export\Stragety\MiniQMT_Stragety\logs\DayTradeing_RSI_v5_601869_20260810_151154.log
[15:11:59] 
[15:11:59] ═══════════════════════════════════════════════════════
[15:11:59]   RealTimeRSI v5 初始化 (tick.lastClose昨收)
[15:11:59] ═══════════════════════════════════════════════════════
[15:11:59]   tick.lastClose (昨收) = Y338.69
[15:11:59]   closes[-1] (xtdata最后) = Y312.40
[15:11:59]   closes[-2]            = Y284.00
[15:11:59]   tick.open  (今开) = Y345.00
[15:11:59]   tick.lastPrice       = Y343.09
[15:11:59]   → closes[-1] ≠ 昨收 (差7.76%), xtdata已包含今日partial bar
[15:11:59] [RealTimeRSI] 初始化完成: 79天历史日线
[15:11:59]   (已剥离今日partial bar: closes[-1]=Y312.40 昨收=Y338.69 差7.76%)
[15:11:59]   昨收 (tick.lastClose) = Y338.69
[15:11:59]   avg_gain=7.4745  avg_loss=13.5781
[15:11:59]   RS=0.5505
[15:11:59]   RSI_daily (昨日收盘静态) = 35.50
[15:11:59]   → 实时RSI: diff = 当前价 - Y338.69(tick昨收)
[15:11:59]   → 今日涨跌: Y+4.40 (+1.30%)
[15:11:59]   → RSI_live=36.52  RSI_daily=35.50  Δ=+1.02
[15:11:59] 
[15:11:59] 
[15:11:59] ╔══════════════════════════════════════════════════════════════╗
[15:11:59] ║  📊 RSI(14) 实时计算 v5 — 长飞光纤  20260810         ║
[15:11:59] ╟──────────────────────────────────────────────────────────────╢
[15:11:59] ║  ★ 基线价格 (tick.lastClose):                   ║
[15:11:59] ║  昨收 = Y338.69  |  今开 = Y345.00  |  当前 = Y343.09║
[15:11:59] ║  今日涨跌: Y+4.40 (+1.30%)                      ║
[15:11:59] ╟──────────────────────────────────────────────────────────────╢
[15:11:59] ║  历史14天日线涨跌:                                 ║
[15:11:59] ║   T-N         收盘价         涨跌额          涨跌幅%  ║
[15:11:59] ║  T-13  Y    401.74      -23.71        -5.57%  📉 ║
[15:11:59] ║  T-12  Y    361.57      -40.17       -10.00%  📉 ║
[15:11:59] ║  T-11  Y    382.00      +20.43        +5.65%  📈 ║
[15:11:59] ║  T-10  Y    406.38      +24.38        +6.38%  📈 ║
[15:11:59] ║  T-9  Y    366.05      -40.33        -9.92%  📉 ║
[15:11:59] ║  T-8  Y    356.12       -9.93        -2.71%  📉 ║
[15:11:59] ║  T-7  Y    331.65      -24.47        -6.87%  📉 ║
[15:11:59] ║  T-6  Y    335.89       +4.24        +1.28%  📈 ║
[15:11:59] ║  T-5  Y    302.30      -33.59       -10.00%  📉 ║
[15:11:59] ║  T-4  Y    281.70      -20.60        -6.81%  📉 ║
[15:11:59] ║  T-3  Y    262.66      -19.04        -6.76%  📉 ║
[15:11:59] ║  T-2  Y    271.50       +8.84        +3.37%  📈 ║
[15:11:59] ║  T-1  Y    262.30       -9.20        -3.39%  📉 ║
[15:11:59] ║  T-0  Y    284.00      +21.70        +8.27%  📈 ║
[15:11:59] ╟──────────────────────────────────────────────────────────────╢
[15:11:59] ║  历史 avg_gain=7.4745  avg_loss=13.5781       ║
[15:11:59] ║  实时 avg_gain=7.2549  avg_loss=12.6082  RS=0.58║
[15:11:59] ║  → RSI_live = **36.52**                     ║
[15:11:59] ╟──────────────────────────────────────────────────────────────╢
[15:11:59] ║  0 ░░░░░░░░░░░░░░░┃──▼────────────────┃▓▓▓▓▓▓▓▓▓▓▓▓▓▓▓ 100 ║
[15:11:59] ║  RSI_live=36.5 | RSI_daily=35.5 | Δ=+1.0 | ⚪ 中性 ║
[15:11:59] ║  距超买(70): +33.5点  |  距超卖(30): +6.5点 ║
[15:11:59] ╚══════════════════════════════════════════════════════════════╝
[15:11:59] 
[15:11:59] ┌──────────────────────────────────────────────────────────────┐
[15:11:59] │  🎯 RSI v5 交易计划 — 长飞光纤  20260810  ⚪ 中性           │
[15:11:59] │  RSI_live=36.5  RSI_daily=35.5  Δ=+1.0  昨收=Y338.69│
[15:11:59] ├──────────────────────────────────────────────────────────────┤
[15:11:59] │  开盘: Y345.00  当前: Y343.09  (-0.55%)  今日: +1.30%    │
[15:11:59] │  持仓:   200股  Y    68,618  (68%)  总资产: Y     100,682│
[15:11:59] │  可用资金: Y      32,064    T+0可卖:   0股 (0手)           │
[15:11:59] ├──────────────────────────────────────────────────────────────┤
[15:11:59] │  ⚪ **中性** — 等待RSI进入超买/超卖                        │
[15:11:59] ├──────────────────────────────────────────────────────────────┤
[15:11:59] │  📋 RSI(14) | 超买70 | 超卖30 | 反弹0.10% | 回落0.10% | 日2笔│
[15:11:59] └──────────────────────────────────────────────────────────────┘
[15:11:59] 
[15:11:59] 开始监控... (Ctrl+C 停止)

[15:16:18] 
用户中断
[15:16:18] 长飞光纤 RSI策略 v5 已停止 | 0笔 | PnL ~Y0
[15:16:18] ★ 日志: D:\02Project\QMT-export\Stragety\MiniQMT_Stragety\logs\DayTradeing_RSI_v5_601869_20260810_151154.log

============================================================
  日志结束: 2026-08-10 15:16:18
============================================================
