============================================================
  日志文件创建: 2026-08-10 10:45:39
  策略版本: RSI_v2 (MiniQMT, 模块化拆分)
  标的: 601869
============================================================
[10:45:41] [连接] MiniQMT 行情服务已连接

[10:45:41] [信号mode] 已连接行情, 不下单

[10:45:41] 长飞光纤 RSI策略 v2 MiniQMT版 启动

[10:45:41]   mode: 信号监控(不下单)

[10:45:41]   标的: 长飞光纤(601869.SH)

[10:45:41]   ★ v2: 下跌反弹买入 + 上涨回落卖出

[10:45:41]   RSI(6) | 超买>70 | 超卖<30

[10:45:41]   反弹确认: 0.10% | 回落确认: 0.10%

[10:45:41]   ★ 日志: d:\02Project\QMT-export\Stragety\MiniQMT_Stragety\logs\DayTradeing_RSI_v2_601869_20260810_104539.log

[10:45:41] 

[10:45:41] ╔══════════════════════════════════════════════════════════════╗

[10:45:41] ║  📊 RSI(14) 详细计算 — 长飞光纤  20260810                 ║

[10:45:41] ╠══════════════════════════════════════════════════════════════╣

[10:45:41] ║  最近6天逐日涨跌:                                           ║

[10:45:41] ║    日期         收盘价         涨跌额          涨跌幅%  ║

[10:45:41] ║  ────────────────────────────────────────────────────  ║

[10:45:41] ║  T-5  Y    281.70      -20.60        -6.81%  📉 ║

[10:45:41] ║  T-4  Y    262.66      -19.04        -6.76%  📉 ║

[10:45:41] ║  T-3  Y    271.50       +8.84        +3.37%  📈 ║

[10:45:41] ║  T-2  Y    262.30       -9.20        -3.39%  📉 ║

[10:45:41] ║  T-1  Y    284.00      +21.70        +8.27%  📈 ║

[10:45:41] ║  T-0  Y    312.40      +28.40       +10.00%  📈 ║

[10:45:41] ╠══════════════════════════════════════════════════════════════╣

[10:45:41] ║  平均涨幅 (Avg Gain):  Y9.82                             ║

[10:45:41] ║  平均跌幅 (Avg Loss):  Y8.14                             ║

[10:45:41] ║  RS = AvgGain / AvgLoss = 1.21                       ║

[10:45:41] ║  RSI = 100 - 100/(1+RS) = **51.12**                  ║

[10:45:41] ╠══════════════════════════════════════════════════════════════╣

[10:45:41] ║  RSI 当前位置:                                           ║

[10:45:41] ║  0 ░░░░░░░░░░░░░░░┃─────────▼─────────┃▓▓▓▓▓▓▓▓▓▓▓▓▓▓▓ 100 ║

[10:45:41] ║    51.1  ← 当前 RSI(6)  |  区域: ⚪ 中性 ║

[10:45:41] ║  距超买线(70): +18.9点   |  距超卖线(30): +21.1点 ║

[10:45:41] ║  前日 RSI: 36.42  →  今日: 51.12  (Δ+14.70 ↑    ) ║

[10:45:41] ╚══════════════════════════════════════════════════════════════╝

[10:45:41] 

[10:45:41] ┌──────────────────────────────────────────────────────────────┐

[10:45:41] │  🎯 RSI v2 交易计划 — 长飞光纤  20260810  RSI=51.1  ⚪ 中性      │

[10:45:41] ├──────────────────────────────────────────────────────────────┤

[10:45:41] │  开盘: Y345.00  当前: Y334.31  (-3.10%)                   │

[10:45:41] │  持仓:     0股  Y         0  (0%)  总资产: Y           0    │

[10:45:41] │  可用资金: Y           0    T+0可卖:   0股 (0手)              │

[10:45:41] ├──────────────────────────────────────────────────────────────┤

[10:45:41] │  🔄 价格行为确认机制 (v2):                                    │

[10:45:41] │  ⚪ **中性区域** — 等待RSI进入超买/超卖区域                         │

[10:45:41] │  ├─ RSI方向: 向上 (Δ+14.7 vs 前日)                         │

[10:45:41] │  └─ 建议: 等待RSI进入超买/超卖区域再激活监控                          │

[10:45:41] ├──────────────────────────────────────────────────────────────┤

[10:45:41] │  📋 参数: RSI(6) | 超买70 | 超卖30 | 反弹0.10% | 回落0.10% | 日2笔│

[10:45:41] └──────────────────────────────────────────────────────────────┘

[10:45:41] 

[10:45:41] 开始监控... (Ctrl+C 停止)

[10:45:41] 

[10:45:41] [RSI心跳] RSI=51.1 | ⚪ 中性 | ⏳ 等待触发 | Y334.31 | 0/2笔

