============================================================
  日志文件创建: 2026-08-10 09:10:47
  策略版本: v15 (MiniQMT, 模块化拆分)
  标的: 601869
============================================================
[09:10:50] [连接] MiniQMT 行情服务已连接

[09:10:50] [交易] 已订阅账号 8890145315

[09:10:50] 长飞光纤 迷你反T v15 MiniQMT版 启动

[09:10:50]   mode: 实盘交易

[09:10:50]   标的: 长飞光纤(601869.SH)

[09:10:50]   触发BASE: bear=0.4 sideways=0.55 weak_bull=0.65

[09:10:50]   ★ 日志文件: D:\02Project\QMT-export\Stragety\MiniQMT_Stragety\logs\DayTradeing_v15_601869_20260810_091047.log

[09:10:50]   ★ 模块: core/ + infra/ 拆分结构

[09:10:50] [数据] 今日开盘: Y338.69 (来自tick)

[09:10:50] 

[09:10:50] ╔═══════════════════════════════════════════════════════╗

[09:10:50] ║  长飞光纤  迷你反T v15  |  20260810  |  bear  ║

[09:10:50] ╠═══════════════════════════════════════════════════════╣

[09:10:50] ║  开盘: Y338.69  |  ATR: 10.9%  |  RSI: 42  |  量比: 1.00    ║

[09:10:50] ║  持仓: 100股 Y33,869(34%)  |  可用: Y64,993  |  总资产: Y98,862  ║

[09:10:50] ║  T+0可用: 100股(反T1手)  T+1锁定: 0股  |  熊市积极反T(1手可用)  ║

[09:10:50] ╠═══════════════════════════════════════════════════════╣

[09:10:50] ║  ★ 监控: 卖出(反T): 触发Y345.52 + 买入(正T): 触发Y331.92        ║

[09:10:50] ╚═══════════════════════════════════════════════════════╝

[09:10:50] 

[09:10:50]   ┌─ [反T — 先卖出后买回] ─

[09:10:50]   │  ★ 卖出触发线:   Y345.52

[09:10:50]   │     (开盘338.69 + ATR34.13 x 乘数0.20)

[09:10:50]   │  卖出确认: 回落 >= 0.10% -> 执行卖出

[09:10:50]   │  买回触发:  卖价 x (1 - ATR% x 0.15)

[09:10:50]   │  买回确认:  回升 >= 0.10% -> 执行买回

[09:10:50]   │  紧急买回: +3% | 止损: 1.5% | 尾盘: 14:57:00

[09:10:50]   │  [趋势因子 -0.15]

[09:10:50]   │  [波动率因子 -0.11]

[09:10:50]   │  [RSI因子 +0.03]

[09:10:50]   └─────────────────────────────────────────────

[09:10:50] 

[09:10:50]   ┌─ [正T — 先买入后卖出] ─

[09:10:50]   │  ★ 买入触发线:   Y331.92 (动态跟随盘面)

[09:10:50]   │     底线: Y328.53 (开盘338.69 - 3.0%)

[09:10:50]   │     跟随: Y331.92 (当前价 - 2.0%)  ← 实时更新

[09:10:50]   │     取较高者 -> 价格涨了触发线跟着涨

[09:10:50]   │  买入确认: 回升 >= 0.10% -> 执行买入

[09:10:50]   │  ★ 卖出触发线:   Y335.90 (买价 + 1.2%)

[09:10:50]   │  卖出确认: 回落 >= 0.10% -> 执行卖出

[09:10:50]   │  1手需 Y33,869  |  可用 Y64,993

[09:10:50]   └─────────────────────────────────────────────

[09:10:50] 

[09:10:50] 开始监控... (Ctrl+C 停止)

[09:10:50] 

[09:10:50] [等待开盘] 09:10:50 — 距开盘 19分10秒

[09:15:50] [等待开盘] 09:15:50 — 距开盘 14分10秒

[09:20:50] [等待开盘] 09:20:50 — 距开盘 9分10秒

[09:25:00] [盘前预初始化] 09:25:00 集合竞价结束, 提前计算信号...

[09:25:00] [盘前就绪] 信号已计算, 等待9:30开盘...

[09:26:00] [盘前就绪] 09:26:00 — 距开盘 4分0秒

[09:27:00] [盘前就绪] 09:27:00 — 距开盘 3分0秒

[09:28:00] [盘前就绪] 09:28:00 — 距开盘 2分0秒

[09:29:00] [盘前就绪] 09:29:00 — 距开盘 60秒

[09:30:00] [心跳] IDLE | Y345.00 | 反T: 需涨0.52至Y345.52触发卖出  |  正T: 需跌6.90至Y338.10触发买入

[09:30:11] [反T冲高#1/3] Y345.53 >= Y345.52

[09:30:14] [卖出] 最高Y345.53 回落0.15% -> Y345.02 确认卖出

[09:30:14]   买回触发线: Y339.37 (卖价-1.64%)

[09:30:14]   紧急买回线: Y355.37 (卖价+3.0%)

[09:30:14]   >>> 下单卖出: Y345.02 x 100股 601869.SH

[09:30:14] [委托] 卖 Y0.00 0/0股 -> 已报

[09:31:00] [心跳] SOLD | Y351.74 | 卖Y345.02 现+1.95% | 买回线Y339.37

[09:32:00] [心跳] SOLD | Y347.20 | 卖Y345.02 现+0.63% | 买回线Y339.37

