============================================================
  日志文件创建: 2026-08-13 11:03:40
  策略版本: v22 (MiniQMT, 模块化拆分)
  标的: 601869
============================================================
[11:03:42] [连接] MiniQMT 行情服务已连接
[11:03:43] [交易] 已订阅账号 8890145315
[11:03:43] [启动] 长飞光纤 v22 实盘 601869.SH
[11:03:43] [信号] 熊市 开盘Y352.00 ATR11.1% RSI35 量比1.00 乘数0.20 触发Y342.15 
[11:03:43] [因子] 趋势-0.15 波动率-0.17 成交量+0.00 RSI+0.10
[11:03:43] [账户] 持仓:200股 Y70,378(68%) | 可用:Y33,435 | T+0:2手(200股)
[11:03:43] [反T] ✅ 2手 触发Y342.15 买回=卖价×(1-ATR%×0.15) 紧急+3%
[11:03:43] [正T] ❌ 资金不足  1手≈Y35,189
[11:03:43] [开盘] [Y351.89] [反T触发Y342.15(需涨-2.77%)] [正T触发Y344.85(需跌2.00%)]
[11:03:43] [反T冲高#1/3] Y351.89 >= Y342.15
[11:03:43] [心跳] SPIKING Y351.89 peakY351.89 回落0.00%
[11:04:03] [反T卖出触发] 峰值Y352.50 回落0.13% → Y352.03
[11:04:03] [下单-反T卖出] Y352.03 × 100股
[11:04:03]   >>> 下单卖出: Y352.03 x 100股 601869.SH
[11:04:03] [委托] 卖 Y0.00 0/0股 -> 已报
[11:04:03] [成交] 卖  Y0.00 x 0股 = Y0
[11:04:03] [委托] 卖 Y0.00 0/0股 -> 全成
[11:04:04] [成交-反T卖出] Y352.03 × 100股 | 持仓200→100 | 资金+35,203
