============================================================
  日志文件创建: 2026-08-10 08:55:29
  策略版本: v15 (MiniQMT, 模块化拆分)
  标的: 601869
============================================================
[08:55:32] [连接] MiniQMT 行情服务已连接

[08:55:32] [交易] 已订阅账号 8890145315

[08:55:32] 长飞光纤 迷你反T v15 MiniQMT版 启动

[08:55:32]   mode: 实盘交易

[08:55:32]   标的: 长飞光纤(601869.SH)

[08:55:32]   触发BASE: bear=0.4 sideways=0.55 weak_bull=0.65

[08:55:32]   ★ 日志文件: D:\02Project\QMT-export\Stragety\MiniQMT_Stragety\logs\DayTradeing_v15_601869_20260810_085529.log

[08:55:32]   ★ 模块: core/ + infra/ 拆分结构

[08:55:32] [数据] 今日开盘: Y338.69 (来自tick)

[08:55:32] 

[08:55:32] ╔═══════════════════════════════════════════════════════╗

[08:55:32] ║  长飞光纤  迷你反T v15  |  20260810  |  bear  ║

[08:55:32] ╠═══════════════════════════════════════════════════════╣

[08:55:32] ║  开盘: Y338.69  |  ATR: 10.9%  |  RSI: 42  |  量比: 1.00    ║

[08:55:32] ║  持仓: 100股 Y33,869(34%)  |  可用: Y64,993  |  总资产: Y98,862  ║

[08:55:32] ║  T+0可用: 100股(反T1手)  T+1锁定: 0股  |  熊市积极反T(1手可用)  ║

[08:55:32] ╠═══════════════════════════════════════════════════════╣

[08:55:32] ║  ★ 监控: 卖出(反T): 触发Y345.52 + 买入(正T): 触发Y331.92        ║

[08:55:32] ╚═══════════════════════════════════════════════════════╝

[08:55:32] 

[08:55:32]   ┌─ [反T — 先卖出后买回] ─

[08:55:32]   │  ★ 卖出触发线:   Y345.52

[08:55:32]   │     (开盘338.69 + ATR34.13 x 乘数0.20)

[08:55:32]   │  卖出确认: 回落 >= 0.10% -> 执行卖出

[08:55:32]   │  买回触发:  卖价 x (1 - ATR% x 0.15)

[08:55:32]   │  买回确认:  回升 >= 0.10% -> 执行买回

[08:55:32]   │  紧急买回: +3% | 止损: 1.5% | 尾盘: 14:57:00

[08:55:32]   │  [趋势因子 -0.15]

[08:55:32]   │  [波动率因子 -0.11]

[08:55:32]   │  [RSI因子 +0.03]

[08:55:32]   └─────────────────────────────────────────────

[08:55:32] 

[08:55:32]   ┌─ [正T — 先买入后卖出] ─

[08:55:32]   │  ★ 买入触发线:   Y331.92 (动态跟随盘面)

[08:55:32]   │     底线: Y328.53 (开盘338.69 - 3.0%)

[08:55:32]   │     跟随: Y331.92 (当前价 - 2.0%)  ← 实时更新

[08:55:32]   │     取较高者 -> 价格涨了触发线跟着涨

[08:55:32]   │  买入确认: 回升 >= 0.10% -> 执行买入

[08:55:32]   │  ★ 卖出触发线:   Y335.90 (买价 + 1.2%)

[08:55:32]   │  卖出确认: 回落 >= 0.10% -> 执行卖出

[08:55:32]   │  1手需 Y33,869  |  可用 Y64,993

[08:55:32]   └─────────────────────────────────────────────

[08:55:32] 

[08:55:32] 开始监控... (Ctrl+C 停止)

[08:55:32] 

[08:55:32] [等待开盘] 08:55:32 — 距开盘 34分28秒

[09:00:32] [等待开盘] 09:00:32 — 距开盘 29分28秒

[09:05:32] [等待开盘] 09:05:32 — 距开盘 24分28秒

