============================================================
  日志文件创建: 2026-08-10 14:53:43
  策略版本: v19 (MiniQMT, 模块化拆分)
  标的: 601869
============================================================
[14:53:43] [连接] MiniQMT 行情服务已连接

[14:53:43] 长飞光纤 迷你反T v19 启动 | 信号 | 601869.SH

[14:53:43] 日志: d:\02Project\QMT-export\Stragety\MiniQMT_Stragety\logs\DayTradeing_v19_601869_20260810_145343.log

[14:53:43] ── 信号摘要 ───────────────────────────────────────────────

[14:53:43]   趋势: 熊市  连涨: 2天  开盘: Y345.00  昨收: Y312.40  ATR: 10.9%  RSI: 42  量比: 1.00

[14:53:43]   卖出乘数: 0.20(基0.40) 反T触发: Y351.83  do_short: ❌ 

[14:53:43]   因子: 趋势-0.15 波动率-0.11 成交量+0.00 RSI+0.03

[14:53:43] ── 交易计划 [bear 20260810] ──────────────────────────────────

[14:53:43]   持仓: 0股 Y0(0%)  可用: Y0  T+0: 0股(0手)  T+1: 0股

[14:53:43]   📉 反T ❌ 可用0股<1手

[14:53:43]   📈 正T ❌ 资金不足; T+1:无可卖持仓  1手≈Y34,242

[14:53:43]   状态: 反T=❌ 正T=❌  最大3/3次

[14:53:43] 开始监控... (Ctrl+C 停止)

[14:53:43] [待命] Y342.42 | 无可用交易方向

[14:58:43] [待命] Y343.30 | 无可用交易方向

[14:59:14] 用户中断

[14:59:14] 长飞光纤 v19 已停止 | 累计0天 | 毛利~Y0

[14:59:14] 日志: d:\02Project\QMT-export\Stragety\MiniQMT_Stragety\logs\DayTradeing_v19_601869_20260810_145343.log


============================================================
  日志结束: 2026-08-10 14:59:14
============================================================
