============================================================
  日志文件创建: 2026-08-12 09:19:22
  策略版本: v21 (MiniQMT, 模块化拆分)
  标的: 601869
============================================================
[09:19:26] [连接] MiniQMT 行情服务已连接
[09:19:27] [交易] 已订阅账号 8890145315
[09:19:27] [启动] 长飞光纤 v21 实盘 601869.SH
[09:19:27] [信号] 熊市 开盘Y270.00 ATR10.9% RSI42 量比1.00 乘数0.20 触发Y276.83 
[09:19:27] [因子] 趋势-0.15 波动率-0.11 成交量+0.00 RSI+0.03
[09:19:27] [账户] 持仓:200股 Y66,184(67%) | 可用:Y32,853 | T+0:2手(200股)
[09:19:27] [反T] ✅ 2手 触发Y276.83 买回=卖价×(1-ATR%×0.15) 紧急+3%
[09:19:27] [正T] ❌ 资金不足  1手≈Y33,092
[09:19:27] [等待09:19:27] 距开盘10分33秒
[09:24:27] [等待09:24:27] 距开盘5分33秒
[09:25:06] 用户中断
[09:25:06] [停止] 长飞光纤 v21 累计0天 毛利~Y0

============================================================
  日志结束: 2026-08-12 09:25:06
============================================================
