============================================================
  日志文件创建: 2026-08-10 15:42:18
  策略版本: RSI_v5 (MiniQMT, 模块化拆分)
  标的: 601869
============================================================
[15:42:22] [连接] MiniQMT 行情服务已连接
[15:42:23] [交易] 已订阅账号 8890145315
[15:42:23] Changfei Fiber RSI Strategy v5 Started
[15:42:23]   * v5: tick.lastClose as prev_close (single source of truth)
[15:42:23]   RSI(14) | OB > 70 | OS < 30
[15:42:23]   Bounce 0.10% | Pullback 0.10% | Max 2 trades/day
[15:42:23]   * Log: D:\02Project\QMT-export\Stragety\MiniQMT_Stragety\logs\DayTradeing_RSI_v5_601869_20260810_154218.log
[15:42:23] 
[15:42:23] =======================================================
[15:42:23]   RealTimeRSI v6 Init (tick.lastClose baseline, no stripping)
[15:42:23] =======================================================
[15:42:23]   tick.lastClose (prev close) = Y338.69
[15:42:23]   tick.open     (today open)  = Y345.00
[15:42:23]   tick.lastPrice               = Y343.09
[15:42:23]   xtdata last bar close        = Y312.40
[15:42:23]   xtdata bar count             = 80
[15:42:23]   -> ** WARNING: xtdata data may be stale (gap 7.76%)
[15:42:23]   -> RSI baseline uses xtdata, but live RSI uses correct tick.lastClose
[15:42:23] [RealTimeRSI] Init complete: 80 daily bars from xtdata
[15:42:23]   xtdata last bar close = Y312.40
[15:42:23]   tick.lastClose        = Y338.69
[15:42:23]   ** WARNING: xtdata daily data appears stale (gap 7.76%)
[15:42:23]   ** RSI baseline from xtdata, but live RSI uses correct tick.lastClose
[15:42:23]   prev_close (tick.lastClose) = Y338.69
[15:42:23]   avg_gain=8.9692  avg_loss=12.6082
[15:42:23]   RS=0.7114
[15:42:23]   RSI_daily (xtdata baseline) = 41.57
[15:42:23]   -> Live RSI: diff = current_price - Y338.69(tick.lastClose)
[15:42:23]   -> Today change: Y+4.40 (+1.30%)
[15:42:23]   -> RSI_live=42.47  RSI_daily=41.57  delta=+0.90
[15:42:23] 
[15:42:23] 
[15:42:23] +--------------------------------------------------------------+
[15:42:23] |  RSI(14) Live Calculation v5 -- Changfei Fiber  20260810|
[15:42:23] |--------------------------------------------------------------|
[15:42:23] |  * Baseline Prices (tick.lastClose):               |
[15:42:23] |  prev_close = Y338.69  |  today_open = Y345.00  |  current = Y343.09|
[15:42:23] |  Today change: Y+4.40 (+1.30%)                     |
[15:42:23] |--------------------------------------------------------------|
[15:42:23] |  Last 14 daily changes:                            |
[15:42:23] |   T-N       Close      Change       Change%  |
[15:42:23] |  T-13  Y    361.57      -40.17       -10.00%  DN |
[15:42:23] |  T-12  Y    382.00      +20.43        +5.65%  UP |
[15:42:23] |  T-11  Y    406.38      +24.38        +6.38%  UP |
[15:42:23] |  T-10  Y    366.05      -40.33        -9.92%  DN |
[15:42:23] |  T-9  Y    356.12       -9.93        -2.71%  DN |
[15:42:23] |  T-8  Y    331.65      -24.47        -6.87%  DN |
[15:42:23] |  T-7  Y    335.89       +4.24        +1.28%  UP |
[15:42:23] |  T-6  Y    302.30      -33.59       -10.00%  DN |
[15:42:23] |  T-5  Y    281.70      -20.60        -6.81%  DN |
[15:42:23] |  T-4  Y    262.66      -19.04        -6.76%  DN |
[15:42:23] |  T-3  Y    271.50       +8.84        +3.37%  UP |
[15:42:23] |  T-2  Y    262.30       -9.20        -3.39%  DN |
[15:42:23] |  T-1  Y    284.00      +21.70        +8.27%  UP |
[15:42:23] |  T-0  Y    312.40      +28.40       +10.00%  UP |
[15:42:23] |--------------------------------------------------------------|
[15:42:23] |  Historical avg_gain=8.9692  avg_loss=12.6082      |
[15:42:23] |  Live avg_gain=8.6428  avg_loss=11.7076  RS=0.74   |
[15:42:23] |  -> RSI_live = **42.47**                           |
[15:42:23] |--------------------------------------------------------------|
[15:42:23] |  0 ░░░░░░░░░░░░░░░┃─────▼─────────────┃▓▓▓▓▓▓▓▓▓▓▓▓▓▓▓ 100 |
[15:42:23] |  RSI_live=42.5 | RSI_daily=41.6 | delta=+0.9 | NEUTRAL |
[15:42:23] |  Dist to OB(70): +27.5 pts  |  Dist to OS(30): +12.5 pts |
[15:42:23] +--------------------------------------------------------------+
[15:42:23] 
[15:42:23] +--------------------------------------------------------------+
[15:42:23] |  RSI v5 Trading Plan -- Changfei Fiber  20260810  NEUTRAL|
[15:42:23] |  RSI_live=42.5  RSI_daily=41.6  delta=+0.9  prev_close=Y338.69|
[15:42:23] |--------------------------------------------------------------|
[15:42:23] |  Open: Y345.00  Current: Y343.09  (-0.55%)  Today: +1.30%|
[15:42:23] |  Position:   200 sh  Y    68,618  (68%)  Total: Y     100,682|
[15:42:23] |  Avail Cash: Y      32,064    T+0 Avail:   0 sh (0 lots)|
[15:42:23] |--------------------------------------------------------------|
[15:42:23] |  **NEUTRAL** -- Waiting for RSI to enter OB/OS zone|
[15:42:23] |--------------------------------------------------------------|
[15:42:23] |  Params: RSI(14) | OB>70 | OS<30 | Bounce 0.10% | Pullback 0.10% | Max 2 trades/day|
[15:42:23] +--------------------------------------------------------------+
[15:42:23] 
[15:42:23] Monitoring... (Ctrl+C to stop)

[18:22:39] [账号状态] 8890145315 STOCK: 等待登录
[18:22:56] [账号状态] 8890145315 STOCK: 正常
[18:26:12] [账号状态] 8890145315 STOCK: 等待登录
[18:26:27] [账号状态] 8890145315 STOCK: 正常
[18:29:41] [账号状态] 8890145315 STOCK: 等待登录
[18:30:15] [账号状态] 8890145315 STOCK: 正常
[18:33:13] [账号状态] 8890145315 STOCK: 等待登录
[18:33:28] [账号状态] 8890145315 STOCK: 正常
[18:36:41] [账号状态] 8890145315 STOCK: 等待登录
[18:36:57] [账号状态] 8890145315 STOCK: 正常
[18:40:11] [账号状态] 8890145315 STOCK: 等待登录
[18:40:27] [账号状态] 8890145315 STOCK: 正常
[18:43:43] [账号状态] 8890145315 STOCK: 等待登录
[18:43:59] [账号状态] 8890145315 STOCK: 正常
[18:47:15] [账号状态] 8890145315 STOCK: 等待登录
[18:47:31] [账号状态] 8890145315 STOCK: 正常
[18:50:48] [账号状态] 8890145315 STOCK: 等待登录
[18:51:04] [账号状态] 8890145315 STOCK: 正常
[18:54:15] [账号状态] 8890145315 STOCK: 等待登录
[18:54:30] [账号状态] 8890145315 STOCK: 正常
[18:57:50] [账号状态] 8890145315 STOCK: 等待登录
[19:11:53] [账号状态] 8890145315 STOCK: 正常
[19:15:19] [账号状态] 8890145315 STOCK: 等待登录
[19:16:46] [账号状态] 8890145315 STOCK: 正常
[19:18:51] [账号状态] 8890145315 STOCK: 等待登录
[19:19:07] [账号状态] 8890145315 STOCK: 正常
[19:22:22] [账号状态] 8890145315 STOCK: 等待登录
[19:22:38] [账号状态] 8890145315 STOCK: 正常
[19:26:05] [账号状态] 8890145315 STOCK: 等待登录
[19:26:32] [账号状态] 8890145315 STOCK: 正常
[19:27:41] [账号状态] 8890145315 STOCK: 等待登录
[19:28:11] [账号状态] 8890145315 STOCK: 正常
[19:29:24] [账号状态] 8890145315 STOCK: 等待登录
[19:43:27] [账号状态] 8890145315 STOCK: 正常
[19:46:56] [账号状态] 8890145315 STOCK: 等待登录
[19:51:24] [账号状态] 8890145315 STOCK: 正常
[19:53:56] [账号状态] 8890145315 STOCK: 等待登录
[19:54:11] [账号状态] 8890145315 STOCK: 正常
[19:57:29] [账号状态] 8890145315 STOCK: 等待登录
[19:57:46] [账号状态] 8890145315 STOCK: 正常
[20:00:59] [账号状态] 8890145315 STOCK: 等待登录
[20:01:14] [账号状态] 8890145315 STOCK: 正常
[20:04:31] [账号状态] 8890145315 STOCK: 等待登录
[20:04:46] [账号状态] 8890145315 STOCK: 正常
[20:07:59] [账号状态] 8890145315 STOCK: 等待登录
[20:08:16] [账号状态] 8890145315 STOCK: 正常
[20:11:32] [账号状态] 8890145315 STOCK: 等待登录
[20:11:47] [账号状态] 8890145315 STOCK: 正常
[20:15:04] [账号状态] 8890145315 STOCK: 等待登录
[20:20:40] [账号状态] 8890145315 STOCK: 未知(2)
[20:20:40] [账号状态] 8890145315 STOCK: 初始化中
[20:20:46] [账号状态] 8890145315 STOCK: 正常
[20:22:01] [账号状态] 8890145315 STOCK: 等待登录
[20:22:17] [账号状态] 8890145315 STOCK: 未知(2)
[20:22:17] [账号状态] 8890145315 STOCK: 初始化中
[20:22:18] [账号状态] 8890145315 STOCK: 正常
[20:25:36] [账号状态] 8890145315 STOCK: 等待登录
[20:31:26] [账号状态] 8890145315 STOCK: 未知(2)
[20:31:26] [账号状态] 8890145315 STOCK: 初始化中
[20:31:26] [账号状态] 8890145315 STOCK: 正常
[20:32:40] [账号状态] 8890145315 STOCK: 等待登录
[20:32:55] [账号状态] 8890145315 STOCK: 正常
[20:36:09] [账号状态] 8890145315 STOCK: 等待登录
[20:36:26] [账号状态] 8890145315 STOCK: 正常
[20:39:37] [账号状态] 8890145315 STOCK: 等待登录
[20:39:54] [账号状态] 8890145315 STOCK: 正常
[20:43:11] [账号状态] 8890145315 STOCK: 等待登录
[20:43:31] [账号状态] 8890145315 STOCK: 正常
[20:46:42] [账号状态] 8890145315 STOCK: 等待登录
[20:46:57] [账号状态] 8890145315 STOCK: 正常
[20:50:12] [账号状态] 8890145315 STOCK: 等待登录
[20:50:28] [账号状态] 8890145315 STOCK: 正常
[20:53:42] [账号状态] 8890145315 STOCK: 等待登录
[20:53:58] [账号状态] 8890145315 STOCK: 正常
[20:57:10] [账号状态] 8890145315 STOCK: 等待登录
[20:57:26] [账号状态] 8890145315 STOCK: 正常
[21:00:44] [账号状态] 8890145315 STOCK: 等待登录
[21:25:18] [账号状态] 8890145315 STOCK: 正常
[21:28:48] [账号状态] 8890145315 STOCK: 等待登录
[21:30:31] [账号状态] 8890145315 STOCK: 正常
[21:32:20] [账号状态] 8890145315 STOCK: 等待登录
[21:32:35] [账号状态] 8890145315 STOCK: 正常
[21:35:51] [账号状态] 8890145315 STOCK: 等待登录
[21:36:06] [账号状态] 8890145315 STOCK: 正常
[21:39:27] [账号状态] 8890145315 STOCK: 等待登录
[21:39:42] [账号状态] 8890145315 STOCK: 正常
[21:42:53] [账号状态] 8890145315 STOCK: 等待登录
[21:43:08] [账号状态] 8890145315 STOCK: 正常
[21:46:22] [账号状态] 8890145315 STOCK: 等待登录
[21:46:37] [账号状态] 8890145315 STOCK: 正常
[21:49:57] [账号状态] 8890145315 STOCK: 等待登录
[21:50:12] [账号状态] 8890145315 STOCK: 正常
[21:53:29] [账号状态] 8890145315 STOCK: 等待登录
[21:53:46] [账号状态] 8890145315 STOCK: 正常
[21:56:58] [账号状态] 8890145315 STOCK: 等待登录
[21:57:14] [账号状态] 8890145315 STOCK: 正常
[22:00:28] [账号状态] 8890145315 STOCK: 等待登录
[22:00:44] [账号状态] 8890145315 STOCK: 正常
[22:03:56] [账号状态] 8890145315 STOCK: 等待登录
[22:04:13] [账号状态] 8890145315 STOCK: 正常
[22:07:30] [账号状态] 8890145315 STOCK: 等待登录
[22:07:45] [账号状态] 8890145315 STOCK: 正常
[22:11:02] [账号状态] 8890145315 STOCK: 等待登录
[22:11:17] [账号状态] 8890145315 STOCK: 正常
[22:14:35] [账号状态] 8890145315 STOCK: 等待登录
[22:18:04] [账号状态] 8890145315 STOCK: 正常
[22:21:32] [账号状态] 8890145315 STOCK: 等待登录
[22:29:40] [账号状态] 8890145315 STOCK: 正常
[22:32:07] [账号状态] 8890145315 STOCK: 等待登录
[22:32:23] [账号状态] 8890145315 STOCK: 正常
[22:37:04] [账号状态] 8890145315 STOCK: 等待登录
[22:37:20] [账号状态] 8890145315 STOCK: 正常
[22:40:39] [账号状态] 8890145315 STOCK: 等待登录
[22:40:54] [账号状态] 8890145315 STOCK: 正常
[22:44:11] [账号状态] 8890145315 STOCK: 等待登录
[22:44:27] [账号状态] 8890145315 STOCK: 正常
[22:47:44] [账号状态] 8890145315 STOCK: 等待登录
[22:48:00] [账号状态] 8890145315 STOCK: 正常
[22:51:15] [账号状态] 8890145315 STOCK: 等待登录
[22:51:31] [账号状态] 8890145315 STOCK: 正常
[22:54:43] [账号状态] 8890145315 STOCK: 等待登录
[22:54:58] [账号状态] 8890145315 STOCK: 正常
[22:58:12] [账号状态] 8890145315 STOCK: 等待登录
[22:58:27] [账号状态] 8890145315 STOCK: 正常
[23:01:45] [账号状态] 8890145315 STOCK: 等待登录
[23:02:00] [账号状态] 8890145315 STOCK: 正常
[23:05:16] [账号状态] 8890145315 STOCK: 等待登录
[23:05:31] [账号状态] 8890145315 STOCK: 正常
[23:08:46] [账号状态] 8890145315 STOCK: 等待登录
[23:09:01] [账号状态] 8890145315 STOCK: 正常
[23:12:17] [账号状态] 8890145315 STOCK: 等待登录
[23:12:32] [账号状态] 8890145315 STOCK: 正常
[23:15:45] [账号状态] 8890145315 STOCK: 等待登录
[23:16:01] [账号状态] 8890145315 STOCK: 正常
[23:19:16] [账号状态] 8890145315 STOCK: 等待登录
[23:19:32] [账号状态] 8890145315 STOCK: 正常
[23:22:49] [账号状态] 8890145315 STOCK: 等待登录
[23:23:04] [账号状态] 8890145315 STOCK: 正常
[23:26:15] [账号状态] 8890145315 STOCK: 等待登录
[23:26:30] [账号状态] 8890145315 STOCK: 正常
[23:29:45] [账号状态] 8890145315 STOCK: 等待登录
[23:30:01] [账号状态] 8890145315 STOCK: 正常
[23:33:15] [账号状态] 8890145315 STOCK: 等待登录
[23:33:30] [账号状态] 8890145315 STOCK: 正常
[23:33:32] [账号状态] 8890145315 STOCK: 等待登录
[23:36:51] [账号状态] 8890145315 STOCK: 正常
[23:40:20] [账号状态] 8890145315 STOCK: 等待登录
[23:51:12] [账号状态] 8890145315 STOCK: 正常
[23:54:22] [账号状态] 8890145315 STOCK: 等待登录
[23:54:38] [账号状态] 8890145315 STOCK: 正常
[23:57:51] [账号状态] 8890145315 STOCK: 等待登录
[23:58:06] [账号状态] 8890145315 STOCK: 正常
[00:00:00] 
[New Trading Day] 20260810 -> 20260811
[00:00:00] 
[00:00:00] =======================================================
[00:00:00]   RealTimeRSI v6 Init (tick.lastClose baseline, no stripping)
[00:00:00] =======================================================
[00:00:00]   tick.lastClose (prev close) = Y338.69
[00:00:00]   tick.open     (today open)  = Y345.00
[00:00:00]   tick.lastPrice               = Y343.09
[00:00:00]   xtdata last bar close        = Y312.40
[00:00:00]   xtdata bar count             = 80
[00:00:00]   -> ** WARNING: xtdata data may be stale (gap 7.76%)
[00:00:00]   -> RSI baseline uses xtdata, but live RSI uses correct tick.lastClose
[00:00:00] [RealTimeRSI] Init complete: 80 daily bars from xtdata
[00:00:00]   xtdata last bar close = Y312.40
[00:00:00]   tick.lastClose        = Y338.69
[00:00:00]   ** WARNING: xtdata daily data appears stale (gap 7.76%)
[00:00:00]   ** RSI baseline from xtdata, but live RSI uses correct tick.lastClose
[00:00:00]   prev_close (tick.lastClose) = Y338.69
[00:00:00]   avg_gain=8.9692  avg_loss=12.6082
[00:00:00]   RS=0.7114
[00:00:00]   RSI_daily (xtdata baseline) = 41.57
[00:00:00]   -> Live RSI: diff = current_price - Y338.69(tick.lastClose)
[00:00:00]   -> Today change: Y+4.40 (+1.30%)
[00:00:00]   -> RSI_live=42.47  RSI_daily=41.57  delta=+0.90
[00:00:00] 
[00:00:00] 
[00:00:00] +--------------------------------------------------------------+
[00:00:00] |  RSI(14) Live Calculation v5 -- Changfei Fiber  20260811|
[00:00:00] |--------------------------------------------------------------|
[00:00:00] |  * Baseline Prices (tick.lastClose):               |
[00:00:00] |  prev_close = Y338.69  |  today_open = Y345.00  |  current = Y343.09|
[00:00:00] |  Today change: Y+4.40 (+1.30%)                     |
[00:00:00] |--------------------------------------------------------------|
[00:00:00] |  Last 14 daily changes:                            |
[00:00:00] |   T-N       Close      Change       Change%  |
[00:00:00] |  T-13  Y    361.57      -40.17       -10.00%  DN |
[00:00:00] |  T-12  Y    382.00      +20.43        +5.65%  UP |
[00:00:00] |  T-11  Y    406.38      +24.38        +6.38%  UP |
[00:00:00] |  T-10  Y    366.05      -40.33        -9.92%  DN |
[00:00:00] |  T-9  Y    356.12       -9.93        -2.71%  DN |
[00:00:00] |  T-8  Y    331.65      -24.47        -6.87%  DN |
[00:00:00] |  T-7  Y    335.89       +4.24        +1.28%  UP |
[00:00:00] |  T-6  Y    302.30      -33.59       -10.00%  DN |
[00:00:00] |  T-5  Y    281.70      -20.60        -6.81%  DN |
[00:00:00] |  T-4  Y    262.66      -19.04        -6.76%  DN |
[00:00:00] |  T-3  Y    271.50       +8.84        +3.37%  UP |
[00:00:00] |  T-2  Y    262.30       -9.20        -3.39%  DN |
[00:00:00] |  T-1  Y    284.00      +21.70        +8.27%  UP |
[00:00:00] |  T-0  Y    312.40      +28.40       +10.00%  UP |
[00:00:00] |--------------------------------------------------------------|
[00:00:00] |  Historical avg_gain=8.9692  avg_loss=12.6082      |
[00:00:00] |  Live avg_gain=8.6428  avg_loss=11.7076  RS=0.74   |
[00:00:00] |  -> RSI_live = **42.47**                           |
[00:00:00] |--------------------------------------------------------------|
[00:00:00] |  0 ░░░░░░░░░░░░░░░┃─────▼─────────────┃▓▓▓▓▓▓▓▓▓▓▓▓▓▓▓ 100 |
[00:00:00] |  RSI_live=42.5 | RSI_daily=41.6 | delta=+0.9 | NEUTRAL |
[00:00:00] |  Dist to OB(70): +27.5 pts  |  Dist to OS(30): +12.5 pts |
[00:00:00] +--------------------------------------------------------------+
[00:00:00] 
[00:00:00] +--------------------------------------------------------------+
[00:00:00] |  RSI v5 Trading Plan -- Changfei Fiber  20260811  NEUTRAL|
[00:00:00] |  RSI_live=42.5  RSI_daily=41.6  delta=+0.9  prev_close=Y338.69|
[00:00:00] |--------------------------------------------------------------|
[00:00:00] |  Open: Y345.00  Current: Y343.09  (-0.55%)  Today: +1.30%|
[00:00:00] |  Position:   200 sh  Y    68,618  (68%)  Total: Y     100,684|
[00:00:00] |  Avail Cash: Y      32,066    T+0 Avail: 200 sh (2 lots)|
[00:00:00] |--------------------------------------------------------------|
[00:00:00] |  **NEUTRAL** -- Waiting for RSI to enter OB/OS zone|
[00:00:00] |--------------------------------------------------------------|
[00:00:00] |  Params: RSI(14) | OB>70 | OS<30 | Bounce 0.10% | Pullback 0.10% | Max 2 trades/day|
[00:00:00] +--------------------------------------------------------------+
[00:00:00] 
[00:01:25] [账号状态] 8890145315 STOCK: 等待登录
[00:01:42] [账号状态] 8890145315 STOCK: 正常
[00:04:49] [账号状态] 8890145315 STOCK: 等待登录
[00:05:05] [账号状态] 8890145315 STOCK: 正常
[00:08:22] [账号状态] 8890145315 STOCK: 等待登录
[00:08:38] [账号状态] 8890145315 STOCK: 正常
[00:11:52] [账号状态] 8890145315 STOCK: 等待登录
[00:12:08] [账号状态] 8890145315 STOCK: 正常
[00:15:23] [账号状态] 8890145315 STOCK: 等待登录
[00:15:38] [账号状态] 8890145315 STOCK: 正常
[00:18:55] [账号状态] 8890145315 STOCK: 等待登录
[00:19:10] [账号状态] 8890145315 STOCK: 正常
[00:22:29] [账号状态] 8890145315 STOCK: 等待登录
[00:26:02] [账号状态] 8890145315 STOCK: 正常
[00:29:31] [账号状态] 8890145315 STOCK: 等待登录
[00:36:55] [账号状态] 8890145315 STOCK: 正常
[00:40:04] [账号状态] 8890145315 STOCK: 等待登录
[00:40:20] [账号状态] 8890145315 STOCK: 正常
[00:43:35] [账号状态] 8890145315 STOCK: 等待登录
[00:43:51] [账号状态] 8890145315 STOCK: 正常
[00:47:06] [账号状态] 8890145315 STOCK: 等待登录
[00:47:22] [账号状态] 8890145315 STOCK: 正常
[00:47:37] [账号状态] 8890145315 STOCK: 等待登录
[01:02:08] [账号状态] 8890145315 STOCK: 正常
[01:04:42] [账号状态] 8890145315 STOCK: 等待登录
[01:04:57] [账号状态] 8890145315 STOCK: 正常
[01:08:10] [账号状态] 8890145315 STOCK: 等待登录
[01:08:25] [账号状态] 8890145315 STOCK: 正常
[01:11:37] [账号状态] 8890145315 STOCK: 等待登录
[01:11:52] [账号状态] 8890145315 STOCK: 正常
[01:15:12] [账号状态] 8890145315 STOCK: 等待登录
[01:15:28] [账号状态] 8890145315 STOCK: 正常
[01:18:44] [账号状态] 8890145315 STOCK: 等待登录
[01:19:00] [账号状态] 8890145315 STOCK: 正常
[01:22:14] [账号状态] 8890145315 STOCK: 等待登录
[01:22:30] [账号状态] 8890145315 STOCK: 正常
[01:25:44] [账号状态] 8890145315 STOCK: 等待登录
[01:25:59] [账号状态] 8890145315 STOCK: 正常
[01:29:11] [账号状态] 8890145315 STOCK: 等待登录
[01:29:26] [账号状态] 8890145315 STOCK: 正常
[01:32:47] [账号状态] 8890145315 STOCK: 等待登录
[01:33:03] [账号状态] 8890145315 STOCK: 正常
[01:36:41] [账号状态] 8890145315 STOCK: 等待登录
[01:48:20] [账号状态] 8890145315 STOCK: 正常
[01:50:24] [账号状态] 8890145315 STOCK: 等待登录
[01:50:41] [账号状态] 8890145315 STOCK: 正常
[01:53:56] [账号状态] 8890145315 STOCK: 等待登录
[01:54:11] [账号状态] 8890145315 STOCK: 正常
[01:57:25] [账号状态] 8890145315 STOCK: 等待登录
[01:57:40] [账号状态] 8890145315 STOCK: 正常
[02:00:54] [账号状态] 8890145315 STOCK: 等待登录
[02:01:09] [账号状态] 8890145315 STOCK: 正常
[02:04:26] [账号状态] 8890145315 STOCK: 等待登录
[02:04:42] [账号状态] 8890145315 STOCK: 正常
[02:07:57] [账号状态] 8890145315 STOCK: 等待登录
[02:08:12] [账号状态] 8890145315 STOCK: 正常
[02:11:28] [账号状态] 8890145315 STOCK: 等待登录
[02:11:43] [账号状态] 8890145315 STOCK: 正常
[02:14:58] [账号状态] 8890145315 STOCK: 等待登录
[02:15:14] [账号状态] 8890145315 STOCK: 正常
[02:18:26] [账号状态] 8890145315 STOCK: 等待登录
[02:18:42] [账号状态] 8890145315 STOCK: 正常
[02:21:57] [账号状态] 8890145315 STOCK: 等待登录
[02:22:12] [账号状态] 8890145315 STOCK: 正常
[02:25:32] [账号状态] 8890145315 STOCK: 等待登录
[02:25:48] [账号状态] 8890145315 STOCK: 正常
[02:29:02] [账号状态] 8890145315 STOCK: 等待登录
[02:29:18] [账号状态] 8890145315 STOCK: 正常
[02:32:31] [账号状态] 8890145315 STOCK: 等待登录
[02:32:48] [账号状态] 8890145315 STOCK: 正常
[02:36:02] [账号状态] 8890145315 STOCK: 等待登录
[02:36:18] [账号状态] 8890145315 STOCK: 正常
[02:39:32] [账号状态] 8890145315 STOCK: 等待登录
[02:39:47] [账号状态] 8890145315 STOCK: 正常
[02:43:03] [账号状态] 8890145315 STOCK: 等待登录
[02:43:19] [账号状态] 8890145315 STOCK: 正常
[02:46:34] [账号状态] 8890145315 STOCK: 等待登录
[02:46:49] [账号状态] 8890145315 STOCK: 正常
[02:50:06] [账号状态] 8890145315 STOCK: 等待登录
[02:50:22] [账号状态] 8890145315 STOCK: 正常
[02:53:34] [账号状态] 8890145315 STOCK: 等待登录
[02:53:49] [账号状态] 8890145315 STOCK: 正常
[02:57:07] [账号状态] 8890145315 STOCK: 等待登录
[02:57:23] [账号状态] 8890145315 STOCK: 正常
[03:00:39] [账号状态] 8890145315 STOCK: 等待登录
[03:00:54] [账号状态] 8890145315 STOCK: 正常
[03:04:09] [账号状态] 8890145315 STOCK: 等待登录
[03:04:25] [账号状态] 8890145315 STOCK: 正常
[03:07:39] [账号状态] 8890145315 STOCK: 等待登录
[03:07:54] [账号状态] 8890145315 STOCK: 正常
[03:11:08] [账号状态] 8890145315 STOCK: 等待登录
[03:11:24] [账号状态] 8890145315 STOCK: 正常
[03:14:40] [账号状态] 8890145315 STOCK: 等待登录
[03:14:55] [账号状态] 8890145315 STOCK: 正常
[03:18:10] [账号状态] 8890145315 STOCK: 等待登录
[03:18:25] [账号状态] 8890145315 STOCK: 正常
[03:21:43] [账号状态] 8890145315 STOCK: 等待登录
[03:21:59] [账号状态] 8890145315 STOCK: 正常
[03:25:18] [账号状态] 8890145315 STOCK: 等待登录
[03:28:53] [账号状态] 8890145315 STOCK: 正常
[03:32:18] [账号状态] 8890145315 STOCK: 等待登录
[03:32:33] [账号状态] 8890145315 STOCK: 正常
[03:35:48] [账号状态] 8890145315 STOCK: 等待登录
[03:36:03] [账号状态] 8890145315 STOCK: 正常
[03:39:17] [账号状态] 8890145315 STOCK: 等待登录
[03:39:32] [账号状态] 8890145315 STOCK: 正常
[03:42:54] [账号状态] 8890145315 STOCK: 等待登录
[03:43:09] [账号状态] 8890145315 STOCK: 正常
[03:46:16] [账号状态] 8890145315 STOCK: 等待登录
[03:46:31] [账号状态] 8890145315 STOCK: 未知(2)
[03:46:31] [账号状态] 8890145315 STOCK: 初始化中
[03:46:31] [账号状态] 8890145315 STOCK: 正常
[03:49:50] [账号状态] 8890145315 STOCK: 等待登录
[03:50:06] [账号状态] 8890145315 STOCK: 正常
[03:53:22] [账号状态] 8890145315 STOCK: 等待登录
[03:53:38] [账号状态] 8890145315 STOCK: 正常
[03:56:52] [账号状态] 8890145315 STOCK: 等待登录
[03:57:08] [账号状态] 8890145315 STOCK: 正常
[04:02:05] [账号状态] 8890145315 STOCK: 等待登录
[04:02:20] [账号状态] 8890145315 STOCK: 正常
[04:05:25] [账号状态] 8890145315 STOCK: 等待登录
[04:05:55] [账号状态] 8890145315 STOCK: 正常
[04:08:56] [账号状态] 8890145315 STOCK: 等待登录
[04:09:11] [账号状态] 8890145315 STOCK: 正常
[04:12:29] [账号状态] 8890145315 STOCK: 等待登录
[04:12:45] [账号状态] 8890145315 STOCK: 正常
[04:16:01] [账号状态] 8890145315 STOCK: 等待登录
[04:16:17] [账号状态] 8890145315 STOCK: 正常
[04:19:31] [账号状态] 8890145315 STOCK: 等待登录
[04:19:47] [账号状态] 8890145315 STOCK: 正常
[04:22:57] [账号状态] 8890145315 STOCK: 等待登录
[04:23:12] [账号状态] 8890145315 STOCK: 正常
[04:26:31] [账号状态] 8890145315 STOCK: 等待登录
[04:26:46] [账号状态] 8890145315 STOCK: 正常
[04:30:07] [账号状态] 8890145315 STOCK: 等待登录
[04:30:22] [账号状态] 8890145315 STOCK: 正常
[04:33:57] [账号状态] 8890145315 STOCK: 等待登录
[04:34:13] [账号状态] 8890145315 STOCK: 正常
[04:37:03] [账号状态] 8890145315 STOCK: 等待登录
[04:37:18] [账号状态] 8890145315 STOCK: 正常
[04:40:37] [账号状态] 8890145315 STOCK: 等待登录
[04:40:53] [账号状态] 8890145315 STOCK: 正常
[04:44:08] [账号状态] 8890145315 STOCK: 等待登录
[04:44:24] [账号状态] 8890145315 STOCK: 正常
[04:47:39] [账号状态] 8890145315 STOCK: 等待登录
[04:47:55] [账号状态] 8890145315 STOCK: 正常
[04:51:10] [账号状态] 8890145315 STOCK: 等待登录
[04:51:25] [账号状态] 8890145315 STOCK: 正常
[04:54:42] [账号状态] 8890145315 STOCK: 等待登录
[04:54:57] [账号状态] 8890145315 STOCK: 正常
[04:58:13] [账号状态] 8890145315 STOCK: 等待登录
[05:08:45] [账号状态] 8890145315 STOCK: 正常
[05:12:15] [账号状态] 8890145315 STOCK: 等待登录
[05:12:30] [账号状态] 8890145315 STOCK: 正常
[05:15:47] [账号状态] 8890145315 STOCK: 等待登录
[05:16:06] [账号状态] 8890145315 STOCK: 正常
[05:19:19] [账号状态] 8890145315 STOCK: 等待登录
[05:19:35] [账号状态] 8890145315 STOCK: 正常
[05:22:50] [账号状态] 8890145315 STOCK: 等待登录
[05:23:05] [账号状态] 8890145315 STOCK: 正常
[05:26:19] [账号状态] 8890145315 STOCK: 等待登录
[05:26:35] [账号状态] 8890145315 STOCK: 正常
[05:29:50] [账号状态] 8890145315 STOCK: 等待登录
[05:41:05] [账号状态] 8890145315 STOCK: 正常
[05:43:53] [账号状态] 8890145315 STOCK: 等待登录
[05:44:09] [账号状态] 8890145315 STOCK: 正常
[05:47:23] [账号状态] 8890145315 STOCK: 等待登录
[05:47:38] [账号状态] 8890145315 STOCK: 正常
[05:50:58] [账号状态] 8890145315 STOCK: 等待登录
[06:26:50] [账号状态] 8890145315 STOCK: 正常
[06:29:35] [账号状态] 8890145315 STOCK: 等待登录
[06:29:50] [账号状态] 8890145315 STOCK: 正常
[06:33:05] [账号状态] 8890145315 STOCK: 等待登录
[06:33:21] [账号状态] 8890145315 STOCK: 正常
[06:36:33] [账号状态] 8890145315 STOCK: 等待登录
[06:36:49] [账号状态] 8890145315 STOCK: 正常
[06:40:04] [账号状态] 8890145315 STOCK: 等待登录
[06:40:20] [账号状态] 8890145315 STOCK: 正常
[06:43:36] [账号状态] 8890145315 STOCK: 等待登录
[07:09:12] [账号状态] 8890145315 STOCK: 正常
[07:11:45] [账号状态] 8890145315 STOCK: 等待登录
[07:12:00] [账号状态] 8890145315 STOCK: 正常
[07:15:15] [账号状态] 8890145315 STOCK: 等待登录
[07:15:31] [账号状态] 8890145315 STOCK: 正常
[07:18:47] [账号状态] 8890145315 STOCK: 等待登录
[07:19:02] [账号状态] 8890145315 STOCK: 正常
[07:22:18] [账号状态] 8890145315 STOCK: 等待登录
[07:22:34] [账号状态] 8890145315 STOCK: 正常
[07:25:49] [账号状态] 8890145315 STOCK: 等待登录
[07:26:04] [账号状态] 8890145315 STOCK: 正常
[07:29:22] [账号状态] 8890145315 STOCK: 等待登录
[07:29:39] [账号状态] 8890145315 STOCK: 正常
[07:32:55] [账号状态] 8890145315 STOCK: 等待登录
[07:33:11] [账号状态] 8890145315 STOCK: 正常
[07:36:23] [账号状态] 8890145315 STOCK: 等待登录
[07:36:39] [账号状态] 8890145315 STOCK: 正常
[07:39:54] [账号状态] 8890145315 STOCK: 等待登录
[07:55:10] [账号状态] 8890145315 STOCK: 正常
[07:57:29] [账号状态] 8890145315 STOCK: 等待登录
[07:57:44] [账号状态] 8890145315 STOCK: 正常
[08:01:04] [账号状态] 8890145315 STOCK: 等待登录
[08:08:09] [账号状态] 8890145315 STOCK: 未知(2)
[08:08:09] [账号状态] 8890145315 STOCK: 初始化中
[08:08:09] [账号状态] 8890145315 STOCK: 正常
[08:11:36] [账号状态] 8890145315 STOCK: 等待登录
[08:18:36] [账号状态] 8890145315 STOCK: 未知(2)
[08:18:36] [账号状态] 8890145315 STOCK: 初始化中
[08:18:36] [账号状态] 8890145315 STOCK: 正常
[08:22:07] [账号状态] 8890145315 STOCK: 等待登录
[08:25:39] [账号状态] 8890145315 STOCK: 正常
[08:29:06] [账号状态] 8890145315 STOCK: 等待登录
[08:33:34] [账号状态] 8890145315 STOCK: 未知(2)
[08:33:34] [账号状态] 8890145315 STOCK: 初始化中
[08:33:34] [账号状态] 8890145315 STOCK: 正常
[08:36:06] [账号状态] 8890145315 STOCK: 等待登录
[08:36:22] [账号状态] 8890145315 STOCK: 正常
[08:36:44] [账号状态] 8890145315 STOCK: 失败
[08:36:44] [账号状态] 8890145315 STOCK: 校正中
[08:37:12] [账号状态] 8890145315 STOCK: 正常
[08:39:40] [账号状态] 8890145315 STOCK: 等待登录
[08:40:07] [账号状态] 8890145315 STOCK: 正常
[08:43:13] [账号状态] 8890145315 STOCK: 等待登录
[08:43:35] [账号状态] 8890145315 STOCK: 正常
[08:46:43] [账号状态] 8890145315 STOCK: 等待登录
[08:46:58] [账号状态] 8890145315 STOCK: 正常
[08:50:11] [账号状态] 8890145315 STOCK: 等待登录
[08:51:02] [账号状态] 8890145315 STOCK: 正常
[08:53:41] [账号状态] 8890145315 STOCK: 等待登录
[08:53:58] [账号状态] 8890145315 STOCK: 正常
[08:57:13] [账号状态] 8890145315 STOCK: 等待登录
[08:57:29] [账号状态] 8890145315 STOCK: 正常
