============================================================
  日志文件创建: 2026-08-10 10:46:24
  策略版本: RSI_v2 (MiniQMT, 模块化拆分)
  标的: 601869
============================================================
[10:46:27] [连接] MiniQMT 行情服务已连接

[10:46:27] [信号mode] 已连接行情, 不下单

[10:46:27] 长飞光纤 RSI策略 v2 MiniQMT版 启动

[10:46:27]   mode: 信号监控(不下单)

[10:46:27]   标的: 长飞光纤(601869.SH)

[10:46:27]   ★ v2: 下跌反弹买入 + 上涨回落卖出

[10:46:27]   RSI(30) | 超买>70 | 超卖<30

[10:46:27]   反弹确认: 0.10% | 回落确认: 0.10%

[10:46:27]   ★ 日志: d:\02Project\QMT-export\Stragety\MiniQMT_Stragety\logs\DayTradeing_RSI_v2_601869_20260810_104624.log

[10:46:27] 

[10:46:27] ╔══════════════════════════════════════════════════════════════╗

[10:46:27] ║  📊 RSI(14) 详细计算 — 长飞光纤  20260810                 ║

[10:46:27] ╠══════════════════════════════════════════════════════════════╣

[10:46:27] ║  最近30天逐日涨跌:                                          ║

[10:46:27] ║    日期         收盘价         涨跌额          涨跌幅%  ║

[10:46:27] ║  ────────────────────────────────────────────────────  ║

[10:46:27] ║  T-29  Y    575.00       -5.00        -0.86%  📉 ║

[10:46:27] ║  T-28  Y    543.00      -32.00        -5.57%  📉 ║

[10:46:27] ║  T-27  Y    527.10      -15.90        -2.93%  📉 ║

[10:46:27] ║  T-26  Y    545.90      +18.80        +3.57%  📈 ║

[10:46:27] ║  T-25  Y    508.51      -37.39        -6.85%  📉 ║

[10:46:27] ║  T-24  Y    464.37      -44.14        -8.68%  📉 ║

[10:46:27] ║  T-23  Y    475.08      +10.71        +2.31%  📈 ║

[10:46:27] ║  T-22  Y    441.94      -33.14        -6.98%  📉 ║

[10:46:27] ║  T-21  Y    429.16      -12.78        -2.89%  📉 ║

[10:46:27] ║  T-20  Y    410.00      -19.16        -4.46%  📉 ║

[10:46:27] ║  T-19  Y    441.26      +31.26        +7.62%  📈 ║

[10:46:27] ║  T-18  Y    415.03      -26.23        -5.94%  📉 ║

[10:46:27] ║  T-17  Y    381.87      -33.16        -7.99%  📉 ║

[10:46:27] ║  T-16  Y    400.18      +18.31        +4.79%  📈 ║

[10:46:27] ║  T-15  Y    425.45      +25.27        +6.31%  📈 ║

[10:46:27] ║  T-14  Y    401.74      -23.71        -5.57%  📉 ║

[10:46:27] ║  T-13  Y    361.57      -40.17       -10.00%  📉 ║

[10:46:27] ║  T-12  Y    382.00      +20.43        +5.65%  📈 ║

[10:46:27] ║  T-11  Y    406.38      +24.38        +6.38%  📈 ║

[10:46:27] ║  T-10  Y    366.05      -40.33        -9.92%  📉 ║

[10:46:27] ║  T-9  Y    356.12       -9.93        -2.71%  📉 ║

[10:46:27] ║  T-8  Y    331.65      -24.47        -6.87%  📉 ║

[10:46:27] ║  T-7  Y    335.89       +4.24        +1.28%  📈 ║

[10:46:27] ║  T-6  Y    302.30      -33.59       -10.00%  📉 ║

[10:46:27] ║  T-5  Y    281.70      -20.60        -6.81%  📉 ║

[10:46:27] ║  T-4  Y    262.66      -19.04        -6.76%  📉 ║

[10:46:27] ║  T-3  Y    271.50       +8.84        +3.37%  📈 ║

[10:46:27] ║  T-2  Y    262.30       -9.20        -3.39%  📉 ║

[10:46:27] ║  T-1  Y    284.00      +21.70        +8.27%  📈 ║

[10:46:27] ║  T-0  Y    312.40      +28.40       +10.00%  📈 ║

[10:46:27] ╠══════════════════════════════════════════════════════════════╣

[10:46:27] ║  平均涨幅 (Avg Gain):  Y7.08                             ║

[10:46:27] ║  平均跌幅 (Avg Loss):  Y16.00                            ║

[10:46:27] ║  RS = AvgGain / AvgLoss = 0.44                       ║

[10:46:27] ║  RSI = 100 - 100/(1+RS) = **43.36**                  ║

[10:46:27] ╠══════════════════════════════════════════════════════════════╣

[10:46:27] ║  RSI 当前位置:                                           ║

[10:46:27] ║  0 ░░░░░░░░░░░░░░░┃─────▼─────────────┃▓▓▓▓▓▓▓▓▓▓▓▓▓▓▓ 100 ║

[10:46:27] ║    43.4  ← 当前 RSI(30)  |  区域: ⚪ 中性 ║

[10:46:27] ║  距超买线(70): +26.6点   |  距超卖线(30): +13.4点 ║

[10:46:27] ║  前日 RSI: 40.59  →  今日: 43.36  (Δ+2.77 ↑    ) ║

[10:46:27] ╚══════════════════════════════════════════════════════════════╝

[10:46:27] 

[10:46:27] ┌──────────────────────────────────────────────────────────────┐

[10:46:27] │  🎯 RSI v2 交易计划 — 长飞光纤  20260810  RSI=43.4  ⚪ 中性      │

[10:46:27] ├──────────────────────────────────────────────────────────────┤

[10:46:27] │  开盘: Y345.00  当前: Y334.09  (-3.16%)                   │

[10:46:27] │  持仓:     0股  Y         0  (0%)  总资产: Y           0    │

[10:46:27] │  可用资金: Y           0    T+0可卖:   0股 (0手)              │

[10:46:27] ├──────────────────────────────────────────────────────────────┤

[10:46:27] │  🔄 价格行为确认机制 (v2):                                    │

[10:46:27] │  ⚪ **中性区域** — 等待RSI进入超买/超卖区域                         │

[10:46:27] │  ├─ RSI方向: 向上 (Δ+2.8 vs 前日)                          │

[10:46:27] │  ├─ RSI偏弱, 接近超卖区 (距30还差13.4点)                        │

[10:46:27] │  └─ 建议: 等待RSI进入超买/超卖区域再激活监控                          │

[10:46:27] ├──────────────────────────────────────────────────────────────┤

[10:46:27] │  📋 参数: RSI(30) | 超买70 | 超卖30 | 反弹0.10% | 回落0.10% | 日2笔│

[10:46:27] └──────────────────────────────────────────────────────────────┘

[10:46:27] 

[10:46:27] 开始监控... (Ctrl+C 停止)

[10:46:27] 

[10:46:27] [RSI心跳] RSI=43.4 | ⚪ 中性 | ⏳ 等待触发 | Y334.09 | 0/2笔

