============================================================
  日志文件创建: 2026-08-10 09:09:45
  策略版本: v14 (MiniQMT)
  标的: 601869
============================================================
[09:09:47] [连接] MiniQMT 行情服务已连接

[09:09:48] [交易] 已订阅账号 8890145315

[09:09:48] 长飞光纤 迷你反T v14 MiniQMT版 启动

[09:09:48]   mode: 实盘交易

[09:09:48]   标的: 长飞光纤(601869.SH)

[09:09:48]   触发BASE: bear=0.4 sideways=0.55 weak_bull=0.65

[09:09:48]   ★ 日志文件: D:\02Project\QMT-export\Stragety\MiniQMT_Stragety\logs\DayTradeing_v14_601869_20260810_090945.log

[09:09:48] [数据] 今日开盘: Y338.69 (来自tick)

[09:09:48] 

[09:09:48] ╔═══════════════════════════════════════════════════════╗

[09:09:48] ║  长飞光纤  迷你反T v14  |  20260810  |  bear  ║

[09:09:48] ╠═══════════════════════════════════════════════════════╣

[09:09:48] ║  开盘: Y338.69  |  ATR: 10.9%  |  RSI: 42  |  量比: 1.00    ║

[09:09:48] ║  持仓: 100股 Y33,869(34%)  |  可用: Y64,993  |  总资产: Y98,862  ║

[09:09:48] [异常] 初始化失败: name 'base_can_use' is not defined

[09:09:48] 开始监控... (Ctrl+C 停止)

[09:09:48] 

[09:09:48] [等待开盘] 09:09:48 — 距开盘 20分12秒

