============================================================
  日志文件创建: 2026-09-01 09:15:41
  策略版本: v41 (for MiniQMT Evn)
  标的: 601869
============================================================
[09:15:43] [连接] MiniQMT 行情服务已连接
[09:15:43] [交易] 已订阅账号 8890145315
[09:15:43] [START] 长飞光纤 v40 LIVE 601869.SH
[09:15:44] [DATA-HEALTH] last_complete=20260831 expected=20260831 raw_close=418.57 tick_lastClose=418.57 count=80 aligned=True status=OK
[09:15:44] [DATA-DBG] last_complete=20260831 hist_open[-3:]=[393.0, 430.99, 405.0] | tick_open=0.0 | lastClose=418.57 | signal_open=418.57
[09:15:44] [VOLUME-DATA] complete_count=80 tail=[147575.0, 213422.0, 135222.0]
[09:15:44] [DATA-HEALTH] last_complete=20260831 expected=20260831 raw_close=418.57 tick_lastClose=418.57 count=80 aligned=True status=OK
[09:15:44] [SIGNAL] WEAK-BULL | Open Y418.57 | ATR 7.0% | RSI 70 | Vol_ratio 0.92 | Mult 0.40 | Trig Y425.64 
[09:15:44] [VOLUME] last 135222 / prev20_avg 146232 | n=20 | VALID
[09:15:44] [FACTOR] trend +0.05 |  volatility -0.12 |  volume +0.00 |  RSI -0.18 | 
[09:15:44] [ACCOUNT] Position:100 sh Y41,600(35%) | Cash:Y76,528 | Sellable:1 lots(100 sh)
[09:15:44] [REV-T] ENABLED 1 lots trig Y425.64 buyback=sell×(1-ATR%×0.15) emerg +3% / emergTrigFalse
[09:15:44] [FWD-T] ENABLED 1 lots buy Y407.68 sell Y412.57(+1.2%) 1 lot≈Y41,600
[09:15:44] [MOM] 2minutes±3.6×ATR in 10 minutes(1.0%~6.0%) 反T买回-1.5% 正T卖回+1.8% MOM_LOT_SIZE(100sh) 上限3次 紧急买回关
[09:15:44] [MOM-CAPACITY] short ON | long ON
[09:15:44] [MOM-v40] REV让权开 band 1.20% (仅低于REV阈值) | 自适应回撤开 0.35~0.60% ATR×0.50
[09:15:44] [WAIT 09:15:44] to open 14分16秒
[09:20:44] [WAIT 09:20:44] to open 9分16秒
[09:25:44] [WAIT 09:25:44] to open 4分16秒
[09:30:04] [MA-POS] price Y411.97 | MA5 Y413.55: BELOW -0.38% | MA20 Y368.08: ABOVE +11.92%
[09:30:04] [SELL-TRIG RECALC] open Y418.57→Y412.38 trig Y425.64→Y419.35 (Mult 0.40 ATR 7.0%)
[09:30:04] [OPEN] [Y411.97] [REV-T needs +1.79% to Y419.35] [FWD-T needs -2.00% to Y403.73]
[09:30:04] [HB] IDLE Y411.97 REV-T: needs +Y7.38 to Y419.35 | FWD-T: needs -Y8.24 to Y403.73
[09:31:04] [HB] IDLE Y408.87 REV-T: needs +Y10.48 to Y419.35 | FWD-T: needs -Y5.14 to Y403.73
[09:32:04] [HB] IDLE Y407.27 REV-T: needs +Y12.08 to Y419.35 | FWD-T: needs -Y3.54 to Y403.73
[09:33:04] [HB] IDLE Y405.52 REV-T: needs +Y13.83 to Y419.35 | FWD-T: needs -Y1.79 to Y403.73
[09:34:04] [HB] IDLE Y405.90 REV-T: needs +Y13.45 to Y419.35 | FWD-T: needs -Y2.17 to Y403.73
[09:35:04] [HB] IDLE Y404.79 REV-T: needs +Y14.56 to Y419.35 | FWD-T: needs -Y1.06 to Y403.73
[09:35:17] [FWD-T dip #1/5] Y403.30 <= Y403.73(-0.11%)
[09:35:47] [FWD-T buy trig] low Y401.18 bounce 0.10% → Y401.60
[09:35:47] [ORDER-FWD-T buy] Y401.60 × 100 sh
[09:35:47]   >>> 下单买入: PEER x 100股 601869.SH [COMPETE]
[09:35:47] [委托] 买 Y460.43 0/100股 -> 已报
[09:35:47] [成交] 买 601869.SH Y401.10 x 100股 = Y40,110
[09:35:47] [委托] 买 Y460.43 100/100股 -> 全成
[09:35:48] [FILL-FWD-T buy] Y401.60 × 100 sh | pos 100→200 | cash -40,110
[09:36:05] [HB] BT_BOUGHT Y400.05 buy Y401.60 -0.4% sellback Y406.42 ladder Y395.58
[09:37:05] [HB] BT_BOUGHT Y402.60 buy Y401.60 +0.2% sellback Y406.42 ladder Y395.58
[09:38:05] [HB] BT_BOUGHT Y406.02 buy Y401.60 +1.1% sellback Y406.42 ladder Y395.58
[09:38:29] [FWD-T sellback watch] +1.33% → Y406.96
[09:38:59] [FWD-T sell trig] peak Y407.28 pullback 0.10% → Y406.87 gross~Y527
[09:38:59] [ORDER-FWD-T sell] Y406.87 × 100 sh
[09:38:59]   >>> 下单卖出: PEER x 100股 601869.SH [COMPETE]
[09:38:59] [委托] 卖 Y376.71 0/100股 -> 已报
[09:39:00] [成交] 卖 601869.SH Y406.92 x 100股 = Y40,692
[09:39:00] [委托] 卖 Y376.71 100/100股 -> 全成
[09:39:00] [FILL-FWD-T sell] Y406.87 × 100 sh | pos 200→100 | cash +40,692
[09:39:00] [NEXT-T RECALC #1] FWD-T done | avg Y405.2521 | REV Y419.35→Y412.10 | FWD Y403.73→Y393.09
[09:39:00] [RESUME] → IDLE (REV-T 0/5, FWD-T 1/5)
[09:39:05] [HB] IDLE Y406.94 REV-T: needs +Y5.16 to Y412.10 | FWD-T: needs -Y13.85 to Y393.09
[09:40:04] [MA-POS] price Y410.23 | MA5 Y413.20: BELOW -0.72% | MA20 Y368.00: ABOVE +11.48%
[09:40:05] [HB] IDLE Y410.00 REV-T: needs +Y2.10 to Y412.10 | FWD-T: needs -Y16.91 to Y393.09
[09:41:06] [HB] IDLE Y407.60 REV-T: needs +Y4.50 to Y412.10 | FWD-T: needs -Y14.51 to Y393.09
[09:42:06] [HB] IDLE Y404.30 REV-T: needs +Y7.80 to Y412.10 | FWD-T: needs -Y11.21 to Y393.09
[09:43:06] [HB] IDLE Y405.57 REV-T: needs +Y6.53 to Y412.10 | FWD-T: needs -Y12.48 to Y393.09
[09:44:06] [HB] IDLE Y402.58 REV-T: needs +Y9.52 to Y412.10 | FWD-T: needs -Y9.49 to Y393.09
[09:45:06] [HB] IDLE Y403.45 REV-T: needs +Y8.65 to Y412.10 | FWD-T: needs -Y10.36 to Y393.09
[09:46:06] [HB] IDLE Y402.56 REV-T: needs +Y9.54 to Y412.10 | FWD-T: needs -Y9.47 to Y393.09
[09:47:06] [HB] IDLE Y403.01 REV-T: needs +Y9.09 to Y412.10 | FWD-T: needs -Y9.92 to Y393.09
[09:48:06] [HB] IDLE Y399.36 REV-T: needs +Y12.74 to Y412.10 | FWD-T: needs -Y6.27 to Y393.09
[09:49:06] [HB] IDLE Y399.38 REV-T: needs +Y12.72 to Y412.10 | FWD-T: needs -Y6.29 to Y393.09
[09:50:04] [MA-POS] price Y399.20 | MA5 Y410.99: BELOW -2.87% | MA20 Y367.45: ABOVE +8.64%
[09:50:07] [HB] IDLE Y399.16 REV-T: needs +Y12.94 to Y412.10 | FWD-T: needs -Y6.07 to Y393.09
[09:51:07] [HB] IDLE Y400.00 REV-T: needs +Y12.10 to Y412.10 | FWD-T: needs -Y6.91 to Y393.09
[09:52:07] [HB] IDLE Y399.89 REV-T: needs +Y12.21 to Y412.10 | FWD-T: needs -Y6.80 to Y393.09
[09:53:07] [HB] IDLE Y398.01 REV-T: needs +Y14.09 to Y412.10 | FWD-T: needs -Y4.92 to Y393.09
[09:54:07] [HB] IDLE Y399.41 REV-T: needs +Y12.69 to Y412.10 | FWD-T: needs -Y6.32 to Y393.09
[09:55:07] [HB] IDLE Y400.90 REV-T: needs +Y11.20 to Y412.10 | FWD-T: needs -Y7.81 to Y393.09
[09:56:07] [HB] IDLE Y399.04 REV-T: needs +Y13.06 to Y412.10 | FWD-T: needs -Y5.95 to Y393.09
[09:57:07] [HB] IDLE Y401.57 REV-T: needs +Y10.53 to Y412.10 | FWD-T: needs -Y8.48 to Y393.09
[09:58:07] [HB] IDLE Y401.00 REV-T: needs +Y11.10 to Y412.10 | FWD-T: needs -Y7.91 to Y393.09
[09:59:08] [HB] IDLE Y402.36 REV-T: needs +Y9.74 to Y412.10 | FWD-T: needs -Y9.27 to Y393.09
[10:00:04] [MA-POS] price Y400.00 | MA5 Y411.15: BELOW -2.71% | MA20 Y367.49: ABOVE +8.85%
[10:00:08] [HB] IDLE Y400.01 REV-T: needs +Y12.09 to Y412.10 | FWD-T: needs -Y6.92 to Y393.09
[10:01:08] [HB] IDLE Y402.52 REV-T: needs +Y9.58 to Y412.10 | FWD-T: needs -Y9.43 to Y393.09
[10:02:08] [HB] IDLE Y401.50 REV-T: needs +Y10.60 to Y412.10 | FWD-T: needs -Y8.41 to Y393.09
[10:03:08] [HB] IDLE Y400.00 REV-T: needs +Y12.10 to Y412.10 | FWD-T: needs -Y6.91 to Y393.09
[10:04:08] [HB] IDLE Y401.16 REV-T: needs +Y10.94 to Y412.10 | FWD-T: needs -Y8.07 to Y393.09
[10:05:08] [HB] IDLE Y401.17 REV-T: needs +Y10.93 to Y412.10 | FWD-T: needs -Y8.08 to Y393.09
[10:06:08] [HB] IDLE Y402.80 REV-T: needs +Y9.30 to Y412.10 | FWD-T: needs -Y9.71 to Y393.09
[10:07:09] [HB] IDLE Y401.17 REV-T: needs +Y10.93 to Y412.10 | FWD-T: needs -Y8.08 to Y393.09
[10:08:09] [HB] IDLE Y400.29 REV-T: needs +Y11.81 to Y412.10 | FWD-T: needs -Y7.20 to Y393.09
[10:09:09] [HB] IDLE Y400.00 REV-T: needs +Y12.10 to Y412.10 | FWD-T: needs -Y6.91 to Y393.09
[10:10:04] [MA-POS] price Y399.82 | MA5 Y411.12: BELOW -2.75% | MA20 Y367.48: ABOVE +8.80%
[10:10:09] [HB] IDLE Y399.88 REV-T: needs +Y12.22 to Y412.10 | FWD-T: needs -Y6.79 to Y393.09
[10:11:09] [HB] IDLE Y400.99 REV-T: needs +Y11.11 to Y412.10 | FWD-T: needs -Y7.90 to Y393.09
[10:12:09] [HB] IDLE Y401.45 REV-T: needs +Y10.65 to Y412.10 | FWD-T: needs -Y8.36 to Y393.09
[10:13:09] [HB] IDLE Y401.50 REV-T: needs +Y10.60 to Y412.10 | FWD-T: needs -Y8.41 to Y393.09
[10:14:09] [HB] IDLE Y401.09 REV-T: needs +Y11.01 to Y412.10 | FWD-T: needs -Y8.00 to Y393.09
[10:15:09] [HB] IDLE Y401.03 REV-T: needs +Y11.07 to Y412.10 | FWD-T: needs -Y7.94 to Y393.09
[10:16:10] [HB] IDLE Y401.86 REV-T: needs +Y10.24 to Y412.10 | FWD-T: needs -Y8.77 to Y393.09
[10:17:10] [HB] IDLE Y403.02 REV-T: needs +Y9.08 to Y412.10 | FWD-T: needs -Y9.93 to Y393.09
[10:18:10] [HB] IDLE Y402.20 REV-T: needs +Y9.90 to Y412.10 | FWD-T: needs -Y9.11 to Y393.09
[10:19:10] [HB] IDLE Y400.54 REV-T: needs +Y11.56 to Y412.10 | FWD-T: needs -Y7.45 to Y393.09
[10:20:05] [MA-POS] price Y401.76 | MA5 Y411.51: BELOW -2.37% | MA20 Y367.57: ABOVE +9.30%
[10:20:10] [HB] IDLE Y401.86 REV-T: needs +Y10.24 to Y412.10 | FWD-T: needs -Y8.77 to Y393.09
[10:21:10] [HB] IDLE Y400.90 REV-T: needs +Y11.20 to Y412.10 | FWD-T: needs -Y7.81 to Y393.09
[10:22:10] [HB] IDLE Y400.44 REV-T: needs +Y11.66 to Y412.10 | FWD-T: needs -Y7.35 to Y393.09
[10:23:10] [HB] IDLE Y400.00 REV-T: needs +Y12.10 to Y412.10 | FWD-T: needs -Y6.91 to Y393.09
[10:24:11] [HB] IDLE Y399.13 REV-T: needs +Y12.97 to Y412.10 | FWD-T: needs -Y6.04 to Y393.09
[10:25:11] [HB] IDLE Y399.16 REV-T: needs +Y12.94 to Y412.10 | FWD-T: needs -Y6.07 to Y393.09
[10:26:11] [HB] IDLE Y398.13 REV-T: needs +Y13.97 to Y412.10 | FWD-T: needs -Y5.04 to Y393.09
[10:27:11] [HB] IDLE Y398.20 REV-T: needs +Y13.90 to Y412.10 | FWD-T: needs -Y5.11 to Y393.09
[10:28:11] [HB] IDLE Y398.01 REV-T: needs +Y14.09 to Y412.10 | FWD-T: needs -Y4.92 to Y393.09
[10:29:11] [HB] IDLE Y396.99 REV-T: needs +Y15.11 to Y412.10 | FWD-T: needs -Y3.90 to Y393.09
[10:30:05] [MA-POS] price Y397.55 | MA5 Y410.66: BELOW -3.19% | MA20 Y367.36: ABOVE +8.22%
[10:30:11] [HB] IDLE Y397.55 REV-T: needs +Y14.55 to Y412.10 | FWD-T: needs -Y4.46 to Y393.09
[10:31:11] [HB] IDLE Y397.99 REV-T: needs +Y14.11 to Y412.10 | FWD-T: needs -Y4.90 to Y393.09
[10:32:11] [HB] IDLE Y397.59 REV-T: needs +Y14.51 to Y412.10 | FWD-T: needs -Y4.50 to Y393.09
[10:33:12] [HB] IDLE Y397.69 REV-T: needs +Y14.41 to Y412.10 | FWD-T: needs -Y4.60 to Y393.09
[10:34:12] [HB] IDLE Y397.82 REV-T: needs +Y14.28 to Y412.10 | FWD-T: needs -Y4.73 to Y393.09
[10:35:12] [HB] IDLE Y397.61 REV-T: needs +Y14.49 to Y412.10 | FWD-T: needs -Y4.52 to Y393.09
[10:36:12] [HB] IDLE Y397.50 REV-T: needs +Y14.60 to Y412.10 | FWD-T: needs -Y4.41 to Y393.09
[10:37:12] [HB] IDLE Y398.29 REV-T: needs +Y13.81 to Y412.10 | FWD-T: needs -Y5.20 to Y393.09
[10:38:12] [HB] IDLE Y398.27 REV-T: needs +Y13.83 to Y412.10 | FWD-T: needs -Y5.18 to Y393.09
[10:39:12] [HB] IDLE Y396.99 REV-T: needs +Y15.11 to Y412.10 | FWD-T: needs -Y3.90 to Y393.09
[10:40:05] [MA-POS] price Y396.69 | MA5 Y410.49: BELOW -3.36% | MA20 Y367.32: ABOVE +8.00%
[10:40:12] [HB] IDLE Y396.20 REV-T: needs +Y15.90 to Y412.10 | FWD-T: needs -Y3.11 to Y393.09
[10:41:13] [HB] IDLE Y395.60 REV-T: needs +Y16.50 to Y412.10 | FWD-T: needs -Y2.51 to Y393.09
[10:42:13] [HB] IDLE Y396.15 REV-T: needs +Y15.95 to Y412.10 | FWD-T: needs -Y3.06 to Y393.09
[10:42:14] [委托] 买 Y37.83 0/1000股 -> 已报
[10:42:14] [成交] 买 600105.SH Y37.83 x 1000股 = Y37,830
[10:42:14] [委托] 买 Y37.83 1000/1000股 -> 全成
[10:43:13] [HB] IDLE Y397.32 REV-T: needs +Y14.78 to Y412.10 | FWD-T: needs -Y4.23 to Y393.09
[10:44:13] [HB] IDLE Y398.00 REV-T: needs +Y14.10 to Y412.10 | FWD-T: needs -Y4.91 to Y393.09
[10:45:13] [HB] IDLE Y398.98 REV-T: needs +Y13.12 to Y412.10 | FWD-T: needs -Y5.89 to Y393.09
[10:46:13] [HB] IDLE Y398.16 REV-T: needs +Y13.94 to Y412.10 | FWD-T: needs -Y5.07 to Y393.09
[10:47:13] [HB] IDLE Y398.50 REV-T: needs +Y13.60 to Y412.10 | FWD-T: needs -Y5.41 to Y393.09
[10:48:13] [HB] IDLE Y397.67 REV-T: needs +Y14.43 to Y412.10 | FWD-T: needs -Y4.58 to Y393.09
[10:49:13] [HB] IDLE Y398.00 REV-T: needs +Y14.10 to Y412.10 | FWD-T: needs -Y4.91 to Y393.09
[10:50:05] [MA-POS] price Y398.00 | MA5 Y410.75: BELOW -3.11% | MA20 Y367.39: ABOVE +8.33%
[10:50:14] [HB] IDLE Y398.01 REV-T: needs +Y14.09 to Y412.10 | FWD-T: needs -Y4.92 to Y393.09
[10:51:14] [HB] IDLE Y398.99 REV-T: needs +Y13.11 to Y412.10 | FWD-T: needs -Y5.90 to Y393.09
[10:52:14] [HB] IDLE Y399.00 REV-T: needs +Y13.10 to Y412.10 | FWD-T: needs -Y5.91 to Y393.09
[10:53:14] [HB] IDLE Y397.50 REV-T: needs +Y14.60 to Y412.10 | FWD-T: needs -Y4.41 to Y393.09
[10:54:14] [HB] IDLE Y397.40 REV-T: needs +Y14.70 to Y412.10 | FWD-T: needs -Y4.31 to Y393.09
[10:55:14] [HB] IDLE Y397.00 REV-T: needs +Y15.10 to Y412.10 | FWD-T: needs -Y3.91 to Y393.09
[10:56:14] [HB] IDLE Y396.76 REV-T: needs +Y15.34 to Y412.10 | FWD-T: needs -Y3.67 to Y393.09
[10:57:14] [HB] IDLE Y396.77 REV-T: needs +Y15.33 to Y412.10 | FWD-T: needs -Y3.68 to Y393.09
[10:58:14] [HB] IDLE Y396.79 REV-T: needs +Y15.31 to Y412.10 | FWD-T: needs -Y3.70 to Y393.09
[10:59:15] [HB] IDLE Y397.70 REV-T: needs +Y14.40 to Y412.10 | FWD-T: needs -Y4.61 to Y393.09
[11:00:05] [MA-POS] price Y397.28 | MA5 Y410.61: BELOW -3.25% | MA20 Y367.35: ABOVE +8.15%
[11:00:15] [HB] IDLE Y396.93 REV-T: needs +Y15.17 to Y412.10 | FWD-T: needs -Y3.84 to Y393.09
[11:01:15] [HB] IDLE Y397.30 REV-T: needs +Y14.80 to Y412.10 | FWD-T: needs -Y4.21 to Y393.09
[11:02:15] [HB] IDLE Y397.62 REV-T: needs +Y14.48 to Y412.10 | FWD-T: needs -Y4.53 to Y393.09
[11:03:15] [HB] IDLE Y397.28 REV-T: needs +Y14.82 to Y412.10 | FWD-T: needs -Y4.19 to Y393.09
[11:04:15] [HB] IDLE Y397.06 REV-T: needs +Y15.04 to Y412.10 | FWD-T: needs -Y3.97 to Y393.09
[11:05:15] [HB] IDLE Y397.00 REV-T: needs +Y15.10 to Y412.10 | FWD-T: needs -Y3.91 to Y393.09
[11:06:15] [HB] IDLE Y396.50 REV-T: needs +Y15.60 to Y412.10 | FWD-T: needs -Y3.41 to Y393.09
[11:07:16] [HB] IDLE Y396.83 REV-T: needs +Y15.27 to Y412.10 | FWD-T: needs -Y3.74 to Y393.09
[11:08:16] [HB] IDLE Y396.50 REV-T: needs +Y15.60 to Y412.10 | FWD-T: needs -Y3.41 to Y393.09
[11:09:16] [HB] IDLE Y396.24 REV-T: needs +Y15.86 to Y412.10 | FWD-T: needs -Y3.15 to Y393.09
[11:10:05] [MA-POS] price Y396.21 | MA5 Y410.40: BELOW -3.46% | MA20 Y367.30: ABOVE +7.87%
[11:10:16] [HB] IDLE Y396.21 REV-T: needs +Y15.89 to Y412.10 | FWD-T: needs -Y3.12 to Y393.09
[11:11:16] [HB] IDLE Y396.20 REV-T: needs +Y15.90 to Y412.10 | FWD-T: needs -Y3.11 to Y393.09
[11:12:16] [HB] IDLE Y396.32 REV-T: needs +Y15.78 to Y412.10 | FWD-T: needs -Y3.23 to Y393.09
[11:13:16] [HB] IDLE Y396.32 REV-T: needs +Y15.78 to Y412.10 | FWD-T: needs -Y3.23 to Y393.09
[11:14:16] [HB] IDLE Y396.52 REV-T: needs +Y15.58 to Y412.10 | FWD-T: needs -Y3.43 to Y393.09
[11:15:16] [HB] IDLE Y396.45 REV-T: needs +Y15.65 to Y412.10 | FWD-T: needs -Y3.36 to Y393.09
[11:16:17] [HB] IDLE Y397.59 REV-T: needs +Y14.51 to Y412.10 | FWD-T: needs -Y4.50 to Y393.09
[11:17:17] [HB] IDLE Y397.48 REV-T: needs +Y14.62 to Y412.10 | FWD-T: needs -Y4.39 to Y393.09
[11:18:17] [HB] IDLE Y396.81 REV-T: needs +Y15.29 to Y412.10 | FWD-T: needs -Y3.72 to Y393.09
[11:19:17] [HB] IDLE Y396.71 REV-T: needs +Y15.39 to Y412.10 | FWD-T: needs -Y3.62 to Y393.09
[11:20:05] [MA-POS] price Y396.78 | MA5 Y410.51: BELOW -3.34% | MA20 Y367.33: ABOVE +8.02%
[11:20:17] [HB] IDLE Y396.61 REV-T: needs +Y15.49 to Y412.10 | FWD-T: needs -Y3.52 to Y393.09
[11:21:17] [HB] IDLE Y396.26 REV-T: needs +Y15.84 to Y412.10 | FWD-T: needs -Y3.17 to Y393.09
[11:22:17] [HB] IDLE Y396.02 REV-T: needs +Y16.08 to Y412.10 | FWD-T: needs -Y2.93 to Y393.09
[11:23:17] [HB] IDLE Y396.56 REV-T: needs +Y15.54 to Y412.10 | FWD-T: needs -Y3.47 to Y393.09
[11:24:18] [HB] IDLE Y397.00 REV-T: needs +Y15.10 to Y412.10 | FWD-T: needs -Y3.91 to Y393.09
[11:25:18] [HB] IDLE Y397.21 REV-T: needs +Y14.89 to Y412.10 | FWD-T: needs -Y4.12 to Y393.09
[11:26:18] [HB] IDLE Y398.80 REV-T: needs +Y13.30 to Y412.10 | FWD-T: needs -Y5.71 to Y393.09
[11:27:18] [HB] IDLE Y399.99 REV-T: needs +Y12.11 to Y412.10 | FWD-T: needs -Y6.90 to Y393.09
[11:28:18] [HB] IDLE Y401.10 REV-T: needs +Y11.00 to Y412.10 | FWD-T: needs -Y8.01 to Y393.09
[11:29:18] [HB] IDLE Y400.49 REV-T: needs +Y11.61 to Y412.10 | FWD-T: needs -Y7.40 to Y393.09
[11:34:21] [LUNCH 11:34:21]
[11:39:21] [LUNCH 11:39:21]
[11:44:21] [LUNCH 11:44:21]
[11:49:21] [LUNCH 11:49:21]
[11:54:21] [LUNCH 11:54:21]
[11:59:21] [LUNCH 11:59:21]
[12:04:21] [LUNCH 12:04:21]
[12:09:21] [LUNCH 12:09:21]
[12:14:21] [LUNCH 12:14:21]
[12:19:21] [LUNCH 12:19:21]
[12:21:27] [账号状态] 8890145315 STOCK: 等待登录
[12:21:30] [账号状态] 8890145315 STOCK: 正常
[12:24:52] [LUNCH 12:24:52]
[12:24:56] [账号状态] 8890145315 STOCK: 等待登录
[12:24:59] [账号状态] 8890145315 STOCK: 正常
[12:28:31] [账号状态] 8890145315 STOCK: 等待登录
[12:28:38] [账号状态] 8890145315 STOCK: 未知(2)
[12:28:38] [账号状态] 8890145315 STOCK: 初始化中
[12:28:38] [账号状态] 8890145315 STOCK: 正常
[12:29:54] [LUNCH 12:29:54]
[12:31:58] [账号状态] 8890145315 STOCK: 等待登录
[12:32:02] [账号状态] 8890145315 STOCK: 正常
[12:35:27] [账号状态] 8890145315 STOCK: 等待登录
[12:35:30] [账号状态] 8890145315 STOCK: 正常
[12:35:31] [LUNCH 12:35:31]
[12:38:59] [账号状态] 8890145315 STOCK: 等待登录
[12:39:03] [账号状态] 8890145315 STOCK: 未知(2)
[12:39:03] [账号状态] 8890145315 STOCK: 初始化中
[12:39:03] [账号状态] 8890145315 STOCK: 正常
[12:40:40] [LUNCH 12:40:40]
[12:42:27] [账号状态] 8890145315 STOCK: 等待登录
[12:42:31] [账号状态] 8890145315 STOCK: 正常
[12:45:58] [账号状态] 8890145315 STOCK: 等待登录
[12:46:01] [账号状态] 8890145315 STOCK: 正常
[12:46:01] [LUNCH 12:46:01]
[12:49:30] [账号状态] 8890145315 STOCK: 等待登录
[12:49:33] [账号状态] 8890145315 STOCK: 正常
[12:51:02] [LUNCH 12:51:02]
[12:53:02] [账号状态] 8890145315 STOCK: 等待登录
[12:53:32] [账号状态] 8890145315 STOCK: 正常
[12:56:28] [LUNCH 12:56:28]
[12:56:28] [账号状态] 8890145315 STOCK: 等待登录
[12:56:32] [账号状态] 8890145315 STOCK: 正常
[12:59:57] [账号状态] 8890145315 STOCK: 等待登录
[13:00:00] [账号状态] 8890145315 STOCK: 正常
[13:00:01] [MA-POS] price Y400.99 | MA5 Y411.35: BELOW -2.52% | MA20 Y367.54: ABOVE +9.10%
[13:00:01] [HB] IDLE Y400.99 REV-T: needs +Y11.11 to Y412.10 | FWD-T: needs -Y7.90 to Y393.09
[13:01:01] [HB] IDLE Y399.57 REV-T: needs +Y12.53 to Y412.10 | FWD-T: needs -Y6.48 to Y393.09
[13:02:01] [HB] IDLE Y400.76 REV-T: needs +Y11.34 to Y412.10 | FWD-T: needs -Y7.67 to Y393.09
[13:03:27] [HB] IDLE Y400.80 REV-T: needs +Y11.30 to Y412.10 | FWD-T: needs -Y7.71 to Y393.09
[13:03:29] [账号状态] 8890145315 STOCK: 等待登录
[13:03:33] [账号状态] 8890145315 STOCK: 正常
[13:04:27] [HB] IDLE Y402.28 REV-T: needs +Y9.82 to Y412.10 | FWD-T: needs -Y9.19 to Y393.09
[13:05:27] [HB] IDLE Y402.20 REV-T: needs +Y9.90 to Y412.10 | FWD-T: needs -Y9.11 to Y393.09
[13:06:58] [HB] IDLE Y402.20 REV-T: needs +Y9.90 to Y412.10 | FWD-T: needs -Y9.11 to Y393.09
[13:07:02] [账号状态] 8890145315 STOCK: 等待登录
[13:07:06] [账号状态] 8890145315 STOCK: 正常
[13:07:58] [HB] IDLE Y405.36 REV-T: needs +Y6.74 to Y412.10 | FWD-T: needs -Y12.27 to Y393.09
[13:08:58] [HB] IDLE Y404.79 REV-T: needs +Y7.31 to Y412.10 | FWD-T: needs -Y11.70 to Y393.09
[13:10:29] [MA-POS] price Y406.56 | MA5 Y412.47: BELOW -1.43% | MA20 Y367.81: ABOVE +10.53%
[13:10:29] [MOM BLOCKED] MOM short: sellable 0 sh < 100 sh
[13:10:29] [HB] IDLE Y406.56 REV-T: needs +Y5.54 to Y412.10 | FWD-T: needs -Y13.47 to Y393.09
[13:10:33] [账号状态] 8890145315 STOCK: 等待登录
[13:10:37] [账号状态] 8890145315 STOCK: 正常
[13:11:29] [HB] IDLE Y406.80 REV-T: needs +Y5.30 to Y412.10 | FWD-T: needs -Y13.71 to Y393.09
[13:12:29] [HB] IDLE Y409.30 REV-T: needs +Y2.80 to Y412.10 | FWD-T: needs -Y16.21 to Y393.09
[13:13:59] [HB] IDLE Y409.89 REV-T: needs +Y2.21 to Y412.10 | FWD-T: needs -Y16.80 to Y393.09
[13:14:07] [账号状态] 8890145315 STOCK: 等待登录
[13:14:10] [账号状态] 8890145315 STOCK: 正常
[13:14:59] [HB] IDLE Y407.04 REV-T: needs +Y5.06 to Y412.10 | FWD-T: needs -Y13.95 to Y393.09
[13:15:59] [HB] IDLE Y409.21 REV-T: needs +Y2.89 to Y412.10 | FWD-T: needs -Y16.12 to Y393.09
[13:17:27] [HB] IDLE Y407.89 REV-T: needs +Y4.21 to Y412.10 | FWD-T: needs -Y14.80 to Y393.09
[13:17:32] [账号状态] 8890145315 STOCK: 等待登录
[13:17:36] [账号状态] 8890145315 STOCK: 正常
[13:18:27] [HB] IDLE Y408.00 REV-T: needs +Y4.10 to Y412.10 | FWD-T: needs -Y14.91 to Y393.09
[13:19:27] [HB] IDLE Y407.19 REV-T: needs +Y4.91 to Y412.10 | FWD-T: needs -Y14.10 to Y393.09
[13:21:00] [MA-POS] price Y406.00 | MA5 Y412.35: BELOW -1.54% | MA20 Y367.79: ABOVE +10.39%
[13:21:00] [HB] IDLE Y406.00 REV-T: needs +Y6.10 to Y412.10 | FWD-T: needs -Y12.91 to Y393.09
[13:21:06] [账号状态] 8890145315 STOCK: 等待登录
[13:21:09] [账号状态] 8890145315 STOCK: 正常
[13:22:00] [HB] IDLE Y403.99 REV-T: needs +Y8.11 to Y412.10 | FWD-T: needs -Y10.90 to Y393.09
[13:23:00] [HB] IDLE Y403.50 REV-T: needs +Y8.60 to Y412.10 | FWD-T: needs -Y10.41 to Y393.09
[13:24:31] [HB] IDLE Y403.82 REV-T: needs +Y8.28 to Y412.10 | FWD-T: needs -Y10.73 to Y393.09
[13:24:34] [账号状态] 8890145315 STOCK: 等待登录
[13:24:37] [账号状态] 8890145315 STOCK: 正常
[13:25:31] [HB] IDLE Y403.30 REV-T: needs +Y8.80 to Y412.10 | FWD-T: needs -Y10.21 to Y393.09
[13:26:32] [HB] IDLE Y403.13 REV-T: needs +Y8.97 to Y412.10 | FWD-T: needs -Y10.04 to Y393.09
[13:28:01] [HB] IDLE Y403.21 REV-T: needs +Y8.89 to Y412.10 | FWD-T: needs -Y10.12 to Y393.09
[13:28:05] [账号状态] 8890145315 STOCK: 等待登录
[13:28:09] [账号状态] 8890145315 STOCK: 正常
[13:29:01] [HB] IDLE Y402.02 REV-T: needs +Y10.08 to Y412.10 | FWD-T: needs -Y8.93 to Y393.09
[13:30:01] [HB] IDLE Y402.51 REV-T: needs +Y9.59 to Y412.10 | FWD-T: needs -Y9.42 to Y393.09
[13:31:31] [MA-POS] price Y402.07 | MA5 Y411.57: BELOW -2.31% | MA20 Y367.59: ABOVE +9.38%
[13:31:31] [HB] IDLE Y402.07 REV-T: needs +Y10.03 to Y412.10 | FWD-T: needs -Y8.98 to Y393.09
[13:31:34] [账号状态] 8890145315 STOCK: 等待登录
[13:31:38] [账号状态] 8890145315 STOCK: 正常
[13:32:31] [HB] IDLE Y403.26 REV-T: needs +Y8.84 to Y412.10 | FWD-T: needs -Y10.17 to Y393.09
[13:33:31] [HB] IDLE Y403.55 REV-T: needs +Y8.55 to Y412.10 | FWD-T: needs -Y10.46 to Y393.09
[13:35:00] [HB] IDLE Y403.83 REV-T: needs +Y8.27 to Y412.10 | FWD-T: needs -Y10.74 to Y393.09
[13:35:03] [账号状态] 8890145315 STOCK: 等待登录
[13:35:07] [账号状态] 8890145315 STOCK: 正常
[13:36:00] [HB] IDLE Y405.55 REV-T: needs +Y6.55 to Y412.10 | FWD-T: needs -Y12.46 to Y393.09
[13:37:00] [HB] IDLE Y405.02 REV-T: needs +Y7.08 to Y412.10 | FWD-T: needs -Y11.93 to Y393.09
[13:38:01] [HB] IDLE Y405.50 REV-T: needs +Y6.60 to Y412.10 | FWD-T: needs -Y12.41 to Y393.09
[13:39:01] [HB] IDLE Y405.21 REV-T: needs +Y6.89 to Y412.10 | FWD-T: needs -Y12.12 to Y393.09
[13:40:01] [HB] IDLE Y405.99 REV-T: needs +Y6.11 to Y412.10 | FWD-T: needs -Y12.90 to Y393.09
[13:41:01] [HB] IDLE Y403.57 REV-T: needs +Y8.53 to Y412.10 | FWD-T: needs -Y10.48 to Y393.09
[13:41:31] [MA-POS] price Y403.38 | MA5 Y411.83: BELOW -2.05% | MA20 Y367.66: ABOVE +9.72%
[13:42:01] [HB] IDLE Y402.86 REV-T: needs +Y9.24 to Y412.10 | FWD-T: needs -Y9.77 to Y393.09
[13:43:01] [HB] IDLE Y403.96 REV-T: needs +Y8.14 to Y412.10 | FWD-T: needs -Y10.87 to Y393.09
[13:44:01] [HB] IDLE Y404.91 REV-T: needs +Y7.19 to Y412.10 | FWD-T: needs -Y11.82 to Y393.09
[13:45:01] [HB] IDLE Y404.55 REV-T: needs +Y7.55 to Y412.10 | FWD-T: needs -Y11.46 to Y393.09
[13:46:02] [HB] IDLE Y404.57 REV-T: needs +Y7.53 to Y412.10 | FWD-T: needs -Y11.48 to Y393.09
[13:47:02] [HB] IDLE Y405.24 REV-T: needs +Y6.86 to Y412.10 | FWD-T: needs -Y12.15 to Y393.09
[13:48:02] [HB] IDLE Y404.24 REV-T: needs +Y7.86 to Y412.10 | FWD-T: needs -Y11.15 to Y393.09
[13:49:02] [HB] IDLE Y404.09 REV-T: needs +Y8.01 to Y412.10 | FWD-T: needs -Y11.00 to Y393.09
[13:50:02] [HB] IDLE Y404.00 REV-T: needs +Y8.10 to Y412.10 | FWD-T: needs -Y10.91 to Y393.09
[13:51:02] [HB] IDLE Y403.93 REV-T: needs +Y8.17 to Y412.10 | FWD-T: needs -Y10.84 to Y393.09
[13:51:31] [MA-POS] price Y403.43 | MA5 Y411.84: BELOW -2.04% | MA20 Y367.66: ABOVE +9.73%
[13:52:02] [HB] IDLE Y403.00 REV-T: needs +Y9.10 to Y412.10 | FWD-T: needs -Y9.91 to Y393.09
[13:53:02] [HB] IDLE Y403.12 REV-T: needs +Y8.98 to Y412.10 | FWD-T: needs -Y10.03 to Y393.09
[13:54:03] [HB] IDLE Y403.83 REV-T: needs +Y8.27 to Y412.10 | FWD-T: needs -Y10.74 to Y393.09
[13:55:03] [HB] IDLE Y403.24 REV-T: needs +Y8.86 to Y412.10 | FWD-T: needs -Y10.15 to Y393.09
[13:56:03] [HB] IDLE Y402.42 REV-T: needs +Y9.68 to Y412.10 | FWD-T: needs -Y9.33 to Y393.09
[13:57:03] [HB] IDLE Y403.23 REV-T: needs +Y8.87 to Y412.10 | FWD-T: needs -Y10.14 to Y393.09
[13:58:03] [HB] IDLE Y403.92 REV-T: needs +Y8.18 to Y412.10 | FWD-T: needs -Y10.83 to Y393.09
[13:59:03] [HB] IDLE Y404.26 REV-T: needs +Y7.84 to Y412.10 | FWD-T: needs -Y11.17 to Y393.09
[14:00:03] [HB] IDLE Y403.94 REV-T: needs +Y8.16 to Y412.10 | FWD-T: needs -Y10.85 to Y393.09
[14:01:03] [HB] IDLE Y403.64 REV-T: needs +Y8.46 to Y412.10 | FWD-T: needs -Y10.55 to Y393.09
[14:01:31] [MA-POS] price Y403.17 | MA5 Y411.79: BELOW -2.09% | MA20 Y367.64: ABOVE +9.66%
[14:02:03] [HB] IDLE Y403.50 REV-T: needs +Y8.60 to Y412.10 | FWD-T: needs -Y10.41 to Y393.09
[14:03:04] [HB] IDLE Y402.70 REV-T: needs +Y9.40 to Y412.10 | FWD-T: needs -Y9.61 to Y393.09
[14:04:04] [HB] IDLE Y402.50 REV-T: needs +Y9.60 to Y412.10 | FWD-T: needs -Y9.41 to Y393.09
[14:05:04] [HB] IDLE Y402.58 REV-T: needs +Y9.52 to Y412.10 | FWD-T: needs -Y9.49 to Y393.09
[14:06:04] [HB] IDLE Y402.62 REV-T: needs +Y9.48 to Y412.10 | FWD-T: needs -Y9.53 to Y393.09
[14:07:04] [HB] IDLE Y402.55 REV-T: needs +Y9.55 to Y412.10 | FWD-T: needs -Y9.46 to Y393.09
[14:08:04] [HB] IDLE Y402.47 REV-T: needs +Y9.63 to Y412.10 | FWD-T: needs -Y9.38 to Y393.09
[14:09:04] [HB] IDLE Y402.00 REV-T: needs +Y10.10 to Y412.10 | FWD-T: needs -Y8.91 to Y393.09
[14:10:04] [HB] IDLE Y402.00 REV-T: needs +Y10.10 to Y412.10 | FWD-T: needs -Y8.91 to Y393.09
[14:11:05] [HB] IDLE Y401.00 REV-T: needs +Y11.10 to Y412.10 | FWD-T: needs -Y7.91 to Y393.09
[14:11:32] [MA-POS] price Y401.15 | MA5 Y411.38: BELOW -2.49% | MA20 Y367.54: ABOVE +9.14%
[14:12:05] [HB] IDLE Y401.11 REV-T: needs +Y10.99 to Y412.10 | FWD-T: needs -Y8.02 to Y393.09
[14:13:05] [HB] IDLE Y400.99 REV-T: needs +Y11.11 to Y412.10 | FWD-T: needs -Y7.90 to Y393.09
[14:14:05] [HB] IDLE Y401.09 REV-T: needs +Y11.01 to Y412.10 | FWD-T: needs -Y8.00 to Y393.09
[14:15:05] [HB] IDLE Y401.20 REV-T: needs +Y10.90 to Y412.10 | FWD-T: needs -Y8.11 to Y393.09
[14:16:05] [HB] IDLE Y400.92 REV-T: needs +Y11.18 to Y412.10 | FWD-T: needs -Y7.83 to Y393.09
[14:17:05] [HB] IDLE Y400.84 REV-T: needs +Y11.26 to Y412.10 | FWD-T: needs -Y7.75 to Y393.09
[14:18:06] [HB] IDLE Y401.49 REV-T: needs +Y10.61 to Y412.10 | FWD-T: needs -Y8.40 to Y393.09
[14:19:06] [HB] IDLE Y401.58 REV-T: needs +Y10.52 to Y412.10 | FWD-T: needs -Y8.49 to Y393.09
[14:20:06] [HB] IDLE Y401.28 REV-T: needs +Y10.82 to Y412.10 | FWD-T: needs -Y8.19 to Y393.09
[14:21:06] [HB] IDLE Y400.91 REV-T: needs +Y11.19 to Y412.10 | FWD-T: needs -Y7.82 to Y393.09
[14:21:32] [MA-POS] price Y401.00 | MA5 Y411.35: BELOW -2.52% | MA20 Y367.54: ABOVE +9.10%
[14:22:06] [HB] IDLE Y401.27 REV-T: needs +Y10.83 to Y412.10 | FWD-T: needs -Y8.18 to Y393.09
[14:23:06] [HB] IDLE Y401.05 REV-T: needs +Y11.05 to Y412.10 | FWD-T: needs -Y7.96 to Y393.09
[14:24:06] [HB] IDLE Y400.90 REV-T: needs +Y11.20 to Y412.10 | FWD-T: needs -Y7.81 to Y393.09
[14:25:06] [HB] IDLE Y401.19 REV-T: needs +Y10.91 to Y412.10 | FWD-T: needs -Y8.10 to Y393.09
[14:26:07] [HB] IDLE Y401.17 REV-T: needs +Y10.93 to Y412.10 | FWD-T: needs -Y8.08 to Y393.09
[14:27:07] [HB] IDLE Y401.44 REV-T: needs +Y10.66 to Y412.10 | FWD-T: needs -Y8.35 to Y393.09
[14:28:07] [HB] IDLE Y402.55 REV-T: needs +Y9.55 to Y412.10 | FWD-T: needs -Y9.46 to Y393.09
[14:29:07] [HB] IDLE Y403.20 REV-T: needs +Y8.90 to Y412.10 | FWD-T: needs -Y10.11 to Y393.09
[14:30:07] [HB] IDLE Y402.54 REV-T: needs +Y9.56 to Y412.10 | FWD-T: needs -Y9.45 to Y393.09
[14:31:07] [HB] IDLE Y403.26 REV-T: needs +Y8.84 to Y412.10 | FWD-T: needs -Y10.17 to Y393.09
[14:31:32] [MA-POS] price Y403.00 | MA5 Y411.75: BELOW -2.13% | MA20 Y367.64: ABOVE +9.62%
[14:32:07] [HB] IDLE Y403.09 REV-T: needs +Y9.01 to Y412.10 | FWD-T: needs -Y10.00 to Y393.09
[14:33:07] [HB] IDLE Y403.28 REV-T: needs +Y8.82 to Y412.10 | FWD-T: needs -Y10.19 to Y393.09
[14:34:08] [HB] IDLE Y402.12 REV-T: needs +Y9.98 to Y412.10 | FWD-T: needs -Y9.03 to Y393.09
[14:35:08] [HB] IDLE Y402.50 REV-T: needs +Y9.60 to Y412.10 | FWD-T: needs -Y9.41 to Y393.09
[14:36:08] [HB] IDLE Y403.00 REV-T: needs +Y9.10 to Y412.10 | FWD-T: needs -Y9.91 to Y393.09
[14:37:08] [HB] IDLE Y402.87 REV-T: needs +Y9.23 to Y412.10 | FWD-T: needs -Y9.78 to Y393.09
[14:38:08] [HB] IDLE Y403.21 REV-T: needs +Y8.89 to Y412.10 | FWD-T: needs -Y10.12 to Y393.09
[14:39:08] [HB] IDLE Y403.10 REV-T: needs +Y9.00 to Y412.10 | FWD-T: needs -Y10.01 to Y393.09
[14:40:08] [HB] IDLE Y402.88 REV-T: needs +Y9.22 to Y412.10 | FWD-T: needs -Y9.79 to Y393.09
[14:41:08] [HB] IDLE Y403.32 REV-T: needs +Y8.78 to Y412.10 | FWD-T: needs -Y10.23 to Y393.09
[14:41:32] [MA-POS] price Y403.40 | MA5 Y411.83: BELOW -2.05% | MA20 Y367.66: ABOVE +9.72%
[14:42:08] [HB] IDLE Y403.61 REV-T: needs +Y8.49 to Y412.10 | FWD-T: needs -Y10.52 to Y393.09
[14:43:09] [HB] IDLE Y403.69 REV-T: needs +Y8.41 to Y412.10 | FWD-T: needs -Y10.60 to Y393.09
[14:44:09] [HB] IDLE Y404.40 REV-T: needs +Y7.70 to Y412.10 | FWD-T: needs -Y11.31 to Y393.09
[14:45:09] [HB] IDLE Y404.38 REV-T: needs +Y7.72 to Y412.10 | FWD-T: needs -Y11.29 to Y393.09
[14:46:09] [HB] IDLE Y403.18 REV-T: needs +Y8.92 to Y412.10 | FWD-T: needs -Y10.09 to Y393.09
[14:47:09] [HB] IDLE Y402.86 REV-T: needs +Y9.24 to Y412.10 | FWD-T: needs -Y9.77 to Y393.09
[14:48:09] [HB] IDLE Y402.22 REV-T: needs +Y9.88 to Y412.10 | FWD-T: needs -Y9.13 to Y393.09
[14:49:09] [HB] IDLE Y402.42 REV-T: needs +Y9.68 to Y412.10 | FWD-T: needs -Y9.33 to Y393.09
[14:50:09] [HB] IDLE Y402.15 REV-T: needs +Y9.95 to Y412.10 | FWD-T: needs -Y9.06 to Y393.09
[14:51:10] [HB] IDLE Y402.00 REV-T: needs +Y10.10 to Y412.10 | FWD-T: needs -Y8.91 to Y393.09
[14:51:13] [委托] 买 Y73.28 0/500股 -> 已报
[14:51:33] [MA-POS] price Y401.77 | MA5 Y411.51: BELOW -2.37% | MA20 Y367.57: ABOVE +9.30%
[14:51:43] [成交] 买 600584.SH Y73.28 x 101股 = Y7,401
[14:51:43] [委托] 买 Y73.28 101/500股 -> 部成
[14:51:43] [成交] 买 600584.SH Y73.28 x 100股 = Y7,328
[14:51:43] [委托] 买 Y73.28 201/500股 -> 部成
[14:51:43] [成交] 买 600584.SH Y73.28 x 299股 = Y21,911
[14:51:43] [委托] 买 Y73.28 500/500股 -> 全成
[14:52:10] [HB] IDLE Y401.28 REV-T: needs +Y10.82 to Y412.10 | FWD-T: needs -Y8.19 to Y393.09
[14:53:10] [HB] IDLE Y400.98 REV-T: needs +Y11.12 to Y412.10 | FWD-T: needs -Y7.89 to Y393.09
[14:54:10] [HB] IDLE Y401.10 REV-T: needs +Y11.00 to Y412.10 | FWD-T: needs -Y8.01 to Y393.09
[14:55:10] [HB] IDLE Y401.69 REV-T: needs +Y10.41 to Y412.10 | FWD-T: needs -Y8.60 to Y393.09
[14:56:10] [HB] IDLE Y400.78 REV-T: needs +Y11.32 to Y412.10 | FWD-T: needs -Y7.69 to Y393.09
[14:57:10] [HB] IDLE Y400.21 REV-T: needs +Y11.89 to Y412.10 | FWD-T: needs -Y7.12 to Y393.09
[14:58:10] [HB] IDLE Y400.21 REV-T: needs +Y11.89 to Y412.10 | FWD-T: needs -Y7.12 to Y393.09
[14:59:10] [HB] IDLE Y400.21 REV-T: needs +Y11.89 to Y412.10 | FWD-T: needs -Y7.12 to Y393.09
[15:04:11] [CLOSE 15:04:11]
[15:09:11] [CLOSE 15:09:11]
[15:14:11] [CLOSE 15:14:11]
[15:19:11] [CLOSE 15:19:11]
[15:24:11] [CLOSE 15:24:11]
[15:29:11] [CLOSE 15:29:11]
[15:34:11] [CLOSE 15:34:11]
[15:39:11] [CLOSE 15:39:11]
[15:44:11] [CLOSE 15:44:11]
[15:49:11] [CLOSE 15:49:11]
[15:54:11] [CLOSE 15:54:11]
[15:59:11] [CLOSE 15:59:11]
[16:04:11] [CLOSE 16:04:11]
[16:09:11] [CLOSE 16:09:11]
[16:14:11] [CLOSE 16:14:11]
[16:19:11] [CLOSE 16:19:11]
[16:24:11] [CLOSE 16:24:11]
[16:29:11] [CLOSE 16:29:11]
[16:34:11] [CLOSE 16:34:11]
[16:39:11] [CLOSE 16:39:11]
[16:44:11] [CLOSE 16:44:11]
[16:49:11] [CLOSE 16:49:11]
[16:54:11] [CLOSE 16:54:11]
[16:59:11] [CLOSE 16:59:11]
[17:04:11] [CLOSE 17:04:11]
[17:09:11] [CLOSE 17:09:11]
[17:14:11] [CLOSE 17:14:11]
[17:19:11] [CLOSE 17:19:11]
[17:24:11] [CLOSE 17:24:11]
[17:29:11] [CLOSE 17:29:11]
[17:34:11] [CLOSE 17:34:11]
[17:39:11] [CLOSE 17:39:11]
[17:44:11] [CLOSE 17:44:11]
[17:49:11] [CLOSE 17:49:11]
[17:54:11] [CLOSE 17:54:11]
[17:59:11] [CLOSE 17:59:11]
[18:04:11] [CLOSE 18:04:11]
[18:09:11] [CLOSE 18:09:11]
[18:14:11] [CLOSE 18:14:11]
[18:19:11] [CLOSE 18:19:11]
[18:24:11] [CLOSE 18:24:11]
[18:29:11] [CLOSE 18:29:11]
[18:34:11] [CLOSE 18:34:11]
[18:39:11] [CLOSE 18:39:11]
[18:44:11] [CLOSE 18:44:11]
[18:49:11] [CLOSE 18:49:11]
[18:54:11] [CLOSE 18:54:11]
[18:59:11] [CLOSE 18:59:11]
[19:04:11] [CLOSE 19:04:11]
[19:09:11] [CLOSE 19:09:11]
[19:14:11] [CLOSE 19:14:11]
[19:16:57] [账号状态] 8890145315 STOCK: 等待登录
[19:17:13] [账号状态] 8890145315 STOCK: 正常
[19:20:05] [账号状态] 8890145315 STOCK: 等待登录
[19:20:05] [CLOSE 19:20:05]
[19:20:21] [账号状态] 8890145315 STOCK: 正常
[19:23:40] [账号状态] 8890145315 STOCK: 等待登录
[19:24:43] [账号状态] 8890145315 STOCK: 正常
[19:25:06] [CLOSE 19:25:06]
[19:27:08] [账号状态] 8890145315 STOCK: 等待登录
[19:27:24] [账号状态] 8890145315 STOCK: 正常
[19:30:37] [CLOSE 19:30:37]
[19:30:37] [账号状态] 8890145315 STOCK: 等待登录
[19:30:53] [账号状态] 8890145315 STOCK: 正常
[19:34:31] [账号状态] 8890145315 STOCK: 等待登录
[19:34:46] [账号状态] 8890145315 STOCK: 正常
[19:35:38] [CLOSE 19:35:38]
[19:37:45] [账号状态] 8890145315 STOCK: 等待登录
[19:38:49] [账号状态] 8890145315 STOCK: 正常
[19:41:05] [CLOSE 19:41:05]
[19:41:08] [账号状态] 8890145315 STOCK: 等待登录
[19:41:30] [账号状态] 8890145315 STOCK: 正常
[19:44:39] [账号状态] 8890145315 STOCK: 等待登录
[19:44:54] [账号状态] 8890145315 STOCK: 正常
[19:46:08] [CLOSE 19:46:08]
[19:48:10] [账号状态] 8890145315 STOCK: 等待登录
[19:48:25] [账号状态] 8890145315 STOCK: 正常
[19:51:41] [CLOSE 19:51:41]
[19:51:43] [账号状态] 8890145315 STOCK: 等待登录
[19:51:58] [账号状态] 8890145315 STOCK: 正常
[19:55:13] [账号状态] 8890145315 STOCK: 等待登录
[19:56:49] [账号状态] 8890145315 STOCK: 正常
[19:56:51] [CLOSE 19:56:51]
[19:58:45] [账号状态] 8890145315 STOCK: 等待登录
[19:59:01] [账号状态] 8890145315 STOCK: 正常
[20:02:14] [账号状态] 8890145315 STOCK: 等待登录
[20:02:19] [CLOSE 20:02:19]
[20:02:29] [账号状态] 8890145315 STOCK: 正常
[20:05:42] [账号状态] 8890145315 STOCK: 等待登录
[20:05:58] [账号状态] 8890145315 STOCK: 正常
[20:07:21] [CLOSE 20:07:21]
[20:09:17] [账号状态] 8890145315 STOCK: 等待登录
[20:09:33] [账号状态] 8890145315 STOCK: 正常
[20:12:42] [CLOSE 20:12:42]
[20:12:47] [账号状态] 8890145315 STOCK: 等待登录
[20:13:03] [账号状态] 8890145315 STOCK: 正常
[20:16:17] [账号状态] 8890145315 STOCK: 等待登录
[20:17:52] [CLOSE 20:17:52]
[20:23:13] [CLOSE 20:23:13]
[20:27:21] [账号状态] 8890145315 STOCK: 未知(2)
[20:27:21] [账号状态] 8890145315 STOCK: 初始化中
[20:27:22] [账号状态] 8890145315 STOCK: 正常
[20:28:14] [CLOSE 20:28:14]
[20:30:22] [账号状态] 8890145315 STOCK: 等待登录
[20:30:38] [账号状态] 8890145315 STOCK: 未知(2)
[20:30:38] [账号状态] 8890145315 STOCK: 初始化中
[20:30:38] [账号状态] 8890145315 STOCK: 正常
[20:33:49] [账号状态] 8890145315 STOCK: 等待登录
[20:33:53] [CLOSE 20:33:53]
[20:34:05] [账号状态] 8890145315 STOCK: 正常
[20:37:19] [账号状态] 8890145315 STOCK: 等待登录
[20:37:35] [账号状态] 8890145315 STOCK: 正常
[20:38:56] [CLOSE 20:38:56]
[20:40:54] [账号状态] 8890145315 STOCK: 等待登录
[20:41:10] [账号状态] 8890145315 STOCK: 未知(2)
[20:41:10] [账号状态] 8890145315 STOCK: 初始化中
[20:41:10] [账号状态] 8890145315 STOCK: 正常
[20:44:19] [CLOSE 20:44:19]
[20:44:24] [账号状态] 8890145315 STOCK: 等待登录
[20:44:40] [账号状态] 8890145315 STOCK: 正常
[20:47:55] [账号状态] 8890145315 STOCK: 等待登录
[20:48:10] [账号状态] 8890145315 STOCK: 正常
[20:49:29] [CLOSE 20:49:29]
[20:51:25] [账号状态] 8890145315 STOCK: 等待登录
[20:51:41] [账号状态] 8890145315 STOCK: 正常
[20:54:55] [账号状态] 8890145315 STOCK: 等待登录
[20:54:57] [CLOSE 20:54:57]
[20:55:10] [账号状态] 8890145315 STOCK: 正常
[20:58:23] [账号状态] 8890145315 STOCK: 等待登录
[20:58:38] [账号状态] 8890145315 STOCK: 正常
[20:59:58] [CLOSE 20:59:58]
[21:01:59] [账号状态] 8890145315 STOCK: 等待登录
[21:02:14] [账号状态] 8890145315 STOCK: 正常
[21:05:25] [账号状态] 8890145315 STOCK: 等待登录
[21:05:27] [CLOSE 21:05:27]
[21:05:40] [账号状态] 8890145315 STOCK: 正常
[21:09:04] [账号状态] 8890145315 STOCK: 等待登录
[21:09:20] [账号状态] 8890145315 STOCK: 正常
[21:10:35] [CLOSE 21:10:35]
