============================================================
  日志文件创建: 2026-08-17 09:29:05
  策略版本: v23 (for MiniQMT Evn)
  标的: 601869
============================================================
[09:29:08] [连接] MiniQMT 行情服务已连接
[09:29:08] [交易] 已订阅账号 8890145315
[09:29:08] [START] 长飞光纤 v23 LIVE 601869.SH
[09:29:09] [SIGNAL] BEAR open Y356.00 | ATR11.1% | RSI35 | vol_ratio1.00 | mult0.20 | trig Y359.97 
[09:29:09] [FACTOR] trend-0.15 volatility-0.17 volume+0.00 RSI+0.10
[09:29:09] [ACCOUNT] pos:200 sh Y71,200(66%) | cash:Y36,544 | T+0:1 lots(200 sh)
[09:29:09] [REV-T] ✅ 1 lots trig Y359.97 buyback=sell×(1-ATR%×0.15) emerg +3%
[09:29:09] [FWD-T] ✅ 0 lots buy Y348.88 sell Y353.07(+1.2%) 1 lot≈Y71,200
[09:29:09] [PRE-MKT 09:29:09] computing signal...
[09:29:09] [SIGNAL] BEAR open Y356.00 | ATR11.1% | RSI35 | vol_ratio1.00 | mult0.20 | trig Y359.97 
[09:29:09] [FACTOR] trend-0.15 volatility-0.17 volume+0.00 RSI+0.10
[09:29:09] [ACCOUNT] pos:200 sh Y71,200(66%) | cash:Y36,544 | T+0:1 lots(200 sh)
[09:29:09] [REV-T] ✅ 1 lots trig Y359.97 buyback=sell×(1-ATR%×0.15) emerg +3%
[09:29:09] [FWD-T] ✅ 0 lots buy Y348.88 sell Y353.07(+1.2%) 1 lot≈Y71,200
[09:30:04] [OPEN] [Y356.08] [REV-T trig Y359.97(need +1.09%)] [FWD-T trig Y348.88(need -2.02%)]
[09:30:09] [HB] IDLE Y356.30 REV-T: need +3.67 to Y359.97 | FWD-T: need -7.13 to Y349.17
[09:30:55] [REV-T spike #1/5] Y360.50 >= Y359.97
[09:31:09] [HB] SPIKING Y362.00 peak Y362.00 pullback 0.00%
[09:31:19] [REV-T sell trig] peak Y365.76 pullback 0.21% → Y364.99
[09:31:19] [ORDER-REV-T sell] Y364.99 × 200 sh
[09:31:19]   >>> 下单卖出: Y364.99 x 200股 601869.SH
[09:31:19] [委托] 卖 Y364.99 0/200股 -> 已报
[09:31:20] [成交] 卖 601869.SH Y364.99 x 200股 = Y72,998
[09:31:20] [委托] 卖 Y364.99 200/200股 -> 全成
[09:31:20] [FILL-REV-T sell] Y364.99 × 200 sh | pos 200→0 | cash +72,998
[09:32:09] [HB] SOLD Y364.83 sell Y364.99 -0.0% buyback Y358.89 ladder Y370.46
[09:33:10] [HB] SOLD Y361.58 sell Y364.99 -0.9% buyback Y358.89 ladder Y370.46
[09:34:10] [HB] SOLD Y359.30 sell Y364.99 -1.6% buyback Y358.89 ladder Y370.46
[09:35:10] [HB] SOLD Y363.59 sell Y364.99 -0.4% buyback Y358.89 ladder Y370.46
[09:36:10] [HB] SOLD Y362.90 sell Y364.99 -0.6% buyback Y358.89 ladder Y370.46
[09:37:10] [HB] SOLD Y363.61 sell Y364.99 -0.4% buyback Y358.89 ladder Y370.46
[09:38:10] [HB] SOLD Y363.56 sell Y364.99 -0.4% buyback Y358.89 ladder Y370.46
[09:39:10] [HB] SOLD Y359.88 sell Y364.99 -1.4% buyback Y358.89 ladder Y370.46
[09:40:10] [HB] SOLD Y360.80 sell Y364.99 -1.1% buyback Y358.89 ladder Y370.46
[09:41:10] [HB] SOLD Y361.67 sell Y364.99 -0.9% buyback Y358.89 ladder Y370.46
[09:42:10] [HB] SOLD Y363.91 sell Y364.99 -0.3% buyback Y358.89 ladder Y370.46
[09:43:10] [HB] SOLD Y361.47 sell Y364.99 -1.0% buyback Y358.89 ladder Y370.46
[09:44:10] [HB] SOLD Y360.02 sell Y364.99 -1.4% buyback Y358.89 ladder Y370.46
[09:45:10] [HB] SOLD Y362.05 sell Y364.99 -0.8% buyback Y358.89 ladder Y370.46
[09:46:10] [HB] SOLD Y362.79 sell Y364.99 -0.6% buyback Y358.89 ladder Y370.46
[09:47:10] [HB] SOLD Y363.89 sell Y364.99 -0.3% buyback Y358.89 ladder Y370.46
[09:48:10] [HB] SOLD Y363.00 sell Y364.99 -0.5% buyback Y358.89 ladder Y370.46
[09:49:10] [HB] SOLD Y363.50 sell Y364.99 -0.4% buyback Y358.89 ladder Y370.46
[09:50:10] [HB] SOLD Y364.88 sell Y364.99 -0.0% buyback Y358.89 ladder Y370.46
[09:51:10] [HB] SOLD Y366.99 sell Y364.99 +0.5% buyback Y358.89 ladder Y370.46
[09:52:11] [HB] SOLD Y364.00 sell Y364.99 -0.3% buyback Y358.89 ladder Y370.46
[09:53:11] [HB] SOLD Y361.72 sell Y364.99 -0.9% buyback Y358.89 ladder Y370.46
[09:54:11] [HB] SOLD Y364.00 sell Y364.99 -0.3% buyback Y358.89 ladder Y370.46
[09:55:11] [HB] SOLD Y362.30 sell Y364.99 -0.7% buyback Y358.89 ladder Y370.46
[09:56:11] [HB] SOLD Y362.60 sell Y364.99 -0.7% buyback Y358.89 ladder Y370.46
[09:57:11] [HB] SOLD Y362.06 sell Y364.99 -0.8% buyback Y358.89 ladder Y370.46
[09:58:11] [HB] SOLD Y359.20 sell Y364.99 -1.6% buyback Y358.89 ladder Y370.46
[09:58:31] [Buyback trig ] Y358.83(-1.69%)
[09:58:40] [REV-T buyback trig] low Y358.82 bounce 0.13% → Y359.30 gross~Y1,138
[09:58:40] [ORDER-REV-T buyback(NORMAL)] Y359.30 × 200 sh
[09:58:40]   >>> 下单买入: Y359.30 x 200股 601869.SH
[09:58:40] [委托] 买 Y359.30 0/200股 -> 已报
[09:58:41] [成交] 买 601869.SH Y359.30 x 200股 = Y71,860
[09:58:41] [委托] 买 Y359.30 200/200股 -> 全成
[09:58:41] [FILL-REV-T buyback(NORMAL)] Y359.30 × 200 sh | pos 0→200 | cash -71,860
[09:58:41] [RESUME] → IDLE (REV-T 1/5, FWD-T 0/5)
[09:59:11] [HB] IDLE Y359.00 REV-T: need +0.97 to Y359.97 | FWD-T: need -7.18 to Y351.82
[10:00:11] [HB] IDLE Y360.11 REV-T: need +-0.14 to Y359.97 | FWD-T: need -7.20 to Y352.91
[10:00:25] [LOCK] P+1.6% M0.63% D0.00%
[10:00:27] [UNLOCK]
[10:00:30] [LOCK] P+1.5% M0.62% D0.02%
[10:01:11] [HB] IDLE Y361.58 REV-T: need +-1.61 to Y359.97 | FWD-T: need -7.23 to Y354.35 | LOCKED
[10:01:22] [账号状态] 8890145315 STOCK: 等待登录
[10:01:39] [账号状态] 8890145315 STOCK: 正常
[10:01:46] [UNLOCK]
[10:02:11] [HB] IDLE Y358.86 REV-T: need +1.11 to Y359.97 | FWD-T: need -4.51 to Y354.35
[10:03:12] [HB] IDLE Y358.80 REV-T: need +1.17 to Y359.97 | FWD-T: need -4.45 to Y354.35
[10:04:12] [HB] IDLE Y360.00 REV-T: need +-0.03 to Y359.97 | FWD-T: need -5.65 to Y354.35
[10:05:12] [HB] IDLE Y360.56 REV-T: need +-0.59 to Y359.97 | FWD-T: need -6.21 to Y354.35
[10:06:01] [LOCK] P+2.1% M0.54% D0.00%
[10:06:04] [UNLOCK]
[10:06:07] [LOCK] P+2.1% M0.57% D0.00%
[10:06:12] [HB] IDLE Y363.71 REV-T: need +-3.74 to Y359.97 | FWD-T: need -7.27 to Y356.44 | LOCKED
[10:06:13] [UNLOCK]
[10:06:19] [LOCK] P+2.1% M0.56% D0.03%
[10:07:12] [HB] IDLE Y364.81 REV-T: need +-4.84 to Y359.97 | FWD-T: need -7.30 to Y357.51 | LOCKED
[10:07:25] [UNLOCK]
[10:07:28] [LOCK] P+2.2% M1.68% D0.33%
[10:07:31] [UNLOCK]
[10:07:49] [LOCK] P+2.2% M1.53% D0.34%
[10:08:01] [UNLOCK]
[10:08:07] [LOCK] P+2.2% M1.52% D0.35%
[10:08:12] [HB] IDLE Y363.61 REV-T: need +-3.64 to Y359.97 | FWD-T: need -6.10 to Y357.51 | LOCKED
[10:09:12] [HB] IDLE Y363.87 REV-T: need +-3.90 to Y359.97 | FWD-T: need -6.36 to Y357.51 | LOCKED
[10:09:16] [UNLOCK]
[10:09:19] [LOCK] P+2.1% M0.86% D0.47%
[10:09:22] [UNLOCK]
[10:10:12] [HB] IDLE Y362.30 REV-T: need +-2.33 to Y359.97 | FWD-T: need -4.79 to Y357.51
[10:11:12] [HB] IDLE Y361.54 REV-T: need +-1.57 to Y359.97 | FWD-T: need -4.03 to Y357.51
[10:12:12] [HB] IDLE Y361.98 REV-T: need +-2.01 to Y359.97 | FWD-T: need -4.47 to Y357.51
[10:13:12] [HB] IDLE Y361.60 REV-T: need +-1.63 to Y359.97 | FWD-T: need -4.09 to Y357.51
[10:14:12] [HB] IDLE Y360.79 REV-T: need +-0.82 to Y359.97 | FWD-T: need -3.28 to Y357.51
[10:15:12] [HB] IDLE Y361.50 REV-T: need +-1.53 to Y359.97 | FWD-T: need -3.99 to Y357.51
[10:16:12] [HB] IDLE Y361.00 REV-T: need +-1.03 to Y359.97 | FWD-T: need -3.49 to Y357.51
[10:17:12] [HB] IDLE Y361.54 REV-T: need +-1.57 to Y359.97 | FWD-T: need -4.03 to Y357.51
[10:18:12] [HB] IDLE Y362.01 REV-T: need +-2.04 to Y359.97 | FWD-T: need -4.50 to Y357.51
[10:19:13] [HB] IDLE Y361.78 REV-T: need +-1.81 to Y359.97 | FWD-T: need -4.27 to Y357.51
[10:20:13] [HB] IDLE Y362.00 REV-T: need +-2.03 to Y359.97 | FWD-T: need -4.49 to Y357.51
[10:21:13] [HB] IDLE Y362.07 REV-T: need +-2.10 to Y359.97 | FWD-T: need -4.56 to Y357.51
[10:22:13] [HB] IDLE Y362.09 REV-T: need +-2.12 to Y359.97 | FWD-T: need -4.58 to Y357.51
[10:23:13] [HB] IDLE Y361.65 REV-T: need +-1.68 to Y359.97 | FWD-T: need -4.14 to Y357.51
[10:24:13] [HB] IDLE Y361.30 REV-T: need +-1.33 to Y359.97 | FWD-T: need -3.79 to Y357.51
[10:25:13] [HB] IDLE Y361.78 REV-T: need +-1.81 to Y359.97 | FWD-T: need -4.27 to Y357.51
[10:26:13] [HB] IDLE Y361.53 REV-T: need +-1.56 to Y359.97 | FWD-T: need -4.02 to Y357.51
[10:27:13] [HB] IDLE Y360.50 REV-T: need +-0.53 to Y359.97 | FWD-T: need -2.99 to Y357.51
[10:28:13] [HB] IDLE Y361.18 REV-T: need +-1.21 to Y359.97 | FWD-T: need -3.67 to Y357.51
[10:29:13] [HB] IDLE Y360.55 REV-T: need +-0.58 to Y359.97 | FWD-T: need -3.04 to Y357.51
[10:30:13] [HB] IDLE Y360.48 REV-T: need +-0.51 to Y359.97 | FWD-T: need -2.97 to Y357.51
[10:31:13] [HB] IDLE Y362.00 REV-T: need +-2.03 to Y359.97 | FWD-T: need -4.49 to Y357.51
[10:32:06] [LOCK] P+1.8% M0.52% D0.00%
[10:32:13] [HB] IDLE Y362.50 REV-T: need +-2.53 to Y359.97 | FWD-T: need -4.99 to Y357.51 | LOCKED
[10:33:09] [UNLOCK]
[10:33:12] [LOCK] P+2.0% M0.50% D0.00%
[10:33:13] [HB] IDLE Y363.00 REV-T: need +-3.03 to Y359.97 | FWD-T: need -5.49 to Y357.51 | LOCKED
[10:34:14] [HB] IDLE Y362.89 REV-T: need +-2.92 to Y359.97 | FWD-T: need -5.38 to Y357.51 | LOCKED
[10:35:14] [HB] IDLE Y364.07 REV-T: need +-4.10 to Y359.97 | FWD-T: need -6.56 to Y357.51 | LOCKED
[10:36:14] [HB] IDLE Y364.76 REV-T: need +-4.79 to Y359.97 | FWD-T: need -7.25 to Y357.51 | LOCKED
[10:36:49] [UNLOCK]
[10:37:14] [HB] IDLE Y364.00 REV-T: need +-4.03 to Y359.97 | FWD-T: need -6.49 to Y357.51
[10:38:10] [LOCK] P+2.5% M0.55% D0.01%
[10:38:14] [HB] IDLE Y365.00 REV-T: need +-5.03 to Y359.97 | FWD-T: need -7.30 to Y357.70 | LOCKED
[10:39:14] [HB] IDLE Y366.31 REV-T: need +-6.34 to Y359.97 | FWD-T: need -7.33 to Y358.98 | LOCKED
[10:39:36] [UNLOCK]
[10:39:39] [LOCK] P+2.6% M0.52% D0.43%
[10:39:42] [UNLOCK]
[10:39:49] [LOCK] P+2.8% M0.57% D0.25%
[10:40:14] [HB] IDLE Y366.47 REV-T: need +-6.50 to Y359.97 | FWD-T: need -7.33 to Y359.14 | LOCKED
[10:40:21] [UNLOCK]
[10:40:22] [LOCK] P+2.9% M0.54% D0.06%
[10:40:31] [UNLOCK]
[10:41:14] [HB] IDLE Y365.98 REV-T: need +-6.01 to Y359.97 | FWD-T: need -6.84 to Y359.14
[10:41:39] [LOCK] P+2.8% M0.52% D0.25%
[10:41:42] [UNLOCK]
[10:41:45] [LOCK] P+2.8% M0.51% D0.24%
[10:42:14] [HB] IDLE Y366.10 REV-T: need +-6.13 to Y359.97 | FWD-T: need -6.96 to Y359.14 | LOCKED
[10:42:27] [UNLOCK]
[10:43:14] [HB] IDLE Y365.13 REV-T: need +-5.16 to Y359.97 | FWD-T: need -5.99 to Y359.14
[10:44:14] [HB] IDLE Y365.95 REV-T: need +-5.98 to Y359.97 | FWD-T: need -6.81 to Y359.14
[10:45:14] [HB] IDLE Y366.00 REV-T: need +-6.03 to Y359.97 | FWD-T: need -6.86 to Y359.14
[10:46:14] [HB] IDLE Y366.13 REV-T: need +-6.16 to Y359.97 | FWD-T: need -6.99 to Y359.14
[10:47:14] [HB] IDLE Y366.06 REV-T: need +-6.09 to Y359.97 | FWD-T: need -6.92 to Y359.14
[10:48:14] [HB] IDLE Y366.40 REV-T: need +-6.43 to Y359.97 | FWD-T: need -7.26 to Y359.14
[10:49:15] [HB] IDLE Y365.59 REV-T: need +-5.62 to Y359.97 | FWD-T: need -6.45 to Y359.14
[10:50:15] [HB] IDLE Y365.62 REV-T: need +-5.65 to Y359.97 | FWD-T: need -6.48 to Y359.14
[10:51:15] [HB] IDLE Y365.65 REV-T: need +-5.68 to Y359.97 | FWD-T: need -6.51 to Y359.14
[10:52:15] [HB] IDLE Y366.00 REV-T: need +-6.03 to Y359.97 | FWD-T: need -6.86 to Y359.14
[10:53:15] [HB] IDLE Y365.68 REV-T: need +-5.71 to Y359.97 | FWD-T: need -6.54 to Y359.14
[10:54:15] [HB] IDLE Y365.30 REV-T: need +-5.33 to Y359.97 | FWD-T: need -6.16 to Y359.14
[10:55:15] [HB] IDLE Y364.80 REV-T: need +-4.83 to Y359.97 | FWD-T: need -5.66 to Y359.14
[10:56:15] [HB] IDLE Y364.10 REV-T: need +-4.13 to Y359.97 | FWD-T: need -4.96 to Y359.14
[10:57:15] [HB] IDLE Y365.36 REV-T: need +-5.39 to Y359.97 | FWD-T: need -6.22 to Y359.14
[10:58:15] [HB] IDLE Y365.04 REV-T: need +-5.07 to Y359.97 | FWD-T: need -5.90 to Y359.14
[10:59:15] [HB] IDLE Y364.80 REV-T: need +-4.83 to Y359.97 | FWD-T: need -5.66 to Y359.14
[11:00:15] [HB] IDLE Y365.99 REV-T: need +-6.02 to Y359.97 | FWD-T: need -6.85 to Y359.14
[11:00:45] [LOCK] P+2.9% M0.51% D0.00%
[11:01:15] [HB] IDLE Y366.20 REV-T: need +-6.23 to Y359.97 | FWD-T: need -7.06 to Y359.14 | LOCKED
[11:01:18] [UNLOCK]
[11:01:36] [LOCK] P+3.0% M0.55% D0.00%
[11:02:15] [HB] IDLE Y367.86 REV-T: need +-7.89 to Y359.97 | FWD-T: need -7.36 to Y360.50 | LOCKED
[11:02:30] [UNLOCK]
[11:02:36] [LOCK] P+3.1% M0.53% D0.23%
[11:02:48] [UNLOCK]
[11:02:57] [LOCK] P+3.1% M0.55% D0.23%
[11:03:15] [HB] IDLE Y367.25 REV-T: need +-7.28 to Y359.97 | FWD-T: need -6.75 to Y360.50 | LOCKED
[11:04:15] [HB] IDLE Y367.40 REV-T: need +-7.43 to Y359.97 | FWD-T: need -6.90 to Y360.50 | LOCKED
[11:04:42] [UNLOCK]
[11:05:15] [HB] IDLE Y366.52 REV-T: need +-6.55 to Y359.97 | FWD-T: need -6.02 to Y360.50
[11:06:16] [HB] IDLE Y366.53 REV-T: need +-6.56 to Y359.97 | FWD-T: need -6.03 to Y360.50
[11:07:16] [HB] IDLE Y365.22 REV-T: need +-5.25 to Y359.97 | FWD-T: need -4.72 to Y360.50
[11:08:16] [HB] IDLE Y366.08 REV-T: need +-6.11 to Y359.97 | FWD-T: need -5.58 to Y360.50
[11:09:16] [HB] IDLE Y366.00 REV-T: need +-6.03 to Y359.97 | FWD-T: need -5.50 to Y360.50
[11:10:16] [HB] IDLE Y365.68 REV-T: need +-5.71 to Y359.97 | FWD-T: need -5.18 to Y360.50
[11:11:16] [HB] IDLE Y365.74 REV-T: need +-5.77 to Y359.97 | FWD-T: need -5.24 to Y360.50
[11:12:16] [HB] IDLE Y364.87 REV-T: need +-4.90 to Y359.97 | FWD-T: need -4.37 to Y360.50
[11:13:16] [HB] IDLE Y364.81 REV-T: need +-4.84 to Y359.97 | FWD-T: need -4.31 to Y360.50
[11:14:16] [HB] IDLE Y364.78 REV-T: need +-4.81 to Y359.97 | FWD-T: need -4.28 to Y360.50
[11:15:16] [HB] IDLE Y364.01 REV-T: need +-4.04 to Y359.97 | FWD-T: need -3.51 to Y360.50
[11:16:16] [HB] IDLE Y364.08 REV-T: need +-4.11 to Y359.97 | FWD-T: need -3.58 to Y360.50
[11:17:16] [HB] IDLE Y365.10 REV-T: need +-5.13 to Y359.97 | FWD-T: need -4.60 to Y360.50
[11:18:16] [HB] IDLE Y365.88 REV-T: need +-5.91 to Y359.97 | FWD-T: need -5.38 to Y360.50
[11:19:09] [LOCK] P+3.0% M0.52% D0.00%
[11:19:12] [UNLOCK]
[11:19:15] [LOCK] P+3.1% M0.61% D0.00%
[11:19:16] [HB] IDLE Y366.99 REV-T: need +-7.02 to Y359.97 | FWD-T: need -6.49 to Y360.50 | LOCKED
[11:20:16] [HB] IDLE Y367.69 REV-T: need +-7.72 to Y359.97 | FWD-T: need -7.19 to Y360.50 | LOCKED
[11:21:17] [HB] IDLE Y366.27 REV-T: need +-6.30 to Y359.97 | FWD-T: need -5.77 to Y360.50 | LOCKED
[11:21:31] [UNLOCK]
[11:22:17] [HB] IDLE Y365.10 REV-T: need +-5.13 to Y359.97 | FWD-T: need -4.60 to Y360.50
[11:23:17] [HB] IDLE Y365.87 REV-T: need +-5.90 to Y359.97 | FWD-T: need -5.37 to Y360.50
[11:24:17] [HB] IDLE Y365.31 REV-T: need +-5.34 to Y359.97 | FWD-T: need -4.81 to Y360.50
[11:25:17] [HB] IDLE Y365.70 REV-T: need +-5.73 to Y359.97 | FWD-T: need -5.20 to Y360.50
[11:26:17] [HB] IDLE Y365.70 REV-T: need +-5.73 to Y359.97 | FWD-T: need -5.20 to Y360.50
[11:27:17] [HB] IDLE Y366.07 REV-T: need +-6.10 to Y359.97 | FWD-T: need -5.57 to Y360.50
[11:28:17] [HB] IDLE Y365.80 REV-T: need +-5.83 to Y359.97 | FWD-T: need -5.30 to Y360.50
[11:29:17] [HB] IDLE Y365.90 REV-T: need +-5.93 to Y359.97 | FWD-T: need -5.40 to Y360.50
[11:31:30] [账号状态] 8890145315 STOCK: 等待登录
[11:31:45] [账号状态] 8890145315 STOCK: 正常
[11:35:01] [账号状态] 8890145315 STOCK: 等待登录
[11:35:04] [LUNCH 11:35:04]
[11:35:16] [账号状态] 8890145315 STOCK: 正常
[11:38:33] [账号状态] 8890145315 STOCK: 等待登录
[11:38:48] [账号状态] 8890145315 STOCK: 正常
[11:40:14] [LUNCH 11:40:14]
[11:42:03] [账号状态] 8890145315 STOCK: 等待登录
[11:42:18] [账号状态] 8890145315 STOCK: 正常
[11:45:30] [账号状态] 8890145315 STOCK: 等待登录
[11:45:35] [LUNCH 11:45:35]
[11:45:45] [账号状态] 8890145315 STOCK: 正常
[11:49:04] [账号状态] 8890145315 STOCK: 等待登录
[11:49:19] [账号状态] 8890145315 STOCK: 正常
[11:50:36] [LUNCH 11:50:36]
[11:52:34] [账号状态] 8890145315 STOCK: 等待登录
[11:52:50] [账号状态] 8890145315 STOCK: 正常
[11:56:04] [账号状态] 8890145315 STOCK: 等待登录
[11:56:06] [LUNCH 11:56:06]
[11:56:19] [账号状态] 8890145315 STOCK: 正常
[11:59:35] [账号状态] 8890145315 STOCK: 等待登录
[11:59:50] [账号状态] 8890145315 STOCK: 正常
[12:01:15] [LUNCH 12:01:15]
[12:03:05] [账号状态] 8890145315 STOCK: 等待登录
[12:03:21] [账号状态] 8890145315 STOCK: 正常
[12:06:36] [账号状态] 8890145315 STOCK: 等待登录
[12:06:37] [LUNCH 12:06:37]
[12:06:51] [账号状态] 8890145315 STOCK: 正常
[12:10:07] [账号状态] 8890145315 STOCK: 等待登录
[12:10:22] [账号状态] 8890145315 STOCK: 正常
[12:11:38] [LUNCH 12:11:38]
[12:13:38] [账号状态] 8890145315 STOCK: 等待登录
[12:13:53] [账号状态] 8890145315 STOCK: 正常
[12:17:05] [LUNCH 12:17:05]
[12:17:07] [账号状态] 8890145315 STOCK: 等待登录
[12:17:22] [账号状态] 8890145315 STOCK: 正常
[12:20:50] [账号状态] 8890145315 STOCK: 等待登录
[12:21:06] [账号状态] 8890145315 STOCK: 正常
[12:22:08] [LUNCH 12:22:08]
[12:24:08] [账号状态] 8890145315 STOCK: 等待登录
[12:24:23] [账号状态] 8890145315 STOCK: 正常
[12:27:37] [LUNCH 12:27:37]
[12:27:39] [账号状态] 8890145315 STOCK: 等待登录
[12:27:54] [账号状态] 8890145315 STOCK: 正常
[12:31:08] [账号状态] 8890145315 STOCK: 等待登录
[12:31:23] [账号状态] 8890145315 STOCK: 正常
[12:32:46] [LUNCH 12:32:46]
[12:34:37] [账号状态] 8890145315 STOCK: 等待登录
[12:34:52] [账号状态] 8890145315 STOCK: 正常
[12:38:09] [LUNCH 12:38:09]
[12:38:11] [账号状态] 8890145315 STOCK: 等待登录
[12:38:27] [账号状态] 8890145315 STOCK: 正常
[12:41:41] [账号状态] 8890145315 STOCK: 等待登录
[12:41:56] [账号状态] 8890145315 STOCK: 正常
[12:43:10] [LUNCH 12:43:10]
[12:45:12] [账号状态] 8890145315 STOCK: 等待登录
[12:45:27] [账号状态] 8890145315 STOCK: 正常
[12:48:38] [账号状态] 8890145315 STOCK: 等待登录
[12:48:39] [LUNCH 12:48:39]
[12:48:53] [账号状态] 8890145315 STOCK: 正常
[12:52:10] [账号状态] 8890145315 STOCK: 等待登录
[12:52:25] [账号状态] 8890145315 STOCK: 正常
[12:53:41] [LUNCH 12:53:41]
[12:55:46] [账号状态] 8890145315 STOCK: 等待登录
[12:56:01] [账号状态] 8890145315 STOCK: 正常
[12:59:11] [LUNCH 12:59:11]
[12:59:14] [账号状态] 8890145315 STOCK: 等待登录
[12:59:29] [账号状态] 8890145315 STOCK: 正常
[13:00:11] [HB] IDLE Y365.82 REV-T: need +-5.85 to Y359.97 | FWD-T: need -5.32 to Y360.50
[13:01:11] [HB] IDLE Y365.87 REV-T: need +-5.90 to Y359.97 | FWD-T: need -5.37 to Y360.50
[13:02:39] [HB] IDLE Y366.70 REV-T: need +-6.73 to Y359.97 | FWD-T: need -6.20 to Y360.50
[13:02:43] [账号状态] 8890145315 STOCK: 等待登录
[13:02:59] [账号状态] 8890145315 STOCK: 正常
[13:03:39] [HB] IDLE Y366.13 REV-T: need +-6.16 to Y359.97 | FWD-T: need -5.63 to Y360.50
[13:04:39] [HB] IDLE Y366.50 REV-T: need +-6.53 to Y359.97 | FWD-T: need -6.00 to Y360.50
[13:06:09] [HB] IDLE Y366.24 REV-T: need +-6.27 to Y359.97 | FWD-T: need -5.74 to Y360.50
[13:06:13] [账号状态] 8890145315 STOCK: 等待登录
[13:06:28] [账号状态] 8890145315 STOCK: 正常
[13:07:09] [HB] IDLE Y366.90 REV-T: need +-6.93 to Y359.97 | FWD-T: need -6.40 to Y360.50
[13:08:09] [HB] IDLE Y367.50 REV-T: need +-7.53 to Y359.97 | FWD-T: need -7.00 to Y360.50
[13:09:41] [HB] IDLE Y367.69 REV-T: need +-7.72 to Y359.97 | FWD-T: need -7.19 to Y360.50
[13:09:46] [账号状态] 8890145315 STOCK: 等待登录
[13:10:01] [账号状态] 8890145315 STOCK: 正常
[13:10:36] [LOCK] P+3.5% M0.64% D0.00%
[13:10:37] [UNLOCK]
[13:10:41] [HB] IDLE Y367.00 REV-T: need +-7.03 to Y359.97 | FWD-T: need -6.50 to Y360.50
[13:11:40] [LOCK] P+3.5% M0.56% D0.08%
[13:11:41] [HB] IDLE Y368.30 REV-T: need +-8.33 to Y359.97 | FWD-T: need -7.37 to Y360.93 | LOCKED
[13:11:46] [UNLOCK]
[13:13:12] [HB] IDLE Y367.68 REV-T: need +-7.71 to Y359.97 | FWD-T: need -6.75 to Y360.93
[13:13:17] [账号状态] 8890145315 STOCK: 等待登录
[13:13:32] [账号状态] 8890145315 STOCK: 正常
[13:14:12] [HB] IDLE Y367.20 REV-T: need +-7.23 to Y359.97 | FWD-T: need -6.27 to Y360.93
[13:15:12] [HB] IDLE Y367.22 REV-T: need +-7.25 to Y359.97 | FWD-T: need -6.29 to Y360.93
[13:16:43] [HB] IDLE Y367.68 REV-T: need +-7.71 to Y359.97 | FWD-T: need -6.75 to Y360.93
[13:16:47] [账号状态] 8890145315 STOCK: 等待登录
[13:16:52] [LOCK] P+3.9% M0.54% D0.00%
[13:17:03] [账号状态] 8890145315 STOCK: 正常
[13:17:43] [HB] IDLE Y370.80 REV-T: need +-10.83 to Y359.97 | FWD-T: need -7.42 to Y363.38 | LOCKED
[13:18:34] [UNLOCK]
[13:18:43] [LOCK] P+3.8% M0.54% D0.36%
[13:18:43] [HB] IDLE Y369.68 REV-T: need +-9.71 to Y359.97 | FWD-T: need -6.30 to Y363.38 | LOCKED
[13:18:46] [UNLOCK]
[13:18:58] [LOCK] P+3.8% M0.54% D0.36%
[13:20:13] [HB] IDLE Y369.75 REV-T: need +-9.78 to Y359.97 | FWD-T: need -6.37 to Y363.38 | LOCKED
[13:20:17] [账号状态] 8890145315 STOCK: 等待登录
[13:20:22] [UNLOCK]
[13:20:32] [账号状态] 8890145315 STOCK: 正常
[13:20:34] [LOCK] P+3.8% M0.53% D0.44%
[13:20:37] [UNLOCK]
[13:21:13] [HB] IDLE Y369.37 REV-T: need +-9.40 to Y359.97 | FWD-T: need -5.99 to Y363.38
[13:21:28] [LOCK] P+3.8% M0.51% D0.39%
[13:21:43] [UNLOCK]
[13:22:13] [HB] IDLE Y368.97 REV-T: need +-9.00 to Y359.97 | FWD-T: need -5.59 to Y363.38
[13:23:41] [HB] IDLE Y367.80 REV-T: need +-7.83 to Y359.97 | FWD-T: need -4.42 to Y363.38
[13:23:45] [账号状态] 8890145315 STOCK: 等待登录
[13:24:00] [账号状态] 8890145315 STOCK: 正常
[13:24:41] [HB] IDLE Y367.00 REV-T: need +-7.03 to Y359.97 | FWD-T: need -3.62 to Y363.38
[13:25:41] [HB] IDLE Y366.33 REV-T: need +-6.36 to Y359.97 | FWD-T: need -2.95 to Y363.38
[13:27:14] [HB] IDLE Y366.31 REV-T: need +-6.34 to Y359.97 | FWD-T: need -2.93 to Y363.38
[13:27:19] [账号状态] 8890145315 STOCK: 等待登录
[13:27:34] [账号状态] 8890145315 STOCK: 正常
[13:28:14] [HB] IDLE Y366.58 REV-T: need +-6.61 to Y359.97 | FWD-T: need -3.20 to Y363.38
[13:29:14] [HB] IDLE Y366.05 REV-T: need +-6.08 to Y359.97 | FWD-T: need -2.67 to Y363.38
[13:30:46] [HB] IDLE Y366.15 REV-T: need +-6.18 to Y359.97 | FWD-T: need -2.77 to Y363.38
[13:30:54] [账号状态] 8890145315 STOCK: 等待登录
[13:31:09] [账号状态] 8890145315 STOCK: 正常
[13:31:46] [HB] IDLE Y367.93 REV-T: need +-7.96 to Y359.97 | FWD-T: need -4.55 to Y363.38
[13:32:16] [LOCK] P+3.5% M0.57% D0.00%
[13:32:40] [UNLOCK]
[13:32:46] [HB] IDLE Y368.00 REV-T: need +-8.03 to Y359.97 | FWD-T: need -4.62 to Y363.38
[13:33:04] [LOCK] P+3.4% M0.51% D0.05%
[13:33:09] [UNLOCK]
[13:33:11] [LOCK] P+3.5% M0.52% D0.00%
[13:33:46] [HB] IDLE Y370.79 REV-T: need +-10.82 to Y359.97 | FWD-T: need -7.41 to Y363.38 | LOCKED
[13:34:46] [HB] IDLE Y369.99 REV-T: need +-10.02 to Y359.97 | FWD-T: need -6.61 to Y363.38 | LOCKED
[13:35:47] [HB] IDLE Y370.01 REV-T: need +-10.04 to Y359.97 | FWD-T: need -6.63 to Y363.38 | LOCKED
[13:36:47] [HB] IDLE Y369.88 REV-T: need +-9.91 to Y359.97 | FWD-T: need -6.50 to Y363.38 | LOCKED
[13:37:10] [UNLOCK]
[13:37:11] [LOCK] P+3.9% M0.50% D0.38%
[13:37:16] [UNLOCK]
[13:37:47] [HB] IDLE Y369.82 REV-T: need +-9.85 to Y359.97 | FWD-T: need -6.44 to Y363.38
[13:38:47] [HB] IDLE Y369.90 REV-T: need +-9.93 to Y359.97 | FWD-T: need -6.52 to Y363.38
[13:39:47] [HB] IDLE Y369.98 REV-T: need +-10.01 to Y359.97 | FWD-T: need -6.60 to Y363.38
[13:40:47] [HB] IDLE Y369.37 REV-T: need +-9.40 to Y359.97 | FWD-T: need -5.99 to Y363.38
[13:41:47] [HB] IDLE Y368.90 REV-T: need +-8.93 to Y359.97 | FWD-T: need -5.52 to Y363.38
[13:42:47] [HB] IDLE Y368.37 REV-T: need +-8.40 to Y359.97 | FWD-T: need -4.99 to Y363.38
[13:43:47] [HB] IDLE Y369.50 REV-T: need +-9.53 to Y359.97 | FWD-T: need -6.12 to Y363.38
[13:44:47] [HB] IDLE Y369.80 REV-T: need +-9.83 to Y359.97 | FWD-T: need -6.42 to Y363.38
[13:45:47] [HB] IDLE Y368.60 REV-T: need +-8.63 to Y359.97 | FWD-T: need -5.22 to Y363.38
[13:46:47] [HB] IDLE Y368.14 REV-T: need +-8.17 to Y359.97 | FWD-T: need -4.76 to Y363.38
[13:47:47] [HB] IDLE Y368.48 REV-T: need +-8.51 to Y359.97 | FWD-T: need -5.10 to Y363.38
[13:48:47] [HB] IDLE Y369.19 REV-T: need +-9.22 to Y359.97 | FWD-T: need -5.81 to Y363.38
[13:49:47] [HB] IDLE Y369.34 REV-T: need +-9.37 to Y359.97 | FWD-T: need -5.96 to Y363.38
[13:50:48] [HB] IDLE Y368.99 REV-T: need +-9.02 to Y359.97 | FWD-T: need -5.61 to Y363.38
[13:51:48] [HB] IDLE Y369.12 REV-T: need +-9.15 to Y359.97 | FWD-T: need -5.74 to Y363.38
[13:52:48] [HB] IDLE Y370.00 REV-T: need +-10.03 to Y359.97 | FWD-T: need -6.62 to Y363.38
[13:53:48] [HB] IDLE Y370.95 REV-T: need +-10.98 to Y359.97 | FWD-T: need -7.42 to Y363.53
[13:54:48] [HB] IDLE Y369.98 REV-T: need +-10.01 to Y359.97 | FWD-T: need -6.45 to Y363.53
[13:55:25] [LOCK] P+4.2% M0.50% D0.00%
[13:55:48] [HB] IDLE Y371.00 REV-T: need +-11.03 to Y359.97 | FWD-T: need -7.42 to Y363.58 | LOCKED
[13:56:48] [HB] IDLE Y371.38 REV-T: need +-11.41 to Y359.97 | FWD-T: need -7.43 to Y363.95 | LOCKED
[13:57:46] [UNLOCK]
[13:57:48] [HB] IDLE Y371.46 REV-T: need +-11.49 to Y359.97 | FWD-T: need -7.43 to Y364.03
[13:58:48] [HB] IDLE Y371.73 REV-T: need +-11.76 to Y359.97 | FWD-T: need -7.43 to Y364.30
[13:59:19] [LOCK] P+4.5% M0.53% D0.00%
[13:59:48] [HB] IDLE Y372.00 REV-T: need +-12.03 to Y359.97 | FWD-T: need -7.44 to Y364.56 | LOCKED
[14:00:16] [UNLOCK]
[14:00:48] [HB] IDLE Y372.15 REV-T: need +-12.18 to Y359.97 | FWD-T: need -7.44 to Y364.71
[14:01:48] [HB] IDLE Y372.90 REV-T: need +-12.93 to Y359.97 | FWD-T: need -7.46 to Y365.44
[14:02:48] [HB] IDLE Y372.92 REV-T: need +-12.95 to Y359.97 | FWD-T: need -7.46 to Y365.46
[14:03:48] [HB] IDLE Y372.94 REV-T: need +-12.97 to Y359.97 | FWD-T: need -7.46 to Y365.48
[14:04:49] [HB] IDLE Y373.00 REV-T: need +-13.03 to Y359.97 | FWD-T: need -7.46 to Y365.54
[14:05:49] [HB] IDLE Y373.60 REV-T: need +-13.63 to Y359.97 | FWD-T: need -7.47 to Y366.13
[14:05:55] [LOCK] P+5.0% M0.52% D0.00%
[14:06:07] [UNLOCK]
[14:06:10] [LOCK] P+4.9% M0.65% D0.04%
[14:06:19] [UNLOCK]
[14:06:26] [LOCK] P+5.2% M0.61% D0.00%
[14:06:28] [UNLOCK]
[14:06:29] [LOCK] P+5.3% M0.53% D0.00%
[14:06:49] [HB] IDLE Y376.66 REV-T: need +-16.69 to Y359.97 | FWD-T: need -7.53 to Y369.13 | LOCKED
[14:07:49] [HB] IDLE Y378.14 REV-T: need +-18.17 to Y359.97 | FWD-T: need -7.56 to Y370.58 | LOCKED
[14:07:56] [UNLOCK]
[14:07:59] [LOCK] P+6.0% M1.24% D0.40%
[14:08:49] [HB] IDLE Y377.95 REV-T: need +-17.98 to Y359.97 | FWD-T: need -7.37 to Y370.58 | LOCKED
[14:09:49] [HB] IDLE Y379.36 REV-T: need +-19.39 to Y359.97 | FWD-T: need -7.59 to Y371.77 | LOCKED
[14:10:49] [HB] IDLE Y381.99 REV-T: need +-22.02 to Y359.97 | FWD-T: need -7.64 to Y374.35 | LOCKED
[14:11:49] [HB] IDLE Y382.46 REV-T: need +-22.49 to Y359.97 | FWD-T: need -7.65 to Y374.81 | LOCKED
[14:12:49] [HB] IDLE Y381.60 REV-T: need +-21.63 to Y359.97 | FWD-T: need -6.79 to Y374.81 | LOCKED
[14:12:55] [UNLOCK]
[14:13:49] [HB] IDLE Y378.83 REV-T: need +-18.86 to Y359.97 | FWD-T: need -4.02 to Y374.81
[14:14:49] [HB] IDLE Y379.00 REV-T: need +-19.03 to Y359.97 | FWD-T: need -4.19 to Y374.81
[14:15:49] [HB] IDLE Y379.04 REV-T: need +-19.07 to Y359.97 | FWD-T: need -4.23 to Y374.81
[14:16:49] [HB] IDLE Y380.55 REV-T: need +-20.58 to Y359.97 | FWD-T: need -5.74 to Y374.81
[14:17:49] [HB] IDLE Y380.32 REV-T: need +-20.35 to Y359.97 | FWD-T: need -5.51 to Y374.81
[14:18:32] [LOCK] P+7.0% M0.55% D0.00%
[14:18:50] [HB] IDLE Y380.87 REV-T: need +-20.90 to Y359.97 | FWD-T: need -6.06 to Y374.81 | LOCKED
[14:18:56] [UNLOCK]
[14:18:58] [LOCK] P+6.9% M0.53% D0.09%
[14:19:07] [UNLOCK]
[14:19:50] [HB] IDLE Y378.89 REV-T: need +-18.92 to Y359.97 | FWD-T: need -4.08 to Y374.81
[14:20:50] [HB] IDLE Y378.89 REV-T: need +-18.92 to Y359.97 | FWD-T: need -4.08 to Y374.81
[14:21:50] [HB] IDLE Y379.99 REV-T: need +-20.02 to Y359.97 | FWD-T: need -5.18 to Y374.81
[14:22:50] [HB] IDLE Y379.97 REV-T: need +-20.00 to Y359.97 | FWD-T: need -5.16 to Y374.81
[14:23:50] [HB] IDLE Y378.83 REV-T: need +-18.86 to Y359.97 | FWD-T: need -4.02 to Y374.81
[14:24:50] [HB] IDLE Y378.54 REV-T: need +-18.57 to Y359.97 | FWD-T: need -3.73 to Y374.81
[14:25:50] [HB] IDLE Y377.69 REV-T: need +-17.72 to Y359.97 | FWD-T: need -2.88 to Y374.81
[14:26:50] [HB] IDLE Y377.47 REV-T: need +-17.50 to Y359.97 | FWD-T: need -2.66 to Y374.81
[14:27:50] [HB] IDLE Y376.98 REV-T: need +-17.01 to Y359.97 | FWD-T: need -2.17 to Y374.81
[14:28:50] [HB] IDLE Y376.89 REV-T: need +-16.92 to Y359.97 | FWD-T: need -2.08 to Y374.81
[14:29:50] [HB] IDLE Y376.99 REV-T: need +-17.02 to Y359.97 | FWD-T: need -2.18 to Y374.81
[14:30:50] [HB] IDLE Y375.00 REV-T: need +-15.03 to Y359.97 | FWD-T: need -0.19 to Y374.81
[14:31:50] [HB] IDLE Y373.22 REV-T: need +-13.25 to Y359.97 | FWD-T: need --1.59 to Y374.81
[14:32:50] [HB] IDLE Y374.50 REV-T: need +-14.53 to Y359.97 | FWD-T: need --0.31 to Y374.81
[14:33:51] [HB] IDLE Y374.38 REV-T: need +-14.41 to Y359.97 | FWD-T: need --0.43 to Y374.81
[14:34:51] [HB] IDLE Y374.00 REV-T: need +-14.03 to Y359.97 | FWD-T: need --0.81 to Y374.81
[14:35:51] [HB] IDLE Y374.00 REV-T: need +-14.03 to Y359.97 | FWD-T: need --0.81 to Y374.81
[14:36:46] [LOCK] P+5.4% M0.50% D0.00%
[14:36:47] [UNLOCK]
[14:36:51] [HB] IDLE Y375.08 REV-T: need +-15.11 to Y359.97 | FWD-T: need -0.27 to Y374.81
[14:37:51] [HB] IDLE Y374.85 REV-T: need +-14.88 to Y359.97 | FWD-T: need -0.04 to Y374.81
[14:38:51] [HB] IDLE Y375.03 REV-T: need +-15.06 to Y359.97 | FWD-T: need -0.22 to Y374.81
[14:39:51] [HB] IDLE Y375.60 REV-T: need +-15.63 to Y359.97 | FWD-T: need -0.79 to Y374.81
[14:39:58] [LOCK] P+5.5% M0.52% D0.00%
[14:40:43] [UNLOCK]
[14:40:51] [HB] IDLE Y375.60 REV-T: need +-15.63 to Y359.97 | FWD-T: need -0.79 to Y374.81
[14:41:51] [HB] IDLE Y375.17 REV-T: need +-15.20 to Y359.97 | FWD-T: need -0.36 to Y374.81
[14:42:51] [HB] IDLE Y375.34 REV-T: need +-15.37 to Y359.97 | FWD-T: need -0.53 to Y374.81
[14:43:51] [HB] IDLE Y375.57 REV-T: need +-15.60 to Y359.97 | FWD-T: need -0.76 to Y374.81
[14:44:51] [HB] IDLE Y375.95 REV-T: need +-15.98 to Y359.97 | FWD-T: need -1.14 to Y374.81
[14:45:51] [HB] IDLE Y375.71 REV-T: need +-15.74 to Y359.97 | FWD-T: need -0.90 to Y374.81
[14:46:51] [HB] IDLE Y376.00 REV-T: need +-16.03 to Y359.97 | FWD-T: need -1.19 to Y374.81
[14:47:51] [HB] IDLE Y376.25 REV-T: need +-16.28 to Y359.97 | FWD-T: need -1.44 to Y374.81
[14:48:51] [HB] IDLE Y376.15 REV-T: need +-16.18 to Y359.97 | FWD-T: need -1.34 to Y374.81
[14:49:52] [HB] IDLE Y375.80 REV-T: need +-15.83 to Y359.97 | FWD-T: need -0.99 to Y374.81
[14:50:52] [HB] IDLE Y375.81 REV-T: need +-15.84 to Y359.97 | FWD-T: need -1.00 to Y374.81
[14:51:52] [HB] IDLE Y375.83 REV-T: need +-15.86 to Y359.97 | FWD-T: need -1.02 to Y374.81
[14:52:52] [HB] IDLE Y375.93 REV-T: need +-15.96 to Y359.97 | FWD-T: need -1.12 to Y374.81
[14:53:52] [HB] IDLE Y375.83 REV-T: need +-15.86 to Y359.97 | FWD-T: need -1.02 to Y374.81
[14:54:52] [HB] IDLE Y375.91 REV-T: need +-15.94 to Y359.97 | FWD-T: need -1.10 to Y374.81
[14:55:52] [HB] IDLE Y375.91 REV-T: need +-15.94 to Y359.97 | FWD-T: need -1.10 to Y374.81
[14:56:52] [HB] IDLE Y376.15 REV-T: need +-16.18 to Y359.97 | FWD-T: need -1.34 to Y374.81
[14:57:52] [HB] IDLE Y376.19 REV-T: need +-16.22 to Y359.97 | FWD-T: need -1.38 to Y374.81
[14:58:52] [HB] IDLE Y376.19 REV-T: need +-16.22 to Y359.97 | FWD-T: need -1.38 to Y374.81
[14:59:52] [HB] IDLE Y376.19 REV-T: need +-16.22 to Y359.97 | FWD-T: need -1.38 to Y374.81
[15:05:01] [CLOSE 15:05:01]
[15:10:01] [CLOSE 15:10:01]
[15:15:01] [CLOSE 15:15:01]
[15:20:01] [CLOSE 15:20:01]
[15:25:01] [CLOSE 15:25:01]
[15:30:01] [CLOSE 15:30:01]
[15:35:01] [CLOSE 15:35:01]
[15:40:01] [CLOSE 15:40:01]
[15:45:01] [CLOSE 15:45:01]
[15:50:01] [CLOSE 15:50:01]
[15:55:01] [CLOSE 15:55:01]
[16:00:01] [CLOSE 16:00:01]
[16:05:01] [CLOSE 16:05:01]
[16:10:01] [CLOSE 16:10:01]
[16:15:01] [CLOSE 16:15:01]
[16:20:01] [CLOSE 16:20:01]
[16:25:01] [CLOSE 16:25:01]
[16:30:02] [CLOSE 16:30:02]
[16:35:02] [CLOSE 16:35:02]
[16:40:02] [CLOSE 16:40:02]
[16:45:02] [CLOSE 16:45:02]
[16:50:02] [CLOSE 16:50:02]
[16:55:02] [CLOSE 16:55:02]
[17:00:02] [CLOSE 17:00:02]
[17:05:02] [CLOSE 17:05:02]
[17:10:02] [CLOSE 17:10:02]
[17:15:02] [CLOSE 17:15:02]
[17:20:02] [CLOSE 17:20:02]
[17:25:02] [CLOSE 17:25:02]
[17:30:02] [CLOSE 17:30:02]
[17:35:02] [CLOSE 17:35:02]
[17:40:02] [CLOSE 17:40:02]
