============================================================
  日志文件创建: 2026-08-10 10:04:35
  策略版本: v18 (MiniQMT, 模块化拆分)
  标的: 601869
============================================================
[10:04:37] [连接] MiniQMT 行情服务已连接

[10:04:37] [交易] 已订阅账号 8890145315

[10:04:37] 长飞光纤 迷你反T v18 MiniQMT版 启动

[10:04:37]   mode: 实盘交易

[10:04:37]   标的: 长飞光纤(601869.SH)

[10:04:37]   ★ v18: 订单成交确认 + 状态不卡死 + 多笔自动恢复

[10:04:37]   ★ 日志: D:\02Project\QMT-export\Stragety\MiniQMT_Stragety\logs\DayTradeing_v18_601869_20260810_100435.log

[10:04:37] [数据] 今日开盘: Y345.00 (来自tick)

[10:04:37] 

[10:04:37] ┌──────────────────────────────────────────────────────────┐

[10:04:37] │  📊 信号计算结果摘要                                        │

[10:04:37] ├──────────────────────────────────────────────────────────┤

[10:04:37] │  趋势判定: 熊市 🔴                          连涨: 2天  │

[10:04:37] │  开盘: Y345.00         昨收: Y312.40         涨跌: +10.44%  │

[10:04:37] │  ATR: Y34.13 (10.92%)    ATR/MA20: 0.86                    │

[10:04:37] │  RSI: 41.6                   量比: 1.00                        │

[10:04:37] │  卖出乘数: 0.20  (基础: 0.40)                              │

[10:04:37] │  因子偏差: 趋势: -0.15 | 波动率: -0.11 | 成交量: +0.00 | RSI: +0.03                        │

[10:04:37] │  反T触发线: Y351.83  (原始: Y351.83)          │

[10:04:37] │  ⛔ 反T已禁止:                                             │

[10:04:37] └──────────────────────────────────────────────────────────┘

[10:04:37] 

[10:04:37] ┌──────────────────────────────────────────────────────────┐

[10:04:37] │  🎯 今日交易计划 — bear  20260810               │

[10:04:37] ├──────────────────────────────────────────────────────────┤

[10:04:37] │  持仓:   100股  Y    34,080  (34%)                       │

[10:04:37] │  可用: Y      65,460    总资产: Y      99,540              │

[10:04:37] │  T+0可卖:   0股 (0手)   T+1锁定: 100股                       │

[10:04:37] ├──────────────────────────────────────────────────────────┤

[10:04:37] │  📉 反T (先卖后买) — ❌ 不可用                                │

[10:04:37] │     原因: 可用0股<1手                                            │

[10:04:37] ├──────────────────────────────────────────────────────────┤

[10:04:37] │  📈 正T (先买后卖) — ❌ 不可用                                │

[10:04:37] │     原因: T+1:无可卖持仓                                          │

[10:04:37] ├──────────────────────────────────────────────────────────┤

[10:04:37] │  ⚠ 风险: 熊市, 正T风险较高, 优先反T                          │

[10:04:37] │  📋 状态监控: 反T=❌ 正T=❌ 最大3/3次                       │

[10:04:37] └──────────────────────────────────────────────────────────┘

[10:04:37] 

[10:04:37] 开始监控... (Ctrl+C 停止)

[10:04:37] 

[10:04:37] [待命] Y340.80 | 无可用交易方向

[10:09:37] [待命] Y336.46 | 无可用交易方向

[10:14:37] [待命] Y338.82 | 无可用交易方向

[10:19:37] [待命] Y342.10 | 无可用交易方向

[10:24:37] [待命] Y338.98 | 无可用交易方向

[10:29:37] [待命] Y339.52 | 无可用交易方向

[10:34:37] [待命] Y336.10 | 无可用交易方向

[10:39:37] [待命] Y336.71 | 无可用交易方向

[10:44:38] [待命] Y335.01 | 无可用交易方向

[10:49:38] [待命] Y333.00 | 无可用交易方向

[10:54:38] [待命] Y335.00 | 无可用交易方向

[10:59:38] [待命] Y333.50 | 无可用交易方向

[11:04:38] [待命] Y338.00 | 无可用交易方向

[11:09:38] [待命] Y335.50 | 无可用交易方向

[11:14:38] [待命] Y335.51 | 无可用交易方向

[11:17:16] [账号状态] <xtquant.xttype.XtAccountStatus object at 0x0000020327BD3E00>

[11:17:32] [账号状态] <xtquant.xttype.XtAccountStatus object at 0x0000020327CD0550>

[11:20:43] [待命] Y334.02 | 无可用交易方向

[11:20:49] [账号状态] <xtquant.xttype.XtAccountStatus object at 0x0000020327CD0550>

[11:21:04] [账号状态] <xtquant.xttype.XtAccountStatus object at 0x0000020327C803E0>

[11:24:19] [账号状态] <xtquant.xttype.XtAccountStatus object at 0x0000020327C803E0>

[11:24:34] [账号状态] <xtquant.xttype.XtAccountStatus object at 0x0000020327CB0830>

[11:24:41] [待命] Y333.01 | 无可用交易方向

[11:27:58] [账号状态] <xtquant.xttype.XtAccountStatus object at 0x0000020327C5A140>

[11:28:14] [账号状态] <xtquant.xttype.XtAccountStatus object at 0x0000020327C5A140>

[11:29:43] [待命] Y333.89 | 无可用交易方向

[11:31:22] [账号状态] <xtquant.xttype.XtAccountStatus object at 0x0000020327C47050>

[11:31:37] [账号状态] <xtquant.xttype.XtAccountStatus object at 0x0000020327C47050>

[11:34:53] [午休] 11:34:53 — 等待下午开盘 13:00

[11:34:56] [账号状态] <xtquant.xttype.XtAccountStatus object at 0x0000020327C4FC50>

[11:35:11] [账号状态] <xtquant.xttype.XtAccountStatus object at 0x0000020327C4FC50>

[11:38:25] [账号状态] <xtquant.xttype.XtAccountStatus object at 0x0000020327C766D0>

[11:38:40] [账号状态] <xtquant.xttype.XtAccountStatus object at 0x0000020327C766D0>

[11:39:56] [午休] 11:39:56 — 等待下午开盘 13:00

[11:41:56] [账号状态] <xtquant.xttype.XtAccountStatus object at 0x0000020327C5E820>

[11:42:11] [账号状态] <xtquant.xttype.XtAccountStatus object at 0x0000020327A9B110>

[11:44:57] [午休] 11:44:57 — 等待下午开盘 13:00

[11:49:57] [午休] 11:49:57 — 等待下午开盘 13:00

[11:54:57] [午休] 11:54:57 — 等待下午开盘 13:00

[11:59:57] [午休] 11:59:57 — 等待下午开盘 13:00

[12:04:57] [午休] 12:04:57 — 等待下午开盘 13:00

[12:09:57] [午休] 12:09:57 — 等待下午开盘 13:00

[12:14:57] [午休] 12:14:57 — 等待下午开盘 13:00

[12:19:57] [午休] 12:19:57 — 等待下午开盘 13:00

[12:24:57] [午休] 12:24:57 — 等待下午开盘 13:00

[12:29:57] [午休] 12:29:57 — 等待下午开盘 13:00

[12:34:57] [午休] 12:34:57 — 等待下午开盘 13:00

[12:39:57] [午休] 12:39:57 — 等待下午开盘 13:00

[12:44:57] [午休] 12:44:57 — 等待下午开盘 13:00

[12:50:36] [午休] 12:50:36 — 等待下午开盘 13:00

[12:50:40] [账号状态] <xtquant.xttype.XtAccountStatus object at 0x0000020327A9B110>

[12:50:55] [账号状态] <xtquant.xttype.XtAccountStatus object at 0x0000020327C05F40>

[12:54:01] [账号状态] <xtquant.xttype.XtAccountStatus object at 0x0000020327C05F40>

[12:54:18] [账号状态] <xtquant.xttype.XtAccountStatus object at 0x0000020327CC7CF0>

[12:55:38] [午休] 12:55:38 — 等待下午开盘 13:00

[12:57:34] [账号状态] <xtquant.xttype.XtAccountStatus object at 0x0000020327CC7CF0>

[12:57:50] [账号状态] <xtquant.xttype.XtAccountStatus object at 0x0000020327CB40E0>

[13:01:06] [账号状态] <xtquant.xttype.XtAccountStatus object at 0x0000020327C91B50>

[13:01:07] [待命] Y333.93 | 无可用交易方向

[13:01:22] [账号状态] <xtquant.xttype.XtAccountStatus object at 0x0000020327C91C50>

[13:04:39] [账号状态] <xtquant.xttype.XtAccountStatus object at 0x0000020327CAC910>

[13:04:54] [账号状态] <xtquant.xttype.XtAccountStatus object at 0x0000020327CACBB0>

[13:06:08] [待命] Y332.40 | 无可用交易方向

[13:08:08] [账号状态] <xtquant.xttype.XtAccountStatus object at 0x0000020327CB8B30>

[13:08:24] [账号状态] <xtquant.xttype.XtAccountStatus object at 0x0000020327CB8B30>

[13:11:37] [账号状态] <xtquant.xttype.XtAccountStatus object at 0x0000020327CB8B30>

[13:11:37] [待命] Y332.22 | 无可用交易方向

[13:12:49] [账号状态] <xtquant.xttype.XtAccountStatus object at 0x0000020327CB8B30>

[13:15:09] [账号状态] <xtquant.xttype.XtAccountStatus object at 0x0000020327CB8B30>

[13:15:24] [账号状态] <xtquant.xttype.XtAccountStatus object at 0x0000020327CB8B30>

[13:16:39] [待命] Y331.23 | 无可用交易方向

[13:18:42] [账号状态] <xtquant.xttype.XtAccountStatus object at 0x0000020327CB8B30>

[13:18:57] [账号状态] <xtquant.xttype.XtAccountStatus object at 0x0000020327CB8B30>

[13:22:12] [账号状态] <xtquant.xttype.XtAccountStatus object at 0x0000020327CB8B30>

[13:22:12] [待命] Y332.78 | 无可用交易方向

[13:22:28] [账号状态] <xtquant.xttype.XtAccountStatus object at 0x0000020327CB8B30>

[13:25:41] [账号状态] <xtquant.xttype.XtAccountStatus object at 0x0000020327CB8B30>

[13:25:56] [账号状态] <xtquant.xttype.XtAccountStatus object at 0x0000020327CB8B30>

[13:27:15] [待命] Y332.00 | 无可用交易方向

[13:29:14] [账号状态] <xtquant.xttype.XtAccountStatus object at 0x0000020327CB8B30>

[13:29:30] [账号状态] <xtquant.xttype.XtAccountStatus object at 0x0000020327CB8B30>

[13:31:14] [账号状态] <xtquant.xttype.XtAccountStatus object at 0x0000020327CB8B30>

[13:31:46] [账号状态] <xtquant.xttype.XtAccountStatus object at 0x0000020327CB8B30>

[13:32:18] [待命] Y332.72 | 无可用交易方向

[13:37:18] [待命] Y334.02 | 无可用交易方向

[13:42:18] [待命] Y336.60 | 无可用交易方向

[13:47:18] [待命] Y334.99 | 无可用交易方向

[13:52:18] [待命] Y333.23 | 无可用交易方向

