============================================================
  日志文件创建: 2026-08-11 14:07:08
  策略版本: RSI_v5 (MiniQMT, 模块化拆分)
  标的: 601869
============================================================
[14:07:11] [连接] MiniQMT 行情服务已连接
[14:07:11] [交易] 已订阅账号 8890145315
[14:07:11] Changfei Fiber RSI Strategy v5 Started
[14:07:11]   * v5: tick.lastClose as prev_close (single source of truth)
[14:07:11]   RSI(14) | OB > 70 | OS < 30
[14:07:11]   Bounce 0.10% | Pullback 0.10% | Max 2 trades/day
[14:07:11]   * Log: D:\02Project\QMT-export\Stragety\MiniQMT_Stragety\logs\DayTradeing_RSI_v5_601869_20260811_140708.log
[14:07:12] 
[14:07:12] =======================================================
[14:07:12]   RealTimeRSI v6 Init (tick.lastClose baseline, no stripping)
[14:07:12] =======================================================
[14:07:12]   tick.lastClose (prev close) = Y343.09
[14:07:12]   tick.open     (today open)  = Y334.00
[14:07:12]   tick.lastPrice               = Y337.53
[14:07:12]   xtdata last bar close        = Y312.40
[14:07:12]   xtdata bar count             = 80
[14:07:12]   -> ** WARNING: xtdata data may be stale (gap 8.95%)
[14:07:12]   -> RSI baseline uses xtdata, but live RSI uses correct tick.lastClose
[14:07:12] [RealTimeRSI] Init complete: 80 daily bars from xtdata
[14:07:12]   xtdata last bar close = Y312.40
[14:07:12]   tick.lastClose        = Y343.09
[14:07:12]   ** WARNING: xtdata daily data appears stale (gap 8.95%)
[14:07:12]   ** RSI baseline from xtdata, but live RSI uses correct tick.lastClose
[14:07:12]   prev_close (tick.lastClose) = Y343.09
[14:07:12]   avg_gain=8.9692  avg_loss=12.6082
[14:07:12]   RS=0.7114
[14:07:12]   RSI_daily (xtdata baseline) = 41.57
[14:07:12]   -> Live RSI: diff = current_price - Y343.09(tick.lastClose)
[14:07:12]   -> Today change: Y-5.56 (-1.62%)
[14:07:12]   -> RSI_live=40.76  RSI_daily=41.57  delta=-0.81
[14:07:12] 
[14:07:12] 
[14:07:12] +--------------------------------------------------------------+
[14:07:12] |  RSI(14) Live Calculation v5 -- Changfei Fiber  20260811|
[14:07:12] |--------------------------------------------------------------|
[14:07:12] |  * Baseline Prices (tick.lastClose):               |
[14:07:12] |  prev_close = Y343.09  |  today_open = Y334.00  |  current = Y337.53|
[14:07:12] |  Today change: Y-5.56 (-1.62%)                     |
[14:07:12] |--------------------------------------------------------------|
[14:07:12] |  Last 14 daily changes:                            |
[14:07:12] |   T-N       Close      Change       Change%  |
[14:07:12] |  T-13  Y    361.57      -40.17       -10.00%  DN |
[14:07:12] |  T-12  Y    382.00      +20.43        +5.65%  UP |
[14:07:12] |  T-11  Y    406.38      +24.38        +6.38%  UP |
[14:07:12] |  T-10  Y    366.05      -40.33        -9.92%  DN |
[14:07:12] |  T-9  Y    356.12       -9.93        -2.71%  DN |
[14:07:12] |  T-8  Y    331.65      -24.47        -6.87%  DN |
[14:07:12] |  T-7  Y    335.89       +4.24        +1.28%  UP |
[14:07:12] |  T-6  Y    302.30      -33.59       -10.00%  DN |
[14:07:12] |  T-5  Y    281.70      -20.60        -6.81%  DN |
[14:07:12] |  T-4  Y    262.66      -19.04        -6.76%  DN |
[14:07:12] |  T-3  Y    271.50       +8.84        +3.37%  UP |
[14:07:12] |  T-2  Y    262.30       -9.20        -3.39%  DN |
[14:07:12] |  T-1  Y    284.00      +21.70        +8.27%  UP |
[14:07:12] |  T-0  Y    312.40      +28.40       +10.00%  UP |
[14:07:12] |--------------------------------------------------------------|
[14:07:12] |  Historical avg_gain=8.9692  avg_loss=12.6082      |
[14:07:12] |  Live avg_gain=8.3285  avg_loss=12.1048  RS=0.69   |
[14:07:12] |  -> RSI_live = **40.76**                           |
[14:07:12] |--------------------------------------------------------------|
[14:07:12] |  0 ░░░░░░░░░░░░░░░┃────▼──────────────┃▓▓▓▓▓▓▓▓▓▓▓▓▓▓▓ 100 |
[14:07:12] |  RSI_live=40.8 | RSI_daily=41.6 | delta=-0.8 | NEUTRAL |
[14:07:12] |  Dist to OB(70): +29.2 pts  |  Dist to OS(30): +10.8 pts |
[14:07:12] +--------------------------------------------------------------+
[14:07:12] 
[14:07:12] +--------------------------------------------------------------+
[14:07:12] |  RSI v5 Trading Plan -- Changfei Fiber  20260811  NEUTRAL|
[14:07:12] |  RSI_live=40.8  RSI_daily=41.6  delta=-0.8  prev_close=Y343.09|
[14:07:12] |--------------------------------------------------------------|
[14:07:12] |  Open: Y334.00  Current: Y337.53  (+1.06%)  Today: -1.62%|
[14:07:12] |  Position:     0 sh  Y         0  (0%)  Total: Y     100,132|
[14:07:12] |  Avail Cash: Y     100,132    T+0 Avail:   0 sh (0 lots)|
[14:07:12] |--------------------------------------------------------------|
[14:07:12] |  **NEUTRAL** -- Waiting for RSI to enter OB/OS zone|
[14:07:12] |--------------------------------------------------------------|
[14:07:12] |  Params: RSI(14) | OB>70 | OS<30 | Bounce 0.10% | Pullback 0.10% | Max 2 trades/day|
[14:07:12] +--------------------------------------------------------------+
[14:07:12] 
[14:07:12] Monitoring... (Ctrl+C to stop)

[14:07:12] [RSI] RSI_live=40.8 | NEUTRAL | vsPrevClose-5.56(-1.62%) | (daily=41.6 d=-0.8) | WAIT | Y337.53 | 0/2 trades
[14:08:12] [RSI] RSI_live=40.7 | NEUTRAL | vsPrevClose-5.75(-1.68%) | (daily=41.6 d=-0.8) | WAIT | Y337.34 | 0/2 trades
[14:09:12] [RSI] RSI_live=40.8 | NEUTRAL | vsPrevClose-5.60(-1.63%) | (daily=41.6 d=-0.8) | WAIT | Y337.49 | 0/2 trades
[14:10:12] [RSI] RSI_live=40.7 | NEUTRAL | vsPrevClose-5.75(-1.68%) | (daily=41.6 d=-0.8) | WAIT | Y337.34 | 0/2 trades
[14:11:12] [RSI] RSI_live=40.8 | NEUTRAL | vsPrevClose-5.54(-1.61%) | (daily=41.6 d=-0.8) | WAIT | Y337.55 | 0/2 trades
[14:12:12] [RSI] RSI_live=40.9 | NEUTRAL | vsPrevClose-4.84(-1.41%) | (daily=41.6 d=-0.7) | WAIT | Y338.25 | 0/2 trades
[14:13:12] [RSI] RSI_live=40.8 | NEUTRAL | vsPrevClose-5.08(-1.48%) | (daily=41.6 d=-0.7) | WAIT | Y338.01 | 0/2 trades
[14:14:12] [RSI] RSI_live=40.8 | NEUTRAL | vsPrevClose-5.49(-1.60%) | (daily=41.6 d=-0.8) | WAIT | Y337.60 | 0/2 trades
[14:15:12] [RSI] RSI_live=40.7 | NEUTRAL | vsPrevClose-6.08(-1.77%) | (daily=41.6 d=-0.9) | WAIT | Y337.01 | 0/2 trades
[14:16:12] [RSI] RSI_live=40.8 | NEUTRAL | vsPrevClose-5.58(-1.63%) | (daily=41.6 d=-0.8) | WAIT | Y337.51 | 0/2 trades
[14:17:12] [RSI] RSI_live=40.7 | NEUTRAL | vsPrevClose-5.92(-1.73%) | (daily=41.6 d=-0.9) | WAIT | Y337.17 | 0/2 trades
[14:18:12] [RSI] RSI_live=40.8 | NEUTRAL | vsPrevClose-5.53(-1.61%) | (daily=41.6 d=-0.8) | WAIT | Y337.56 | 0/2 trades
[14:19:12] [RSI] RSI_live=40.7 | NEUTRAL | vsPrevClose-5.78(-1.68%) | (daily=41.6 d=-0.8) | WAIT | Y337.31 | 0/2 trades
[14:20:12] [RSI] RSI_live=40.6 | NEUTRAL | vsPrevClose-6.49(-1.89%) | (daily=41.6 d=-0.9) | WAIT | Y336.60 | 0/2 trades
[14:21:12] [RSI] RSI_live=40.6 | NEUTRAL | vsPrevClose-6.58(-1.92%) | (daily=41.6 d=-0.9) | WAIT | Y336.51 | 0/2 trades
[14:22:12] [RSI] RSI_live=40.6 | NEUTRAL | vsPrevClose-6.71(-1.96%) | (daily=41.6 d=-1.0) | WAIT | Y336.38 | 0/2 trades
[14:23:12] [RSI] RSI_live=40.6 | NEUTRAL | vsPrevClose-6.33(-1.84%) | (daily=41.6 d=-0.9) | WAIT | Y336.76 | 0/2 trades
[14:24:12] [RSI] RSI_live=40.7 | NEUTRAL | vsPrevClose-6.24(-1.82%) | (daily=41.6 d=-0.9) | WAIT | Y336.85 | 0/2 trades
[14:25:12] [RSI] RSI_live=40.6 | NEUTRAL | vsPrevClose-6.56(-1.91%) | (daily=41.6 d=-0.9) | WAIT | Y336.53 | 0/2 trades
[14:26:12] [RSI] RSI_live=40.6 | NEUTRAL | vsPrevClose-6.74(-1.96%) | (daily=41.6 d=-1.0) | WAIT | Y336.35 | 0/2 trades
[14:27:12] [RSI] RSI_live=40.6 | NEUTRAL | vsPrevClose-7.00(-2.04%) | (daily=41.6 d=-1.0) | WAIT | Y336.09 | 0/2 trades
[14:28:12] [RSI] RSI_live=40.6 | NEUTRAL | vsPrevClose-6.84(-1.99%) | (daily=41.6 d=-1.0) | WAIT | Y336.25 | 0/2 trades
[14:29:13] [RSI] RSI_live=40.6 | NEUTRAL | vsPrevClose-6.97(-2.03%) | (daily=41.6 d=-1.0) | WAIT | Y336.12 | 0/2 trades
[14:30:13] [RSI] RSI_live=40.6 | NEUTRAL | vsPrevClose-6.49(-1.89%) | (daily=41.6 d=-0.9) | WAIT | Y336.60 | 0/2 trades
[14:31:13] [RSI] RSI_live=40.7 | NEUTRAL | vsPrevClose-6.15(-1.79%) | (daily=41.6 d=-0.9) | WAIT | Y336.94 | 0/2 trades
[14:32:13] [RSI] RSI_live=40.6 | NEUTRAL | vsPrevClose-6.86(-2.00%) | (daily=41.6 d=-1.0) | WAIT | Y336.23 | 0/2 trades
