============================================================
  日志文件创建: 2026-08-10 10:46:42
  策略版本: RSI_v2 (MiniQMT, 模块化拆分)
  标的: 601869
============================================================
[10:46:44] [连接] MiniQMT 行情服务已连接

[10:46:44] [信号mode] 已连接行情, 不下单

[10:46:44] 长飞光纤 RSI策略 v2 MiniQMT版 启动

[10:46:44]   mode: 信号监控(不下单)

[10:46:44]   标的: 长飞光纤(601869.SH)

[10:46:44]   ★ v2: 下跌反弹买入 + 上涨回落卖出

[10:46:44]   RSI(14) | 超买>70 | 超卖<30

[10:46:44]   反弹确认: 0.10% | 回落确认: 0.10%

[10:46:44]   ★ 日志: d:\02Project\QMT-export\Stragety\MiniQMT_Stragety\logs\DayTradeing_RSI_v2_601869_20260810_104642.log

[10:46:44] 

[10:46:44] ╔══════════════════════════════════════════════════════════════╗

[10:46:44] ║  📊 RSI(14) 详细计算 — 长飞光纤  20260810                 ║

[10:46:44] ╠══════════════════════════════════════════════════════════════╣

[10:46:44] ║  最近14天逐日涨跌:                                          ║

[10:46:44] ║    日期         收盘价         涨跌额          涨跌幅%  ║

[10:46:44] ║  ────────────────────────────────────────────────────  ║

[10:46:44] ║  T-13  Y    361.57      -40.17       -10.00%  📉 ║

[10:46:44] ║  T-12  Y    382.00      +20.43        +5.65%  📈 ║

[10:46:44] ║  T-11  Y    406.38      +24.38        +6.38%  📈 ║

[10:46:44] ║  T-10  Y    366.05      -40.33        -9.92%  📉 ║

[10:46:44] ║  T-9  Y    356.12       -9.93        -2.71%  📉 ║

[10:46:44] ║  T-8  Y    331.65      -24.47        -6.87%  📉 ║

[10:46:44] ║  T-7  Y    335.89       +4.24        +1.28%  📈 ║

[10:46:44] ║  T-6  Y    302.30      -33.59       -10.00%  📉 ║

[10:46:44] ║  T-5  Y    281.70      -20.60        -6.81%  📉 ║

[10:46:44] ║  T-4  Y    262.66      -19.04        -6.76%  📉 ║

[10:46:44] ║  T-3  Y    271.50       +8.84        +3.37%  📈 ║

[10:46:44] ║  T-2  Y    262.30       -9.20        -3.39%  📉 ║

[10:46:44] ║  T-1  Y    284.00      +21.70        +8.27%  📈 ║

[10:46:44] ║  T-0  Y    312.40      +28.40       +10.00%  📈 ║

[10:46:44] ╠══════════════════════════════════════════════════════════════╣

[10:46:44] ║  平均涨幅 (Avg Gain):  Y7.71                             ║

[10:46:44] ║  平均跌幅 (Avg Loss):  Y14.09                            ║

[10:46:44] ║  RS = AvgGain / AvgLoss = 0.55                       ║

[10:46:44] ║  RSI = 100 - 100/(1+RS) = **41.57**                  ║

[10:46:44] ╠══════════════════════════════════════════════════════════════╣

[10:46:44] ║  RSI 当前位置:                                           ║

[10:46:44] ║  0 ░░░░░░░░░░░░░░░┃────▼──────────────┃▓▓▓▓▓▓▓▓▓▓▓▓▓▓▓ 100 ║

[10:46:44] ║    41.6  ← 当前 RSI(14)  |  区域: ⚪ 中性 ║

[10:46:44] ║  距超买线(70): +28.4点   |  距超卖线(30): +11.6点 ║

[10:46:44] ║  前日 RSI: 35.50  →  今日: 41.57  (Δ+6.07 ↑    ) ║

[10:46:44] ╚══════════════════════════════════════════════════════════════╝

[10:46:44] 

[10:46:44] ┌──────────────────────────────────────────────────────────────┐

[10:46:44] │  🎯 RSI v2 交易计划 — 长飞光纤  20260810  RSI=41.6  ⚪ 中性      │

[10:46:44] ├──────────────────────────────────────────────────────────────┤

[10:46:44] │  开盘: Y345.00  当前: Y334.50  (-3.04%)                   │

[10:46:44] │  持仓:     0股  Y         0  (0%)  总资产: Y           0    │

[10:46:44] │  可用资金: Y           0    T+0可卖:   0股 (0手)              │

[10:46:44] ├──────────────────────────────────────────────────────────────┤

[10:46:44] │  🔄 价格行为确认机制 (v2):                                    │

[10:46:44] │  ⚪ **中性区域** — 等待RSI进入超买/超卖区域                         │

[10:46:44] │  ├─ RSI方向: 向上 (Δ+6.1 vs 前日)                          │

[10:46:44] │  ├─ RSI偏弱, 接近超卖区 (距30还差11.6点)                        │

[10:46:44] │  └─ 建议: 等待RSI进入超买/超卖区域再激活监控                          │

[10:46:44] ├──────────────────────────────────────────────────────────────┤

[10:46:44] │  📋 参数: RSI(14) | 超买70 | 超卖30 | 反弹0.10% | 回落0.10% | 日2笔│

[10:46:44] └──────────────────────────────────────────────────────────────┘

[10:46:44] 

[10:46:44] 开始监控... (Ctrl+C 停止)

[10:46:44] 

[10:46:44] [RSI心跳] RSI=41.6 | ⚪ 中性 | ⏳ 等待触发 | Y334.50 | 0/2笔

[10:47:44] [RSI心跳] RSI=41.6 | ⚪ 中性 | ⏳ 等待触发 | Y333.55 | 0/2笔

[10:48:44] [RSI心跳] RSI=41.6 | ⚪ 中性 | ⏳ 等待触发 | Y333.43 | 0/2笔

[10:49:44] [RSI心跳] RSI=41.6 | ⚪ 中性 | ⏳ 等待触发 | Y332.92 | 0/2笔

[10:50:44] [RSI心跳] RSI=41.6 | ⚪ 中性 | ⏳ 等待触发 | Y334.93 | 0/2笔

[10:51:44] [RSI心跳] RSI=41.6 | ⚪ 中性 | ⏳ 等待触发 | Y334.00 | 0/2笔

[10:52:45] [RSI心跳] RSI=41.6 | ⚪ 中性 | ⏳ 等待触发 | Y334.40 | 0/2笔

[10:53:45] [RSI心跳] RSI=41.6 | ⚪ 中性 | ⏳ 等待触发 | Y335.30 | 0/2笔

[10:54:45] [RSI心跳] RSI=41.6 | ⚪ 中性 | ⏳ 等待触发 | Y334.50 | 0/2笔

[10:55:45] [RSI心跳] RSI=41.6 | ⚪ 中性 | ⏳ 等待触发 | Y332.71 | 0/2笔

[10:56:45] [RSI心跳] RSI=41.6 | ⚪ 中性 | ⏳ 等待触发 | Y331.80 | 0/2笔

[10:57:45] [RSI心跳] RSI=41.6 | ⚪ 中性 | ⏳ 等待触发 | Y332.95 | 0/2笔

[10:58:45] [RSI心跳] RSI=41.6 | ⚪ 中性 | ⏳ 等待触发 | Y333.91 | 0/2笔

