============================================================
  日志文件创建: 2026-09-03 09:37:16
  策略版本: v41 (for MiniQMT Evn)
  标的: 601869
============================================================
[09:37:16] [连接] MiniQMT 行情服务已连接
[09:37:16] [START] 长飞光纤 v40 SIGNAL 601869.SH
[09:37:16] [DailyData] excluded incomplete current-day bar 20260903
[09:37:17] [DailyData WARN] tick lastClose 400.03 is one trading day stale; using verified raw close 407.80
[09:37:17] [DATA-HEALTH] last_complete=20260902 expected=20260902 raw_close=407.80 tick_lastClose=400.03 count=79 aligned=True status=OK
[09:37:17] [DATA-FALLBACK] confirmed one-day stale tick lastClose 400.03 -> verified raw close 407.80
[09:37:18] [DailyData] excluded incomplete current-day bar 20260903
[09:37:18] [DATA-HEALTH] last_complete=20260902 expected=20260902 raw_close=407.80 tick_lastClose=407.80 count=79 aligned=True status=OK
[09:37:18] [DATA-DBG] last_complete=20260902 hist_open[-3:]=[405.0, 412.38, 392.59] | tick_open=412.0 | lastClose=407.8 | signal_open=412.0
[09:37:18] [VOLUME-DATA] complete_count=79 tail=[135222.0, 108797.0, 125787.0]
[09:37:19] [DailyData] excluded incomplete current-day bar 20260903
[09:37:19] [DailyData WARN] tick lastClose 400.03 is one trading day stale; using verified raw close 407.80
[09:37:19] [DATA-HEALTH] last_complete=20260902 expected=20260902 raw_close=407.80 tick_lastClose=400.03 count=79 aligned=True status=OK
[09:37:20] [SIGNAL] WEAK-BULL | Open Y412.00 | ATR 7.0% | RSI 67 | Vol_ratio 0.86 | Mult 0.57 | Trig Y421.92 [REV-T blocked:sellable 0 sh < 100 sh]
[09:37:20] [VOLUME] last 125787 / prev20_avg 146909 | n=20 | VALID
[09:37:20] [FACTOR] trend +0.12 |  volatility -0.12 |  volume +0.00 |  RSI -0.08 | 
[09:37:20] [ACCOUNT] Position:0 sh Y0(0%) | Cash:Y0 | Sellable:0 lots(0 sh)
[09:37:20] [REV-T] BLOCKED sellable 0 sh < 100 sh
[09:37:20] [FWD-T] BLOCKED insufficient cash for 1 lot; T+1: sellable base shares 0 sh < 100 sh  1 lot≈Y40,220
[09:37:20] [MOM] 2minutes±3.6×ATR in 10 minutes(1.0%~6.0%) 反T买回-1.5% 正T卖回+1.8% MOM_LOT_SIZE(100sh) 上限3次 紧急买回关
[09:37:20] [MOM-CAPACITY] short OFF sellable 0 sh < 100 sh | long OFF insufficient cash for 1 lot; T+1: sellable base shares 0 sh < 100 sh
[09:37:20] [MOM-v40] REV让权开 band 1.20% (仅低于REV阈值) | 自适应回撤开 0.35~0.60% ATR×0.50
[09:37:20] [MA-POS] price Y402.20 | MA5 Y410.19: BELOW -1.95% | MA20 Y375.99: ABOVE +6.97%
[09:37:21] [OPEN] [Y402.20] [REV-T needs +4.90% to Y421.92] [FWD-T needs -0.64% to Y399.64]
[09:37:21] [STANDBY] Y402.20 no trade direction
[09:37:31] Interrupted by user
[09:37:31] [STOP] 长飞光纤 v40 cum 0 days gross~Y0

============================================================
  日志结束: 2026-09-03 09:37:31
============================================================
