============================================================
  日志文件创建: 2026-09-04 09:29:59
  策略版本: v41 (for MiniQMT Evn)
  标的: 601869
============================================================
[09:30:01] [连接] MiniQMT 行情服务已连接
[09:30:01] [账号状态] 8890145315 未知(STOCK): 正常
[09:30:02] [交易] 已订阅账号 8890145315
[09:30:02] [START] 长飞光纤 v40 LIVE 601869.SH
[09:30:03] [DailyData] excluded incomplete current-day bar 20260904
[09:30:03] [DATA-STALE] attempt 1/1: adjusted/raw date indexes differ
[09:30:03] [DailyData] excluded incomplete current-day bar 20260904
[09:30:03] [DATA-STALE] attempt 1/3: adjusted/raw date indexes differ
[09:30:05] [DailyData] excluded incomplete current-day bar 20260904
[09:30:05] [DATA-STALE] attempt 2/3: adjusted/raw date indexes differ
[09:30:06] [DailyData] excluded incomplete current-day bar 20260904
[09:30:06] [DATA-STALE] attempt 3/3: adjusted/raw date indexes differ
[09:30:07] [TRADE-LOCK] daily data unavailable or stale; all trading disabled
[09:30:08] [SELL-TRIG RECALC] open Y0.00→Y399.66 trig Y0.00→Y399.66 (Mult 0.40 ATR 3.0%)
[09:30:08] [OPEN] [Y399.66] [REV-T exceeded by Y0.00] [FWD-T needs -2.00% to Y391.67] [LOCKED]
[09:30:08] [STANDBY] Y399.66 no trade direction
[09:30:41] Interrupted by user
[09:30:42] [STOP] 长飞光纤 v40 cum 0 days gross~Y0

============================================================
  日志结束: 2026-09-04 09:30:42
============================================================
