============================================================
  日志文件创建: 2026-09-02 18:25:48
  策略版本: v40 (for MiniQMT Evn)
  标的: 601869
============================================================
[18:25:50] [连接] MiniQMT 行情服务已连接
[18:25:51] [账号状态] 8890145315 未知(STOCK): 等待登录
[18:25:51] [账号状态] 8890145315 未知(STOCK): 等待登录 (重复)
[18:25:51] [交易] 已订阅账号 8890145315
[18:25:51] [START] 长飞光纤 v40 LIVE 601869.SH
[18:25:52] [DATA-STALE] attempt 1/3: daily data missing
[18:25:53] [DATA-STALE] attempt 2/3: daily data missing
[18:25:55] [DATA-STALE] attempt 3/3: daily data missing
[18:25:55] [TRADE-LOCK] daily data unavailable or stale; all trading disabled
[18:25:55] [CLOSE 18:25:55]
[18:30:55] [CLOSE 18:30:55]
[18:35:55] [CLOSE 18:35:55]
[18:40:55] [CLOSE 18:40:55]
[18:45:55] [CLOSE 18:45:55]
[18:50:55] [CLOSE 18:50:55]
[18:55:55] [CLOSE 18:55:55]
[19:00:55] [CLOSE 19:00:55]
[19:05:55] [CLOSE 19:05:55]
[19:10:55] [CLOSE 19:10:55]
[19:15:55] [CLOSE 19:15:55]
[19:20:55] [CLOSE 19:20:55]
[19:25:55] [CLOSE 19:25:55]
[19:30:55] [CLOSE 19:30:55]
[19:35:55] [CLOSE 19:35:55]
[19:40:55] [CLOSE 19:40:55]
[19:45:55] [CLOSE 19:45:55]
[19:50:55] [CLOSE 19:50:55]
[19:55:55] [CLOSE 19:55:55]
[20:00:55] [CLOSE 20:00:55]
[20:05:55] [CLOSE 20:05:55]
[20:07:13] Interrupted by user
[20:07:13] [STOP] 长飞光纤 v40 cum 0 days gross~Y0

============================================================
  日志结束: 2026-09-02 20:07:13
============================================================
