============================================================
  日志文件创建: 2026-08-13 11:07:36
  策略版本: v22 (MiniQMT, 模块化拆分)
  标的: 601869
============================================================
[11:07:36] [连接] MiniQMT 行情服务已连接
[11:07:36] [启动] 长飞光纤 v22 信号 601869.SH
[11:07:36] [信号] 熊市 开盘Y352.00 ATR11.1% RSI35 量比1.00 乘数0.20 触发Y317.97 ⛔反T禁:
[11:07:36] [因子] 趋势-0.15 波动率-0.17 成交量+0.00 RSI+0.10
[11:07:36] [账户] 持仓:0股 Y0(0%) | 可用:Y0 | T+0:0手(0股)
[11:07:36] [反T] ❌ 可用0股<1手
[11:07:36] [正T] ❌ 资金不足; T+1:无可卖持仓  1手≈Y35,175
[11:07:36] [开盘] [Y351.75] [反T触发Y317.97(需涨-9.60%)] [正T触发Y344.71(需跌2.00%)]
[11:07:36] [待命] Y351.75 无可用交易方向
[11:12:36] [待命] Y350.00 无可用交易方向
[11:17:36] 用户中断
[11:17:36] [停止] 长飞光纤 v22 累计0天 毛利~Y0

============================================================
  日志结束: 2026-08-13 11:17:36
============================================================
