============================================================
  日志文件创建: 2026-08-11 11:49:25
  策略版本: v20 (MiniQMT, 模块化拆分)
  标的: 601869
============================================================
[11:49:29] [连接] MiniQMT 行情服务已连接
[11:49:30] [交易] 已订阅账号 8890145315
[11:49:30] [启动] 长飞光纤 v20 实盘 601869.SH
[11:49:30] [信号] 熊市 开盘Y334.00 ATR10.9% RSI42 量比1.00 乘数0.20 触发Y340.83 
[11:49:30] [因子] 趋势-0.15 波动率-0.11 成交量+0.00 RSI+0.03
[11:49:31] [账户] 持仓:100股 Y33,942(34%) | 可用:Y66,135 | T+0:1手(100股)
[11:49:31] [反T] ✅ 1手 触发Y340.83 买回=卖价×(1-ATR%×0.15) 紧急+3%
[11:49:31] [正T] ✅ 1手 买入Y332.63 卖出Y336.62(买价+1.2%) 1手≈Y33,942
[11:49:31] [午休11:49:31]
[11:54:31] [午休11:54:31]
[11:59:31] [午休11:59:31]
[12:03:57] [账号状态] 8890145315 STOCK: 等待登录
[12:04:14] [账号状态] 8890145315 STOCK: 正常
[12:04:31] [午休12:04:31]
[12:09:31] [午休12:09:31]
[12:14:31] [午休12:14:31]
[12:19:06] [账号状态] 8890145315 STOCK: 等待登录
[12:19:21] [账号状态] 8890145315 STOCK: 正常
[12:19:41] [午休12:19:41]
[12:22:35] [账号状态] 8890145315 STOCK: 等待登录
[12:22:50] [账号状态] 8890145315 STOCK: 正常
[12:24:43] [午休12:24:43]
[12:26:07] [账号状态] 8890145315 STOCK: 等待登录
[12:26:22] [账号状态] 8890145315 STOCK: 正常
[12:29:44] [账号状态] 8890145315 STOCK: 等待登录
[12:29:45] [午休12:29:45]
[12:29:59] [账号状态] 8890145315 STOCK: 正常
[12:33:10] [账号状态] 8890145315 STOCK: 等待登录
[12:33:26] [账号状态] 8890145315 STOCK: 正常
[12:34:55] [午休12:34:55]
[12:36:41] [账号状态] 8890145315 STOCK: 等待登录
[12:36:56] [账号状态] 8890145315 STOCK: 正常
[12:40:08] [午休12:40:08]
[12:40:15] [账号状态] 8890145315 STOCK: 等待登录
[12:40:30] [账号状态] 8890145315 STOCK: 正常
[12:43:43] [账号状态] 8890145315 STOCK: 等待登录
[12:43:58] [账号状态] 8890145315 STOCK: 正常
[12:45:09] [午休12:45:09]
[12:47:18] [账号状态] 8890145315 STOCK: 等待登录
[12:47:33] [账号状态] 8890145315 STOCK: 正常
[12:50:46] [账号状态] 8890145315 STOCK: 等待登录
[12:50:50] [午休12:50:50]
[12:51:01] [账号状态] 8890145315 STOCK: 正常
[12:54:19] [账号状态] 8890145315 STOCK: 等待登录
[12:54:35] [账号状态] 8890145315 STOCK: 正常
[12:55:58] [午休12:55:58]
[12:57:45] [账号状态] 8890145315 STOCK: 等待登录
[12:58:45] [账号状态] 8890145315 STOCK: 正常
[13:00:01] [心跳] IDLE Y339.42 反T:需涨1.41至Y340.83 | 正T:需跌6.79至Y332.63
[13:01:14] [心跳] IDLE Y339.50 反T:需涨1.33至Y340.83 | 正T:需跌6.79至Y332.71
[13:01:22] [账号状态] 8890145315 STOCK: 等待登录
[13:01:37] [账号状态] 8890145315 STOCK: 正常
[13:02:14] [心跳] IDLE Y339.30 反T:需涨1.53至Y340.83 | 正T:需跌6.59至Y332.71
[13:03:14] [心跳] IDLE Y338.62 反T:需涨2.21至Y340.83 | 正T:需跌5.91至Y332.71
[13:04:45] [心跳] IDLE Y338.00 反T:需涨2.83至Y340.83 | 正T:需跌5.29至Y332.71
[13:04:53] [账号状态] 8890145315 STOCK: 等待登录
[13:05:08] [账号状态] 8890145315 STOCK: 正常
[13:05:45] [心跳] IDLE Y338.61 反T:需涨2.22至Y340.83 | 正T:需跌5.90至Y332.71
[13:06:45] [心跳] IDLE Y338.75 反T:需涨2.08至Y340.83 | 正T:需跌6.04至Y332.71
[13:08:15] [心跳] IDLE Y338.80 反T:需涨2.03至Y340.83 | 正T:需跌6.09至Y332.71
[13:08:23] [账号状态] 8890145315 STOCK: 等待登录
[13:08:38] [账号状态] 8890145315 STOCK: 正常
[13:09:15] [心跳] IDLE Y339.50 反T:需涨1.33至Y340.83 | 正T:需跌6.79至Y332.71
[13:10:15] [心跳] IDLE Y338.72 反T:需涨2.11至Y340.83 | 正T:需跌6.01至Y332.71
[13:11:45] [心跳] IDLE Y338.44 反T:需涨2.39至Y340.83 | 正T:需跌5.73至Y332.71
[13:11:50] [账号状态] 8890145315 STOCK: 等待登录
[13:12:05] [账号状态] 8890145315 STOCK: 正常
[13:12:45] [心跳] IDLE Y340.00 反T:需涨0.83至Y340.83 | 正T:需跌6.80至Y333.20
[13:13:45] [心跳] IDLE Y339.58 反T:需涨1.25至Y340.83 | 正T:需跌6.38至Y333.20
[13:15:15] [心跳] IDLE Y339.51 反T:需涨1.32至Y340.83 | 正T:需跌6.31至Y333.20
[13:15:25] [账号状态] 8890145315 STOCK: 等待登录
[13:15:40] [账号状态] 8890145315 STOCK: 正常
[13:16:15] [锁仓] +2.0% M0.64% D0.00%
[13:16:15] [心跳] IDLE Y340.60 反T:需涨0.23至Y340.83 | 正T:需跌6.81至Y333.79 | 锁仓
[13:16:53] [解锁]
[13:16:53] [反T冲高#1/3] Y340.85 >= Y340.83
[13:17:04] [反T卖出] 峰值Y340.85 回落0.16% → Y340.30
[13:17:04]   >>> 下单卖出: Y340.30 x 100股 601869.SH
[13:17:04] [委托] 卖 Y0.00 0/0股 -> 已报
[13:17:04] [成交] 卖  Y0.00 x 0股 = Y0
[13:17:04] [委托] 卖 Y0.00 0/0股 -> 全成
[13:17:05] [校验] 反T卖出: -100股@Y340.30 OK | 持仓-100(100→0) | 资金Δ+34,030 | 资产Δ+0
[13:17:16] [心跳] SOLD Y340.95 卖Y340.30 +0.2% 买回线Y334.72
[13:18:47] [心跳] SOLD Y340.87 卖Y340.30 +0.2% 买回线Y334.72
[13:18:52] [账号状态] 8890145315 STOCK: 等待登录
[13:19:07] [账号状态] 8890145315 STOCK: 正常
[13:19:47] [心跳] SOLD Y339.39 卖Y340.30 -0.3% 买回线Y334.72
[13:20:47] [心跳] SOLD Y338.43 卖Y340.30 -0.5% 买回线Y334.72
[13:22:19] [心跳] SOLD Y338.73 卖Y340.30 -0.5% 买回线Y334.72
[13:22:25] [账号状态] 8890145315 STOCK: 等待登录
[13:22:41] [账号状态] 8890145315 STOCK: 正常
[13:23:19] [心跳] SOLD Y338.74 卖Y340.30 -0.5% 买回线Y334.72
[13:24:19] [心跳] SOLD Y339.06 卖Y340.30 -0.4% 买回线Y334.72
[13:25:50] [心跳] SOLD Y339.08 卖Y340.30 -0.4% 买回线Y334.72
[13:25:55] [账号状态] 8890145315 STOCK: 等待登录
[13:26:10] [账号状态] 8890145315 STOCK: 正常
[13:26:50] [心跳] SOLD Y338.30 卖Y340.30 -0.6% 买回线Y334.72
[13:27:50] [心跳] SOLD Y338.33 卖Y340.30 -0.6% 买回线Y334.72
[13:29:19] [心跳] SOLD Y338.14 卖Y340.30 -0.6% 买回线Y334.72
[13:29:29] [账号状态] 8890145315 STOCK: 等待登录
[13:29:44] [账号状态] 8890145315 STOCK: 正常
[13:30:19] [心跳] SOLD Y337.61 卖Y340.30 -0.8% 买回线Y334.72
[13:31:19] [心跳] SOLD Y338.24 卖Y340.30 -0.6% 买回线Y334.72
[13:32:19] [心跳] SOLD Y338.79 卖Y340.30 -0.4% 买回线Y334.72
[13:33:19] [心跳] SOLD Y339.42 卖Y340.30 -0.3% 买回线Y334.72
[13:34:19] [心跳] SOLD Y338.95 卖Y340.30 -0.4% 买回线Y334.72
[13:35:20] [心跳] SOLD Y339.16 卖Y340.30 -0.3% 买回线Y334.72
[13:36:20] [心跳] SOLD Y340.17 卖Y340.30 -0.0% 买回线Y334.72
[13:37:20] [心跳] SOLD Y340.08 卖Y340.30 -0.1% 买回线Y334.72
[13:38:20] [心跳] SOLD Y340.01 卖Y340.30 -0.1% 买回线Y334.72
[13:39:20] [心跳] SOLD Y340.44 卖Y340.30 +0.0% 买回线Y334.72
[13:40:20] [心跳] SOLD Y339.08 卖Y340.30 -0.4% 买回线Y334.72
[13:41:20] [心跳] SOLD Y339.54 卖Y340.30 -0.2% 买回线Y334.72
[13:42:20] [心跳] SOLD Y339.48 卖Y340.30 -0.2% 买回线Y334.72
[13:43:20] [心跳] SOLD Y339.05 卖Y340.30 -0.4% 买回线Y334.72
[13:44:20] [心跳] SOLD Y339.54 卖Y340.30 -0.2% 买回线Y334.72
[13:45:20] [心跳] SOLD Y338.96 卖Y340.30 -0.4% 买回线Y334.72
[13:46:20] [心跳] SOLD Y338.90 卖Y340.30 -0.4% 买回线Y334.72
[13:47:20] [心跳] SOLD Y339.17 卖Y340.30 -0.3% 买回线Y334.72
[13:48:21] [心跳] SOLD Y339.15 卖Y340.30 -0.3% 买回线Y334.72
[13:49:21] [心跳] SOLD Y339.00 卖Y340.30 -0.4% 买回线Y334.72
[13:50:21] [心跳] SOLD Y339.09 卖Y340.30 -0.4% 买回线Y334.72
[13:51:21] [心跳] SOLD Y338.60 卖Y340.30 -0.5% 买回线Y334.72
[13:52:21] [心跳] SOLD Y338.52 卖Y340.30 -0.5% 买回线Y334.72
[13:53:21] [心跳] SOLD Y338.51 卖Y340.30 -0.5% 买回线Y334.72
[13:54:21] [心跳] SOLD Y338.15 卖Y340.30 -0.6% 买回线Y334.72
[13:55:21] [心跳] SOLD Y338.21 卖Y340.30 -0.6% 买回线Y334.72
[13:56:21] [心跳] SOLD Y338.67 卖Y340.30 -0.5% 买回线Y334.72
[13:57:21] [心跳] SOLD Y338.40 卖Y340.30 -0.6% 买回线Y334.72
[13:58:21] [心跳] SOLD Y338.15 卖Y340.30 -0.6% 买回线Y334.72
[13:59:21] [心跳] SOLD Y338.23 卖Y340.30 -0.6% 买回线Y334.72
[14:00:21] [心跳] SOLD Y337.30 卖Y340.30 -0.9% 买回线Y334.72
[14:01:21] [心跳] SOLD Y337.53 卖Y340.30 -0.8% 买回线Y334.72
[14:02:22] [心跳] SOLD Y337.56 卖Y340.30 -0.8% 买回线Y334.72
[14:03:22] [心跳] SOLD Y338.00 卖Y340.30 -0.7% 买回线Y334.72
[14:04:22] [心跳] SOLD Y337.55 卖Y340.30 -0.8% 买回线Y334.72
[14:05:22] [心跳] SOLD Y337.81 卖Y340.30 -0.7% 买回线Y334.72
[14:06:22] [心跳] SOLD Y337.69 卖Y340.30 -0.8% 买回线Y334.72
