============================================================
  日志文件创建: 2026-08-10 09:10:19
  策略版本: v15 (MiniQMT, 模块化拆分)
  标的: 601869
============================================================
[09:10:19] [连接] MiniQMT 行情服务已连接

[09:10:19] [信号mode] 已连接行情, 不下单

[09:10:19] 长飞光纤 迷你反T v15 MiniQMT版 启动

[09:10:19]   mode: 信号监控(不下单)

[09:10:19]   标的: 长飞光纤(601869.SH)

[09:10:19]   触发BASE: bear=0.4 sideways=0.55 weak_bull=0.65

[09:10:19]   ★ 日志文件: d:\02Project\QMT-export\Stragety\MiniQMT_Stragety\logs\DayTradeing_v15_601869_20260810_091019.log

[09:10:19]   ★ 模块: core/ + infra/ 拆分结构

[09:10:19] [数据] 今日开盘: Y338.69 (来自tick)

[09:10:19] 

[09:10:19] ╔═══════════════════════════════════════════════════════╗

[09:10:19] ║  长飞光纤  迷你反T v15  |  20260810  |  bear  ║

[09:10:19] ╠═══════════════════════════════════════════════════════╣

[09:10:19] ║  开盘: Y338.69  |  ATR: 10.9%  |  RSI: 42  |  量比: 1.00    ║

[09:10:19] ║  持仓: 0股 Y0(0%)  |  可用: Y0  |  总资产: Y0  ║

[09:10:19] ║  T+0可用: 0股(反T0手)  T+1锁定: 0股  |  熊市积极反T(0手可用)  ║

[09:10:19] ╠═══════════════════════════════════════════════════════╣

[09:10:19] ║  ★ 监控: 今日无可用交易方向                                    ║

[09:10:19] ╚═══════════════════════════════════════════════════════╝

[09:10:19]   反T(卖出): x 不可用 — 可用0股<1手

[09:10:19]   正T(买入): x 不可用 — 资金不足(需Y34,208>Y0); T+1:无可卖持仓(可用0股) | 1手需 Y33,869

[09:10:19] 

[09:10:19] 开始监控... (Ctrl+C 停止)

[09:10:19] 

[09:10:19] [等待开盘] 09:10:19 — 距开盘 19分41秒

