============================================================
  日志文件创建: 2026-08-12 09:25:49
  策略版本: v21 (MiniQMT, 模块化拆分)
  标的: 601869
============================================================
[09:25:54] [连接] MiniQMT 行情服务已连接
[09:25:54] [交易] 已订阅账号 8890145315
[09:25:54] [启动] 长飞光纤 v21 实盘 601869.SH
[09:25:55] [信号] 熊市 开盘Y342.00 ATR10.9% RSI42 量比1.00 乘数0.20 触发Y349.47 
[09:25:55] [因子] 趋势-0.15 波动率-0.11 成交量+0.00 RSI+0.03
[09:25:55] [账户] 持仓:200股 Y68,400(68%) | 可用:Y32,853 | T+0:2手(200股)
[09:25:55] [反T] ✅ 2手 触发Y349.47 买回=卖价×(1-ATR%×0.15) 紧急+3%
[09:25:55] [正T] ❌ 资金不足  1手≈Y34,200
[09:25:55] [盘前09:25:55] 计算信号...
[09:25:55] [信号] 熊市 开盘Y342.00 ATR10.9% RSI42 量比1.00 乘数0.20 触发Y349.47 
[09:25:55] [因子] 趋势-0.15 波动率-0.11 成交量+0.00 RSI+0.03
[09:25:55] [账户] 持仓:200股 Y68,400(68%) | 可用:Y32,853 | T+0:2手(200股)
[09:25:55] [反T] ✅ 2手 触发Y349.47 买回=卖价×(1-ATR%×0.15) 紧急+3%
[09:25:55] [正T] ❌ 资金不足  1手≈Y34,200
[09:26:55] [盘前09:26:55] 距开盘3分5秒
[09:27:55] [盘前09:27:55] 距开盘2分5秒
[09:28:55] [盘前09:28:55] 距开盘1分5秒
[09:29:55] [盘前09:29:55] 距开盘5秒
[09:30:55] [心跳] IDLE Y336.02 反T:需涨13.45至Y349.47 | 正T:禁
[09:31:55] [心跳] IDLE Y338.34 反T:需涨11.13至Y349.47 | 正T:禁
[09:32:55] [心跳] IDLE Y337.02 反T:需涨12.45至Y349.47 | 正T:禁
[09:33:55] [心跳] IDLE Y337.57 反T:需涨11.90至Y349.47 | 正T:禁
[09:34:55] [心跳] IDLE Y340.34 反T:需涨9.13至Y349.47 | 正T:禁
[09:35:55] [心跳] IDLE Y341.48 反T:需涨7.99至Y349.47 | 正T:禁
[09:36:55] [心跳] IDLE Y339.59 反T:需涨9.88至Y349.47 | 正T:禁
[09:37:55] [心跳] IDLE Y339.25 反T:需涨10.22至Y349.47 | 正T:禁
[09:38:55] [心跳] IDLE Y337.79 反T:需涨11.68至Y349.47 | 正T:禁
[09:39:55] [心跳] IDLE Y338.79 反T:需涨10.68至Y349.47 | 正T:禁
[09:40:55] [心跳] IDLE Y337.98 反T:需涨11.49至Y349.47 | 正T:禁
[09:41:55] [心跳] IDLE Y338.79 反T:需涨10.68至Y349.47 | 正T:禁
[09:42:56] [心跳] IDLE Y341.17 反T:需涨8.30至Y349.47 | 正T:禁
[09:43:56] [心跳] IDLE Y340.09 反T:需涨9.38至Y349.47 | 正T:禁
[09:44:56] [心跳] IDLE Y340.89 反T:需涨8.58至Y349.47 | 正T:禁
[09:45:56] [心跳] IDLE Y340.88 反T:需涨8.59至Y349.47 | 正T:禁
[09:46:56] [心跳] IDLE Y339.70 反T:需涨9.77至Y349.47 | 正T:禁
[09:47:56] [心跳] IDLE Y339.48 反T:需涨9.99至Y349.47 | 正T:禁
[09:48:56] [心跳] IDLE Y340.52 反T:需涨8.95至Y349.47 | 正T:禁
[09:49:56] [心跳] IDLE Y339.21 反T:需涨10.26至Y349.47 | 正T:禁
[09:50:56] [心跳] IDLE Y339.66 反T:需涨9.81至Y349.47 | 正T:禁
[09:51:56] [心跳] IDLE Y339.01 反T:需涨10.46至Y349.47 | 正T:禁
[09:52:56] [心跳] IDLE Y339.68 反T:需涨9.79至Y349.47 | 正T:禁
[09:53:56] [心跳] IDLE Y338.65 反T:需涨10.82至Y349.47 | 正T:禁
[09:54:56] [心跳] IDLE Y337.76 反T:需涨11.71至Y349.47 | 正T:禁
[09:55:57] [心跳] IDLE Y335.88 反T:需涨13.59至Y349.47 | 正T:禁
[09:56:57] [心跳] IDLE Y337.01 反T:需涨12.46至Y349.47 | 正T:禁
[09:57:57] [心跳] IDLE Y335.87 反T:需涨13.60至Y349.47 | 正T:禁
[09:58:57] [心跳] IDLE Y336.41 反T:需涨13.06至Y349.47 | 正T:禁
[09:59:57] [心跳] IDLE Y337.05 反T:需涨12.42至Y349.47 | 正T:禁
[10:00:57] [心跳] IDLE Y334.88 反T:需涨14.59至Y349.47 | 正T:禁
[10:01:57] [心跳] IDLE Y334.88 反T:需涨14.59至Y349.47 | 正T:禁
[10:02:57] [心跳] IDLE Y335.83 反T:需涨13.64至Y349.47 | 正T:禁
[10:03:57] [心跳] IDLE Y337.00 反T:需涨12.47至Y349.47 | 正T:禁
[10:04:57] [心跳] IDLE Y337.26 反T:需涨12.21至Y349.47 | 正T:禁
[10:05:57] [心跳] IDLE Y338.50 反T:需涨10.97至Y349.47 | 正T:禁
[10:06:57] [心跳] IDLE Y337.85 反T:需涨11.62至Y349.47 | 正T:禁
[10:07:57] [心跳] IDLE Y339.80 反T:需涨9.67至Y349.47 | 正T:禁
[10:08:57] [心跳] IDLE Y341.35 反T:需涨8.12至Y349.47 | 正T:禁
[10:09:57] [心跳] IDLE Y343.55 反T:需涨5.92至Y349.47 | 正T:禁
[10:10:48] [锁仓] +1.6% M2.65% D0.00%
[10:10:58] [心跳] IDLE Y347.86 反T:需涨1.61至Y349.47 | 正T:禁 | 锁仓
[10:11:23] [解锁]
[10:11:58] [心跳] IDLE Y345.92 反T:需涨3.55至Y349.47 | 正T:禁
[10:12:58] [心跳] IDLE Y346.09 反T:需涨3.38至Y349.47 | 正T:禁
[10:13:58] [心跳] IDLE Y345.13 反T:需涨4.34至Y349.47 | 正T:禁
[10:14:58] [心跳] IDLE Y343.26 反T:需涨6.21至Y349.47 | 正T:禁
[10:15:58] [心跳] IDLE Y343.26 反T:需涨6.21至Y349.47 | 正T:禁
[10:16:58] [心跳] IDLE Y344.70 反T:需涨4.77至Y349.47 | 正T:禁
[10:17:58] [心跳] IDLE Y344.22 反T:需涨5.25至Y349.47 | 正T:禁
[10:18:58] [心跳] IDLE Y344.70 反T:需涨4.77至Y349.47 | 正T:禁
[10:19:58] [心跳] IDLE Y344.30 反T:需涨5.17至Y349.47 | 正T:禁
[10:20:58] [心跳] IDLE Y344.81 反T:需涨4.66至Y349.47 | 正T:禁
[10:21:58] [心跳] IDLE Y345.40 反T:需涨4.07至Y349.47 | 正T:禁
[10:22:59] [心跳] IDLE Y345.01 反T:需涨4.46至Y349.47 | 正T:禁
[10:23:59] [心跳] IDLE Y346.00 反T:需涨3.47至Y349.47 | 正T:禁
[10:24:59] [心跳] IDLE Y345.70 反T:需涨3.77至Y349.47 | 正T:禁
[10:25:59] [心跳] IDLE Y345.52 反T:需涨3.95至Y349.47 | 正T:禁
[10:26:53] [锁仓] +1.5% M0.52% D0.00%
[10:26:59] [心跳] IDLE Y347.47 反T:需涨2.00至Y349.47 | 正T:禁 | 锁仓
[10:27:11] [解锁]
[10:27:59] [心跳] IDLE Y345.80 反T:需涨3.67至Y349.47 | 正T:禁
[10:28:59] [心跳] IDLE Y345.80 反T:需涨3.67至Y349.47 | 正T:禁
[10:29:59] [心跳] IDLE Y343.80 反T:需涨5.67至Y349.47 | 正T:禁
[10:30:59] [心跳] IDLE Y344.87 反T:需涨4.60至Y349.47 | 正T:禁
[10:31:59] [心跳] IDLE Y344.79 反T:需涨4.68至Y349.47 | 正T:禁
[10:32:59] [心跳] IDLE Y345.90 反T:需涨3.57至Y349.47 | 正T:禁
[10:34:00] [心跳] IDLE Y345.75 反T:需涨3.72至Y349.47 | 正T:禁
[10:35:00] [心跳] IDLE Y346.01 反T:需涨3.46至Y349.47 | 正T:禁
[10:36:00] [心跳] IDLE Y346.00 反T:需涨3.47至Y349.47 | 正T:禁
[10:37:00] [心跳] IDLE Y345.80 反T:需涨3.67至Y349.47 | 正T:禁
[10:38:00] [心跳] IDLE Y346.70 反T:需涨2.77至Y349.47 | 正T:禁
[10:39:00] [心跳] IDLE Y346.56 反T:需涨2.91至Y349.47 | 正T:禁
[10:40:00] [心跳] IDLE Y347.00 反T:需涨2.47至Y349.47 | 正T:禁
[10:41:00] [心跳] IDLE Y346.20 反T:需涨3.27至Y349.47 | 正T:禁
[10:42:00] [心跳] IDLE Y345.98 反T:需涨3.49至Y349.47 | 正T:禁
[10:43:00] [心跳] IDLE Y346.99 反T:需涨2.48至Y349.47 | 正T:禁
[10:44:00] [心跳] IDLE Y346.89 反T:需涨2.58至Y349.47 | 正T:禁
[10:45:00] [心跳] IDLE Y347.29 反T:需涨2.18至Y349.47 | 正T:禁
[10:45:22] [锁仓] +1.7% M0.51% D0.00%
[10:45:28] [解锁]
[10:45:32] [锁仓] +1.7% M0.51% D0.01%
[10:45:43] [解锁]
[10:45:46] [锁仓] +1.8% M0.51% D0.00%
[10:46:01] [心跳] IDLE Y348.68 反T:需涨0.79至Y349.47 | 正T:禁 | 锁仓
[10:47:01] [心跳] IDLE Y348.73 反T:需涨0.74至Y349.47 | 正T:禁 | 锁仓
[10:47:18] [解锁]
[10:47:22] [锁仓] +1.8% M0.55% D0.37%
[10:47:25] [解锁]
[10:47:46] [锁仓] +1.7% M0.51% D0.46%
[10:47:48] [解锁]
[10:48:01] [心跳] IDLE Y347.87 反T:需涨1.60至Y349.47 | 正T:禁
[10:48:39] [锁仓] +1.8% M0.51% D0.34%
[10:49:01] [心跳] IDLE Y348.83 反T:需涨0.64至Y349.47 | 正T:禁 | 锁仓
[10:49:19] [解锁]
[10:49:27] [锁仓] +2.0% M0.57% D0.17%
[10:49:28] [解锁]
[10:49:47] [锁仓] +2.0% M0.50% D0.14%
[10:49:50] [解锁]
[10:50:02] [心跳] IDLE Y348.70 反T:需涨0.77至Y349.47 | 正T:禁
[10:51:02] [反T冲高#1/3] Y349.51 >= Y349.47
[10:51:02] [心跳] SPIKING Y349.51 peakY349.51 回落0.00%
[10:51:26] [反T卖出触发] 峰值Y349.60 回落0.17% → Y349.01
[10:51:26] [下单-反T卖出] Y349.01 × 100股
[10:51:26]   >>> 下单卖出: Y349.01 x 100股 601869.SH
[10:51:26] [委托] 卖 Y0.00 0/0股 -> 已报
[10:51:26] [成交] 卖  Y0.00 x 0股 = Y0
[10:51:26] [委托] 卖 Y0.00 0/0股 -> 全成
[10:51:27] [成交-反T卖出] Y349.01 × 100股 | 持仓200→100 | 资金+34,901
[10:52:03] [心跳] SOLD Y349.43 卖Y349.01 +0.1% 买回线Y343.29
[10:53:03] [心跳] SOLD Y348.68 卖Y349.01 -0.1% 买回线Y343.29
[10:54:03] [心跳] SOLD Y348.00 卖Y349.01 -0.3% 买回线Y343.29
[10:55:03] [心跳] SOLD Y345.85 卖Y349.01 -0.9% 买回线Y343.29
[10:56:03] [心跳] SOLD Y346.58 卖Y349.01 -0.7% 买回线Y343.29
[10:57:03] [心跳] SOLD Y345.44 卖Y349.01 -1.0% 买回线Y343.29
[10:58:03] [心跳] SOLD Y346.47 卖Y349.01 -0.7% 买回线Y343.29
[10:59:03] [心跳] SOLD Y347.54 卖Y349.01 -0.4% 买回线Y343.29
[11:00:03] [心跳] SOLD Y345.95 卖Y349.01 -0.9% 买回线Y343.29
[11:01:03] [心跳] SOLD Y347.47 卖Y349.01 -0.4% 买回线Y343.29
[11:02:03] [心跳] SOLD Y348.00 卖Y349.01 -0.3% 买回线Y343.29
[11:03:03] [心跳] SOLD Y348.00 卖Y349.01 -0.3% 买回线Y343.29
[11:04:03] [心跳] SOLD Y348.00 卖Y349.01 -0.3% 买回线Y343.29
[11:05:04] [心跳] SOLD Y348.26 卖Y349.01 -0.2% 买回线Y343.29
[11:06:04] [心跳] SOLD Y347.83 卖Y349.01 -0.3% 买回线Y343.29
[11:07:04] [心跳] SOLD Y348.49 卖Y349.01 -0.1% 买回线Y343.29
[11:08:04] [心跳] SOLD Y348.50 卖Y349.01 -0.1% 买回线Y343.29
[11:09:04] [心跳] SOLD Y348.88 卖Y349.01 -0.0% 买回线Y343.29
[11:10:04] [心跳] SOLD Y348.03 卖Y349.01 -0.3% 买回线Y343.29
[11:11:04] [心跳] SOLD Y346.84 卖Y349.01 -0.6% 买回线Y343.29
[11:12:04] [心跳] SOLD Y346.84 卖Y349.01 -0.6% 买回线Y343.29
[11:13:04] [心跳] SOLD Y347.76 卖Y349.01 -0.4% 买回线Y343.29
[11:14:04] [心跳] SOLD Y348.24 卖Y349.01 -0.2% 买回线Y343.29
[11:15:04] [心跳] SOLD Y347.18 卖Y349.01 -0.5% 买回线Y343.29
[11:16:04] [心跳] SOLD Y347.90 卖Y349.01 -0.3% 买回线Y343.29
[11:17:04] [心跳] SOLD Y346.68 卖Y349.01 -0.7% 买回线Y343.29
[11:18:05] [心跳] SOLD Y346.40 卖Y349.01 -0.7% 买回线Y343.29
[11:19:05] [心跳] SOLD Y345.66 卖Y349.01 -1.0% 买回线Y343.29
[11:20:05] [心跳] SOLD Y346.64 卖Y349.01 -0.7% 买回线Y343.29
[11:21:05] [心跳] SOLD Y346.21 卖Y349.01 -0.8% 买回线Y343.29
[11:22:05] [心跳] SOLD Y346.57 卖Y349.01 -0.7% 买回线Y343.29
[11:23:05] [心跳] SOLD Y347.00 卖Y349.01 -0.6% 买回线Y343.29
[11:24:05] [心跳] SOLD Y347.29 卖Y349.01 -0.5% 买回线Y343.29
[11:25:05] [心跳] SOLD Y347.22 卖Y349.01 -0.5% 买回线Y343.29
[11:26:05] [心跳] SOLD Y347.99 卖Y349.01 -0.3% 买回线Y343.29
[11:27:05] [心跳] SOLD Y347.41 卖Y349.01 -0.5% 买回线Y343.29
[11:28:05] [心跳] SOLD Y348.00 卖Y349.01 -0.3% 买回线Y343.29
[11:29:05] [心跳] SOLD Y347.99 卖Y349.01 -0.3% 买回线Y343.29
[11:34:11] [午休11:34:11]
[11:39:11] [午休11:39:11]
[11:44:11] [午休11:44:11]
[11:49:11] [午休11:49:11]
[11:54:11] [午休11:54:11]
[11:59:11] [午休11:59:11]
[12:04:11] [午休12:04:11]
[12:10:09] [账号状态] 8890145315 STOCK: 等待登录
[12:10:14] [午休12:10:14]
[12:15:15] [午休12:15:15]
[12:15:21] [账号状态] 8890145315 STOCK: 正常
[12:17:14] [账号状态] 8890145315 STOCK: 等待登录
[12:17:30] [账号状态] 8890145315 STOCK: 正常
[12:20:44] [账号状态] 8890145315 STOCK: 等待登录
[12:20:45] [午休12:20:45]
[12:20:59] [账号状态] 8890145315 STOCK: 未知(2)
[12:20:59] [账号状态] 8890145315 STOCK: 初始化中
[12:21:00] [账号状态] 8890145315 STOCK: 正常
[12:24:12] [账号状态] 8890145315 STOCK: 等待登录
[12:24:28] [账号状态] 8890145315 STOCK: 未知(2)
[12:24:28] [账号状态] 8890145315 STOCK: 初始化中
[12:24:28] [账号状态] 8890145315 STOCK: 正常
[12:25:48] [午休12:25:48]
[12:27:46] [账号状态] 8890145315 STOCK: 等待登录
[12:28:01] [账号状态] 8890145315 STOCK: 正常
[12:31:20] [账号状态] 8890145315 STOCK: 等待登录
[12:31:21] [午休12:31:21]
[12:31:36] [账号状态] 8890145315 STOCK: 正常
[12:34:49] [账号状态] 8890145315 STOCK: 等待登录
[12:35:04] [账号状态] 8890145315 STOCK: 正常
[12:36:30] [午休12:36:30]
[12:38:20] [账号状态] 8890145315 STOCK: 等待登录
[12:38:36] [账号状态] 8890145315 STOCK: 正常
[12:41:50] [账号状态] 8890145315 STOCK: 等待登录
[12:41:52] [午休12:41:52]
[12:42:06] [账号状态] 8890145315 STOCK: 正常
[12:46:52] [午休12:46:52]
[12:51:52] [午休12:51:52]
[12:56:52] [午休12:56:52]
[13:00:02] [心跳] SOLD Y348.10 卖Y349.01 -0.3% 买回线Y343.29
[13:01:02] [心跳] SOLD Y349.31 卖Y349.01 +0.1% 买回线Y343.29
[13:02:02] [心跳] SOLD Y349.67 卖Y349.01 +0.2% 买回线Y343.29
[13:03:02] [心跳] SOLD Y349.55 卖Y349.01 +0.2% 买回线Y343.29
[13:04:03] [心跳] SOLD Y348.50 卖Y349.01 -0.1% 买回线Y343.29
[13:05:03] [心跳] SOLD Y347.55 卖Y349.01 -0.4% 买回线Y343.29
[13:06:03] [心跳] SOLD Y347.59 卖Y349.01 -0.4% 买回线Y343.29
[13:07:03] [心跳] SOLD Y346.50 卖Y349.01 -0.7% 买回线Y343.29
[13:08:03] [心跳] SOLD Y347.11 卖Y349.01 -0.5% 买回线Y343.29
[13:09:03] [心跳] SOLD Y346.80 卖Y349.01 -0.6% 买回线Y343.29
[13:10:03] [心跳] SOLD Y346.44 卖Y349.01 -0.7% 买回线Y343.29
[13:11:03] [心跳] SOLD Y346.79 卖Y349.01 -0.6% 买回线Y343.29
[13:12:03] [心跳] SOLD Y345.30 卖Y349.01 -1.1% 买回线Y343.29
[13:13:03] [心跳] SOLD Y344.30 卖Y349.01 -1.3% 买回线Y343.29
[13:14:03] [心跳] SOLD Y343.92 卖Y349.01 -1.5% 买回线Y343.29
[13:15:03] [心跳] SOLD Y344.60 卖Y349.01 -1.3% 买回线Y343.29
[13:16:04] [心跳] SOLD Y345.03 卖Y349.01 -1.1% 买回线Y343.29
[13:17:04] [心跳] SOLD Y344.45 卖Y349.01 -1.3% 买回线Y343.29
[13:18:04] [心跳] SOLD Y345.05 卖Y349.01 -1.1% 买回线Y343.29
[13:19:04] [心跳] SOLD Y345.99 卖Y349.01 -0.9% 买回线Y343.29
[13:20:04] [心跳] SOLD Y345.62 卖Y349.01 -1.0% 买回线Y343.29
[13:21:04] [心跳] SOLD Y344.86 卖Y349.01 -1.2% 买回线Y343.29
[13:22:04] [心跳] SOLD Y344.94 卖Y349.01 -1.2% 买回线Y343.29
[13:23:04] [心跳] SOLD Y343.91 卖Y349.01 -1.5% 买回线Y343.29
[13:24:04] [心跳] SOLD Y343.61 卖Y349.01 -1.5% 买回线Y343.29
[13:24:14] [买回触发] Y343.02(-1.72%)
[13:25:04] [心跳] DIPPING Y342.44 卖Y349.01 -1.9% 买回线Y343.29
[13:25:59] [反T买回触发] 低Y342.20 回0.15% → Y342.70 毛利~Y631
[13:25:59] [下单-反T买回(正常)] Y342.70 × 100股
[13:25:59]   >>> 下单买入: Y342.70 x 100股 601869.SH
[13:26:00] [委托] 买 Y0.00 0/0股 -> 已报
[13:26:00] [成交] 买  Y0.00 x 0股 = Y0
[13:26:00] [委托] 买 Y0.00 0/0股 -> 全成
[13:26:01] [成交-反T买回(正常)] Y342.70 × 100股 | 持仓100→200 | 资金-34,270
[13:26:01] [恢复] → IDLE (反T1/3)
[13:26:05] [心跳] IDLE Y343.00 反T:需涨6.47至Y349.47 | 正T:禁
[13:27:05] [心跳] IDLE Y343.68 反T:需涨5.79至Y349.47 | 正T:禁
[13:28:05] [心跳] IDLE Y343.52 反T:需涨5.95至Y349.47 | 正T:禁
[13:29:05] [心跳] IDLE Y343.49 反T:需涨5.98至Y349.47 | 正T:禁
[13:30:05] [心跳] IDLE Y342.80 反T:需涨6.67至Y349.47 | 正T:禁
[13:31:05] [心跳] IDLE Y343.45 反T:需涨6.02至Y349.47 | 正T:禁
[13:32:05] [心跳] IDLE Y343.99 反T:需涨5.48至Y349.47 | 正T:禁
[13:33:05] [心跳] IDLE Y344.14 反T:需涨5.33至Y349.47 | 正T:禁
[13:34:05] [心跳] IDLE Y344.57 反T:需涨4.90至Y349.47 | 正T:禁
[13:35:05] [心跳] IDLE Y344.10 反T:需涨5.37至Y349.47 | 正T:禁
[13:36:05] [心跳] IDLE Y344.50 反T:需涨4.97至Y349.47 | 正T:禁
[13:37:05] [心跳] IDLE Y345.00 反T:需涨4.47至Y349.47 | 正T:禁
[13:38:05] [心跳] IDLE Y345.00 反T:需涨4.47至Y349.47 | 正T:禁
[13:39:06] [心跳] IDLE Y345.88 反T:需涨3.59至Y349.47 | 正T:禁
[13:40:06] [心跳] IDLE Y345.03 反T:需涨4.44至Y349.47 | 正T:禁
[13:41:06] [心跳] IDLE Y344.96 反T:需涨4.51至Y349.47 | 正T:禁
[13:42:06] [心跳] IDLE Y344.00 反T:需涨5.47至Y349.47 | 正T:禁
[13:43:06] [心跳] IDLE Y343.50 反T:需涨5.97至Y349.47 | 正T:禁
[13:44:06] [心跳] IDLE Y343.29 反T:需涨6.18至Y349.47 | 正T:禁
[13:45:06] [心跳] IDLE Y342.53 反T:需涨6.94至Y349.47 | 正T:禁
[13:46:06] [心跳] IDLE Y342.63 反T:需涨6.84至Y349.47 | 正T:禁
[13:47:06] [心跳] IDLE Y343.53 反T:需涨5.94至Y349.47 | 正T:禁
[13:48:06] [心跳] IDLE Y343.43 反T:需涨6.04至Y349.47 | 正T:禁
[13:49:06] [心跳] IDLE Y343.58 反T:需涨5.89至Y349.47 | 正T:禁
[13:50:06] [心跳] IDLE Y344.00 反T:需涨5.47至Y349.47 | 正T:禁
[13:51:07] [心跳] IDLE Y343.58 反T:需涨5.89至Y349.47 | 正T:禁
[13:52:07] [心跳] IDLE Y343.65 反T:需涨5.82至Y349.47 | 正T:禁
[13:53:07] [心跳] IDLE Y343.05 反T:需涨6.42至Y349.47 | 正T:禁
[13:54:07] [心跳] IDLE Y343.36 反T:需涨6.11至Y349.47 | 正T:禁
[13:55:07] [心跳] IDLE Y343.38 反T:需涨6.09至Y349.47 | 正T:禁
[13:56:07] [心跳] IDLE Y343.80 反T:需涨5.67至Y349.47 | 正T:禁
[13:57:07] [心跳] IDLE Y344.39 反T:需涨5.08至Y349.47 | 正T:禁
[13:58:07] [心跳] IDLE Y344.01 反T:需涨5.46至Y349.47 | 正T:禁
[13:59:07] [心跳] IDLE Y343.75 反T:需涨5.72至Y349.47 | 正T:禁
[14:00:07] [心跳] IDLE Y343.31 反T:需涨6.16至Y349.47 | 正T:禁
[14:01:07] [心跳] IDLE Y343.00 反T:需涨6.47至Y349.47 | 正T:禁
[14:02:07] [心跳] IDLE Y342.76 反T:需涨6.71至Y349.47 | 正T:禁
[14:03:07] [心跳] IDLE Y342.69 反T:需涨6.78至Y349.47 | 正T:禁
[14:04:07] [心跳] IDLE Y342.35 反T:需涨7.12至Y349.47 | 正T:禁
[14:05:08] [心跳] IDLE Y342.78 反T:需涨6.69至Y349.47 | 正T:禁
[14:06:08] [心跳] IDLE Y343.03 反T:需涨6.44至Y349.47 | 正T:禁
[14:07:08] [心跳] IDLE Y343.80 反T:需涨5.67至Y349.47 | 正T:禁
[14:08:08] [心跳] IDLE Y343.06 反T:需涨6.41至Y349.47 | 正T:禁
[14:09:08] [心跳] IDLE Y342.91 反T:需涨6.56至Y349.47 | 正T:禁
[14:10:08] [心跳] IDLE Y342.90 反T:需涨6.57至Y349.47 | 正T:禁
[14:11:08] [心跳] IDLE Y342.94 反T:需涨6.53至Y349.47 | 正T:禁
[14:12:08] [心跳] IDLE Y342.97 反T:需涨6.50至Y349.47 | 正T:禁
[14:13:08] [心跳] IDLE Y342.81 反T:需涨6.66至Y349.47 | 正T:禁
[14:14:08] [心跳] IDLE Y342.73 反T:需涨6.74至Y349.47 | 正T:禁
[14:15:08] [心跳] IDLE Y343.32 反T:需涨6.15至Y349.47 | 正T:禁
[14:16:08] [心跳] IDLE Y343.01 反T:需涨6.46至Y349.47 | 正T:禁
[14:17:09] [心跳] IDLE Y342.99 反T:需涨6.48至Y349.47 | 正T:禁
[14:18:09] [心跳] IDLE Y343.18 反T:需涨6.29至Y349.47 | 正T:禁
[14:19:09] [心跳] IDLE Y343.72 反T:需涨5.75至Y349.47 | 正T:禁
[14:20:09] [心跳] IDLE Y344.49 反T:需涨4.98至Y349.47 | 正T:禁
[14:21:09] [心跳] IDLE Y343.88 反T:需涨5.59至Y349.47 | 正T:禁
[14:22:09] [心跳] IDLE Y344.00 反T:需涨5.47至Y349.47 | 正T:禁
[14:23:09] [心跳] IDLE Y343.96 反T:需涨5.51至Y349.47 | 正T:禁
[14:24:09] [心跳] IDLE Y344.60 反T:需涨4.87至Y349.47 | 正T:禁
[14:25:09] [心跳] IDLE Y344.77 反T:需涨4.70至Y349.47 | 正T:禁
[14:26:09] [心跳] IDLE Y344.36 反T:需涨5.11至Y349.47 | 正T:禁
[14:27:09] [心跳] IDLE Y344.98 反T:需涨4.49至Y349.47 | 正T:禁
[14:28:09] [心跳] IDLE Y345.00 反T:需涨4.47至Y349.47 | 正T:禁
[14:29:09] [心跳] IDLE Y345.00 反T:需涨4.47至Y349.47 | 正T:禁
[14:30:09] [心跳] IDLE Y345.30 反T:需涨4.17至Y349.47 | 正T:禁
[14:31:10] [心跳] IDLE Y345.40 反T:需涨4.07至Y349.47 | 正T:禁
[14:32:10] [心跳] IDLE Y344.81 反T:需涨4.66至Y349.47 | 正T:禁
[14:33:10] [心跳] IDLE Y345.00 反T:需涨4.47至Y349.47 | 正T:禁
[14:34:10] [心跳] IDLE Y344.30 反T:需涨5.17至Y349.47 | 正T:禁
[14:35:10] [心跳] IDLE Y344.88 反T:需涨4.59至Y349.47 | 正T:禁
[14:36:10] [心跳] IDLE Y344.90 反T:需涨4.57至Y349.47 | 正T:禁
[14:37:10] [心跳] IDLE Y344.82 反T:需涨4.65至Y349.47 | 正T:禁
[14:38:10] [心跳] IDLE Y344.90 反T:需涨4.57至Y349.47 | 正T:禁
[14:39:10] [心跳] IDLE Y345.10 反T:需涨4.37至Y349.47 | 正T:禁
[14:40:10] [心跳] IDLE Y345.16 反T:需涨4.31至Y349.47 | 正T:禁
[14:41:10] [心跳] IDLE Y345.33 反T:需涨4.14至Y349.47 | 正T:禁
[14:42:10] [心跳] IDLE Y345.75 反T:需涨3.72至Y349.47 | 正T:禁
[14:43:10] [心跳] IDLE Y345.70 反T:需涨3.77至Y349.47 | 正T:禁
[14:44:10] [心跳] IDLE Y345.77 反T:需涨3.70至Y349.47 | 正T:禁
[14:45:11] [心跳] IDLE Y345.98 反T:需涨3.49至Y349.47 | 正T:禁
[14:46:11] [心跳] IDLE Y345.74 反T:需涨3.73至Y349.47 | 正T:禁
[14:47:11] [心跳] IDLE Y345.30 反T:需涨4.17至Y349.47 | 正T:禁
[14:48:11] [心跳] IDLE Y345.19 反T:需涨4.28至Y349.47 | 正T:禁
[14:49:11] [心跳] IDLE Y345.66 反T:需涨3.81至Y349.47 | 正T:禁
[14:50:11] [心跳] IDLE Y345.56 反T:需涨3.91至Y349.47 | 正T:禁
[14:51:11] [心跳] IDLE Y345.22 反T:需涨4.25至Y349.47 | 正T:禁
[14:52:11] [心跳] IDLE Y344.90 反T:需涨4.57至Y349.47 | 正T:禁
[14:53:11] [心跳] IDLE Y344.97 反T:需涨4.50至Y349.47 | 正T:禁
[14:54:00] [账号状态] 8890145315 STOCK: 等待登录
[14:54:11] [心跳] IDLE Y345.33 反T:需涨4.14至Y349.47 | 正T:禁
[14:54:17] [账号状态] 8890145315 STOCK: 正常
[14:55:11] [心跳] IDLE Y345.30 反T:需涨4.17至Y349.47 | 正T:禁
[14:56:11] [心跳] IDLE Y345.54 反T:需涨3.93至Y349.47 | 正T:禁
[14:57:11] [心跳] IDLE Y345.71 反T:需涨3.76至Y349.47 | 正T:禁
[14:58:12] [心跳] IDLE Y345.71 反T:需涨3.76至Y349.47 | 正T:禁
[14:59:12] [心跳] IDLE Y345.71 反T:需涨3.76至Y349.47 | 正T:禁
[15:04:21] [收盘15:04:21]
[15:09:21] [收盘15:09:21]
[15:14:21] [收盘15:14:21]
[15:19:21] [收盘15:19:21]
[15:24:21] [收盘15:24:21]
[15:29:21] [收盘15:29:21]
[15:34:21] [收盘15:34:21]
[15:39:21] [收盘15:39:21]
[15:44:21] [收盘15:44:21]
[15:49:21] [收盘15:49:21]
[15:54:21] [收盘15:54:21]
[15:59:21] [收盘15:59:21]
[16:04:21] [收盘16:04:21]
[16:09:21] [收盘16:09:21]
[16:14:21] [收盘16:14:21]
[16:19:21] [收盘16:19:21]
[16:24:21] [收盘16:24:21]
[16:29:21] [收盘16:29:21]
[16:34:21] [收盘16:34:21]
[16:39:21] [收盘16:39:21]
[16:44:21] [收盘16:44:21]
[16:49:21] [收盘16:49:21]
[16:54:21] [收盘16:54:21]
[16:59:21] [收盘16:59:21]
[17:04:21] [收盘17:04:21]
[17:09:21] [收盘17:09:21]
[17:14:21] [收盘17:14:21]
[17:19:21] [收盘17:19:21]
[17:24:21] [收盘17:24:21]
[17:29:21] [收盘17:29:21]
[17:34:21] [收盘17:34:21]
[17:39:21] [收盘17:39:21]
[17:44:21] [收盘17:44:21]
[17:49:21] [收盘17:49:21]
[17:54:21] [收盘17:54:21]
[17:59:21] [收盘17:59:21]
[18:04:21] [收盘18:04:21]
[18:09:21] [收盘18:09:21]
[18:14:21] [收盘18:14:21]
[18:19:21] [收盘18:19:21]
[18:24:21] [收盘18:24:21]
[18:29:21] [收盘18:29:21]
[18:34:21] [收盘18:34:21]
[18:39:21] [收盘18:39:21]
[18:43:35] [账号状态] 8890145315 STOCK: 等待登录
[18:43:51] [账号状态] 8890145315 STOCK: 正常
[18:44:22] [收盘18:44:22]
[18:46:51] [账号状态] 8890145315 STOCK: 等待登录
[18:50:21] [收盘18:50:21]
[18:50:24] [账号状态] 8890145315 STOCK: 正常
[18:53:51] [账号状态] 8890145315 STOCK: 等待登录
[18:54:08] [账号状态] 8890145315 STOCK: 正常
[18:55:24] [收盘18:55:24]
[18:57:24] [账号状态] 8890145315 STOCK: 等待登录
[18:57:39] [账号状态] 8890145315 STOCK: 正常
[19:00:57] [收盘19:00:57]
[19:01:01] [账号状态] 8890145315 STOCK: 等待登录
[19:01:16] [账号状态] 8890145315 STOCK: 正常
[19:04:29] [账号状态] 8890145315 STOCK: 等待登录
[19:04:44] [账号状态] 8890145315 STOCK: 正常
[19:05:58] [收盘19:05:58]
[19:07:59] [账号状态] 8890145315 STOCK: 等待登录
[19:08:14] [账号状态] 8890145315 STOCK: 正常
[19:11:26] [收盘19:11:26]
[19:11:30] [账号状态] 8890145315 STOCK: 等待登录
[19:11:46] [账号状态] 8890145315 STOCK: 正常
[19:14:56] [账号状态] 8890145315 STOCK: 等待登录
[19:15:12] [账号状态] 8890145315 STOCK: 正常
[19:16:29] [收盘19:16:29]
[19:18:30] [账号状态] 8890145315 STOCK: 等待登录
[19:18:45] [账号状态] 8890145315 STOCK: 正常
[19:22:00] [收盘19:22:00]
[19:22:01] [账号状态] 8890145315 STOCK: 等待登录
[19:22:16] [账号状态] 8890145315 STOCK: 正常
[19:25:32] [账号状态] 8890145315 STOCK: 等待登录
[19:25:47] [账号状态] 8890145315 STOCK: 正常
[19:27:10] [收盘19:27:10]
[19:29:02] [账号状态] 8890145315 STOCK: 等待登录
[19:29:17] [账号状态] 8890145315 STOCK: 正常
[19:32:34] [收盘19:32:34]
[19:32:36] [账号状态] 8890145315 STOCK: 等待登录
[19:32:52] [账号状态] 8890145315 STOCK: 正常
[19:36:29] [账号状态] 8890145315 STOCK: 等待登录
[19:36:45] [账号状态] 8890145315 STOCK: 正常
[19:37:43] [收盘19:37:43]
[19:39:35] [账号状态] 8890145315 STOCK: 等待登录
[19:39:50] [账号状态] 8890145315 STOCK: 正常
[19:43:05] [账号状态] 8890145315 STOCK: 等待登录
[19:43:06] [收盘19:43:06]
[19:43:23] [账号状态] 8890145315 STOCK: 正常
[19:46:38] [账号状态] 8890145315 STOCK: 等待登录
[19:46:54] [账号状态] 8890145315 STOCK: 正常
[19:48:08] [收盘19:48:08]
[19:50:11] [账号状态] 8890145315 STOCK: 等待登录
[19:50:27] [账号状态] 8890145315 STOCK: 正常
[19:53:38] [收盘19:53:38]
[19:53:41] [账号状态] 8890145315 STOCK: 等待登录
[19:53:59] [账号状态] 8890145315 STOCK: 正常
[19:57:12] [账号状态] 8890145315 STOCK: 等待登录
[19:57:28] [账号状态] 8890145315 STOCK: 正常
[19:58:48] [收盘19:58:48]
[20:03:48] [收盘20:03:48]
[20:08:48] [收盘20:08:48]
[20:13:48] [收盘20:13:48]
[20:15:12] [账号状态] 8890145315 STOCK: 等待登录
[20:18:48] [收盘20:18:48]
[20:20:38] [账号状态] 8890145315 STOCK: 未知(2)
[20:20:38] [账号状态] 8890145315 STOCK: 初始化中
[20:20:43] [账号状态] 8890145315 STOCK: 正常
[20:23:48] [收盘20:23:48]
[20:28:48] [收盘20:28:48]
[20:33:48] [收盘20:33:48]
[20:38:48] [收盘20:38:48]
[20:43:48] [收盘20:43:48]
[20:48:48] [收盘20:48:48]
[20:53:48] [收盘20:53:48]
[20:58:48] [收盘20:58:48]
[21:03:48] [收盘21:03:48]
[21:08:48] [收盘21:08:48]
[21:13:48] [收盘21:13:48]
[21:18:48] [收盘21:18:48]
[21:23:48] [收盘21:23:48]
[21:28:48] [收盘21:28:48]
[21:33:48] [收盘21:33:48]
[21:38:48] [收盘21:38:48]
[21:43:48] [收盘21:43:48]
[21:48:48] [收盘21:48:48]
[21:53:48] [收盘21:53:48]
[21:58:48] [收盘21:58:48]
[22:03:48] [收盘22:03:48]
[22:08:48] [收盘22:08:48]
[22:13:48] [收盘22:13:48]
[22:18:48] [收盘22:18:48]
[22:23:48] [收盘22:23:48]
[22:28:48] [收盘22:28:48]
[22:33:48] [收盘22:33:48]
[22:38:48] [收盘22:38:48]
[22:43:48] [收盘22:43:48]
[22:48:48] [收盘22:48:48]
[22:53:48] [收盘22:53:48]
[22:58:48] [收盘22:58:48]
[23:03:49] [收盘23:03:49]
[23:08:49] [收盘23:08:49]
[23:13:49] [收盘23:13:49]
[23:18:49] [收盘23:18:49]
[23:23:49] [收盘23:23:49]
[23:28:49] [收盘23:28:49]
[23:33:49] [收盘23:33:49]
[23:38:49] [收盘23:38:49]
[23:43:49] [收盘23:43:49]
[23:48:49] [收盘23:48:49]
[23:53:49] [收盘23:53:49]
[23:58:49] [收盘23:58:49]
[00:00:09] [信号] 熊市 开盘Y342.00 ATR10.9% RSI42 量比1.00 乘数0.20 触发Y349.47 
[00:00:09] [因子] 趋势-0.15 波动率-0.11 成交量+0.00 RSI+0.03
[00:00:09] [账户] 持仓:200股 Y69,158(67%) | 可用:Y33,435 | T+0:2手(200股)
[00:00:09] [反T] ✅ 2手 触发Y349.47 买回=卖价×(1-ATR%×0.15) 紧急+3%
[00:00:09] [正T] ❌ 资金不足  1手≈Y34,579
[00:00:09] [累计] 1笔 毛利~Y631
[00:03:49] [等待00:03:49] 距开盘9时26分
[00:08:49] [等待00:08:49] 距开盘9时21分
[00:13:49] [等待00:13:49] 距开盘9时16分
[00:18:49] [等待00:18:49] 距开盘9时11分
[00:23:49] [等待00:23:49] 距开盘9时6分
[00:28:49] [等待00:28:49] 距开盘9时1分
[00:33:49] [等待00:33:49] 距开盘8时56分
[00:38:49] [等待00:38:49] 距开盘8时51分
[00:43:49] [等待00:43:49] 距开盘8时46分
[00:48:47] [账号状态] 8890145315 STOCK: 等待登录
[00:48:59] [等待00:48:59] 距开盘8时41分
[00:49:03] [账号状态] 8890145315 STOCK: 未知(2)
[00:49:03] [账号状态] 8890145315 STOCK: 初始化中
[00:49:03] [账号状态] 8890145315 STOCK: 正常
[00:52:06] [账号状态] 8890145315 STOCK: 等待登录
[00:54:00] [等待00:54:00] 距开盘8时36分
[00:59:10] [等待00:59:10] 距开盘8时30分
[01:00:05] [账号状态] 8890145315 STOCK: 正常
[01:02:34] [账号状态] 8890145315 STOCK: 等待登录
[01:02:49] [账号状态] 8890145315 STOCK: 正常
[01:04:12] [等待01:04:12] 距开盘8时25分
[01:06:13] [账号状态] 8890145315 STOCK: 等待登录
[01:06:28] [账号状态] 8890145315 STOCK: 正常
[01:09:39] [账号状态] 8890145315 STOCK: 等待登录
[01:09:43] [等待01:09:43] 距开盘8时20分
[01:09:54] [账号状态] 8890145315 STOCK: 未知(2)
[01:09:54] [账号状态] 8890145315 STOCK: 初始化中
[01:09:54] [账号状态] 8890145315 STOCK: 正常
[01:13:22] [账号状态] 8890145315 STOCK: 等待登录
[01:14:53] [等待01:14:53] 距开盘8时15分
[01:20:06] [等待01:20:06] 距开盘8时9分
[01:25:15] [等待01:25:15] 距开盘8时4分
[01:30:44] [账号状态] 8890145315 STOCK: 正常
[01:30:47] [等待01:30:47] 距开盘7时59分
[01:34:47] [账号状态] 8890145315 STOCK: 等待登录
[01:35:02] [账号状态] 8890145315 STOCK: 正常
[01:35:48] [等待01:35:48] 距开盘7时54分
[01:38:15] [账号状态] 8890145315 STOCK: 等待登录
[01:41:51] [等待01:41:51] 距开盘7时48分
[01:45:22] [账号状态] 8890145315 STOCK: 正常
[01:46:52] [等待01:46:52] 距开盘7时43分
[01:48:49] [账号状态] 8890145315 STOCK: 等待登录
[01:52:23] [等待01:52:23] 距开盘7时37分
[01:53:01] [账号状态] 8890145315 STOCK: 正常
[01:56:17] [账号状态] 8890145315 STOCK: 等待登录
[01:57:26] [等待01:57:26] 距开盘7时32分
[01:59:28] [账号状态] 8890145315 STOCK: 正常
[02:02:56] [等待02:02:56] 距开盘7时27分
[02:03:00] [账号状态] 8890145315 STOCK: 等待登录
[02:07:59] [等待02:07:59] 距开盘7时22分
[02:13:30] [等待02:13:30] 距开盘7时16分
[02:18:35] [账号状态] 8890145315 STOCK: 正常
[02:18:40] [等待02:18:40] 距开盘7时11分
[02:20:33] [账号状态] 8890145315 STOCK: 等待登录
[02:24:04] [等待02:24:04] 距开盘7时5分
[02:29:06] [等待02:29:06] 距开盘7时0分
[02:34:36] [等待02:34:36] 距开盘6时55分
[02:34:41] [账号状态] 8890145315 STOCK: 正常
[02:38:10] [账号状态] 8890145315 STOCK: 等待登录
[02:39:39] [等待02:39:39] 距开盘6时50分
[02:42:05] [账号状态] 8890145315 STOCK: 正常
[02:45:11] [等待02:45:11] 距开盘6时44分
[02:45:12] [账号状态] 8890145315 STOCK: 等待登录
[02:45:28] [账号状态] 8890145315 STOCK: 正常
[02:48:42] [账号状态] 8890145315 STOCK: 等待登录
[02:48:58] [账号状态] 8890145315 STOCK: 正常
[02:50:21] [等待02:50:21] 距开盘6时39分
[02:52:13] [账号状态] 8890145315 STOCK: 等待登录
[02:52:28] [账号状态] 8890145315 STOCK: 正常
[02:55:42] [账号状态] 8890145315 STOCK: 等待登录
[02:55:42] [等待02:55:42] 距开盘6时34分
[02:55:57] [账号状态] 8890145315 STOCK: 正常
[02:57:34] [账号状态] 8890145315 STOCK: 等待登录
[02:58:05] [账号状态] 8890145315 STOCK: 正常
[02:59:13] [账号状态] 8890145315 STOCK: 等待登录
[02:59:29] [账号状态] 8890145315 STOCK: 正常
[03:00:43] [等待03:00:43] 距开盘6时29分
[03:02:46] [账号状态] 8890145315 STOCK: 等待登录
[03:03:01] [账号状态] 8890145315 STOCK: 正常
[03:06:15] [等待03:06:15] 距开盘6时23分
[03:06:18] [账号状态] 8890145315 STOCK: 等待登录
[03:06:33] [账号状态] 8890145315 STOCK: 正常
[03:09:47] [账号状态] 8890145315 STOCK: 等待登录
[03:10:03] [账号状态] 8890145315 STOCK: 正常
[03:11:22] [等待03:11:22] 距开盘6时18分
[03:13:15] [账号状态] 8890145315 STOCK: 等待登录
[03:13:31] [账号状态] 8890145315 STOCK: 正常
[03:16:47] [账号状态] 8890145315 STOCK: 等待登录
[03:16:47] [等待03:16:47] 距开盘6时13分
[03:17:02] [账号状态] 8890145315 STOCK: 正常
[03:20:19] [账号状态] 8890145315 STOCK: 等待登录
[03:20:34] [账号状态] 8890145315 STOCK: 正常
[03:21:57] [等待03:21:57] 距开盘6时8分
[03:23:52] [账号状态] 8890145315 STOCK: 等待登录
[03:24:08] [账号状态] 8890145315 STOCK: 正常
[03:27:23] [账号状态] 8890145315 STOCK: 等待登录
[03:27:28] [等待03:27:28] 距开盘6时2分
[03:27:39] [账号状态] 8890145315 STOCK: 正常
[03:30:52] [账号状态] 8890145315 STOCK: 等待登录
[03:31:08] [账号状态] 8890145315 STOCK: 正常
[03:32:31] [等待03:32:31] 距开盘5时57分
[03:34:24] [账号状态] 8890145315 STOCK: 等待登录
[03:34:40] [账号状态] 8890145315 STOCK: 正常
[03:37:52] [等待03:37:52] 距开盘5时52分
[03:37:57] [账号状态] 8890145315 STOCK: 等待登录
[03:38:12] [账号状态] 8890145315 STOCK: 正常
[03:41:30] [账号状态] 8890145315 STOCK: 等待登录
[03:42:53] [等待03:42:53] 距开盘5时47分
[03:45:21] [账号状态] 8890145315 STOCK: 正常
