============================================================
  日志文件创建: 2026-09-03 09:49:50
  策略版本: v41 (for MiniQMT Evn)
  标的: 601869
============================================================
[09:49:52] [连接] MiniQMT 行情服务已连接
[09:49:52] [账号状态] 8890145315 未知(STOCK): 正常
[09:49:53] [交易] 已订阅账号 8890145315
[09:49:53] [START] 长飞光纤 v40 LIVE 601869.SH
[09:49:54] [DailyData] excluded incomplete current-day bar 20260903
[09:49:55] [DailyData WARN] tick lastClose 400.03 is one trading day stale; using verified raw close 407.80
[09:49:55] [DATA-HEALTH] last_complete=20260902 expected=20260902 raw_close=407.80 tick_lastClose=400.03 count=79 aligned=True status=OK
[09:49:55] [DATA-FALLBACK] confirmed one-day stale tick lastClose 400.03 -> verified raw close 407.80
[09:49:55] [DailyData] excluded incomplete current-day bar 20260903
[09:49:56] [DATA-HEALTH] last_complete=20260902 expected=20260902 raw_close=407.80 tick_lastClose=407.80 count=79 aligned=True status=OK
[09:49:56] [DATA-DBG] last_complete=20260902 hist_open[-3:]=[405.0, 412.38, 392.59] | tick_open=412.0 | lastClose=407.8 | signal_open=412.0
[09:49:56] [VOLUME-DATA] complete_count=79 tail=[135222.0, 108797.0, 125787.0]
[09:49:58] [DailyData] excluded incomplete current-day bar 20260903
[09:49:58] [DailyData WARN] tick lastClose 400.03 is one trading day stale; using verified raw close 407.80
[09:49:58] [DATA-HEALTH] last_complete=20260902 expected=20260902 raw_close=407.80 tick_lastClose=400.03 count=79 aligned=True status=OK
[09:49:58] [SIGNAL] WEAK-BULL | Open Y412.00 | ATR 7.0% | RSI 67 | Vol_ratio 0.86 | Mult 0.57 | Trig Y421.92 
[09:49:58] [VOLUME] last 125787 / prev20_avg 146909 | n=20 | VALID
[09:49:58] [FACTOR] trend +0.12 |  volatility -0.12 |  volume +0.00 |  RSI -0.08 | 
[09:49:58] [ACCOUNT] Position:200 sh Y80,000(99%) | Cash:Y455 | Sellable:2 lots(200 sh)
[09:49:58] [REV-T] ENABLED 2 lots trig Y421.92 buyback=sell×(1-ATR%×0.15) emerg +3% / emergTrigFalse
[09:49:58] [FWD-T] BLOCKED insufficient cash for 1 lot  1 lot≈Y40,000
[09:49:58] [MOM] 2minutes±3.6×ATR in 10 minutes(1.0%~6.0%) 反T买回-1.5% 正T卖回+1.8% MOM_LOT_SIZE(100sh) 上限3次 紧急买回关
[09:49:58] [MOM-CAPACITY] short ON | long OFF insufficient cash for 1 lot
[09:49:58] [MOM-v40] REV让权开 band 1.20% (仅低于REV阈值) | 自适应回撤开 0.35~0.60% ATR×0.50
[09:49:59] [MA-POS] price Y400.00 | MA5 Y409.75: BELOW -2.38% | MA20 Y375.88: ABOVE +6.42%
[09:49:59] [OPEN] [Y400.00] [REV-T needs +5.48% to Y421.92] [FWD-T needs -0.09% to Y399.64]
[09:49:59] [HB] IDLE Y400.00 REV-T: needs +Y21.92 to Y421.92 | FWD-T: off (insufficient cash for 1 lot)
[09:50:59] [HB] IDLE Y398.68 REV-T: needs +Y23.24 to Y421.92 | FWD-T: off (insufficient cash for 1 lot)
[09:52:00] [HB] IDLE Y396.25 REV-T: needs +Y25.67 to Y421.92 | FWD-T: off (insufficient cash for 1 lot)
[09:52:10] [MOM BLOCKED] MOM long: insufficient cash for 1 lot
[09:53:00] [HB] IDLE Y395.57 REV-T: needs +Y26.35 to Y421.92 | FWD-T: off (insufficient cash for 1 lot)
[09:54:01] [HB] IDLE Y394.44 REV-T: needs +Y27.48 to Y421.92 | FWD-T: off (insufficient cash for 1 lot)
[09:55:01] [HB] IDLE Y393.58 REV-T: needs +Y28.34 to Y421.92 | FWD-T: off (insufficient cash for 1 lot)
[09:56:02] [HB] IDLE Y394.20 REV-T: needs +Y27.72 to Y421.92 | FWD-T: off (insufficient cash for 1 lot)
[09:57:02] [HB] IDLE Y392.01 REV-T: needs +Y29.91 to Y421.92 | FWD-T: off (insufficient cash for 1 lot)
[09:58:03] [HB] IDLE Y391.58 REV-T: needs +Y30.34 to Y421.92 | FWD-T: off (insufficient cash for 1 lot)
[09:59:03] [HB] IDLE Y392.91 REV-T: needs +Y29.01 to Y421.92 | FWD-T: off (insufficient cash for 1 lot)
[09:59:59] [MA-POS] price Y393.39 | MA5 Y408.43: BELOW -3.68% | MA20 Y375.54: ABOVE +4.75%
[10:00:04] [HB] IDLE Y393.07 REV-T: needs +Y28.85 to Y421.92 | FWD-T: off (insufficient cash for 1 lot)
[10:01:04] [HB] IDLE Y390.07 REV-T: needs +Y31.85 to Y421.92 | FWD-T: off (insufficient cash for 1 lot)
[10:02:04] [HB] IDLE Y390.02 REV-T: needs +Y31.90 to Y421.92 | FWD-T: off (insufficient cash for 1 lot)
[10:03:04] [HB] IDLE Y390.93 REV-T: needs +Y30.99 to Y421.92 | FWD-T: off (insufficient cash for 1 lot)
[10:04:05] [HB] IDLE Y390.80 REV-T: needs +Y31.12 to Y421.92 | FWD-T: off (insufficient cash for 1 lot)
[10:05:06] [HB] IDLE Y391.12 REV-T: needs +Y30.80 to Y421.92 | FWD-T: off (insufficient cash for 1 lot)
[10:06:06] [HB] IDLE Y394.30 REV-T: needs +Y27.62 to Y421.92 | FWD-T: off (insufficient cash for 1 lot)
[10:06:13] [MOM spike] 2min +1.00% (3.6×ATR10m 1.00%) Y394.97 → 冲高回落卖出监测 | pullback 0.35% adaptive
[10:06:14] [MOM-HB] 冲高回落卖出: peak Y394.97 Y394.97 trig±1.00%
[10:07:06] [HB] IDLE Y395.00 REV-T: needs +Y26.92 to Y421.92 | FWD-T: off (insufficient cash for 1 lot)
[10:07:15] [MOM-HB] 冲高回落卖出: peak Y396.00 Y395.52 trig±1.00%
[10:07:46] [MOM sell trig] peak Y396.00 回落0.35% >= 0.35% → Y394.61
[10:07:47] [ORDER-MOM short] Y394.61 × 100 sh
[10:07:47]   >>> 下单卖出: PEER x 100股 601869.SH [COMPETE]
[10:07:51] [下单异常] Big QMT order_stock server_error: passorder submitted but order not found in system (stock=601869.SH action=SELL price=0.00 volume=100, 16 lookup(s)). QMT may have silently rejected it (check price range / permissions).
[10:08:19] [FILL-MOM short(TIMEOUT)] Y394.61 × 100 sh | pos 200→200 | cash +0
[10:08:19] [VERIFY] MOM short(TIMEOUT): status PENDING | exp -100 act +0 | cashΔ +0
[10:08:19] [MOM short TIMEOUT] 未成交, 回 IDLE
[10:08:20] [HB] IDLE Y393.50 REV-T: needs +Y28.42 to Y421.92 | FWD-T: off (insufficient cash for 1 lot)
[10:09:21] [HB] IDLE Y394.01 REV-T: needs +Y27.91 to Y421.92 | FWD-T: off (insufficient cash for 1 lot)
[10:10:00] [MA-POS] price Y393.76 | MA5 Y408.50: BELOW -3.61% | MA20 Y375.56: ABOVE +4.85%
[10:10:22] [HB] IDLE Y393.73 REV-T: needs +Y28.19 to Y421.92 | FWD-T: off (insufficient cash for 1 lot)
[10:11:22] [HB] IDLE Y394.50 REV-T: needs +Y27.42 to Y421.92 | FWD-T: off (insufficient cash for 1 lot)
[10:12:23] [HB] IDLE Y394.37 REV-T: needs +Y27.55 to Y421.92 | FWD-T: off (insufficient cash for 1 lot)
[10:13:24] [HB] IDLE Y392.08 REV-T: needs +Y29.84 to Y421.92 | FWD-T: off (insufficient cash for 1 lot)
[10:14:25] [HB] IDLE Y391.75 REV-T: needs +Y30.17 to Y421.92 | FWD-T: off (insufficient cash for 1 lot)
[10:15:25] [HB] IDLE Y391.17 REV-T: needs +Y30.75 to Y421.92 | FWD-T: off (insufficient cash for 1 lot)
[10:16:25] [HB] IDLE Y390.60 REV-T: needs +Y31.32 to Y421.92 | FWD-T: off (insufficient cash for 1 lot)
[10:17:25] [HB] IDLE Y391.18 REV-T: needs +Y30.74 to Y421.92 | FWD-T: off (insufficient cash for 1 lot)
[10:18:25] [HB] IDLE Y391.50 REV-T: needs +Y30.42 to Y421.92 | FWD-T: off (insufficient cash for 1 lot)
[10:19:26] [HB] IDLE Y390.70 REV-T: needs +Y31.22 to Y421.92 | FWD-T: off (insufficient cash for 1 lot)
[10:20:00] [MA-POS] price Y390.57 | MA5 Y407.87: BELOW -4.24% | MA20 Y375.40: ABOVE +4.04%
[10:20:26] [HB] IDLE Y390.57 REV-T: needs +Y31.35 to Y421.92 | FWD-T: off (insufficient cash for 1 lot)
[10:21:26] [HB] IDLE Y391.80 REV-T: needs +Y30.12 to Y421.92 | FWD-T: off (insufficient cash for 1 lot)
[10:22:27] [HB] IDLE Y391.81 REV-T: needs +Y30.11 to Y421.92 | FWD-T: off (insufficient cash for 1 lot)
[10:23:27] [HB] IDLE Y392.67 REV-T: needs +Y29.25 to Y421.92 | FWD-T: off (insufficient cash for 1 lot)
[10:24:27] [HB] IDLE Y391.67 REV-T: needs +Y30.25 to Y421.92 | FWD-T: off (insufficient cash for 1 lot)
[10:25:28] [HB] IDLE Y391.06 REV-T: needs +Y30.86 to Y421.92 | FWD-T: off (insufficient cash for 1 lot)
[10:26:28] [HB] IDLE Y391.09 REV-T: needs +Y30.83 to Y421.92 | FWD-T: off (insufficient cash for 1 lot)
[10:27:28] [HB] IDLE Y391.49 REV-T: needs +Y30.43 to Y421.92 | FWD-T: off (insufficient cash for 1 lot)
[10:28:29] [HB] IDLE Y391.99 REV-T: needs +Y29.93 to Y421.92 | FWD-T: off (insufficient cash for 1 lot)
[10:29:29] [HB] IDLE Y391.18 REV-T: needs +Y30.74 to Y421.92 | FWD-T: off (insufficient cash for 1 lot)
[10:30:01] [MA-POS] price Y391.18 | MA5 Y407.99: BELOW -4.12% | MA20 Y375.43: ABOVE +4.19%
[10:30:30] [HB] IDLE Y391.74 REV-T: needs +Y30.18 to Y421.92 | FWD-T: off (insufficient cash for 1 lot)
[10:31:30] [HB] IDLE Y392.64 REV-T: needs +Y29.28 to Y421.92 | FWD-T: off (insufficient cash for 1 lot)
[10:32:31] [HB] IDLE Y392.56 REV-T: needs +Y29.36 to Y421.92 | FWD-T: off (insufficient cash for 1 lot)
[10:33:32] [HB] IDLE Y392.62 REV-T: needs +Y29.30 to Y421.92 | FWD-T: off (insufficient cash for 1 lot)
[10:34:32] [HB] IDLE Y392.63 REV-T: needs +Y29.29 to Y421.92 | FWD-T: off (insufficient cash for 1 lot)
[10:35:33] [HB] IDLE Y393.51 REV-T: needs +Y28.41 to Y421.92 | FWD-T: off (insufficient cash for 1 lot)
[10:36:33] [HB] IDLE Y394.34 REV-T: needs +Y27.58 to Y421.92 | FWD-T: off (insufficient cash for 1 lot)
[10:37:33] [HB] IDLE Y393.19 REV-T: needs +Y28.73 to Y421.92 | FWD-T: off (insufficient cash for 1 lot)
[10:38:34] [HB] IDLE Y391.93 REV-T: needs +Y29.99 to Y421.92 | FWD-T: off (insufficient cash for 1 lot)
[10:39:34] [HB] IDLE Y391.28 REV-T: needs +Y30.64 to Y421.92 | FWD-T: off (insufficient cash for 1 lot)
[10:40:02] [MA-POS] price Y391.63 | MA5 Y408.08: BELOW -4.03% | MA20 Y375.46: ABOVE +4.31%
[10:40:34] [HB] IDLE Y391.59 REV-T: needs +Y30.33 to Y421.92 | FWD-T: off (insufficient cash for 1 lot)
[10:41:35] [HB] IDLE Y391.07 REV-T: needs +Y30.85 to Y421.92 | FWD-T: off (insufficient cash for 1 lot)
[10:42:36] [HB] IDLE Y391.02 REV-T: needs +Y30.90 to Y421.92 | FWD-T: off (insufficient cash for 1 lot)
[10:43:37] [HB] IDLE Y391.51 REV-T: needs +Y30.41 to Y421.92 | FWD-T: off (insufficient cash for 1 lot)
[10:44:38] [HB] IDLE Y390.64 REV-T: needs +Y31.28 to Y421.92 | FWD-T: off (insufficient cash for 1 lot)
[10:45:38] [HB] IDLE Y390.08 REV-T: needs +Y31.84 to Y421.92 | FWD-T: off (insufficient cash for 1 lot)
[10:46:38] [HB] IDLE Y387.70 REV-T: needs +Y34.22 to Y421.92 | FWD-T: off (insufficient cash for 1 lot)
[10:47:39] [HB] IDLE Y387.95 REV-T: needs +Y33.97 to Y421.92 | FWD-T: off (insufficient cash for 1 lot)
[10:48:39] [HB] IDLE Y386.40 REV-T: needs +Y35.52 to Y421.92 | FWD-T: off (insufficient cash for 1 lot)
[10:49:40] [HB] IDLE Y387.07 REV-T: needs +Y34.85 to Y421.92 | FWD-T: off (insufficient cash for 1 lot)
[10:50:02] [MA-POS] price Y388.00 | MA5 Y407.35: BELOW -4.75% | MA20 Y375.27: ABOVE +3.39%
[10:50:41] [HB] IDLE Y387.99 REV-T: needs +Y33.93 to Y421.92 | FWD-T: off (insufficient cash for 1 lot)
[10:51:41] [HB] IDLE Y386.55 REV-T: needs +Y35.37 to Y421.92 | FWD-T: off (insufficient cash for 1 lot)
[10:52:42] [HB] IDLE Y386.50 REV-T: needs +Y35.42 to Y421.92 | FWD-T: off (insufficient cash for 1 lot)
[10:53:42] [HB] IDLE Y386.95 REV-T: needs +Y34.97 to Y421.92 | FWD-T: off (insufficient cash for 1 lot)
[10:54:43] [HB] IDLE Y387.40 REV-T: needs +Y34.52 to Y421.92 | FWD-T: off (insufficient cash for 1 lot)
[10:55:44] [HB] IDLE Y388.03 REV-T: needs +Y33.89 to Y421.92 | FWD-T: off (insufficient cash for 1 lot)
[10:56:44] [HB] IDLE Y387.63 REV-T: needs +Y34.29 to Y421.92 | FWD-T: off (insufficient cash for 1 lot)
[10:57:44] [HB] IDLE Y387.23 REV-T: needs +Y34.69 to Y421.92 | FWD-T: off (insufficient cash for 1 lot)
[10:58:44] [HB] IDLE Y387.01 REV-T: needs +Y34.91 to Y421.92 | FWD-T: off (insufficient cash for 1 lot)
[10:59:44] [HB] IDLE Y387.43 REV-T: needs +Y34.49 to Y421.92 | FWD-T: off (insufficient cash for 1 lot)
[11:00:02] [MA-POS] price Y387.49 | MA5 Y407.25: BELOW -4.85% | MA20 Y375.25: ABOVE +3.26%
[11:00:46] [HB] IDLE Y389.10 REV-T: needs +Y32.82 to Y421.92 | FWD-T: off (insufficient cash for 1 lot)
[11:01:46] [HB] IDLE Y388.56 REV-T: needs +Y33.36 to Y421.92 | FWD-T: off (insufficient cash for 1 lot)
[11:02:46] [HB] IDLE Y389.99 REV-T: needs +Y31.93 to Y421.92 | FWD-T: off (insufficient cash for 1 lot)
[11:03:47] [HB] IDLE Y389.09 REV-T: needs +Y32.83 to Y421.92 | FWD-T: off (insufficient cash for 1 lot)
[11:04:48] [HB] IDLE Y391.42 REV-T: needs +Y30.50 to Y421.92 | FWD-T: off (insufficient cash for 1 lot)
[11:05:48] [HB] IDLE Y390.44 REV-T: needs +Y31.48 to Y421.92 | FWD-T: off (insufficient cash for 1 lot)
[11:06:49] [HB] IDLE Y391.48 REV-T: needs +Y30.44 to Y421.92 | FWD-T: off (insufficient cash for 1 lot)
[11:07:49] [HB] IDLE Y390.69 REV-T: needs +Y31.23 to Y421.92 | FWD-T: off (insufficient cash for 1 lot)
[11:08:50] [HB] IDLE Y391.54 REV-T: needs +Y30.38 to Y421.92 | FWD-T: off (insufficient cash for 1 lot)
[11:09:51] [HB] IDLE Y393.00 REV-T: needs +Y28.92 to Y421.92 | FWD-T: off (insufficient cash for 1 lot)
[11:10:02] [MA-POS] price Y393.14 | MA5 Y408.38: BELOW -3.73% | MA20 Y375.53: ABOVE +4.69%
[11:10:52] [HB] IDLE Y394.40 REV-T: needs +Y27.52 to Y421.92 | FWD-T: off (insufficient cash for 1 lot)
[11:11:52] [HB] IDLE Y394.50 REV-T: needs +Y27.42 to Y421.92 | FWD-T: off (insufficient cash for 1 lot)
[11:12:53] [HB] IDLE Y393.03 REV-T: needs +Y28.89 to Y421.92 | FWD-T: off (insufficient cash for 1 lot)
[11:13:53] [HB] IDLE Y392.80 REV-T: needs +Y29.12 to Y421.92 | FWD-T: off (insufficient cash for 1 lot)
[11:14:54] [HB] IDLE Y394.29 REV-T: needs +Y27.63 to Y421.92 | FWD-T: off (insufficient cash for 1 lot)
[11:15:54] [HB] IDLE Y395.39 REV-T: needs +Y26.53 to Y421.92 | FWD-T: off (insufficient cash for 1 lot)
[11:16:54] [HB] IDLE Y396.87 REV-T: needs +Y25.05 to Y421.92 | FWD-T: off (insufficient cash for 1 lot)
[11:17:54] [HB] IDLE Y396.39 REV-T: needs +Y25.53 to Y421.92 | FWD-T: off (insufficient cash for 1 lot)
[11:18:55] [HB] IDLE Y395.98 REV-T: needs +Y25.94 to Y421.92 | FWD-T: off (insufficient cash for 1 lot)
[11:19:55] [HB] IDLE Y398.87 REV-T: needs +Y23.05 to Y421.92 | FWD-T: off (insufficient cash for 1 lot)
[11:20:02] [MA-POS] price Y399.00 | MA5 Y409.55: BELOW -2.58% | MA20 Y375.82: ABOVE +6.17%
[11:20:56] [HB] IDLE Y400.05 REV-T: needs +Y21.87 to Y421.92 | FWD-T: off (insufficient cash for 1 lot)
[11:21:05] [MOM spike] 2min +1.09% (3.6×ATR10m 1.09%) Y400.80 → 冲高回落卖出监测 | pullback 0.35% adaptive
[11:21:06] [MOM-HB] 冲高回落卖出: peak Y400.80 Y400.80 trig±1.09%
[11:21:57] [HB] IDLE Y400.16 REV-T: needs +Y21.76 to Y421.92 | FWD-T: off (insufficient cash for 1 lot)
[11:22:07] [MOM-HB] 冲高回落卖出: peak Y401.04 Y400.15 trig±1.05%
[11:22:57] [HB] IDLE Y399.84 REV-T: needs +Y22.08 to Y421.92 | FWD-T: off (insufficient cash for 1 lot)
[11:22:58] [MOM sell trig] peak Y401.04 回落0.45% >= 0.35% → Y399.23
[11:22:59] [ORDER-MOM short] Y399.23 × 100 sh
[11:22:59]   >>> 下单卖出: PEER x 100股 601869.SH [COMPETE]
[11:23:03] [下单异常] Big QMT order_stock server_error: passorder submitted but order not found in system (stock=601869.SH action=SELL price=0.00 volume=100, 16 lookup(s)). QMT may have silently rejected it (check price range / permissions).
[11:23:34] [FILL-MOM short(TIMEOUT)] Y399.23 × 100 sh | pos 200→200 | cash +0
[11:23:34] [VERIFY] MOM short(TIMEOUT): status PENDING | exp -100 act +0 | cashΔ +0
[11:23:34] [MOM short TIMEOUT] 未成交, 回 IDLE
[11:23:57] [HB] IDLE Y398.39 REV-T: needs +Y23.53 to Y421.92 | FWD-T: off (insufficient cash for 1 lot)
[11:24:58] [HB] IDLE Y400.85 REV-T: needs +Y21.07 to Y421.92 | FWD-T: off (insufficient cash for 1 lot)
[11:25:58] [HB] IDLE Y400.96 REV-T: needs +Y20.96 to Y421.92 | FWD-T: off (insufficient cash for 1 lot)
[11:26:58] [HB] IDLE Y400.11 REV-T: needs +Y21.81 to Y421.92 | FWD-T: off (insufficient cash for 1 lot)
[11:27:59] [HB] IDLE Y400.48 REV-T: needs +Y21.44 to Y421.92 | FWD-T: off (insufficient cash for 1 lot)
[11:28:59] [HB] IDLE Y399.17 REV-T: needs +Y22.75 to Y421.92 | FWD-T: off (insufficient cash for 1 lot)
[11:30:00] [HB] IDLE Y398.00 REV-T: needs +Y23.92 to Y421.92 | FWD-T: off (insufficient cash for 1 lot)
[11:35:01] [LUNCH 11:35:01]
[11:40:01] [LUNCH 11:40:01]
[11:45:01] [LUNCH 11:45:01]
[11:50:01] [LUNCH 11:50:01]
[11:55:01] [LUNCH 11:55:01]
[12:00:01] [LUNCH 12:00:01]
[12:05:01] [LUNCH 12:05:01]
[12:10:01] [LUNCH 12:10:01]
[12:15:09] [LUNCH 12:15:09]
[12:20:10] [LUNCH 12:20:10]
[12:25:42] [LUNCH 12:25:42]
[12:30:51] [LUNCH 12:30:51]
[12:36:13] [LUNCH 12:36:13]
[12:41:22] [LUNCH 12:41:22]
[12:46:41] [LUNCH 12:46:41]
[12:51:43] [LUNCH 12:51:43]
[12:57:15] [LUNCH 12:57:15]
[13:00:44] [MA-POS] price Y397.99 | MA5 Y409.35: BELOW -2.78% | MA20 Y375.77: ABOVE +5.91%
[13:00:44] [HB] IDLE Y397.99 REV-T: needs +Y23.93 to Y421.92 | FWD-T: off (insufficient cash for 1 lot)
[13:01:45] [HB] IDLE Y394.41 REV-T: needs +Y27.51 to Y421.92 | FWD-T: off (insufficient cash for 1 lot)
[13:02:46] [HB] IDLE Y395.35 REV-T: needs +Y26.57 to Y421.92 | FWD-T: off (insufficient cash for 1 lot)
[13:04:13] [HB] IDLE Y395.35 REV-T: needs +Y26.57 to Y421.92 | FWD-T: off (insufficient cash for 1 lot)
[13:05:14] [HB] IDLE Y395.22 REV-T: needs +Y26.70 to Y421.92 | FWD-T: off (insufficient cash for 1 lot)
[13:06:15] [HB] IDLE Y395.39 REV-T: needs +Y26.53 to Y421.92 | FWD-T: off (insufficient cash for 1 lot)
[13:07:46] [HB] IDLE Y395.39 REV-T: needs +Y26.53 to Y421.92 | FWD-T: off (insufficient cash for 1 lot)
[13:08:47] [HB] IDLE Y393.98 REV-T: needs +Y27.94 to Y421.92 | FWD-T: off (insufficient cash for 1 lot)
[13:09:47] [HB] IDLE Y394.50 REV-T: needs +Y27.42 to Y421.92 | FWD-T: off (insufficient cash for 1 lot)
[13:11:18] [MA-POS] price Y395.36 | MA5 Y408.82: BELOW -3.29% | MA20 Y375.64: ABOVE +5.25%
[13:11:18] [HB] IDLE Y395.36 REV-T: needs +Y26.56 to Y421.92 | FWD-T: off (insufficient cash for 1 lot)
[13:12:19] [HB] IDLE Y394.42 REV-T: needs +Y27.50 to Y421.92 | FWD-T: off (insufficient cash for 1 lot)
[13:13:19] [HB] IDLE Y393.27 REV-T: needs +Y28.65 to Y421.92 | FWD-T: off (insufficient cash for 1 lot)
[13:14:48] [HB] IDLE Y393.03 REV-T: needs +Y28.89 to Y421.92 | FWD-T: off (insufficient cash for 1 lot)
[13:15:49] [HB] IDLE Y393.53 REV-T: needs +Y28.39 to Y421.92 | FWD-T: off (insufficient cash for 1 lot)
[13:16:50] [HB] IDLE Y392.13 REV-T: needs +Y29.79 to Y421.92 | FWD-T: off (insufficient cash for 1 lot)
[13:18:17] [HB] IDLE Y391.94 REV-T: needs +Y29.98 to Y421.92 | FWD-T: off (insufficient cash for 1 lot)
[13:19:18] [HB] IDLE Y393.00 REV-T: needs +Y28.92 to Y421.92 | FWD-T: off (insufficient cash for 1 lot)
[13:20:18] [HB] IDLE Y392.22 REV-T: needs +Y29.70 to Y421.92 | FWD-T: off (insufficient cash for 1 lot)
[13:21:50] [MA-POS] price Y391.88 | MA5 Y408.13: BELOW -3.98% | MA20 Y375.47: ABOVE +4.37%
[13:21:51] [HB] IDLE Y391.88 REV-T: needs +Y30.04 to Y421.92 | FWD-T: off (insufficient cash for 1 lot)
[13:22:52] [HB] IDLE Y391.00 REV-T: needs +Y30.92 to Y421.92 | FWD-T: off (insufficient cash for 1 lot)
[13:23:53] [HB] IDLE Y390.57 REV-T: needs +Y31.35 to Y421.92 | FWD-T: off (insufficient cash for 1 lot)
[13:25:22] [HB] IDLE Y390.54 REV-T: needs +Y31.38 to Y421.92 | FWD-T: off (insufficient cash for 1 lot)
[13:26:23] [HB] IDLE Y391.50 REV-T: needs +Y30.42 to Y421.92 | FWD-T: off (insufficient cash for 1 lot)
[13:27:24] [HB] IDLE Y390.57 REV-T: needs +Y31.35 to Y421.92 | FWD-T: off (insufficient cash for 1 lot)
[13:28:53] [HB] IDLE Y390.53 REV-T: needs +Y31.39 to Y421.92 | FWD-T: off (insufficient cash for 1 lot)
[13:29:54] [HB] IDLE Y391.00 REV-T: needs +Y30.92 to Y421.92 | FWD-T: off (insufficient cash for 1 lot)
[13:30:55] [HB] IDLE Y390.66 REV-T: needs +Y31.26 to Y421.92 | FWD-T: off (insufficient cash for 1 lot)
[13:32:23] [MA-POS] price Y391.36 | MA5 Y408.02: BELOW -4.08% | MA20 Y375.44: ABOVE +4.24%
[13:32:23] [HB] IDLE Y391.36 REV-T: needs +Y30.56 to Y421.92 | FWD-T: off (insufficient cash for 1 lot)
[13:33:24] [HB] IDLE Y392.00 REV-T: needs +Y29.92 to Y421.92 | FWD-T: off (insufficient cash for 1 lot)
[13:34:25] [HB] IDLE Y392.41 REV-T: needs +Y29.51 to Y421.92 | FWD-T: off (insufficient cash for 1 lot)
[13:35:25] [HB] IDLE Y393.00 REV-T: needs +Y28.92 to Y421.92 | FWD-T: off (insufficient cash for 1 lot)
[13:36:26] [HB] IDLE Y393.00 REV-T: needs +Y28.92 to Y421.92 | FWD-T: off (insufficient cash for 1 lot)
[13:37:27] [HB] IDLE Y392.92 REV-T: needs +Y29.00 to Y421.92 | FWD-T: off (insufficient cash for 1 lot)
[13:38:28] [HB] IDLE Y392.35 REV-T: needs +Y29.57 to Y421.92 | FWD-T: off (insufficient cash for 1 lot)
[13:39:29] [HB] IDLE Y392.27 REV-T: needs +Y29.65 to Y421.92 | FWD-T: off (insufficient cash for 1 lot)
[13:40:29] [HB] IDLE Y392.93 REV-T: needs +Y28.99 to Y421.92 | FWD-T: off (insufficient cash for 1 lot)
[13:41:29] [HB] IDLE Y392.40 REV-T: needs +Y29.52 to Y421.92 | FWD-T: off (insufficient cash for 1 lot)
[13:42:24] [MA-POS] price Y392.26 | MA5 Y408.20: BELOW -3.91% | MA20 Y375.49: ABOVE +4.47%
[13:42:30] [HB] IDLE Y392.26 REV-T: needs +Y29.66 to Y421.92 | FWD-T: off (insufficient cash for 1 lot)
[13:43:30] [HB] IDLE Y392.79 REV-T: needs +Y29.13 to Y421.92 | FWD-T: off (insufficient cash for 1 lot)
[13:44:31] [HB] IDLE Y392.58 REV-T: needs +Y29.34 to Y421.92 | FWD-T: off (insufficient cash for 1 lot)
[13:45:31] [HB] IDLE Y392.02 REV-T: needs +Y29.90 to Y421.92 | FWD-T: off (insufficient cash for 1 lot)
[13:46:31] [HB] IDLE Y391.50 REV-T: needs +Y30.42 to Y421.92 | FWD-T: off (insufficient cash for 1 lot)
[13:47:32] [HB] IDLE Y390.71 REV-T: needs +Y31.21 to Y421.92 | FWD-T: off (insufficient cash for 1 lot)
[13:48:33] [HB] IDLE Y391.57 REV-T: needs +Y30.35 to Y421.92 | FWD-T: off (insufficient cash for 1 lot)
[13:49:34] [HB] IDLE Y392.05 REV-T: needs +Y29.87 to Y421.92 | FWD-T: off (insufficient cash for 1 lot)
[13:50:34] [HB] IDLE Y393.33 REV-T: needs +Y28.59 to Y421.92 | FWD-T: off (insufficient cash for 1 lot)
[13:51:34] [HB] IDLE Y394.94 REV-T: needs +Y26.98 to Y421.92 | FWD-T: off (insufficient cash for 1 lot)
[13:52:24] [MA-POS] price Y394.03 | MA5 Y408.56: BELOW -3.56% | MA20 Y375.58: ABOVE +4.91%
[13:52:35] [HB] IDLE Y394.11 REV-T: needs +Y27.81 to Y421.92 | FWD-T: off (insufficient cash for 1 lot)
[13:53:35] [HB] IDLE Y394.59 REV-T: needs +Y27.33 to Y421.92 | FWD-T: off (insufficient cash for 1 lot)
[13:54:35] [HB] IDLE Y395.37 REV-T: needs +Y26.55 to Y421.92 | FWD-T: off (insufficient cash for 1 lot)
[13:55:36] [HB] IDLE Y395.50 REV-T: needs +Y26.42 to Y421.92 | FWD-T: off (insufficient cash for 1 lot)
[13:56:37] [HB] IDLE Y394.60 REV-T: needs +Y27.32 to Y421.92 | FWD-T: off (insufficient cash for 1 lot)
[13:57:38] [HB] IDLE Y394.56 REV-T: needs +Y27.36 to Y421.92 | FWD-T: off (insufficient cash for 1 lot)
[13:58:39] [HB] IDLE Y395.01 REV-T: needs +Y26.91 to Y421.92 | FWD-T: off (insufficient cash for 1 lot)
[13:59:39] [HB] IDLE Y395.22 REV-T: needs +Y26.70 to Y421.92 | FWD-T: off (insufficient cash for 1 lot)
[14:00:40] [HB] IDLE Y396.41 REV-T: needs +Y25.51 to Y421.92 | FWD-T: off (insufficient cash for 1 lot)
[14:01:40] [HB] IDLE Y396.50 REV-T: needs +Y25.42 to Y421.92 | FWD-T: off (insufficient cash for 1 lot)
[14:02:24] [MA-POS] price Y397.53 | MA5 Y409.26: BELOW -2.87% | MA20 Y375.75: ABOVE +5.80%
[14:02:41] [HB] IDLE Y397.97 REV-T: needs +Y23.95 to Y421.92 | FWD-T: off (insufficient cash for 1 lot)
[14:03:41] [HB] IDLE Y398.66 REV-T: needs +Y23.26 to Y421.92 | FWD-T: off (insufficient cash for 1 lot)
[14:04:41] [HB] IDLE Y399.06 REV-T: needs +Y22.86 to Y421.92 | FWD-T: off (insufficient cash for 1 lot)
[14:05:42] [HB] IDLE Y397.99 REV-T: needs +Y23.93 to Y421.92 | FWD-T: off (insufficient cash for 1 lot)
[14:06:42] [HB] IDLE Y397.33 REV-T: needs +Y24.59 to Y421.92 | FWD-T: off (insufficient cash for 1 lot)
[14:07:43] [HB] IDLE Y396.53 REV-T: needs +Y25.39 to Y421.92 | FWD-T: off (insufficient cash for 1 lot)
[14:08:44] [HB] IDLE Y396.35 REV-T: needs +Y25.57 to Y421.92 | FWD-T: off (insufficient cash for 1 lot)
[14:09:44] [HB] IDLE Y396.34 REV-T: needs +Y25.58 to Y421.92 | FWD-T: off (insufficient cash for 1 lot)
[14:10:45] [HB] IDLE Y396.82 REV-T: needs +Y25.10 to Y421.92 | FWD-T: off (insufficient cash for 1 lot)
[14:11:46] [HB] IDLE Y396.35 REV-T: needs +Y25.57 to Y421.92 | FWD-T: off (insufficient cash for 1 lot)
[14:12:24] [MA-POS] price Y396.35 | MA5 Y409.02: BELOW -3.10% | MA20 Y375.69: ABOVE +5.50%
[14:12:47] [HB] IDLE Y395.55 REV-T: needs +Y26.37 to Y421.92 | FWD-T: off (insufficient cash for 1 lot)
[14:13:47] [HB] IDLE Y394.50 REV-T: needs +Y27.42 to Y421.92 | FWD-T: off (insufficient cash for 1 lot)
[14:14:47] [HB] IDLE Y396.00 REV-T: needs +Y25.92 to Y421.92 | FWD-T: off (insufficient cash for 1 lot)
[14:15:48] [HB] IDLE Y395.89 REV-T: needs +Y26.03 to Y421.92 | FWD-T: off (insufficient cash for 1 lot)
[14:16:49] [HB] IDLE Y395.71 REV-T: needs +Y26.21 to Y421.92 | FWD-T: off (insufficient cash for 1 lot)
[14:17:49] [HB] IDLE Y395.14 REV-T: needs +Y26.78 to Y421.92 | FWD-T: off (insufficient cash for 1 lot)
[14:18:49] [HB] IDLE Y396.01 REV-T: needs +Y25.91 to Y421.92 | FWD-T: off (insufficient cash for 1 lot)
[14:19:49] [HB] IDLE Y395.24 REV-T: needs +Y26.68 to Y421.92 | FWD-T: off (insufficient cash for 1 lot)
[14:20:50] [HB] IDLE Y395.69 REV-T: needs +Y26.23 to Y421.92 | FWD-T: off (insufficient cash for 1 lot)
[14:21:50] [HB] IDLE Y395.29 REV-T: needs +Y26.63 to Y421.92 | FWD-T: off (insufficient cash for 1 lot)
[14:22:25] [MA-POS] price Y395.26 | MA5 Y408.80: BELOW -3.31% | MA20 Y375.64: ABOVE +5.22%
[14:22:51] [HB] IDLE Y395.32 REV-T: needs +Y26.60 to Y421.92 | FWD-T: off (insufficient cash for 1 lot)
[14:23:51] [HB] IDLE Y396.00 REV-T: needs +Y25.92 to Y421.92 | FWD-T: off (insufficient cash for 1 lot)
[14:24:51] [HB] IDLE Y395.80 REV-T: needs +Y26.12 to Y421.92 | FWD-T: off (insufficient cash for 1 lot)
[14:25:52] [HB] IDLE Y395.44 REV-T: needs +Y26.48 to Y421.92 | FWD-T: off (insufficient cash for 1 lot)
[14:26:53] [HB] IDLE Y395.74 REV-T: needs +Y26.18 to Y421.92 | FWD-T: off (insufficient cash for 1 lot)
[14:27:53] [HB] IDLE Y395.98 REV-T: needs +Y25.94 to Y421.92 | FWD-T: off (insufficient cash for 1 lot)
[14:28:53] [HB] IDLE Y395.80 REV-T: needs +Y26.12 to Y421.92 | FWD-T: off (insufficient cash for 1 lot)
[14:29:54] [HB] IDLE Y395.87 REV-T: needs +Y26.05 to Y421.92 | FWD-T: off (insufficient cash for 1 lot)
[14:30:54] [HB] IDLE Y395.70 REV-T: needs +Y26.22 to Y421.92 | FWD-T: off (insufficient cash for 1 lot)
[14:31:55] [HB] IDLE Y395.51 REV-T: needs +Y26.41 to Y421.92 | FWD-T: off (insufficient cash for 1 lot)
[14:32:26] [MA-POS] price Y394.50 | MA5 Y408.65: BELOW -3.46% | MA20 Y375.60: ABOVE +5.03%
[14:32:56] [HB] IDLE Y393.20 REV-T: needs +Y28.72 to Y421.92 | FWD-T: off (insufficient cash for 1 lot)
[14:33:56] [HB] IDLE Y393.25 REV-T: needs +Y28.67 to Y421.92 | FWD-T: off (insufficient cash for 1 lot)
[14:34:57] [HB] IDLE Y394.27 REV-T: needs +Y27.65 to Y421.92 | FWD-T: off (insufficient cash for 1 lot)
[14:35:58] [HB] IDLE Y394.72 REV-T: needs +Y27.20 to Y421.92 | FWD-T: off (insufficient cash for 1 lot)
[14:36:59] [HB] IDLE Y394.74 REV-T: needs +Y27.18 to Y421.92 | FWD-T: off (insufficient cash for 1 lot)
[14:37:59] [HB] IDLE Y394.60 REV-T: needs +Y27.32 to Y421.92 | FWD-T: off (insufficient cash for 1 lot)
[14:39:00] [HB] IDLE Y394.43 REV-T: needs +Y27.49 to Y421.92 | FWD-T: off (insufficient cash for 1 lot)
[14:40:01] [HB] IDLE Y393.24 REV-T: needs +Y28.68 to Y421.92 | FWD-T: off (insufficient cash for 1 lot)
[14:41:56] [HB] IDLE Y393.50 REV-T: needs +Y28.42 to Y421.92 | FWD-T: off (insufficient cash for 1 lot)
[14:42:27] [MA-POS] price Y393.86 | MA5 Y408.52: BELOW -3.59% | MA20 Y375.57: ABOVE +4.87%
[14:42:58] [HB] IDLE Y394.00 REV-T: needs +Y27.92 to Y421.92 | FWD-T: off (insufficient cash for 1 lot)
[14:43:58] [HB] IDLE Y394.80 REV-T: needs +Y27.12 to Y421.92 | FWD-T: off (insufficient cash for 1 lot)
[14:44:58] [HB] IDLE Y395.01 REV-T: needs +Y26.91 to Y421.92 | FWD-T: off (insufficient cash for 1 lot)
[14:45:59] [HB] IDLE Y394.29 REV-T: needs +Y27.63 to Y421.92 | FWD-T: off (insufficient cash for 1 lot)
[14:47:00] [HB] IDLE Y394.27 REV-T: needs +Y27.65 to Y421.92 | FWD-T: off (insufficient cash for 1 lot)
[14:48:00] [HB] IDLE Y394.15 REV-T: needs +Y27.77 to Y421.92 | FWD-T: off (insufficient cash for 1 lot)
[14:49:01] [HB] IDLE Y393.88 REV-T: needs +Y28.04 to Y421.92 | FWD-T: off (insufficient cash for 1 lot)
[14:50:01] [HB] IDLE Y393.78 REV-T: needs +Y28.14 to Y421.92 | FWD-T: off (insufficient cash for 1 lot)
[14:51:02] [HB] IDLE Y393.54 REV-T: needs +Y28.38 to Y421.92 | FWD-T: off (insufficient cash for 1 lot)
[14:52:03] [HB] IDLE Y393.23 REV-T: needs +Y28.69 to Y421.92 | FWD-T: off (insufficient cash for 1 lot)
[14:52:27] [MA-POS] price Y393.57 | MA5 Y408.47: BELOW -3.65% | MA20 Y375.55: ABOVE +4.80%
[14:53:04] [HB] IDLE Y393.85 REV-T: needs +Y28.07 to Y421.92 | FWD-T: off (insufficient cash for 1 lot)
[14:54:05] [HB] IDLE Y394.03 REV-T: needs +Y27.89 to Y421.92 | FWD-T: off (insufficient cash for 1 lot)
[14:55:05] [HB] IDLE Y394.00 REV-T: needs +Y27.92 to Y421.92 | FWD-T: off (insufficient cash for 1 lot)
[14:56:06] [HB] IDLE Y393.61 REV-T: needs +Y28.31 to Y421.92 | FWD-T: off (insufficient cash for 1 lot)
[14:57:07] [HB] IDLE Y393.50 REV-T: needs +Y28.42 to Y421.92 | FWD-T: off (insufficient cash for 1 lot)
[14:58:07] [HB] IDLE Y393.50 REV-T: needs +Y28.42 to Y421.92 | FWD-T: off (insufficient cash for 1 lot)
[14:59:07] [HB] IDLE Y393.50 REV-T: needs +Y28.42 to Y421.92 | FWD-T: off (insufficient cash for 1 lot)
[15:04:11] [CLOSE 15:04:11]
[15:09:11] [CLOSE 15:09:11]
[15:14:11] [CLOSE 15:14:11]
[15:19:11] [CLOSE 15:19:11]
[15:24:11] [CLOSE 15:24:11]
[15:29:11] [CLOSE 15:29:11]
[15:34:11] [CLOSE 15:34:11]
[15:39:11] [CLOSE 15:39:11]
[15:44:11] [CLOSE 15:44:11]
[15:49:11] [CLOSE 15:49:11]
[15:54:11] [CLOSE 15:54:11]
[15:59:11] [CLOSE 15:59:11]
[16:04:11] [CLOSE 16:04:11]
[16:09:11] [CLOSE 16:09:11]
[16:14:11] [CLOSE 16:14:11]
[16:19:11] [CLOSE 16:19:11]
[16:24:11] [CLOSE 16:24:11]
[16:29:11] [CLOSE 16:29:11]
[16:34:11] [CLOSE 16:34:11]
[16:39:11] [CLOSE 16:39:11]
[16:44:11] [CLOSE 16:44:11]
[16:49:11] [CLOSE 16:49:11]
[16:54:11] [CLOSE 16:54:11]
[16:59:11] [CLOSE 16:59:11]
[17:04:11] [CLOSE 17:04:11]
[17:09:11] [CLOSE 17:09:11]
[17:14:11] [CLOSE 17:14:11]
[17:19:11] [CLOSE 17:19:11]
[17:24:11] [CLOSE 17:24:11]
[17:29:11] [CLOSE 17:29:11]
[17:34:11] [CLOSE 17:34:11]
[17:39:11] [CLOSE 17:39:11]
[17:44:11] [CLOSE 17:44:11]
[17:49:11] [CLOSE 17:49:11]
[17:54:11] [CLOSE 17:54:11]
[17:59:11] [CLOSE 17:59:11]
[18:04:11] [CLOSE 18:04:11]
[18:09:12] [CLOSE 18:09:12]
[18:14:12] [CLOSE 18:14:12]
[18:19:12] [CLOSE 18:19:12]
[18:24:12] [CLOSE 18:24:12]
[18:29:12] [CLOSE 18:29:12]
[18:34:12] [CLOSE 18:34:12]
[18:39:12] [CLOSE 18:39:12]
[18:44:13] [CLOSE 18:44:13]
[18:49:22] [CLOSE 18:49:22]
[18:54:24] [CLOSE 18:54:24]
[18:59:34] [CLOSE 18:59:34]
[19:04:53] [CLOSE 19:04:53]
[19:10:02] [CLOSE 19:10:02]
[19:15:25] [CLOSE 19:15:25]
[19:20:26] [CLOSE 19:20:26]
[19:25:58] [CLOSE 19:25:58]
[19:31:00] [CLOSE 19:31:00]
[19:36:29] [CLOSE 19:36:29]
[19:41:32] [CLOSE 19:41:32]
[19:47:03] [CLOSE 19:47:03]
[19:52:13] [CLOSE 19:52:13]
[19:57:33] [CLOSE 19:57:33]
[20:02:35] [CLOSE 20:02:35]
[20:08:14] [CLOSE 20:08:14]
[20:13:22] [CLOSE 20:13:22]
[20:18:36] [CLOSE 20:18:36]
[20:23:36] [CLOSE 20:23:36]
[20:29:14] [CLOSE 20:29:14]
[20:34:17] [CLOSE 20:34:17]
[20:39:48] [CLOSE 20:39:48]
[20:44:56] [CLOSE 20:44:56]
[20:50:20] [CLOSE 20:50:20]
[20:55:30] [CLOSE 20:55:30]
[21:00:49] [CLOSE 21:00:49]
[21:05:50] [CLOSE 21:05:50]
[21:11:23] [CLOSE 21:11:23]
[21:16:32] [CLOSE 21:16:32]
[21:21:54] [CLOSE 21:21:54]
[21:26:55] [CLOSE 21:26:55]
[21:32:25] [CLOSE 21:32:25]
[21:37:33] [CLOSE 21:37:33]
[21:42:57] [CLOSE 21:42:57]
[21:48:05] [CLOSE 21:48:05]
[21:53:26] [CLOSE 21:53:26]
[21:58:27] [CLOSE 21:58:27]
[22:03:56] [CLOSE 22:03:56]
[22:08:58] [CLOSE 22:08:58]
[22:14:29] [CLOSE 22:14:29]
[22:19:39] [CLOSE 22:19:39]
[22:24:59] [CLOSE 22:24:59]
[22:30:01] [CLOSE 22:30:01]
[22:35:30] [CLOSE 22:35:30]
[22:40:38] [CLOSE 22:40:38]
[22:46:02] [CLOSE 22:46:02]
[22:51:03] [CLOSE 22:51:03]
[22:56:40] [CLOSE 22:56:40]
[23:01:43] [CLOSE 23:01:43]
[23:07:03] [CLOSE 23:07:03]
[23:12:11] [CLOSE 23:12:11]
[23:17:33] [CLOSE 23:17:33]
[23:22:34] [CLOSE 23:22:34]
[23:28:13] [CLOSE 23:28:13]
[23:33:15] [CLOSE 23:33:15]
[23:38:47] [CLOSE 23:38:47]
[23:43:53] [CLOSE 23:43:53]
[23:49:19] [CLOSE 23:49:19]
[23:54:28] [CLOSE 23:54:28]
[23:59:47] [CLOSE 23:59:47]
[00:03:15] [DATA-STALE] attempt 1/1: adjusted/raw date indexes differ
[00:06:41] [DATA-STALE] attempt 1/3: adjusted/raw date indexes differ
[00:10:12] [DATA-STALE] attempt 2/3: adjusted/raw date indexes differ
[00:13:43] [DATA-STALE] attempt 3/3: adjusted/raw date indexes differ
[00:13:50] [TRADE-LOCK] daily data unavailable or stale; all trading disabled
[00:14:00] [WAIT 00:14:00] to open 9时16分
[00:19:02] [WAIT 00:19:02] to open 9时10分
[00:24:25] [WAIT 00:24:25] to open 9时5分
[00:29:34] [WAIT 00:29:34] to open 9时0分
[00:34:56] [WAIT 00:34:56] to open 8时55分
[00:39:57] [WAIT 00:39:57] to open 8时50分
[00:45:27] [WAIT 00:45:27] to open 8时44分
[00:50:29] [WAIT 00:50:29] to open 8时39分
[00:56:01] [WAIT 00:56:01] to open 8时33分
[01:01:11] [WAIT 01:01:11] to open 8时28分
[01:06:32] [WAIT 01:06:32] to open 8时23分
[01:11:34] [WAIT 01:11:34] to open 8时18分
[01:17:03] [WAIT 01:17:03] to open 8时12分
[01:22:12] [WAIT 01:22:12] to open 8时7分
[01:27:35] [WAIT 01:27:35] to open 8时2分
[01:32:37] [WAIT 01:32:37] to open 7时57分
[01:38:06] [WAIT 01:38:06] to open 7时51分
[01:43:10] [WAIT 01:43:10] to open 7时46分
[01:48:40] [WAIT 01:48:40] to open 7时41分
[01:53:50] [WAIT 01:53:50] to open 7时36分
[01:59:11] [WAIT 01:59:11] to open 7时30分
[02:04:13] [WAIT 02:04:13] to open 7时25分
[02:09:42] [WAIT 02:09:42] to open 7时20分
[02:14:46] [WAIT 02:14:46] to open 7时15分
[02:20:17] [WAIT 02:20:17] to open 7时9分
[02:25:26] [WAIT 02:25:26] to open 7时4分
[02:30:48] [WAIT 02:30:48] to open 6时59分
[02:35:48] [WAIT 02:35:48] to open 6时54分
[02:41:29] [WAIT 02:41:29] to open 6时48分
[02:46:36] [WAIT 02:46:36] to open 6时43分
[02:51:50] [WAIT 02:51:50] to open 6时38分
[02:56:59] [WAIT 02:56:59] to open 6时33分
[03:02:28] [WAIT 03:02:28] to open 6时27分
[03:07:30] [WAIT 03:07:30] to open 6时22分
[03:13:01] [WAIT 03:13:01] to open 6时16分
[03:18:11] [WAIT 03:18:11] to open 6时11分
[03:23:36] [WAIT 03:23:36] to open 6时6分
[03:28:38] [WAIT 03:28:38] to open 6时1分
[03:34:06] [WAIT 03:34:06] to open 5时55分
[03:39:09] [WAIT 03:39:09] to open 5时50分
[03:44:41] [WAIT 03:44:41] to open 5时45分
[03:49:50] [WAIT 03:49:50] to open 5时40分
[03:55:14] [WAIT 03:55:14] to open 5时34分
[04:00:15] [WAIT 04:00:15] to open 5时29分
[04:05:43] [WAIT 04:05:43] to open 5时24分
[04:10:46] [WAIT 04:10:46] to open 5时19分
[04:16:18] [WAIT 04:16:18] to open 5时13分
[04:21:28] [WAIT 04:21:28] to open 5时8分
[04:26:48] [WAIT 04:26:48] to open 5时3分
[04:31:50] [WAIT 04:31:50] to open 4时58分
[04:37:18] [WAIT 04:37:18] to open 4时52分
[04:42:21] [WAIT 04:42:21] to open 4时47分
[04:47:52] [WAIT 04:47:52] to open 4时42分
[04:53:00] [WAIT 04:53:00] to open 4时37分
[04:58:25] [WAIT 04:58:25] to open 4时31分
[05:03:34] [WAIT 05:03:34] to open 4时26分
[05:08:52] [WAIT 05:08:52] to open 4时21分
[05:13:54] [WAIT 05:13:54] to open 4时16分
[05:19:26] [WAIT 05:19:26] to open 4时10分
[05:24:35] [WAIT 05:24:35] to open 4时5分
[05:29:57] [WAIT 05:29:57] to open 4时0分
[05:34:57] [WAIT 05:34:57] to open 3时55分
[05:40:38] [WAIT 05:40:38] to open 3时49分
[05:45:40] [WAIT 05:45:40] to open 3时44分
[05:51:13] [WAIT 05:51:13] to open 3时38分
[05:56:23] [WAIT 05:56:23] to open 3时33分
[06:01:33] [WAIT 06:01:33] to open 3时28分
[06:06:35] [WAIT 06:06:35] to open 3时23分
[06:12:14] [WAIT 06:12:14] to open 3时17分
[06:17:23] [WAIT 06:17:23] to open 3时12分
[06:22:47] [WAIT 06:22:47] to open 3时7分
[06:27:57] [WAIT 06:27:57] to open 3时2分
[06:33:12] [WAIT 06:33:12] to open 2时56分
[06:38:15] [WAIT 06:38:15] to open 2时51分
[06:43:48] [WAIT 06:43:48] to open 2时46分
[06:48:49] [WAIT 06:48:49] to open 2时41分
[06:54:19] [WAIT 06:54:19] to open 2时35分
[06:59:21] [WAIT 06:59:21] to open 2时30分
[07:04:51] [WAIT 07:04:51] to open 2时25分
[07:09:59] [WAIT 07:09:59] to open 2时20分
[07:15:17] [WAIT 07:15:17] to open 2时14分
[07:20:20] [WAIT 07:20:20] to open 2时9分
[07:25:52] [WAIT 07:25:52] to open 2时4分
[07:31:00] [WAIT 07:31:00] to open 1时59分
[07:36:22] [WAIT 07:36:22] to open 1时53分
[07:41:23] [WAIT 07:41:23] to open 1时48分
[07:46:53] [WAIT 07:46:53] to open 1时43分
[07:52:01] [WAIT 07:52:01] to open 1时37分
[07:57:25] [WAIT 07:57:25] to open 1时32分
[08:02:35] [WAIT 08:02:35] to open 1时27分
[08:08:04] [WAIT 08:08:04] to open 1时21分
[08:13:05] [WAIT 08:13:05] to open 1时16分
[08:18:28] [WAIT 08:18:28] to open 1时11分
[08:23:37] [WAIT 08:23:37] to open 1时6分
[08:29:00] [WAIT 08:29:00] to open 1时1分
[08:34:10] [WAIT 08:34:10] to open 55分50秒
[08:39:38] [WAIT 08:39:38] to open 50分22秒
[08:44:40] [WAIT 08:44:40] to open 45分20秒
[08:50:02] [WAIT 08:50:02] to open 39分58秒
[08:55:03] [WAIT 08:55:03] to open 34分57秒
[09:00:12] [WAIT 09:00:12] to open 29分48秒
[09:05:12] [WAIT 09:05:12] to open 24分48秒
[09:10:12] [WAIT 09:10:12] to open 19分48秒
[09:15:12] [WAIT 09:15:12] to open 14分48秒
[09:20:12] [WAIT 09:20:12] to open 9分48秒
[09:25:12] [WAIT 09:25:12] to open 4分48秒
[09:28:20] Interrupted by user
[09:28:20] [STOP] 长飞光纤 v40 cum 0 days gross~Y0

============================================================
  日志结束: 2026-09-04 09:28:20
============================================================
