============================================================
  日志文件创建: 2026-08-10 15:03:51
  策略版本: RSI_v4 (MiniQMT, 模块化拆分)
  标的: 601869
============================================================
[15:03:55] [连接] MiniQMT 行情服务已连接
[15:03:56] [交易] 已订阅账号 8890145315
[15:03:56] 长飞光纤 RSI策略 v4 启动
[15:03:56]   ★ v4: 修复昨收基线 (剥离今日partial bar)
[15:03:56]   RSI(14) | 超买>70 | 超卖<30
[15:03:56]   反弹0.10% | 回落0.10%
[15:03:56]   ★ 日志: D:\02Project\QMT-export\Stragety\MiniQMT_Stragety\logs\DayTradeing_RSI_v4_601869_20260810_150351.log
[15:03:56] 
[15:03:56] ═══════════════════════════════════════════════════════
[15:03:56]   RealTimeRSI 引擎初始化 (v4: 昨收基线修复)
[15:03:56] ═══════════════════════════════════════════════════════
[15:03:56] [RealTimeRSI] ★ 检测到今日partial bar, 已剥离
[15:03:56]   今日bar close(来自xtdata) = Y312.40
[15:03:56] [RealTimeRSI] 初始化完成: 79天历史日线
[15:03:56]   昨收 (prev_close) = Y284.00
[15:03:56]   avg_gain = 7.4745  |  avg_loss = 13.5781
[15:03:56]   RS = 0.5505
[15:03:56]   RSI_daily (昨日收盘静态) = 35.50
[15:03:56]   → 交易时段: diff = 当前价 - Y284.00(昨收)
[15:03:56]   [诊断] 昨收 = Y284.00
[15:03:56]   [诊断] 今日开盘 = Y345.00
[15:03:56]   [诊断] 当前价 = Y343.09
[15:03:56]   [诊断] 今日涨跌 = Y+59.09 (+20.81%)
[15:03:56] 
[15:03:56] ╔══════════════════════════════════════════════════════════════╗
[15:03:56] ║  📊 RSI(14) 实时计算 v4 — 长飞光纤  20260810              ║
[15:03:56] ╠══════════════════════════════════════════════════════════════╣
[15:03:56] ║  ★ 基线价格 (v4修复):                                      ║
[15:03:56] ║  昨收 (prev_close) = Y284.00                           ║
[15:03:56] ║  今日开盘           = Y345.00                            ║
[15:03:56] ║  当前价             = Y343.09  (+20.81%)                ║
[15:03:56] ║  今日涨跌: Y+59.09 (+20.81%)   ← diff = 当前价-昨收           ║
[15:03:56] ╠══════════════════════════════════════════════════════════════╣
[15:03:56] ║  历史14天日线涨跌:                                          ║
[15:03:56] ║   T-N         收盘价         涨跌额          涨跌幅%  ║
[15:03:56] ║  ────────────────────────────────────────────────────  ║
[15:03:56] ║  T-13  Y    401.74      -23.71        -5.57%  📉 ║
[15:03:56] ║  T-12  Y    361.57      -40.17       -10.00%  📉 ║
[15:03:56] ║  T-11  Y    382.00      +20.43        +5.65%  📈 ║
[15:03:56] ║  T-10  Y    406.38      +24.38        +6.38%  📈 ║
[15:03:56] ║  T-9  Y    366.05      -40.33        -9.92%  📉 ║
[15:03:56] ║  T-8  Y    356.12       -9.93        -2.71%  📉 ║
[15:03:56] ║  T-7  Y    331.65      -24.47        -6.87%  📉 ║
[15:03:56] ║  T-6  Y    335.89       +4.24        +1.28%  📈 ║
[15:03:56] ║  T-5  Y    302.30      -33.59       -10.00%  📉 ║
[15:03:56] ║  T-4  Y    281.70      -20.60        -6.81%  📉 ║
[15:03:56] ║  T-3  Y    262.66      -19.04        -6.76%  📉 ║
[15:03:56] ║  T-2  Y    271.50       +8.84        +3.37%  📈 ║
[15:03:56] ║  T-1  Y    262.30       -9.20        -3.39%  📉 ║
[15:03:56] ║  T-0  Y    284.00      +21.70        +8.27%  📈 ║
[15:03:56] ╠══════════════════════════════════════════════════════════════╣
[15:03:56] ║  历史 avg_gain=7.4745  avg_loss=13.5781                ║
[15:03:56] ║  实时 avg_gain=11.1613  avg_loss=12.6082               ║
[15:03:56] ║  实时 RS=0.89  →  RSI_live = **46.96**                 ║
[15:03:56] ╠══════════════════════════════════════════════════════════════╣
[15:03:56] ║  0 ░░░░░░░░░░░░░░░┃───────▼───────────┃▓▓▓▓▓▓▓▓▓▓▓▓▓▓▓ 100 ║
[15:03:56] ║  RSI_live=47.0 | RSI_daily=35.5 | Δ=+11.5 | ⚪ 中性 ║
[15:03:56] ║  距超买(70): +23.0点  |  距超卖(30): +17.0点 ║
[15:03:56] ╚══════════════════════════════════════════════════════════════╝
[15:03:56] 
[15:03:56] ┌──────────────────────────────────────────────────────────────┐
[15:03:56] │  🎯 RSI v4 交易计划 — 长飞光纤  20260810  ⚪ 中性                │
[15:03:56] │  RSI_live=47.0 (实时)  RSI_daily=35.5 (昨收)  Δ=+11.4    │
[15:03:56] ├──────────────────────────────────────────────────────────────┤
[15:03:56] │  昨收: Y284.00  开盘: Y345.00  当前: Y343.09  (-0.55%)      │
[15:03:56] │  持仓:   200股  Y    68,618  (68%)  总资产: Y     100,682   │
[15:03:56] │  可用资金: Y      32,064    T+0可卖:   0股 (0手)              │
[15:03:56] ├──────────────────────────────────────────────────────────────┤
[15:03:56] │  🔄 价格行为确认:                                           │
[15:03:56] │  ⚪ **中性** — 等待RSI进入超买/超卖                             │
[15:03:56] ├──────────────────────────────────────────────────────────────┤
[15:03:56] │  📋 RSI(14) | 超买70 | 超卖30 | 反弹0.10% | 回落0.10% | 日2笔   │
[15:03:56] └──────────────────────────────────────────────────────────────┘
[15:03:56] 
[15:03:56] 开始监控... (Ctrl+C 停止)

[15:03:56] [休市] 15:03:56 | RSI_live=47.0
[15:08:56] [休市] 15:08:56 | RSI_live=47.0
[15:11:49] 
用户中断
[15:11:49] 长飞光纤 RSI策略 v4 已停止 | 0笔 | PnL ~Y0
[15:11:49] ★ 日志: D:\02Project\QMT-export\Stragety\MiniQMT_Stragety\logs\DayTradeing_RSI_v4_601869_20260810_150351.log

============================================================
  日志结束: 2026-08-10 15:11:49
============================================================
