============================================================
  日志文件创建: 2026-08-10 14:57:31
  策略版本: RSI_v4 (MiniQMT, 模块化拆分)
  标的: 601869
============================================================
[14:57:36] [连接] MiniQMT 行情服务已连接

[14:57:36] [交易] 已订阅账号 8890145315

[14:57:36] 长飞光纤 RSI策略 v4 启动

[14:57:36]   ★ v4: 修复昨收基线 (剥离今日partial bar)

[14:57:36]   RSI(14) | 超买>70 | 超卖<30

[14:57:36]   反弹0.10% | 回落0.10%

[14:57:36]   ★ 日志: D:\02Project\QMT-export\Stragety\MiniQMT_Stragety\logs\DayTradeing_RSI_v4_601869_20260810_145731.log

[14:57:37] 

[14:57:37] ═══════════════════════════════════════════════════════

[14:57:37]   RealTimeRSI 引擎初始化 (v4: 昨收基线修复)

[14:57:37] ═══════════════════════════════════════════════════════

[14:57:37] [RealTimeRSI] ★ 检测到今日partial bar, 已剥离

[14:57:37]   今日bar close(来自xtdata) = Y312.40

[14:57:37] [RealTimeRSI] 初始化完成: 79天历史日线

[14:57:37]   昨收 (prev_close) = Y284.00

[14:57:37]   avg_gain = 7.4745  |  avg_loss = 13.5781

[14:57:37]   RS = 0.5505

[14:57:37]   RSI_daily (昨日收盘静态) = 35.50

[14:57:37]   → 交易时段: diff = 当前价 - Y284.00(昨收)

[14:57:37]   [诊断] 昨收 = Y284.00

[14:57:37]   [诊断] 今日开盘 = Y345.00

[14:57:37]   [诊断] 当前价 = Y343.30

[14:57:37]   [诊断] 今日涨跌 = Y+59.30 (+20.88%)

[14:57:37] 

[14:57:37] ╔══════════════════════════════════════════════════════════════╗

[14:57:37] ║  📊 RSI(14) 实时计算 v4 — 长飞光纤  20260810              ║

[14:57:37] ╠══════════════════════════════════════════════════════════════╣

[14:57:37] ║  ★ 基线价格 (v4修复):                                      ║

[14:57:37] ║  昨收 (prev_close) = Y284.00                           ║

[14:57:37] ║  今日开盘           = Y345.00                            ║

[14:57:37] ║  当前价             = Y343.30  (+20.88%)                ║

[14:57:37] ║  今日涨跌: Y+59.30 (+20.88%)   ← diff = 当前价-昨收           ║

[14:57:37] ╠══════════════════════════════════════════════════════════════╣

[14:57:37] ║  历史14天日线涨跌:                                          ║

[14:57:37] ║   T-N         收盘价         涨跌额          涨跌幅%  ║

[14:57:37] ║  ────────────────────────────────────────────────────  ║

[14:57:37] ║  T-13  Y    401.74      -23.71        -5.57%  📉 ║

[14:57:37] ║  T-12  Y    361.57      -40.17       -10.00%  📉 ║

[14:57:37] ║  T-11  Y    382.00      +20.43        +5.65%  📈 ║

[14:57:37] ║  T-10  Y    406.38      +24.38        +6.38%  📈 ║

[14:57:37] ║  T-9  Y    366.05      -40.33        -9.92%  📉 ║

[14:57:37] ║  T-8  Y    356.12       -9.93        -2.71%  📉 ║

[14:57:37] ║  T-7  Y    331.65      -24.47        -6.87%  📉 ║

[14:57:37] ║  T-6  Y    335.89       +4.24        +1.28%  📈 ║

[14:57:37] ║  T-5  Y    302.30      -33.59       -10.00%  📉 ║

[14:57:37] ║  T-4  Y    281.70      -20.60        -6.81%  📉 ║

[14:57:37] ║  T-3  Y    262.66      -19.04        -6.76%  📉 ║

[14:57:37] ║  T-2  Y    271.50       +8.84        +3.37%  📈 ║

[14:57:37] ║  T-1  Y    262.30       -9.20        -3.39%  📉 ║

[14:57:37] ║  T-0  Y    284.00      +21.70        +8.27%  📈 ║

[14:57:37] ╠══════════════════════════════════════════════════════════════╣

[14:57:37] ║  历史 avg_gain=7.4745  avg_loss=13.5781                ║

[14:57:37] ║  实时 avg_gain=11.1763  avg_loss=12.6082               ║

[14:57:37] ║  实时 RS=0.89  →  RSI_live = **46.99**                 ║

[14:57:37] ╠══════════════════════════════════════════════════════════════╣

[14:57:37] ║  0 ░░░░░░░░░░░░░░░┃───────▼───────────┃▓▓▓▓▓▓▓▓▓▓▓▓▓▓▓ 100 ║

[14:57:37] ║  RSI_live=47.0 | RSI_daily=35.5 | Δ=+11.5 | ⚪ 中性 ║

[14:57:37] ║  距超买(70): +23.0点  |  距超卖(30): +17.0点 ║

[14:57:37] ╚══════════════════════════════════════════════════════════════╝

[14:57:37] 

[14:57:37] ┌──────────────────────────────────────────────────────────────┐

[14:57:37] │  🎯 RSI v4 交易计划 — 长飞光纤  20260810  ⚪ 中性                │

[14:57:37] │  RSI_live=47.0 (实时)  RSI_daily=35.5 (昨收)  Δ=+11.5    │

[14:57:37] ├──────────────────────────────────────────────────────────────┤

[14:57:37] │  昨收: Y284.00  开盘: Y345.00  当前: Y343.30  (-0.49%)      │

[14:57:37] │  持仓:   200股  Y    68,660  (68%)  总资产: Y     100,724   │

[14:57:37] │  可用资金: Y      32,064    T+0可卖:   0股 (0手)              │

[14:57:37] ├──────────────────────────────────────────────────────────────┤

[14:57:37] │  🔄 价格行为确认:                                           │

[14:57:37] │  ⚪ **中性** — 等待RSI进入超买/超卖                             │

[14:57:37] ├──────────────────────────────────────────────────────────────┤

[14:57:37] │  📋 RSI(14) | 超买70 | 超卖30 | 反弹0.10% | 回落0.10% | 日2笔   │

[14:57:37] └──────────────────────────────────────────────────────────────┘

[14:57:37] 

[14:57:37] 开始监控... (Ctrl+C 停止)


[14:57:37] [RSI] RSI_live=47.0 | ⚪ 中性 | vs昨收+59.30(+20.88%) | (daily=35.5 Δ=+11.5) | ⏳ | Y343.30 | 0/2笔

[14:58:37] [RSI] RSI_live=47.0 | ⚪ 中性 | vs昨收+59.30(+20.88%) | (daily=35.5 Δ=+11.5) | ⏳ | Y343.30 | 0/2笔

[14:59:37] [RSI] RSI_live=47.0 | ⚪ 中性 | vs昨收+59.30(+20.88%) | (daily=35.5 Δ=+11.5) | ⏳ | Y343.30 | 0/2笔

[15:03:48] 
用户中断

[15:03:48] 长飞光纤 RSI策略 v4 已停止 | 0笔 | PnL ~Y0

[15:03:48] ★ 日志: D:\02Project\QMT-export\Stragety\MiniQMT_Stragety\logs\DayTradeing_RSI_v4_601869_20260810_145731.log


============================================================
  日志结束: 2026-08-10 15:03:48
============================================================
