============================================================
  日志文件创建: 2026-08-10 15:16:22
  策略版本: RSI_v5 (MiniQMT, 模块化拆分)
  标的: 601869
============================================================
[15:16:33] [连接] MiniQMT 行情服务已连接
[15:16:33] [交易] 已订阅账号 8890145315
[15:16:33] Changfei Fiber RSI Strategy v5 Started
[15:16:33]   * v5: tick.lastClose as prev_close (single source of truth)
[15:16:33]   RSI(14) | OB > 70 | OS < 30
[15:16:33]   Bounce 0.10% | Pullback 0.10% | Max 2 trades/day
[15:16:33]   * Log: D:\02Project\QMT-export\Stragety\MiniQMT_Stragety\logs\DayTradeing_RSI_v5_601869_20260810_151622.log
[15:16:34] 
[15:16:34] =======================================================
[15:16:34]   RealTimeRSI v5 Init (tick.lastClose baseline)
[15:16:34] =======================================================
[15:16:34]   tick.lastClose (prev close) = Y338.69
[15:16:34]   closes[-1] (xtdata last)    = Y312.40
[15:16:34]   closes[-2]                  = Y284.00
[15:16:34]   tick.open  (today open)     = Y345.00
[15:16:34]   tick.lastPrice              = Y343.09
[15:16:34]   -> closes[-1] != prev_close (diff 7.76%), xtdata HAS today partial bar
[15:16:34] [RealTimeRSI] Init complete: 79 daily bars
[15:16:34]   (stripped today partial bar: closes[-1]=Y312.40 prev_close=Y338.69 diff=7.76%)
[15:16:34]   prev_close (tick.lastClose) = Y338.69
[15:16:34]   avg_gain=7.4745  avg_loss=13.5781
[15:16:34]   RS=0.5505
[15:16:34]   RSI_daily (yesterday close static) = 35.50
[15:16:34]   -> Live RSI: diff = current_price - Y338.69(tick prev close)
[15:16:34]   -> Today change: Y+4.40 (+1.30%)
[15:16:34]   -> RSI_live=36.52  RSI_daily=35.50  delta=+1.02
[15:16:34] 
[15:16:34] 
[15:16:34] +--------------------------------------------------------------+
[15:16:34] |  RSI(14) Live Calculation v5 -- Changfei Fiber  20260810|
[15:16:34] |--------------------------------------------------------------|
[15:16:34] |  * Baseline Prices (tick.lastClose):               |
[15:16:34] |  prev_close = Y338.69  |  today_open = Y345.00  |  current = Y343.09|
[15:16:34] |  Today change: Y+4.40 (+1.30%)                     |
[15:16:34] |--------------------------------------------------------------|
[15:16:34] |  Last 14 daily changes:                            |
[15:16:34] |   T-N       Close      Change       Change%  |
[15:16:34] |  T-13  Y    401.74      -23.71        -5.57%  DN |
[15:16:34] |  T-12  Y    361.57      -40.17       -10.00%  DN |
[15:16:34] |  T-11  Y    382.00      +20.43        +5.65%  UP |
[15:16:34] |  T-10  Y    406.38      +24.38        +6.38%  UP |
[15:16:34] |  T-9  Y    366.05      -40.33        -9.92%  DN |
[15:16:34] |  T-8  Y    356.12       -9.93        -2.71%  DN |
[15:16:34] |  T-7  Y    331.65      -24.47        -6.87%  DN |
[15:16:34] |  T-6  Y    335.89       +4.24        +1.28%  UP |
[15:16:34] |  T-5  Y    302.30      -33.59       -10.00%  DN |
[15:16:34] |  T-4  Y    281.70      -20.60        -6.81%  DN |
[15:16:34] |  T-3  Y    262.66      -19.04        -6.76%  DN |
[15:16:34] |  T-2  Y    271.50       +8.84        +3.37%  UP |
[15:16:34] |  T-1  Y    262.30       -9.20        -3.39%  DN |
[15:16:34] |  T-0  Y    284.00      +21.70        +8.27%  UP |
[15:16:34] |--------------------------------------------------------------|
[15:16:34] |  Historical avg_gain=7.4745  avg_loss=13.5781      |
[15:16:34] |  Live avg_gain=7.2549  avg_loss=12.6082  RS=0.58   |
[15:16:34] |  -> RSI_live = **36.52**                           |
[15:16:34] |--------------------------------------------------------------|
[15:16:34] |  0 ░░░░░░░░░░░░░░░┃──▼────────────────┃▓▓▓▓▓▓▓▓▓▓▓▓▓▓▓ 100 |
[15:16:34] |  RSI_live=36.5 | RSI_daily=35.5 | delta=+1.0 | NEUTRAL |
[15:16:34] |  Dist to OB(70): +33.5 pts  |  Dist to OS(30): +6.5 pts |
[15:16:34] +--------------------------------------------------------------+
[15:16:34] 
[15:16:34] +--------------------------------------------------------------+
[15:16:34] |  RSI v5 Trading Plan -- Changfei Fiber  20260810  NEUTRAL|
[15:16:34] |  RSI_live=36.5  RSI_daily=35.5  delta=+1.0  prev_close=Y338.69|
[15:16:34] |--------------------------------------------------------------|
[15:16:34] |  Open: Y345.00  Current: Y343.09  (-0.55%)  Today: +1.30%|
[15:16:34] |  Position:   200 sh  Y    68,618  (68%)  Total: Y     100,682|
[15:16:34] |  Avail Cash: Y      32,064    T+0 Avail:   0 sh (0 lots)|
[15:16:34] |--------------------------------------------------------------|
[15:16:34] |  **NEUTRAL** -- Waiting for RSI to enter OB/OS zone|
[15:16:34] |--------------------------------------------------------------|
[15:16:34] |  Params: RSI(14) | OB>70 | OS<30 | Bounce 0.10% | Pullback 0.10% | Max 2 trades/day|
[15:16:34] +--------------------------------------------------------------+
[15:16:34] 
[15:16:34] Monitoring... (Ctrl+C to stop)

[15:42:15] 
User interrupt
[15:42:15] Changfei Fiber RSI Strategy v5 Stopped | 0 trades | PnL ~Y0
[15:42:15] * Log saved: D:\02Project\QMT-export\Stragety\MiniQMT_Stragety\logs\DayTradeing_RSI_v5_601869_20260810_151622.log

============================================================
  日志结束: 2026-08-10 15:42:15
============================================================
