============================================================
  日志文件创建: 2026-09-03 09:15:01
  策略版本: v41 (for MiniQMT Evn)
  标的: 601869
============================================================
[09:15:03] [连接] MiniQMT 行情服务已连接
[09:15:03] [账号状态] 8890145315 未知(STOCK): 等待登录
[09:15:04] [账号状态] 8890145315 未知(STOCK): 等待登录 (重复)
[09:15:04] [交易] 已订阅账号 8890145315
[09:15:04] [START] 长飞光纤 v40 LIVE 601869.SH
[09:15:06] [DATA-STALE] attempt 1/3: daily data missing
[09:15:07] [DATA-STALE] attempt 2/3: daily data missing
[09:15:09] [DATA-STALE] attempt 3/3: daily data missing
[09:15:09] [TRADE-LOCK] daily data unavailable or stale; all trading disabled
[09:15:09] [WAIT 09:15:09] to open 14分51秒
[09:20:09] [WAIT 09:20:09] to open 9分51秒
[09:21:06] Interrupted by user
[09:21:06] [STOP] 长飞光纤 v40 cum 0 days gross~Y0

============================================================
  日志结束: 2026-09-03 09:21:06
============================================================
