============================================================
  日志文件创建: 2026-08-13 09:01:50
  策略版本: v21 (MiniQMT, 模块化拆分)
  标的: 601869
============================================================
[09:02:27] [连接] MiniQMT 行情服务已连接
[09:02:27] [交易] 已订阅账号 8890145315
[09:02:27] [启动] 长飞光纤 v21 实盘 601869.SH
[09:02:27] [信号] 熊市 开盘Y345.79 ATR11.1% RSI35 量比1.00 乘数0.20 触发Y353.50 
[09:02:27] [因子] 趋势-0.15 波动率-0.17 成交量+0.00 RSI+0.10
[09:02:45] [账户] 持仓:200股 Y69,158(67%) | 可用:Y33,435 | T+0:2手(200股)
[09:02:45] [反T] ✅ 2手 触发Y353.50 买回=卖价×(1-ATR%×0.15) 紧急+3%
[09:02:45] [正T] ❌ 资金不足  1手≈Y34,579
[09:02:45] [等待09:02:45] 距开盘27分15秒
[09:07:46] [等待09:07:46] 距开盘22分14秒
[09:12:46] [等待09:12:46] 距开盘17分14秒
[09:17:46] [等待09:17:46] 距开盘12分14秒
[09:22:46] [等待09:22:46] 距开盘7分14秒
[09:25:06] [盘前09:25:06] 计算信号...
[09:25:06] [信号] 熊市 开盘Y345.79 ATR11.1% RSI35 量比1.00 乘数0.20 触发Y353.50 
[09:25:06] [因子] 趋势-0.15 波动率-0.17 成交量+0.00 RSI+0.10
[09:25:06] [账户] 持仓:200股 Y70,400(67%) | 可用:Y33,435 | T+0:2手(200股)
[09:25:06] [反T] ✅ 2手 触发Y353.50 买回=卖价×(1-ATR%×0.15) 紧急+3%
[09:25:06] [正T] ❌ 资金不足  1手≈Y35,200
[09:26:06] [盘前09:26:06] 距开盘3分54秒
[09:27:06] [盘前09:27:06] 距开盘2分54秒
[09:28:06] [盘前09:28:06] 距开盘1分54秒
[09:29:06] [盘前09:29:06] 距开盘54秒
