============================================================
  日志文件创建: 2026-09-06 17:59:19
  策略版本: v41 (for MiniQMT Evn)
  标的: 601869
============================================================
[17:59:19] [连接] MiniQMT 行情服务已连接
[17:59:19] [START] 长飞光纤 v40 SIGNAL 601869.SH
[17:59:22] [DailyData WARN] tick lastClose 393.46 is one trading day stale; using verified raw close 378.80
[17:59:22] [DATA-HEALTH] last_complete=20260904 expected=20260904 raw_close=378.80 tick_lastClose=393.46 count=80 aligned=True status=OK
[17:59:22] [DATA-FALLBACK] confirmed one-day stale tick lastClose 393.46 -> verified raw close 378.80
[17:59:24] [DATA-HEALTH] last_complete=20260904 expected=20260904 raw_close=378.80 tick_lastClose=378.80 count=80 aligned=True status=OK
[17:59:24] [DATA-DBG] last_complete=20260904 hist_open[-3:]=[392.59, 412.0, 399.66] | tick_open=399.66 | lastClose=378.8 | signal_open=399.66
[17:59:24] [VOLUME-DATA] complete_count=80 tail=[125787.0, 118768.0, 100158.0]
[17:59:24] [SIGNAL] WEAK-BULL | Open Y399.66 | ATR 7.5% | RSI 51 | Vol_ratio 0.71 | Mult 0.70 | Trig Y412.28 [REV-T blocked:sellable 0 sh < 100 sh]
[17:59:24] [VOLUME] last 100158 / prev20_avg 141785 | n=20 | VALID
[17:59:24] [FACTOR] trend +0.05 |  volatility -0.12 |  volume +0.12 |  RSI +0.00 | 
[17:59:24] [ACCOUNT] Position:0 sh Y0(0%) | Cash:Y0 | Sellable:0 lots(0 sh)
[17:59:24] [REV-T] BLOCKED sellable 0 sh < 100 sh
[17:59:24] [FWD-T] BLOCKED insufficient cash for 1 lot; T+1: sellable base shares 0 sh < 100 sh  1 lot≈Y37,880
[17:59:24] [MOM] 2minutes±3.6×ATR in 10 minutes(1.0%~6.0%) 反T买回-1.5% 正T卖回+1.8% MOM_LOT_SIZE(100sh) 上限3次 紧急买回关
[17:59:24] [MOM-CAPACITY] short OFF sellable 0 sh < 100 sh | long OFF insufficient cash for 1 lot; T+1: sellable base shares 0 sh < 100 sh
[17:59:24] [MOM-v40] REV让权开 band 1.20% (仅低于REV阈值) | 自适应回撤开 0.35~0.60% ATR×0.50
[17:59:24] [CLOSE 17:59:24]
[18:04:24] [CLOSE 18:04:24]
[18:09:24] [CLOSE 18:09:24]
[18:14:24] [CLOSE 18:14:24]
[18:19:24] [CLOSE 18:19:24]
[18:24:24] [CLOSE 18:24:24]
[18:29:24] [CLOSE 18:29:24]
[18:34:24] [CLOSE 18:34:24]
[18:39:24] [CLOSE 18:39:24]
[18:39:36] Interrupted by user
[18:39:36] [STOP] 长飞光纤 v41 cum 0 days gross~Y0

============================================================
  日志结束: 2026-09-06 18:39:36
============================================================
