============================================================
  日志文件创建: 2026-08-11 14:33:34
  策略版本: v20 (MiniQMT, 模块化拆分)
  标的: 601869
============================================================
[14:33:37] [连接] MiniQMT 行情服务已连接
[14:33:38] [交易] 已订阅账号 8890145315
[14:33:38] [启动] 长飞光纤 v20 实盘 601869.SH
[14:33:38] [信号] 熊市 开盘Y334.00 ATR10.9% RSI42 量比1.00 乘数0.20 触发Y340.83 ⛔反T禁:
[14:33:38] [因子] 趋势-0.15 波动率-0.11 成交量+0.00 RSI+0.03
[14:33:38] [账户] 持仓:0股 Y0(0%) | 可用:Y100,132 | T+0:0手(0股)
[14:33:38] [反T] ❌ 可用0股<1手
[14:33:38] [正T] ❌ T+1:无可卖持仓  1手≈Y33,588
[14:33:38] [待命] Y335.88 无可用交易方向
[14:38:38] [待命] Y334.50 无可用交易方向
[14:43:38] [待命] Y336.25 无可用交易方向
[14:48:38] [待命] Y336.26 无可用交易方向
[14:48:43] [委托] 买 Y0.00 0/0股 -> 已报
[14:49:11] [委托] 买 Y0.00 0/0股 -> 已撤
[14:49:54] [委托] 买 Y0.00 0/0股 -> 已报
[14:51:24] [成交] 买  Y0.00 x 0股 = Y0
[14:51:24] [委托] 买 Y0.00 0/0股 -> 全成
[14:53:38] [待命] Y336.40 无可用交易方向
[14:58:38] [待命] Y335.90 无可用交易方向
[15:03:43] [收盘15:03:43]
[15:08:43] [收盘15:08:43]
[15:13:43] [收盘15:13:43]
[15:18:43] [收盘15:18:43]
[15:23:43] [收盘15:23:43]
[15:28:43] [收盘15:28:43]
[15:33:43] [收盘15:33:43]
[15:38:43] [收盘15:38:43]
[15:43:43] [收盘15:43:43]
[15:48:43] [收盘15:48:43]
[15:53:43] [收盘15:53:43]
[15:58:43] [收盘15:58:43]
[16:03:43] [收盘16:03:43]
[16:08:43] [收盘16:08:43]
[16:13:43] [收盘16:13:43]
[16:18:43] [收盘16:18:43]
[16:23:43] [收盘16:23:43]
[16:28:43] [收盘16:28:43]
[16:33:43] [收盘16:33:43]
[16:38:43] [收盘16:38:43]
[16:43:44] [收盘16:43:44]
[16:48:44] [收盘16:48:44]
[16:53:44] [收盘16:53:44]
[16:58:44] [收盘16:58:44]
[17:03:44] [收盘17:03:44]
[17:08:44] [收盘17:08:44]
[17:13:44] [收盘17:13:44]
[17:18:44] [收盘17:18:44]
[17:23:44] [收盘17:23:44]
[17:28:44] [收盘17:28:44]
[17:33:44] [收盘17:33:44]
[17:38:44] [收盘17:38:44]
[17:43:44] [收盘17:43:44]
[17:48:44] [收盘17:48:44]
[17:53:44] [收盘17:53:44]
[17:58:44] [收盘17:58:44]
[18:03:44] [收盘18:03:44]
[18:08:44] [收盘18:08:44]
[18:13:44] [收盘18:13:44]
[18:18:44] [收盘18:18:44]
[18:23:44] [收盘18:23:44]
[18:28:44] [收盘18:28:44]
[18:33:44] [收盘18:33:44]
[18:35:19] [账号状态] 8890145315 STOCK: 等待登录
[18:35:35] [账号状态] 8890145315 STOCK: 正常
[18:38:45] [收盘18:38:45]
[18:38:51] [账号状态] 8890145315 STOCK: 等待登录
[18:39:07] [账号状态] 8890145315 STOCK: 正常
[18:42:20] [账号状态] 8890145315 STOCK: 等待登录
[18:42:35] [账号状态] 8890145315 STOCK: 正常
[18:43:55] [收盘18:43:55]
[18:45:50] [账号状态] 8890145315 STOCK: 等待登录
[18:46:06] [账号状态] 8890145315 STOCK: 正常
[18:49:16] [收盘18:49:16]
[18:49:21] [账号状态] 8890145315 STOCK: 等待登录
[18:49:36] [账号状态] 8890145315 STOCK: 正常
[18:52:51] [账号状态] 8890145315 STOCK: 等待登录
[18:53:07] [账号状态] 8890145315 STOCK: 正常
[18:54:18] [收盘18:54:18]
[18:56:29] [账号状态] 8890145315 STOCK: 等待登录
[18:56:45] [账号状态] 8890145315 STOCK: 正常
[18:59:47] [收盘18:59:47]
[18:59:53] [账号状态] 8890145315 STOCK: 等待登录
[19:00:08] [账号状态] 8890145315 STOCK: 正常
[19:03:27] [账号状态] 8890145315 STOCK: 等待登录
[19:03:42] [账号状态] 8890145315 STOCK: 正常
[19:04:51] [收盘19:04:51]
[19:06:55] [账号状态] 8890145315 STOCK: 等待登录
[19:07:10] [账号状态] 8890145315 STOCK: 正常
[19:10:22] [收盘19:10:22]
[19:10:27] [账号状态] 8890145315 STOCK: 等待登录
[19:10:42] [账号状态] 8890145315 STOCK: 正常
[19:13:59] [账号状态] 8890145315 STOCK: 等待登录
[19:14:14] [账号状态] 8890145315 STOCK: 正常
[19:15:31] [收盘19:15:31]
[19:17:29] [账号状态] 8890145315 STOCK: 等待登录
[19:17:44] [账号状态] 8890145315 STOCK: 正常
[19:20:55] [收盘19:20:55]
[19:21:01] [账号状态] 8890145315 STOCK: 等待登录
[19:21:16] [账号状态] 8890145315 STOCK: 正常
[19:24:30] [账号状态] 8890145315 STOCK: 等待登录
[19:24:45] [账号状态] 8890145315 STOCK: 正常
[19:26:05] [收盘19:26:05]
[19:28:02] [账号状态] 8890145315 STOCK: 等待登录
[19:28:17] [账号状态] 8890145315 STOCK: 正常
[19:31:35] [收盘19:31:35]
[19:31:36] [账号状态] 8890145315 STOCK: 等待登录
[19:31:51] [账号状态] 8890145315 STOCK: 正常
[19:35:04] [账号状态] 8890145315 STOCK: 等待登录
[19:35:19] [账号状态] 8890145315 STOCK: 正常
[19:36:36] [收盘19:36:36]
[19:38:34] [账号状态] 8890145315 STOCK: 等待登录
[19:38:49] [账号状态] 8890145315 STOCK: 正常
[19:42:00] [收盘19:42:00]
[19:42:10] [账号状态] 8890145315 STOCK: 等待登录
[19:42:25] [账号状态] 8890145315 STOCK: 正常
[19:45:36] [账号状态] 8890145315 STOCK: 等待登录
[19:45:51] [账号状态] 8890145315 STOCK: 正常
[19:47:09] [收盘19:47:09]
[19:49:08] [账号状态] 8890145315 STOCK: 等待登录
[19:49:23] [账号状态] 8890145315 STOCK: 正常
[19:52:32] [收盘19:52:32]
[19:52:35] [账号状态] 8890145315 STOCK: 等待登录
[19:52:50] [账号状态] 8890145315 STOCK: 正常
[19:56:09] [账号状态] 8890145315 STOCK: 等待登录
[19:56:25] [账号状态] 8890145315 STOCK: 正常
[19:57:33] [收盘19:57:33]
[19:59:42] [账号状态] 8890145315 STOCK: 等待登录
[19:59:57] [账号状态] 8890145315 STOCK: 正常
[20:03:15] [收盘20:03:15]
[20:03:18] [账号状态] 8890145315 STOCK: 等待登录
[20:03:34] [账号状态] 8890145315 STOCK: 正常
[20:06:40] [账号状态] 8890145315 STOCK: 等待登录
[20:06:57] [账号状态] 8890145315 STOCK: 正常
[20:08:24] [收盘20:08:24]
[20:10:12] [账号状态] 8890145315 STOCK: 等待登录
[20:10:27] [账号状态] 8890145315 STOCK: 正常
[20:13:43] [账号状态] 8890145315 STOCK: 等待登录
[20:13:47] [收盘20:13:47]
[20:14:00] [账号状态] 8890145315 STOCK: 正常
[20:15:10] [账号状态] 8890145315 STOCK: 等待登录
[20:18:49] [收盘20:18:49]
[20:22:02] [账号状态] 8890145315 STOCK: 未知(2)
[20:22:02] [账号状态] 8890145315 STOCK: 初始化中
[20:22:03] [账号状态] 8890145315 STOCK: 正常
[20:24:16] [账号状态] 8890145315 STOCK: 等待登录
[20:24:18] [收盘20:24:18]
[20:24:32] [账号状态] 8890145315 STOCK: 正常
[20:27:47] [账号状态] 8890145315 STOCK: 等待登录
[20:28:03] [账号状态] 8890145315 STOCK: 未知(2)
[20:28:03] [账号状态] 8890145315 STOCK: 初始化中
[20:28:03] [账号状态] 8890145315 STOCK: 正常
[20:29:21] [收盘20:29:21]
[20:31:17] [账号状态] 8890145315 STOCK: 等待登录
[20:31:33] [账号状态] 8890145315 STOCK: 未知(2)
[20:31:33] [账号状态] 8890145315 STOCK: 初始化中
[20:31:33] [账号状态] 8890145315 STOCK: 正常
[20:34:54] [收盘20:34:54]
[20:34:57] [账号状态] 8890145315 STOCK: 等待登录
[20:35:12] [账号状态] 8890145315 STOCK: 正常
[20:38:24] [账号状态] 8890145315 STOCK: 等待登录
[20:38:40] [账号状态] 8890145315 STOCK: 正常
[20:39:55] [收盘20:39:55]
[20:41:54] [账号状态] 8890145315 STOCK: 等待登录
[20:42:09] [账号状态] 8890145315 STOCK: 正常
[20:45:23] [账号状态] 8890145315 STOCK: 等待登录
[20:45:26] [收盘20:45:26]
[20:45:39] [账号状态] 8890145315 STOCK: 正常
[20:48:54] [账号状态] 8890145315 STOCK: 等待登录
[20:49:10] [账号状态] 8890145315 STOCK: 正常
[20:50:28] [收盘20:50:28]
[20:52:27] [账号状态] 8890145315 STOCK: 等待登录
[20:53:53] [账号状态] 8890145315 STOCK: 正常
[20:55:59] [收盘20:55:59]
[20:56:04] [账号状态] 8890145315 STOCK: 等待登录
[20:57:42] [账号状态] 8890145315 STOCK: 正常
[20:59:31] [账号状态] 8890145315 STOCK: 等待登录
[20:59:46] [账号状态] 8890145315 STOCK: 正常
[21:01:09] [收盘21:01:09]
[21:03:00] [账号状态] 8890145315 STOCK: 等待登录
[21:03:16] [账号状态] 8890145315 STOCK: 正常
[21:06:33] [收盘21:06:33]
[21:06:38] [账号状态] 8890145315 STOCK: 等待登录
[21:08:14] [账号状态] 8890145315 STOCK: 正常
[21:10:05] [账号状态] 8890145315 STOCK: 等待登录
[21:10:22] [账号状态] 8890145315 STOCK: 正常
[21:11:34] [收盘21:11:34]
[21:13:35] [账号状态] 8890145315 STOCK: 等待登录
[21:13:50] [账号状态] 8890145315 STOCK: 正常
[21:17:06] [账号状态] 8890145315 STOCK: 等待登录
[21:17:07] [收盘21:17:07]
[21:17:21] [账号状态] 8890145315 STOCK: 正常
[21:20:38] [账号状态] 8890145315 STOCK: 等待登录
[21:20:53] [账号状态] 8890145315 STOCK: 正常
[21:22:08] [收盘21:22:08]
[21:24:09] [账号状态] 8890145315 STOCK: 等待登录
[21:24:25] [账号状态] 8890145315 STOCK: 正常
[21:27:40] [收盘21:27:40]
[21:27:42] [账号状态] 8890145315 STOCK: 等待登录
[21:27:57] [账号状态] 8890145315 STOCK: 正常
[21:31:11] [账号状态] 8890145315 STOCK: 等待登录
[21:31:27] [账号状态] 8890145315 STOCK: 正常
[21:32:49] [收盘21:32:49]
[21:34:41] [账号状态] 8890145315 STOCK: 等待登录
[21:35:01] [账号状态] 8890145315 STOCK: 正常
[21:38:14] [收盘21:38:14]
[21:38:14] [账号状态] 8890145315 STOCK: 等待登录
[21:38:29] [账号状态] 8890145315 STOCK: 正常
[21:41:45] [账号状态] 8890145315 STOCK: 等待登录
[21:42:00] [账号状态] 8890145315 STOCK: 正常
[21:43:24] [收盘21:43:24]
[21:45:15] [账号状态] 8890145315 STOCK: 等待登录
[21:45:31] [账号状态] 8890145315 STOCK: 正常
[21:48:42] [收盘21:48:42]
[21:48:45] [账号状态] 8890145315 STOCK: 等待登录
[21:49:01] [账号状态] 8890145315 STOCK: 正常
[21:52:15] [账号状态] 8890145315 STOCK: 等待登录
[21:52:31] [账号状态] 8890145315 STOCK: 正常
[21:53:45] [收盘21:53:45]
[21:55:47] [账号状态] 8890145315 STOCK: 等待登录
[21:56:02] [账号状态] 8890145315 STOCK: 正常
[21:59:20] [收盘21:59:20]
[21:59:23] [账号状态] 8890145315 STOCK: 等待登录
[21:59:39] [账号状态] 8890145315 STOCK: 正常
[22:02:58] [账号状态] 8890145315 STOCK: 等待登录
[22:03:13] [账号状态] 8890145315 STOCK: 正常
[22:04:28] [收盘22:04:28]
[22:06:21] [账号状态] 8890145315 STOCK: 等待登录
[22:06:38] [账号状态] 8890145315 STOCK: 正常
[22:09:49] [收盘22:09:49]
[22:09:51] [账号状态] 8890145315 STOCK: 等待登录
[22:10:07] [账号状态] 8890145315 STOCK: 正常
[22:13:25] [账号状态] 8890145315 STOCK: 等待登录
[22:13:40] [账号状态] 8890145315 STOCK: 正常
[22:14:51] [收盘22:14:51]
[22:16:57] [账号状态] 8890145315 STOCK: 等待登录
[22:17:12] [账号状态] 8890145315 STOCK: 正常
[22:20:21] [收盘22:20:21]
[22:20:28] [账号状态] 8890145315 STOCK: 等待登录
[22:20:43] [账号状态] 8890145315 STOCK: 正常
[22:23:56] [账号状态] 8890145315 STOCK: 等待登录
[22:24:12] [账号状态] 8890145315 STOCK: 正常
[22:25:30] [收盘22:25:30]
[22:27:25] [账号状态] 8890145315 STOCK: 等待登录
[22:27:40] [账号状态] 8890145315 STOCK: 正常
[22:30:54] [收盘22:30:54]
[22:30:59] [账号状态] 8890145315 STOCK: 等待登录
[22:31:14] [账号状态] 8890145315 STOCK: 正常
[22:34:48] [账号状态] 8890145315 STOCK: 等待登录
[22:35:04] [账号状态] 8890145315 STOCK: 正常
[22:35:19] [账号状态] 8890145315 STOCK: 等待登录
[22:35:34] [账号状态] 8890145315 STOCK: 正常
[22:35:58] [收盘22:35:58]
[22:38:03] [账号状态] 8890145315 STOCK: 等待登录
[22:38:18] [账号状态] 8890145315 STOCK: 正常
[22:41:28] [收盘22:41:28]
[22:41:32] [账号状态] 8890145315 STOCK: 等待登录
[22:41:47] [账号状态] 8890145315 STOCK: 正常
[22:45:03] [账号状态] 8890145315 STOCK: 等待登录
[22:45:18] [账号状态] 8890145315 STOCK: 正常
[22:46:31] [收盘22:46:31]
[22:48:37] [账号状态] 8890145315 STOCK: 等待登录
[22:48:52] [账号状态] 8890145315 STOCK: 正常
[22:52:09] [收盘22:52:09]
[22:52:09] [账号状态] 8890145315 STOCK: 等待登录
[22:52:24] [账号状态] 8890145315 STOCK: 正常
[22:55:43] [账号状态] 8890145315 STOCK: 等待登录
[22:55:58] [账号状态] 8890145315 STOCK: 正常
[22:57:18] [收盘22:57:18]
[22:59:07] [账号状态] 8890145315 STOCK: 等待登录
[22:59:22] [账号状态] 8890145315 STOCK: 正常
[23:02:41] [收盘23:02:41]
[23:02:41] [账号状态] 8890145315 STOCK: 等待登录
[23:02:56] [账号状态] 8890145315 STOCK: 正常
[23:06:09] [账号状态] 8890145315 STOCK: 等待登录
[23:06:24] [账号状态] 8890145315 STOCK: 正常
[23:07:42] [收盘23:07:42]
[23:09:45] [账号状态] 8890145315 STOCK: 等待登录
[23:10:00] [账号状态] 8890145315 STOCK: 正常
[23:13:04] [收盘23:13:04]
[23:13:09] [账号状态] 8890145315 STOCK: 等待登录
[23:13:24] [账号状态] 8890145315 STOCK: 正常
[23:16:46] [账号状态] 8890145315 STOCK: 等待登录
[23:17:01] [账号状态] 8890145315 STOCK: 正常
[23:18:05] [收盘23:18:05]
[23:20:16] [账号状态] 8890145315 STOCK: 等待登录
[23:20:31] [账号状态] 8890145315 STOCK: 正常
[23:23:45] [收盘23:23:45]
[23:23:45] [账号状态] 8890145315 STOCK: 等待登录
[23:24:01] [账号状态] 8890145315 STOCK: 正常
[23:27:15] [账号状态] 8890145315 STOCK: 等待登录
[23:27:31] [账号状态] 8890145315 STOCK: 正常
[23:28:54] [收盘23:28:54]
[23:30:47] [账号状态] 8890145315 STOCK: 等待登录
[23:31:02] [账号状态] 8890145315 STOCK: 正常
[23:34:17] [账号状态] 8890145315 STOCK: 等待登录
[23:34:20] [收盘23:34:20]
[23:34:32] [账号状态] 8890145315 STOCK: 正常
[23:34:36] [账号状态] 8890145315 STOCK: 等待登录
[23:34:51] [账号状态] 8890145315 STOCK: 正常
[23:37:49] [账号状态] 8890145315 STOCK: 等待登录
[23:38:04] [账号状态] 8890145315 STOCK: 正常
[23:39:21] [收盘23:39:21]
[23:41:18] [账号状态] 8890145315 STOCK: 等待登录
[23:41:35] [账号状态] 8890145315 STOCK: 正常
[23:44:51] [账号状态] 8890145315 STOCK: 等待登录
[23:44:51] [收盘23:44:51]
[23:45:06] [账号状态] 8890145315 STOCK: 正常
[23:48:20] [账号状态] 8890145315 STOCK: 等待登录
[23:48:35] [账号状态] 8890145315 STOCK: 正常
[23:49:54] [收盘23:49:54]
[23:51:54] [账号状态] 8890145315 STOCK: 等待登录
[23:52:10] [账号状态] 8890145315 STOCK: 正常
[23:55:27] [收盘23:55:27]
[23:55:27] [账号状态] 8890145315 STOCK: 等待登录
[23:55:43] [账号状态] 8890145315 STOCK: 正常
[23:58:59] [账号状态] 8890145315 STOCK: 等待登录
[23:59:15] [账号状态] 8890145315 STOCK: 正常
[00:00:06] [信号] 熊市 开盘Y334.00 ATR10.9% RSI42 量比1.00 乘数0.20 触发Y340.83 
[00:00:06] [因子] 趋势-0.15 波动率-0.11 成交量+0.00 RSI+0.03
[00:00:06] [账户] 持仓:200股 Y67,184(67%) | 可用:Y32,853 | T+0:2手(200股)
[00:00:06] [反T] ✅ 2手 触发Y340.83 买回=卖价×(1-ATR%×0.15) 紧急+3%
[00:00:06] [正T] ❌ 资金不足  1手≈Y33,592
[00:00:36] [等待00:00:36] 距开盘9时29分
[00:02:26] [账号状态] 8890145315 STOCK: 等待登录
[00:02:42] [账号状态] 8890145315 STOCK: 正常
[00:05:54] [账号状态] 8890145315 STOCK: 等待登录
[00:05:58] [等待00:05:58] 距开盘9时24分
[00:06:12] [账号状态] 8890145315 STOCK: 正常
[00:09:25] [账号状态] 8890145315 STOCK: 等待登录
[00:09:41] [账号状态] 8890145315 STOCK: 正常
[00:10:59] [等待00:10:59] 距开盘9时19分
[00:13:01] [账号状态] 8890145315 STOCK: 等待登录
[00:13:16] [账号状态] 8890145315 STOCK: 正常
[00:16:29] [等待00:16:29] 距开盘9时13分
[00:16:32] [账号状态] 8890145315 STOCK: 等待登录
[00:16:47] [账号状态] 8890145315 STOCK: 正常
[00:19:59] [账号状态] 8890145315 STOCK: 等待登录
[00:20:15] [账号状态] 8890145315 STOCK: 正常
[00:21:38] [等待00:21:38] 距开盘9时8分
[00:23:26] [账号状态] 8890145315 STOCK: 等待登录
[00:23:43] [账号状态] 8890145315 STOCK: 正常
[00:27:01] [等待00:27:01] 距开盘9时2分
[00:27:11] [账号状态] 8890145315 STOCK: 等待登录
[00:27:26] [账号状态] 8890145315 STOCK: 正常
[00:31:25] [账号状态] 8890145315 STOCK: 等待登录
[00:31:40] [账号状态] 8890145315 STOCK: 正常
[00:32:03] [等待00:32:03] 距开盘8时57分
[00:34:40] [账号状态] 8890145315 STOCK: 等待登录
[00:34:56] [账号状态] 8890145315 STOCK: 正常
[00:38:01] [等待00:38:01] 距开盘8时51分
[00:38:05] [账号状态] 8890145315 STOCK: 等待登录
[00:38:20] [账号状态] 8890145315 STOCK: 正常
[00:41:34] [账号状态] 8890145315 STOCK: 等待登录
[00:41:49] [账号状态] 8890145315 STOCK: 正常
[00:43:04] [等待00:43:04] 距开盘8时46分
[00:45:07] [账号状态] 8890145315 STOCK: 等待登录
[00:45:22] [账号状态] 8890145315 STOCK: 正常
[00:48:35] [等待00:48:35] 距开盘8时41分
[00:48:38] [账号状态] 8890145315 STOCK: 等待登录
[00:48:54] [账号状态] 8890145315 STOCK: 正常
[00:52:09] [账号状态] 8890145315 STOCK: 等待登录
[00:52:24] [账号状态] 8890145315 STOCK: 正常
[00:53:45] [等待00:53:45] 距开盘8时36分
[00:55:41] [账号状态] 8890145315 STOCK: 等待登录
[00:55:56] [账号状态] 8890145315 STOCK: 正常
[00:59:09] [等待00:59:09] 距开盘8时30分
[00:59:11] [账号状态] 8890145315 STOCK: 等待登录
[00:59:26] [账号状态] 8890145315 STOCK: 正常
[01:02:43] [账号状态] 8890145315 STOCK: 等待登录
[01:02:58] [账号状态] 8890145315 STOCK: 正常
[01:04:10] [等待01:04:10] 距开盘8时25分
[01:06:14] [账号状态] 8890145315 STOCK: 等待登录
[01:06:29] [账号状态] 8890145315 STOCK: 正常
[01:09:38] [等待01:09:38] 距开盘8时20分
[01:09:47] [账号状态] 8890145315 STOCK: 等待登录
[01:10:03] [账号状态] 8890145315 STOCK: 正常
[01:13:16] [账号状态] 8890145315 STOCK: 等待登录
[01:13:31] [账号状态] 8890145315 STOCK: 正常
[01:14:40] [等待01:14:40] 距开盘8时15分
[01:16:45] [账号状态] 8890145315 STOCK: 等待登录
[01:17:01] [账号状态] 8890145315 STOCK: 正常
[01:20:13] [等待01:20:13] 距开盘8时9分
[01:20:18] [账号状态] 8890145315 STOCK: 等待登录
[01:20:34] [账号状态] 8890145315 STOCK: 正常
[01:23:47] [账号状态] 8890145315 STOCK: 等待登录
[01:24:02] [账号状态] 8890145315 STOCK: 正常
[01:25:22] [等待01:25:22] 距开盘8时4分
[01:27:18] [账号状态] 8890145315 STOCK: 等待登录
[01:27:33] [账号状态] 8890145315 STOCK: 正常
[01:30:44] [等待01:30:44] 距开盘7时59分
[01:30:47] [账号状态] 8890145315 STOCK: 等待登录
[01:31:02] [账号状态] 8890145315 STOCK: 正常
[01:34:19] [账号状态] 8890145315 STOCK: 等待登录
[01:34:34] [账号状态] 8890145315 STOCK: 正常
[01:35:45] [等待01:35:45] 距开盘7时54分
[01:37:50] [账号状态] 8890145315 STOCK: 等待登录
[01:39:30] [账号状态] 8890145315 STOCK: 正常
[01:41:22] [账号状态] 8890145315 STOCK: 等待登录
[01:41:25] [等待01:41:25] 距开盘7时48分
[01:41:38] [账号状态] 8890145315 STOCK: 正常
[01:44:50] [账号状态] 8890145315 STOCK: 等待登录
[01:45:05] [账号状态] 8890145315 STOCK: 正常
[01:46:32] [等待01:46:32] 距开盘7时43分
[01:48:22] [账号状态] 8890145315 STOCK: 等待登录
[01:48:38] [账号状态] 8890145315 STOCK: 正常
[01:51:47] [等待01:51:47] 距开盘7时38分
[01:51:52] [账号状态] 8890145315 STOCK: 等待登录
[01:52:07] [账号状态] 8890145315 STOCK: 正常
[01:55:27] [账号状态] 8890145315 STOCK: 等待登录
[01:55:43] [账号状态] 8890145315 STOCK: 正常
[01:56:57] [等待01:56:57] 距开盘7时33分
[01:58:54] [账号状态] 8890145315 STOCK: 等待登录
[01:59:09] [账号状态] 8890145315 STOCK: 正常
[02:02:25] [等待02:02:25] 距开盘7时27分
[02:02:28] [账号状态] 8890145315 STOCK: 等待登录
[02:02:43] [账号状态] 8890145315 STOCK: 正常
[02:05:57] [账号状态] 8890145315 STOCK: 等待登录
[02:06:12] [账号状态] 8890145315 STOCK: 正常
[02:07:28] [等待02:07:28] 距开盘7时22分
[02:09:25] [账号状态] 8890145315 STOCK: 等待登录
[02:09:40] [账号状态] 8890145315 STOCK: 正常
[02:12:59] [等待02:12:59] 距开盘7时17分
[02:13:01] [账号状态] 8890145315 STOCK: 等待登录
[02:13:16] [账号状态] 8890145315 STOCK: 正常
[02:16:27] [账号状态] 8890145315 STOCK: 等待登录
[02:16:42] [账号状态] 8890145315 STOCK: 正常
[02:18:08] [等待02:18:08] 距开盘7时11分
[02:19:59] [账号状态] 8890145315 STOCK: 等待登录
[02:20:15] [账号状态] 8890145315 STOCK: 正常
[02:23:30] [账号状态] 8890145315 STOCK: 等待登录
[02:23:34] [等待02:23:34] 距开盘7时6分
[02:23:46] [账号状态] 8890145315 STOCK: 正常
[02:27:07] [账号状态] 8890145315 STOCK: 等待登录
[02:27:22] [账号状态] 8890145315 STOCK: 正常
[02:28:35] [等待02:28:35] 距开盘7时1分
[02:30:33] [账号状态] 8890145315 STOCK: 等待登录
[02:30:48] [账号状态] 8890145315 STOCK: 正常
[02:34:03] [等待02:34:03] 距开盘6时55分
[02:34:06] [账号状态] 8890145315 STOCK: 等待登录
[02:34:21] [账号状态] 8890145315 STOCK: 正常
[02:37:33] [账号状态] 8890145315 STOCK: 等待登录
[02:37:48] [账号状态] 8890145315 STOCK: 正常
[02:39:07] [等待02:39:07] 距开盘6时50分
[02:41:06] [账号状态] 8890145315 STOCK: 等待登录
[02:41:21] [账号状态] 8890145315 STOCK: 正常
[02:44:40] [等待02:44:40] 距开盘6时45分
[02:44:43] [账号状态] 8890145315 STOCK: 等待登录
[02:44:58] [账号状态] 8890145315 STOCK: 正常
[02:48:10] [账号状态] 8890145315 STOCK: 等待登录
[02:48:25] [账号状态] 8890145315 STOCK: 正常
[02:49:50] [等待02:49:50] 距开盘6时40分
[02:51:44] [账号状态] 8890145315 STOCK: 等待登录
[02:51:59] [账号状态] 8890145315 STOCK: 正常
[02:55:09] [账号状态] 8890145315 STOCK: 等待登录
[02:55:11] [等待02:55:11] 距开盘6时34分
[02:55:24] [账号状态] 8890145315 STOCK: 正常
[02:58:46] [账号状态] 8890145315 STOCK: 等待登录
[02:59:02] [账号状态] 8890145315 STOCK: 正常
[03:00:13] [等待03:00:13] 距开盘6时29分
[03:02:14] [账号状态] 8890145315 STOCK: 等待登录
[03:02:29] [账号状态] 8890145315 STOCK: 正常
[03:05:42] [等待03:05:42] 距开盘6时24分
[03:05:46] [账号状态] 8890145315 STOCK: 等待登录
[03:06:01] [账号状态] 8890145315 STOCK: 正常
[03:09:18] [账号状态] 8890145315 STOCK: 等待登录
[03:09:34] [账号状态] 8890145315 STOCK: 正常
[03:10:46] [等待03:10:46] 距开盘6时19分
[03:12:46] [账号状态] 8890145315 STOCK: 等待登录
[03:16:17] [等待03:16:17] 距开盘6时13分
[03:21:26] [等待03:21:26] 距开盘6时8分
[03:26:48] [等待03:26:48] 距开盘6时3分
[03:31:50] [等待03:31:50] 距开盘5时58分
[03:37:21] [等待03:37:21] 距开盘5时52分
[03:42:30] [等待03:42:30] 距开盘5时47分
[03:47:57] [等待03:47:57] 距开盘5时42分
[03:52:58] [等待03:52:58] 距开盘5时37分
[03:58:26] [等待03:58:26] 距开盘5时31分
[04:03:29] [等待04:03:29] 距开盘5时26分
[04:09:01] [等待04:09:01] 距开盘5时20分
[04:14:11] [等待04:14:11] 距开盘5时15分
[04:19:31] [等待04:19:31] 距开盘5时10分
[04:24:32] [等待04:24:32] 距开盘5时5分
[04:30:12] [等待04:30:12] 距开盘4时59分
[04:35:15] [等待04:35:15] 距开盘4时54分
[04:40:38] [等待04:40:38] 距开盘4时49分
[04:45:39] [等待04:45:39] 距开盘4时44分
[04:51:09] [等待04:51:09] 距开盘4时38分
[04:56:11] [等待04:56:11] 距开盘4时33分
[05:01:51] [等待05:01:51] 距开盘4时28分
[05:07:00] [等待05:07:00] 距开盘4时23分
[05:12:24] [等待05:12:24] 距开盘4时17分
[05:17:25] [等待05:17:25] 距开盘4时12分
[05:22:47] [等待05:22:47] 距开盘4时7分
[05:27:49] [等待05:27:49] 距开盘4时2分
[05:33:29] [等待05:33:29] 距开盘3时56分
[05:38:38] [等待05:38:38] 距开盘3时51分
[05:44:03] [等待05:44:03] 距开盘3时45分
[05:49:04] [等待05:49:04] 距开盘3时40分
[05:54:33] [等待05:54:33] 距开盘3时35分
[05:59:35] [等待05:59:35] 距开盘3时30分
[06:05:08] [等待06:05:08] 距开盘3时24分
[06:10:17] [等待06:10:17] 距开盘3时19分
[06:15:38] [等待06:15:38] 距开盘3时14分
[06:20:39] [等待06:20:39] 距开盘3时9分
[06:26:10] [等待06:26:10] 距开盘3时3分
[06:31:13] [等待06:31:13] 距开盘2时58分
[06:36:43] [等待06:36:43] 距开盘2时53分
[06:41:53] [等待06:41:53] 距开盘2时48分
[06:47:18] [等待06:47:18] 距开盘2时42分
[06:52:19] [等待06:52:19] 距开盘2时37分
[06:57:47] [等待06:57:47] 距开盘2时32分
[07:02:50] [等待07:02:50] 距开盘2时27分
[07:08:23] [等待07:08:23] 距开盘2时21分
[07:13:24] [等待07:13:24] 距开盘2时16分
[07:18:54] [等待07:18:54] 距开盘2时11分
[07:23:56] [等待07:23:56] 距开盘2时6分
[07:29:24] [等待07:29:24] 距开盘2时0分
[07:34:33] [等待07:34:33] 距开盘1时55分
[07:40:24] [等待07:40:24] 距开盘1时49分
[07:45:33] [等待07:45:33] 距开盘1时44分
[07:50:56] [等待07:50:56] 距开盘1时39分
[07:55:57] [等待07:55:57] 距开盘1时34分
[08:01:38] [等待08:01:38] 距开盘1时28分
[08:06:45] [等待08:06:45] 距开盘1时23分
[08:12:09] [等待08:12:09] 距开盘1时17分
[08:17:19] [等待08:17:19] 距开盘1时12分
[08:22:31] [等待08:22:31] 距开盘1时7分
[08:27:32] [等待08:27:32] 距开盘1时2分
[08:33:11] [等待08:33:11] 距开盘56分49秒
[08:38:14] [等待08:38:14] 距开盘51分46秒
[08:43:48] [等待08:43:48] 距开盘46分12秒
[08:48:58] [等待08:48:58] 距开盘41分2秒
[08:54:20] [等待08:54:20] 距开盘35分40秒
[08:59:23] [等待08:59:23] 距开盘30分37秒
[09:04:55] [等待09:04:55] 距开盘25分5秒
[09:09:55] [等待09:09:55] 距开盘20分5秒
[09:14:17] [账号状态] 8890145315 STOCK: 未知(2)
[09:14:17] [账号状态] 8890145315 STOCK: 初始化中
[09:14:18] [账号状态] 8890145315 STOCK: 正常
[09:14:55] [等待09:14:55] 距开盘15分5秒
