============================================================
  日志文件创建: 2026-08-13 11:31:02
  策略版本: v22 (MiniQMT, 模块化拆分)
  标的: 601869
============================================================
[11:31:08] [连接] MiniQMT 行情服务已连接
[11:31:09] [交易] 已订阅账号 8890145315
[11:31:09] [START] 长飞光纤 v22 LIVE 601869.SH
[11:31:09] [SIGNAL] BEAR open Y352.00 ATR11.1% RSI35 vol_ratio1.00 mult0.20 trig Y355.92 
[11:31:09] [FACTOR] trend-0.15 volatility-0.17 volume+0.00 RSI+0.10
[11:31:09] [ACCOUNT] pos:100 sh Y35,050(34%) | cash:Y68,604 | T+0:1 lots(100 sh)
[11:31:09] [REV-T] ✅ 1 lots trig Y355.92 buyback=sell×(1-ATR%×0.15) emerg +3%
[11:31:09] [FWD-T] ✅ 1 lots buy Y343.49 sell Y347.61(+1.2%) 1 lot≈Y35,050
[11:31:09] [LUNCH 11:31:09]
[11:36:09] [LUNCH 11:36:09]
[11:41:09] [LUNCH 11:41:09]
[11:46:09] [LUNCH 11:46:09]
[11:51:09] [LUNCH 11:51:09]
[11:56:09] [LUNCH 11:56:09]
[12:01:09] [LUNCH 12:01:09]
[12:06:09] [LUNCH 12:06:09]
[12:11:09] [LUNCH 12:11:09]
[12:16:09] [LUNCH 12:16:09]
[12:17:17] [账号状态] 8890145315 STOCK: 等待登录
[12:17:47] [账号状态] 8890145315 STOCK: 未知(2)
[12:17:47] [账号状态] 8890145315 STOCK: 初始化中
[12:17:48] [账号状态] 8890145315 STOCK: 正常
[12:20:52] [账号状态] 8890145315 STOCK: 等待登录
[12:21:09] [LUNCH 12:21:09]
[12:26:11] [LUNCH 12:26:11]
[12:31:21] [LUNCH 12:31:21]
[12:36:24] [LUNCH 12:36:24]
[12:41:57] [LUNCH 12:41:57]
[12:47:05] [LUNCH 12:47:05]
[12:52:25] [LUNCH 12:52:25]
[12:57:26] [LUNCH 12:57:26]
[13:00:06] [OPEN] [Y350.50] [REV-T trig Y355.92(need +1.55%)] [FWD-T trig Y343.49(need -2.00%)]
[13:00:06] [HB] IDLE Y350.50 REV-T: need +5.42 to Y355.92 | FWD-T: need -7.01 to Y343.49
[13:01:06] [HB] IDLE Y350.50 REV-T: need +5.42 to Y355.92 | FWD-T: need -7.01 to Y343.49
[13:02:52] [HB] IDLE Y350.50 REV-T: need +5.42 to Y355.92 | FWD-T: need -7.01 to Y343.49
[13:03:52] [HB] IDLE Y350.50 REV-T: need +5.42 to Y355.92 | FWD-T: need -7.01 to Y343.49
[13:04:52] [HB] IDLE Y350.50 REV-T: need +5.42 to Y355.92 | FWD-T: need -7.01 to Y343.49
[13:06:21] [HB] IDLE Y350.50 REV-T: need +5.42 to Y355.92 | FWD-T: need -7.01 to Y343.49
[13:07:21] [HB] IDLE Y350.50 REV-T: need +5.42 to Y355.92 | FWD-T: need -7.01 to Y343.49
[13:08:21] [HB] IDLE Y350.50 REV-T: need +5.42 to Y355.92 | FWD-T: need -7.01 to Y343.49
[13:09:50] [HB] IDLE Y350.50 REV-T: need +5.42 to Y355.92 | FWD-T: need -7.01 to Y343.49
[13:10:50] [HB] IDLE Y350.50 REV-T: need +5.42 to Y355.92 | FWD-T: need -7.01 to Y343.49
[13:11:50] [HB] IDLE Y350.50 REV-T: need +5.42 to Y355.92 | FWD-T: need -7.01 to Y343.49
[13:13:23] [HB] IDLE Y350.50 REV-T: need +5.42 to Y355.92 | FWD-T: need -7.01 to Y343.49
[13:14:23] [HB] IDLE Y350.50 REV-T: need +5.42 to Y355.92 | FWD-T: need -7.01 to Y343.49
[13:15:23] [HB] IDLE Y350.50 REV-T: need +5.42 to Y355.92 | FWD-T: need -7.01 to Y343.49
[13:16:54] [HB] IDLE Y350.50 REV-T: need +5.42 to Y355.92 | FWD-T: need -7.01 to Y343.49
[13:17:54] [HB] IDLE Y350.50 REV-T: need +5.42 to Y355.92 | FWD-T: need -7.01 to Y343.49
[13:18:54] [HB] IDLE Y350.50 REV-T: need +5.42 to Y355.92 | FWD-T: need -7.01 to Y343.49
[13:20:25] [HB] IDLE Y350.50 REV-T: need +5.42 to Y355.92 | FWD-T: need -7.01 to Y343.49
[13:21:25] [HB] IDLE Y350.50 REV-T: need +5.42 to Y355.92 | FWD-T: need -7.01 to Y343.49
[13:22:25] [HB] IDLE Y350.50 REV-T: need +5.42 to Y355.92 | FWD-T: need -7.01 to Y343.49
[13:23:55] [HB] IDLE Y350.50 REV-T: need +5.42 to Y355.92 | FWD-T: need -7.01 to Y343.49
[13:24:55] [HB] IDLE Y350.50 REV-T: need +5.42 to Y355.92 | FWD-T: need -7.01 to Y343.49
[13:25:55] [HB] IDLE Y350.50 REV-T: need +5.42 to Y355.92 | FWD-T: need -7.01 to Y343.49
[13:27:24] [HB] IDLE Y350.50 REV-T: need +5.42 to Y355.92 | FWD-T: need -7.01 to Y343.49
[13:28:24] [HB] IDLE Y350.50 REV-T: need +5.42 to Y355.92 | FWD-T: need -7.01 to Y343.49
[13:29:24] [HB] IDLE Y350.50 REV-T: need +5.42 to Y355.92 | FWD-T: need -7.01 to Y343.49
[13:30:56] [HB] IDLE Y350.50 REV-T: need +5.42 to Y355.92 | FWD-T: need -7.01 to Y343.49
[13:31:56] [HB] IDLE Y350.50 REV-T: need +5.42 to Y355.92 | FWD-T: need -7.01 to Y343.49
[13:32:56] [HB] IDLE Y350.50 REV-T: need +5.42 to Y355.92 | FWD-T: need -7.01 to Y343.49
[13:34:29] [HB] IDLE Y350.50 REV-T: need +5.42 to Y355.92 | FWD-T: need -7.01 to Y343.49
[13:35:29] [HB] IDLE Y350.50 REV-T: need +5.42 to Y355.92 | FWD-T: need -7.01 to Y343.49
[13:36:29] [HB] IDLE Y350.50 REV-T: need +5.42 to Y355.92 | FWD-T: need -7.01 to Y343.49
[13:37:59] [HB] IDLE Y350.50 REV-T: need +5.42 to Y355.92 | FWD-T: need -7.01 to Y343.49
[13:38:59] [HB] IDLE Y350.50 REV-T: need +5.42 to Y355.92 | FWD-T: need -7.01 to Y343.49
[13:39:59] [HB] IDLE Y350.50 REV-T: need +5.42 to Y355.92 | FWD-T: need -7.01 to Y343.49
[13:41:28] [HB] IDLE Y350.50 REV-T: need +5.42 to Y355.92 | FWD-T: need -7.01 to Y343.49
[13:42:28] [HB] IDLE Y350.50 REV-T: need +5.42 to Y355.92 | FWD-T: need -7.01 to Y343.49
[13:43:28] [HB] IDLE Y350.50 REV-T: need +5.42 to Y355.92 | FWD-T: need -7.01 to Y343.49
[13:44:28] [HB] IDLE Y350.50 REV-T: need +5.42 to Y355.92 | FWD-T: need -7.01 to Y343.49
[13:45:28] [HB] IDLE Y350.50 REV-T: need +5.42 to Y355.92 | FWD-T: need -7.01 to Y343.49
[13:46:29] [HB] IDLE Y350.50 REV-T: need +5.42 to Y355.92 | FWD-T: need -7.01 to Y343.49
[13:47:29] [HB] IDLE Y350.50 REV-T: need +5.42 to Y355.92 | FWD-T: need -7.01 to Y343.49
[13:48:29] [HB] IDLE Y350.50 REV-T: need +5.42 to Y355.92 | FWD-T: need -7.01 to Y343.49
[13:49:29] [HB] IDLE Y350.50 REV-T: need +5.42 to Y355.92 | FWD-T: need -7.01 to Y343.49
[13:50:29] [HB] IDLE Y350.50 REV-T: need +5.42 to Y355.92 | FWD-T: need -7.01 to Y343.49
[13:51:29] [HB] IDLE Y350.50 REV-T: need +5.42 to Y355.92 | FWD-T: need -7.01 to Y343.49
[13:52:29] [HB] IDLE Y350.50 REV-T: need +5.42 to Y355.92 | FWD-T: need -7.01 to Y343.49
[13:53:29] [HB] IDLE Y350.50 REV-T: need +5.42 to Y355.92 | FWD-T: need -7.01 to Y343.49
[13:54:29] [HB] IDLE Y350.50 REV-T: need +5.42 to Y355.92 | FWD-T: need -7.01 to Y343.49
[13:55:29] [HB] IDLE Y350.50 REV-T: need +5.42 to Y355.92 | FWD-T: need -7.01 to Y343.49
[13:56:30] [HB] IDLE Y350.50 REV-T: need +5.42 to Y355.92 | FWD-T: need -7.01 to Y343.49
[13:57:30] [HB] IDLE Y350.50 REV-T: need +5.42 to Y355.92 | FWD-T: need -7.01 to Y343.49
[13:58:30] [HB] IDLE Y350.50 REV-T: need +5.42 to Y355.92 | FWD-T: need -7.01 to Y343.49
[13:59:17] [账号状态] 8890145315 STOCK: 正常
[13:59:30] [HB] IDLE Y346.29 REV-T: need +9.63 to Y355.92 | FWD-T: need -2.80 to Y343.49
[14:00:30] [HB] IDLE Y346.65 REV-T: need +9.27 to Y355.92 | FWD-T: need -3.16 to Y343.49
[14:01:30] [HB] IDLE Y346.54 REV-T: need +9.38 to Y355.92 | FWD-T: need -3.05 to Y343.49
[14:02:30] [HB] IDLE Y347.50 REV-T: need +8.42 to Y355.92 | FWD-T: need -4.01 to Y343.49
[14:03:30] [HB] IDLE Y347.30 REV-T: need +8.62 to Y355.92 | FWD-T: need -3.81 to Y343.49
[14:04:30] [HB] IDLE Y347.16 REV-T: need +8.76 to Y355.92 | FWD-T: need -3.67 to Y343.49
[14:05:30] [HB] IDLE Y347.81 REV-T: need +8.11 to Y355.92 | FWD-T: need -4.32 to Y343.49
[14:06:30] [HB] IDLE Y347.34 REV-T: need +8.58 to Y355.92 | FWD-T: need -3.85 to Y343.49
[14:07:30] [HB] IDLE Y348.67 REV-T: need +7.25 to Y355.92 | FWD-T: need -5.18 to Y343.49
[14:08:31] [HB] IDLE Y347.63 REV-T: need +8.29 to Y355.92 | FWD-T: need -4.14 to Y343.49
[14:09:31] [HB] IDLE Y347.35 REV-T: need +8.57 to Y355.92 | FWD-T: need -3.86 to Y343.49
[14:10:31] [HB] IDLE Y347.10 REV-T: need +8.82 to Y355.92 | FWD-T: need -3.61 to Y343.49
[14:11:31] [HB] IDLE Y347.00 REV-T: need +8.92 to Y355.92 | FWD-T: need -3.51 to Y343.49
[14:12:31] [HB] IDLE Y346.50 REV-T: need +9.42 to Y355.92 | FWD-T: need -3.01 to Y343.49
[14:13:31] [HB] IDLE Y346.48 REV-T: need +9.44 to Y355.92 | FWD-T: need -2.99 to Y343.49
[14:14:31] [HB] IDLE Y346.22 REV-T: need +9.70 to Y355.92 | FWD-T: need -2.73 to Y343.49
[14:15:31] [HB] IDLE Y346.14 REV-T: need +9.78 to Y355.92 | FWD-T: need -2.65 to Y343.49
[14:16:31] [HB] IDLE Y345.99 REV-T: need +9.93 to Y355.92 | FWD-T: need -2.50 to Y343.49
[14:17:31] [HB] IDLE Y346.00 REV-T: need +9.92 to Y355.92 | FWD-T: need -2.51 to Y343.49
[14:18:31] [HB] IDLE Y345.61 REV-T: need +10.31 to Y355.92 | FWD-T: need -2.12 to Y343.49
[14:19:31] [HB] IDLE Y345.56 REV-T: need +10.36 to Y355.92 | FWD-T: need -2.07 to Y343.49
[14:20:31] [HB] IDLE Y345.11 REV-T: need +10.81 to Y355.92 | FWD-T: need -1.62 to Y343.49
[14:21:31] [HB] IDLE Y344.00 REV-T: need +11.92 to Y355.92 | FWD-T: need -0.51 to Y343.49
[14:22:32] [HB] IDLE Y343.81 REV-T: need +12.11 to Y355.92 | FWD-T: need -0.32 to Y343.49
[14:23:32] [HB] IDLE Y345.11 REV-T: need +10.81 to Y355.92 | FWD-T: need -1.62 to Y343.49
[14:24:32] [HB] IDLE Y345.38 REV-T: need +10.54 to Y355.92 | FWD-T: need -1.89 to Y343.49
[14:25:32] [HB] IDLE Y344.65 REV-T: need +11.27 to Y355.92 | FWD-T: need -1.16 to Y343.49
[14:26:32] [HB] IDLE Y344.40 REV-T: need +11.52 to Y355.92 | FWD-T: need -0.91 to Y343.49
[14:27:32] [HB] IDLE Y344.80 REV-T: need +11.12 to Y355.92 | FWD-T: need -1.31 to Y343.49
[14:28:32] [HB] IDLE Y344.80 REV-T: need +11.12 to Y355.92 | FWD-T: need -1.31 to Y343.49
[14:29:32] [HB] IDLE Y345.07 REV-T: need +10.85 to Y355.92 | FWD-T: need -1.58 to Y343.49
[14:30:32] [HB] IDLE Y344.50 REV-T: need +11.42 to Y355.92 | FWD-T: need -1.01 to Y343.49
[14:31:32] [HB] IDLE Y344.80 REV-T: need +11.12 to Y355.92 | FWD-T: need -1.31 to Y343.49
[14:32:32] [HB] IDLE Y344.19 REV-T: need +11.73 to Y355.92 | FWD-T: need -0.70 to Y343.49
[14:33:32] [HB] IDLE Y343.50 REV-T: need +12.42 to Y355.92 | FWD-T: need -0.01 to Y343.49
[14:33:35] [FWD-T dip #1/3] Y343.43 <= Y343.49(-0.02%)
[14:34:33] [HB] BT_DIPPING Y343.00 dip Y343.00 bounce 0.00%
[14:35:33] [HB] BT_DIPPING Y342.39 dip Y342.22 bounce 0.05%
[14:36:12] [FWD-T buy trig] low Y341.80 bounce 0.11% → Y342.18
[14:36:12] [ORDER-FWD-T buy] Y342.18 × 100 sh
[14:36:12]   >>> 下单买入: Y342.18 x 100股 601869.SH
[14:36:12] [委托] 买 Y0.00 0/0股 -> 已报
[14:36:15] [成交] 买  Y0.00 x 0股 = Y0
[14:36:15] [委托] 买 Y0.00 0/0股 -> 全成
[14:36:16] [FILL-FWD-T buy] Y342.18 × 100 sh | pos 100→200 | cash -34,218
[14:36:34] [HB] BT_BOUGHT Y342.80 buy Y342.18 +0.2% sellback Y346.29 ladder Y337.05
[14:37:34] [HB] BT_BOUGHT Y342.19 buy Y342.18 +0.0% sellback Y346.29 ladder Y337.05
[14:38:34] [HB] BT_BOUGHT Y341.00 buy Y342.18 -0.3% sellback Y346.29 ladder Y337.05
[14:39:34] [HB] BT_BOUGHT Y341.43 buy Y342.18 -0.2% sellback Y346.29 ladder Y337.05
[14:40:34] [HB] BT_BOUGHT Y340.52 buy Y342.18 -0.5% sellback Y346.29 ladder Y337.05
[14:41:34] [HB] BT_BOUGHT Y340.90 buy Y342.18 -0.4% sellback Y346.29 ladder Y337.05
[14:42:34] [HB] BT_BOUGHT Y340.41 buy Y342.18 -0.5% sellback Y346.29 ladder Y337.05
[14:43:14] [委托] 买 Y0.00 0/0股 -> 已报
[14:43:14] [成交] 买  Y0.00 x 0股 = Y0
[14:43:14] [委托] 买 Y0.00 0/0股 -> 全成
[14:43:34] [HB] BT_BOUGHT Y340.00 buy Y342.18 -0.6% sellback Y346.29 ladder Y337.05
[14:44:34] [HB] BT_BOUGHT Y340.03 buy Y342.18 -0.6% sellback Y346.29 ladder Y337.05
[14:45:34] [HB] BT_BOUGHT Y341.45 buy Y342.18 -0.2% sellback Y346.29 ladder Y337.05
[14:46:35] [HB] BT_BOUGHT Y341.53 buy Y342.18 -0.2% sellback Y346.29 ladder Y337.05
[14:47:35] [HB] BT_BOUGHT Y340.61 buy Y342.18 -0.5% sellback Y346.29 ladder Y337.05
[14:48:35] [HB] BT_BOUGHT Y340.78 buy Y342.18 -0.4% sellback Y346.29 ladder Y337.05
[14:49:35] [HB] BT_BOUGHT Y340.10 buy Y342.18 -0.6% sellback Y346.29 ladder Y337.05
[14:50:35] [HB] BT_BOUGHT Y340.66 buy Y342.18 -0.4% sellback Y346.29 ladder Y337.05
[14:51:35] [HB] BT_BOUGHT Y339.53 buy Y342.18 -0.8% sellback Y346.29 ladder Y337.05
[14:52:35] [HB] BT_BOUGHT Y339.10 buy Y342.18 -0.9% sellback Y346.29 ladder Y337.05
[14:53:35] [HB] BT_BOUGHT Y338.03 buy Y342.18 -1.2% sellback Y346.29 ladder Y337.05
[14:54:35] [HB] BT_BOUGHT Y337.90 buy Y342.18 -1.3% sellback Y346.29 ladder Y337.05
[14:55:35] [HB] BT_BOUGHT Y337.76 buy Y342.18 -1.3% sellback Y346.29 ladder Y337.05
[14:56:35] [HB] BT_BOUGHT Y337.62 buy Y342.18 -1.3% sellback Y346.29 ladder Y337.05
[14:57:35] [HB] BT_BOUGHT Y337.50 buy Y342.18 -1.4% sellback Y346.29 ladder Y337.05
[14:58:36] [HB] BT_BOUGHT Y337.50 buy Y342.18 -1.4% sellback Y346.29 ladder Y337.05
[14:59:36] [HB] BT_BOUGHT Y337.50 buy Y342.18 -1.4% sellback Y346.29 ladder Y337.05
[15:04:41] [CLOSE 15:04:41]
[15:09:41] [CLOSE 15:09:41]
[15:14:41] [CLOSE 15:14:41]
[15:19:41] [CLOSE 15:19:41]
[15:24:41] [CLOSE 15:24:41]
[15:29:41] [CLOSE 15:29:41]
[15:34:41] [CLOSE 15:34:41]
[15:39:41] [CLOSE 15:39:41]
[15:44:41] [CLOSE 15:44:41]
[15:49:41] [CLOSE 15:49:41]
[15:54:41] [CLOSE 15:54:41]
[15:59:41] [CLOSE 15:59:41]
[16:04:41] [CLOSE 16:04:41]
[16:09:41] [CLOSE 16:09:41]
[16:14:41] [CLOSE 16:14:41]
[16:16:59] [账号状态] 8890145315 STOCK: 等待登录
[16:17:02] [账号状态] 8890145315 STOCK: 正常
[16:19:41] [CLOSE 16:19:41]
[16:24:41] [CLOSE 16:24:41]
[16:29:41] [CLOSE 16:29:41]
[16:34:41] [CLOSE 16:34:41]
[16:39:41] [CLOSE 16:39:41]
[16:44:41] [CLOSE 16:44:41]
[16:49:41] [CLOSE 16:49:41]
[16:54:41] [CLOSE 16:54:41]
[16:59:41] [CLOSE 16:59:41]
[17:04:41] [CLOSE 17:04:41]
[17:09:41] [CLOSE 17:09:41]
[17:14:41] [CLOSE 17:14:41]
[17:19:41] [CLOSE 17:19:41]
[17:24:41] [CLOSE 17:24:41]
[17:29:41] [CLOSE 17:29:41]
[17:34:41] [CLOSE 17:34:41]
[17:39:41] [CLOSE 17:39:41]
[17:44:41] [CLOSE 17:44:41]
[17:49:41] [CLOSE 17:49:41]
[17:54:41] [CLOSE 17:54:41]
[17:59:41] [CLOSE 17:59:41]
[18:04:41] [CLOSE 18:04:41]
[18:09:41] [CLOSE 18:09:41]
[18:14:41] [CLOSE 18:14:41]
[18:19:41] [CLOSE 18:19:41]
[18:24:41] [CLOSE 18:24:41]
[18:29:41] [CLOSE 18:29:41]
[18:34:41] [CLOSE 18:34:41]
[18:39:41] [CLOSE 18:39:41]
[18:44:41] [CLOSE 18:44:41]
[18:49:41] [CLOSE 18:49:41]
[18:51:26] [账号状态] 8890145315 STOCK: 等待登录
[18:51:41] [账号状态] 8890145315 STOCK: 正常
[18:54:49] [CLOSE 18:54:49]
[18:54:50] [账号状态] 8890145315 STOCK: 等待登录
[18:56:10] [账号状态] 8890145315 STOCK: 正常
[18:58:25] [账号状态] 8890145315 STOCK: 等待登录
[18:59:45] [账号状态] 8890145315 STOCK: 正常
[18:59:49] [CLOSE 18:59:49]
[19:01:53] [账号状态] 8890145315 STOCK: 等待登录
[19:02:08] [账号状态] 8890145315 STOCK: 正常
[19:05:18] [CLOSE 19:05:18]
[19:05:27] [账号状态] 8890145315 STOCK: 等待登录
[19:05:42] [账号状态] 8890145315 STOCK: 正常
[19:08:53] [账号状态] 8890145315 STOCK: 等待登录
[19:09:09] [账号状态] 8890145315 STOCK: 正常
[19:10:27] [CLOSE 19:10:27]
[19:12:22] [账号状态] 8890145315 STOCK: 等待登录
[19:12:37] [账号状态] 8890145315 STOCK: 正常
[19:15:49] [CLOSE 19:15:49]
[19:15:53] [账号状态] 8890145315 STOCK: 等待登录
[19:16:08] [账号状态] 8890145315 STOCK: 正常
[19:19:26] [账号状态] 8890145315 STOCK: 等待登录
[19:19:41] [账号状态] 8890145315 STOCK: 正常
[19:20:50] [CLOSE 19:20:50]
[19:22:57] [账号状态] 8890145315 STOCK: 等待登录
[19:23:12] [账号状态] 8890145315 STOCK: 正常
[19:26:28] [账号状态] 8890145315 STOCK: 等待登录
[19:26:29] [CLOSE 19:26:29]
[19:26:44] [账号状态] 8890145315 STOCK: 正常
[19:29:54] [账号状态] 8890145315 STOCK: 等待登录
[19:30:10] [账号状态] 8890145315 STOCK: 正常
[19:31:32] [CLOSE 19:31:32]
[19:33:27] [账号状态] 8890145315 STOCK: 等待登录
[19:33:43] [账号状态] 8890145315 STOCK: 未知(2)
[19:33:43] [账号状态] 8890145315 STOCK: 初始化中
[19:33:43] [账号状态] 8890145315 STOCK: 正常
[19:36:58] [账号状态] 8890145315 STOCK: 等待登录
[19:37:02] [CLOSE 19:37:02]
[19:37:13] [账号状态] 8890145315 STOCK: 正常
[19:40:31] [账号状态] 8890145315 STOCK: 等待登录
[19:42:09] [账号状态] 8890145315 STOCK: 正常
[19:42:12] [CLOSE 19:42:12]
[19:43:58] [账号状态] 8890145315 STOCK: 等待登录
[19:44:13] [账号状态] 8890145315 STOCK: 正常
[19:47:22] [CLOSE 19:47:22]
[19:47:26] [账号状态] 8890145315 STOCK: 等待登录
[19:47:41] [账号状态] 8890145315 STOCK: 正常
[19:51:00] [账号状态] 8890145315 STOCK: 等待登录
[19:51:15] [账号状态] 8890145315 STOCK: 正常
[19:52:24] [CLOSE 19:52:24]
[19:54:35] [账号状态] 8890145315 STOCK: 等待登录
[19:54:51] [账号状态] 8890145315 STOCK: 正常
[19:58:05] [CLOSE 19:58:05]
[19:58:06] [账号状态] 8890145315 STOCK: 等待登录
[20:02:12] [账号状态] 8890145315 STOCK: 正常
[20:03:12] [CLOSE 20:03:12]
[20:05:00] [账号状态] 8890145315 STOCK: 等待登录
[20:05:15] [账号状态] 8890145315 STOCK: 正常
[20:08:33] [账号状态] 8890145315 STOCK: 等待登录
[20:08:36] [CLOSE 20:08:36]
[20:08:48] [账号状态] 8890145315 STOCK: 正常
[20:12:02] [账号状态] 8890145315 STOCK: 等待登录
[20:12:18] [账号状态] 8890145315 STOCK: 正常
[20:13:45] [CLOSE 20:13:45]
[20:15:33] [账号状态] 8890145315 STOCK: 等待登录
[20:19:08] [CLOSE 20:19:08]
[20:22:50] [账号状态] 8890145315 STOCK: 未知(2)
[20:22:50] [账号状态] 8890145315 STOCK: 初始化中
[20:22:51] [账号状态] 8890145315 STOCK: 正常
[20:24:09] [CLOSE 20:24:09]
[20:26:07] [账号状态] 8890145315 STOCK: 等待登录
[20:26:22] [账号状态] 8890145315 STOCK: 正常
[20:29:38] [CLOSE 20:29:38]
[20:29:38] [账号状态] 8890145315 STOCK: 等待登录
[20:29:54] [账号状态] 8890145315 STOCK: 正常
[20:33:06] [账号状态] 8890145315 STOCK: 等待登录
[20:33:22] [账号状态] 8890145315 STOCK: 正常
[20:34:45] [CLOSE 20:34:45]
[20:36:35] [账号状态] 8890145315 STOCK: 等待登录
[20:36:51] [账号状态] 8890145315 STOCK: 未知(2)
[20:36:51] [账号状态] 8890145315 STOCK: 初始化中
[20:36:51] [账号状态] 8890145315 STOCK: 正常
[20:40:08] [账号状态] 8890145315 STOCK: 等待登录
[20:40:09] [CLOSE 20:40:09]
[20:40:23] [账号状态] 8890145315 STOCK: 正常
[20:43:39] [账号状态] 8890145315 STOCK: 等待登录
[20:43:54] [账号状态] 8890145315 STOCK: 正常
[20:45:19] [CLOSE 20:45:19]
[20:47:09] [账号状态] 8890145315 STOCK: 等待登录
[20:47:25] [账号状态] 8890145315 STOCK: 正常
[20:50:39] [账号状态] 8890145315 STOCK: 等待登录
[20:50:41] [CLOSE 20:50:41]
[20:50:55] [账号状态] 8890145315 STOCK: 正常
[20:54:12] [账号状态] 8890145315 STOCK: 等待登录
[20:54:27] [账号状态] 8890145315 STOCK: 正常
[20:55:43] [CLOSE 20:55:43]
[20:57:43] [账号状态] 8890145315 STOCK: 等待登录
[20:57:59] [账号状态] 8890145315 STOCK: 正常
[21:01:12] [CLOSE 21:01:12]
[21:01:17] [账号状态] 8890145315 STOCK: 等待登录
[21:01:32] [账号状态] 8890145315 STOCK: 正常
[21:04:44] [账号状态] 8890145315 STOCK: 等待登录
[21:04:59] [账号状态] 8890145315 STOCK: 未知(2)
[21:04:59] [账号状态] 8890145315 STOCK: 初始化中
[21:04:59] [账号状态] 8890145315 STOCK: 正常
[21:06:21] [CLOSE 21:06:21]
[21:08:12] [账号状态] 8890145315 STOCK: 等待登录
[21:08:28] [账号状态] 8890145315 STOCK: 正常
[21:11:44] [CLOSE 21:11:44]
[21:11:45] [账号状态] 8890145315 STOCK: 等待登录
[21:12:00] [账号状态] 8890145315 STOCK: 正常
[21:15:16] [账号状态] 8890145315 STOCK: 等待登录
[21:15:31] [账号状态] 8890145315 STOCK: 正常
[21:16:54] [CLOSE 21:16:54]
[21:18:49] [账号状态] 8890145315 STOCK: 等待登录
[21:19:04] [账号状态] 8890145315 STOCK: 正常
[21:22:14] [账号状态] 8890145315 STOCK: 等待登录
[21:22:15] [CLOSE 21:22:15]
[21:22:29] [账号状态] 8890145315 STOCK: 正常
[21:25:47] [账号状态] 8890145315 STOCK: 等待登录
[21:26:02] [账号状态] 8890145315 STOCK: 正常
[21:27:17] [CLOSE 21:27:17]
[21:29:19] [账号状态] 8890145315 STOCK: 等待登录
[21:29:35] [账号状态] 8890145315 STOCK: 正常
[21:32:47] [CLOSE 21:32:47]
[21:32:50] [账号状态] 8890145315 STOCK: 等待登录
[21:33:05] [账号状态] 8890145315 STOCK: 正常
[21:36:24] [账号状态] 8890145315 STOCK: 等待登录
[21:36:40] [账号状态] 8890145315 STOCK: 正常
[21:37:57] [CLOSE 21:37:57]
[21:39:52] [账号状态] 8890145315 STOCK: 等待登录
[21:40:07] [账号状态] 8890145315 STOCK: 正常
[21:43:21] [CLOSE 21:43:21]
[21:43:24] [账号状态] 8890145315 STOCK: 等待登录
[21:43:39] [账号状态] 8890145315 STOCK: 正常
[21:46:56] [账号状态] 8890145315 STOCK: 等待登录
[21:47:12] [账号状态] 8890145315 STOCK: 正常
[21:48:23] [CLOSE 21:48:23]
[21:50:28] [账号状态] 8890145315 STOCK: 等待登录
[21:50:43] [账号状态] 8890145315 STOCK: 正常
[21:53:56] [账号状态] 8890145315 STOCK: 等待登录
[21:54:01] [CLOSE 21:54:01]
[21:54:11] [账号状态] 8890145315 STOCK: 正常
[21:57:26] [账号状态] 8890145315 STOCK: 等待登录
[21:57:41] [账号状态] 8890145315 STOCK: 正常
[21:59:04] [CLOSE 21:59:04]
[22:01:01] [账号状态] 8890145315 STOCK: 等待登录
[22:03:14] [账号状态] 8890145315 STOCK: 正常
[22:04:25] [CLOSE 22:04:25]
[22:04:31] [账号状态] 8890145315 STOCK: 等待登录
[22:04:46] [账号状态] 8890145315 STOCK: 正常
[22:08:02] [账号状态] 8890145315 STOCK: 等待登录
[22:08:18] [账号状态] 8890145315 STOCK: 正常
[22:09:35] [CLOSE 22:09:35]
[22:11:30] [账号状态] 8890145315 STOCK: 等待登录
[22:11:45] [账号状态] 8890145315 STOCK: 正常
[22:14:55] [CLOSE 22:14:55]
[22:15:01] [账号状态] 8890145315 STOCK: 等待登录
[22:15:21] [账号状态] 8890145315 STOCK: 正常
[22:18:32] [账号状态] 8890145315 STOCK: 等待登录
[22:18:47] [账号状态] 8890145315 STOCK: 正常
[22:19:57] [CLOSE 22:19:57]
[22:22:05] [账号状态] 8890145315 STOCK: 等待登录
[22:22:21] [账号状态] 8890145315 STOCK: 正常
[22:25:34] [账号状态] 8890145315 STOCK: 等待登录
[22:25:37] [CLOSE 22:25:37]
[22:25:50] [账号状态] 8890145315 STOCK: 正常
[22:29:02] [账号状态] 8890145315 STOCK: 等待登录
[22:29:17] [账号状态] 8890145315 STOCK: 正常
[22:30:39] [CLOSE 22:30:39]
[22:32:35] [账号状态] 8890145315 STOCK: 等待登录
[22:32:50] [账号状态] 8890145315 STOCK: 正常
[22:36:06] [账号状态] 8890145315 STOCK: 等待登录
[22:36:11] [CLOSE 22:36:11]
[22:36:22] [账号状态] 8890145315 STOCK: 正常
[22:39:36] [账号状态] 8890145315 STOCK: 等待登录
[22:39:51] [账号状态] 8890145315 STOCK: 正常
[22:41:19] [CLOSE 22:41:19]
[22:43:07] [账号状态] 8890145315 STOCK: 等待登录
[22:43:23] [账号状态] 8890145315 STOCK: 正常
[22:46:31] [CLOSE 22:46:31]
[22:46:38] [账号状态] 8890145315 STOCK: 等待登录
[22:50:32] [账号状态] 8890145315 STOCK: 正常
[22:51:33] [CLOSE 22:51:33]
[22:53:39] [账号状态] 8890145315 STOCK: 等待登录
[22:53:54] [账号状态] 8890145315 STOCK: 正常
[22:57:10] [账号状态] 8890145315 STOCK: 等待登录
[22:57:11] [CLOSE 22:57:11]
[22:57:25] [账号状态] 8890145315 STOCK: 正常
[23:00:39] [账号状态] 8890145315 STOCK: 等待登录
[23:00:54] [账号状态] 8890145315 STOCK: 正常
[23:02:19] [CLOSE 23:02:19]
[23:04:07] [账号状态] 8890145315 STOCK: 等待登录
[23:04:23] [账号状态] 8890145315 STOCK: 正常
[23:07:40] [账号状态] 8890145315 STOCK: 等待登录
[23:07:44] [CLOSE 23:07:44]
[23:07:55] [账号状态] 8890145315 STOCK: 正常
[23:11:12] [账号状态] 8890145315 STOCK: 等待登录
[23:11:27] [账号状态] 8890145315 STOCK: 正常
[23:12:54] [CLOSE 23:12:54]
[23:14:44] [账号状态] 8890145315 STOCK: 等待登录
[23:15:00] [账号状态] 8890145315 STOCK: 正常
[23:18:12] [账号状态] 8890145315 STOCK: 等待登录
[23:18:12] [CLOSE 23:18:12]
[23:18:27] [账号状态] 8890145315 STOCK: 正常
[23:21:41] [账号状态] 8890145315 STOCK: 等待登录
[23:21:56] [账号状态] 8890145315 STOCK: 正常
[23:23:15] [CLOSE 23:23:15]
[23:25:13] [账号状态] 8890145315 STOCK: 等待登录
[23:25:28] [账号状态] 8890145315 STOCK: 正常
[23:28:45] [账号状态] 8890145315 STOCK: 等待登录
[23:28:46] [CLOSE 23:28:46]
[23:29:00] [账号状态] 8890145315 STOCK: 正常
[23:32:16] [账号状态] 8890145315 STOCK: 等待登录
[23:32:31] [账号状态] 8890145315 STOCK: 正常
[23:33:56] [CLOSE 23:33:56]
[23:35:45] [账号状态] 8890145315 STOCK: 等待登录
[23:36:00] [账号状态] 8890145315 STOCK: 正常
[23:39:14] [账号状态] 8890145315 STOCK: 等待登录
[23:39:16] [CLOSE 23:39:16]
[23:39:30] [账号状态] 8890145315 STOCK: 正常
[23:42:47] [账号状态] 8890145315 STOCK: 等待登录
[23:43:02] [账号状态] 8890145315 STOCK: 正常
[23:44:18] [CLOSE 23:44:18]
[23:46:17] [账号状态] 8890145315 STOCK: 等待登录
[23:46:32] [账号状态] 8890145315 STOCK: 正常
[23:49:45] [CLOSE 23:49:45]
[23:49:48] [账号状态] 8890145315 STOCK: 等待登录
[23:50:03] [账号状态] 8890145315 STOCK: 正常
[23:53:17] [账号状态] 8890145315 STOCK: 等待登录
[23:53:48] [账号状态] 8890145315 STOCK: 正常
[23:54:48] [CLOSE 23:54:48]
[23:56:48] [账号状态] 8890145315 STOCK: 等待登录
[23:57:04] [账号状态] 8890145315 STOCK: 正常
[23:57:59] [账号状态] 8890145315 STOCK: 等待登录
[23:58:29] [账号状态] 8890145315 STOCK: 正常
[00:00:20] [账号状态] 8890145315 STOCK: 等待登录
[00:00:20] [SIGNAL] BEAR open Y352.00 ATR11.1% RSI35 vol_ratio1.00 mult0.20 trig Y355.92 
[00:00:20] [FACTOR] trend-0.15 volatility-0.17 volume+0.00 RSI+0.10
[00:00:20] [ACCOUNT] pos:300 sh Y101,253(100%) | cash:Y354 | T+0:3 lots(300 sh)
[00:00:20] [REV-T] ✅ 3 lots trig Y355.92 buyback=sell×(1-ATR%×0.15) emerg +3%
[00:00:20] [FWD-T] ❌ insufficient cash  1 lot≈Y33,751
[00:00:20] [WAIT 00:00:20] to open 9时29分
[00:00:35] [账号状态] 8890145315 STOCK: 正常
[00:03:51] [账号状态] 8890145315 STOCK: 等待登录
[00:04:07] [账号状态] 8890145315 STOCK: 正常
[00:05:30] [WAIT 00:05:30] to open 9时24分
[00:07:21] [账号状态] 8890145315 STOCK: 等待登录
[00:07:36] [账号状态] 8890145315 STOCK: 正常
[00:10:46] [WAIT 00:10:46] to open 9时19分
[00:10:52] [账号状态] 8890145315 STOCK: 等待登录
[00:11:08] [账号状态] 8890145315 STOCK: 正常
[00:14:18] [账号状态] 8890145315 STOCK: 等待登录
[00:14:33] [账号状态] 8890145315 STOCK: 正常
[00:15:48] [WAIT 00:15:48] to open 9时14分
[00:17:50] [账号状态] 8890145315 STOCK: 等待登录
[00:18:05] [账号状态] 8890145315 STOCK: 正常
[00:21:18] [WAIT 00:21:18] to open 9时8分
[00:21:23] [账号状态] 8890145315 STOCK: 等待登录
[00:24:50] [账号状态] 8890145315 STOCK: 正常
[00:26:27] [WAIT 00:26:27] to open 9时3分
[00:28:20] [账号状态] 8890145315 STOCK: 等待登录
[00:28:35] [账号状态] 8890145315 STOCK: 正常
[00:31:50] [WAIT 00:31:50] to open 8时58分
[00:31:55] [账号状态] 8890145315 STOCK: 等待登录
[00:32:11] [账号状态] 8890145315 STOCK: 正常
[00:35:23] [账号状态] 8890145315 STOCK: 等待登录
[00:35:39] [账号状态] 8890145315 STOCK: 正常
[00:36:51] [WAIT 00:36:51] to open 8时53分
[00:38:56] [账号状态] 8890145315 STOCK: 等待登录
[00:39:12] [账号状态] 8890145315 STOCK: 正常
[00:42:19] [WAIT 00:42:19] to open 8时47分
[00:42:24] [账号状态] 8890145315 STOCK: 等待登录
[00:42:40] [账号状态] 8890145315 STOCK: 正常
[00:45:53] [账号状态] 8890145315 STOCK: 等待登录
[00:46:08] [账号状态] 8890145315 STOCK: 正常
[00:47:22] [WAIT 00:47:22] to open 8时42分
[00:49:26] [账号状态] 8890145315 STOCK: 等待登录
[00:49:42] [账号状态] 8890145315 STOCK: 正常
[00:52:55] [WAIT 00:52:55] to open 8时37分
[00:53:04] [账号状态] 8890145315 STOCK: 等待登录
[00:53:24] [账号状态] 8890145315 STOCK: 正常
[00:56:43] [账号状态] 8890145315 STOCK: 等待登录
[00:57:03] [账号状态] 8890145315 STOCK: 正常
[00:58:04] [WAIT 00:58:04] to open 8时31分
[00:59:58] [账号状态] 8890145315 STOCK: 等待登录
[01:00:13] [账号状态] 8890145315 STOCK: 正常
[01:03:25] [WAIT 01:03:25] to open 8时26分
[01:03:32] [账号状态] 8890145315 STOCK: 等待登录
[01:03:47] [账号状态] 8890145315 STOCK: 正常
[01:06:59] [账号状态] 8890145315 STOCK: 等待登录
[01:07:14] [账号状态] 8890145315 STOCK: 正常
[01:08:26] [WAIT 01:08:26] to open 8时21分
[01:10:32] [账号状态] 8890145315 STOCK: 等待登录
[01:13:59] [WAIT 01:13:59] to open 8时16分
[01:19:08] [WAIT 01:19:08] to open 8时10分
[01:22:38] [账号状态] 8890145315 STOCK: 正常
[01:24:33] [WAIT 01:24:33] to open 8时5分
[01:24:37] [账号状态] 8890145315 STOCK: 等待登录
[01:24:52] [账号状态] 8890145315 STOCK: 正常
[01:28:08] [账号状态] 8890145315 STOCK: 等待登录
[01:28:23] [账号状态] 8890145315 STOCK: 正常
[01:29:43] [WAIT 01:29:43] to open 8时0分
[01:31:54] [账号状态] 8890145315 STOCK: 等待登录
[01:35:11] [WAIT 01:35:11] to open 7时54分
[01:37:17] [账号状态] 8890145315 STOCK: 正常
[01:38:38] [账号状态] 8890145315 STOCK: 等待登录
[01:38:54] [账号状态] 8890145315 STOCK: 正常
[01:40:14] [WAIT 01:40:14] to open 7时49分
[01:42:11] [账号状态] 8890145315 STOCK: 等待登录
[01:42:27] [账号状态] 8890145315 STOCK: 正常
[01:45:42] [账号状态] 8890145315 STOCK: 等待登录
[01:45:46] [WAIT 01:45:46] to open 7时44分
[01:45:57] [账号状态] 8890145315 STOCK: 正常
[01:49:12] [账号状态] 8890145315 STOCK: 等待登录
[01:49:28] [账号状态] 8890145315 STOCK: 正常
[01:50:56] [WAIT 01:50:56] to open 7时39分
[01:52:42] [账号状态] 8890145315 STOCK: 等待登录
[01:56:07] [WAIT 01:56:07] to open 7时33分
[02:01:09] [WAIT 02:01:09] to open 7时28分
[02:01:30] [账号状态] 8890145315 STOCK: 正常
[02:03:20] [账号状态] 8890145315 STOCK: 等待登录
[02:03:35] [账号状态] 8890145315 STOCK: 正常
[02:06:48] [账号状态] 8890145315 STOCK: 等待登录
[02:06:50] [WAIT 02:06:50] to open 7时23分
[02:07:03] [账号状态] 8890145315 STOCK: 正常
[02:10:18] [账号状态] 8890145315 STOCK: 等待登录
[02:10:33] [账号状态] 8890145315 STOCK: 正常
[02:11:59] [WAIT 02:11:59] to open 7时18分
[02:13:46] [账号状态] 8890145315 STOCK: 等待登录
[02:14:01] [账号状态] 8890145315 STOCK: 正常
[02:17:22] [WAIT 02:17:22] to open 7时12分
[02:17:23] [账号状态] 8890145315 STOCK: 等待登录
[02:17:39] [账号状态] 8890145315 STOCK: 正常
[02:20:51] [账号状态] 8890145315 STOCK: 等待登录
[02:21:06] [账号状态] 8890145315 STOCK: 正常
[02:22:22] [WAIT 02:22:22] to open 7时7分
[02:24:21] [账号状态] 8890145315 STOCK: 等待登录
[02:24:36] [账号状态] 8890145315 STOCK: 正常
[02:27:50] [账号状态] 8890145315 STOCK: 等待登录
[02:27:53] [WAIT 02:27:53] to open 7时2分
[02:28:05] [账号状态] 8890145315 STOCK: 正常
[02:31:24] [账号状态] 8890145315 STOCK: 等待登录
[02:31:39] [账号状态] 8890145315 STOCK: 正常
[02:32:55] [WAIT 02:32:55] to open 6时57分
[02:34:55] [账号状态] 8890145315 STOCK: 等待登录
[02:38:25] [WAIT 02:38:25] to open 6时51分
[02:43:28] [WAIT 02:43:28] to open 6时46分
[02:45:53] [账号状态] 8890145315 STOCK: 正常
[02:48:58] [WAIT 02:48:58] to open 6时41分
[02:49:00] [账号状态] 8890145315 STOCK: 等待登录
[02:49:15] [账号状态] 8890145315 STOCK: 正常
[02:52:29] [账号状态] 8890145315 STOCK: 等待登录
[02:54:07] [WAIT 02:54:07] to open 6时35分
[02:55:58] [账号状态] 8890145315 STOCK: 正常
[02:57:33] [账号状态] 8890145315 STOCK: 等待登录
[02:59:28] [WAIT 02:59:28] to open 6时30分
[03:03:24] [账号状态] 8890145315 STOCK: 正常
[03:04:30] [WAIT 03:04:30] to open 6时25分
[03:06:30] [账号状态] 8890145315 STOCK: 等待登录
[03:06:45] [账号状态] 8890145315 STOCK: 正常
[03:09:57] [WAIT 03:09:57] to open 6时20分
[03:09:59] [账号状态] 8890145315 STOCK: 等待登录
[03:10:15] [账号状态] 8890145315 STOCK: 正常
[03:13:28] [账号状态] 8890145315 STOCK: 等待登录
[03:13:43] [账号状态] 8890145315 STOCK: 正常
[03:15:06] [WAIT 03:15:06] to open 6时14分
[03:16:59] [账号状态] 8890145315 STOCK: 等待登录
[03:17:14] [账号状态] 8890145315 STOCK: 正常
[03:20:29] [WAIT 03:20:29] to open 6时9分
[03:20:30] [账号状态] 8890145315 STOCK: 等待登录
[03:20:45] [账号状态] 8890145315 STOCK: 正常
[03:24:01] [账号状态] 8890145315 STOCK: 等待登录
[03:24:17] [账号状态] 8890145315 STOCK: 正常
[03:25:39] [WAIT 03:25:39] to open 6时4分
[03:27:32] [账号状态] 8890145315 STOCK: 等待登录
[03:27:47] [账号状态] 8890145315 STOCK: 正常
[03:31:02] [WAIT 03:31:02] to open 5时58分
[03:31:02] [账号状态] 8890145315 STOCK: 等待登录
[03:31:17] [账号状态] 8890145315 STOCK: 正常
[03:34:34] [账号状态] 8890145315 STOCK: 等待登录
[03:34:49] [账号状态] 8890145315 STOCK: 正常
[03:36:03] [WAIT 03:36:03] to open 5时53分
[03:38:09] [账号状态] 8890145315 STOCK: 等待登录
[03:38:24] [账号状态] 8890145315 STOCK: 正常
[03:41:33] [WAIT 03:41:33] to open 5时48分
[03:41:37] [账号状态] 8890145315 STOCK: 等待登录
[03:41:53] [账号状态] 8890145315 STOCK: 正常
[03:45:09] [账号状态] 8890145315 STOCK: 等待登录
[03:45:25] [账号状态] 8890145315 STOCK: 正常
[03:46:41] [WAIT 03:46:41] to open 5时43分
[03:48:35] [账号状态] 8890145315 STOCK: 等待登录
[03:48:50] [账号状态] 8890145315 STOCK: 正常
[03:52:06] [WAIT 03:52:06] to open 5时37分
[03:52:13] [账号状态] 8890145315 STOCK: 等待登录
[03:52:29] [账号状态] 8890145315 STOCK: 正常
[03:55:38] [账号状态] 8890145315 STOCK: 等待登录
[03:55:54] [账号状态] 8890145315 STOCK: 正常
[03:57:15] [WAIT 03:57:15] to open 5时32分
[03:59:09] [账号状态] 8890145315 STOCK: 等待登录
[04:02:43] [WAIT 04:02:43] to open 5时27分
[04:06:08] [账号状态] 8890145315 STOCK: 正常
[04:07:45] [WAIT 04:07:45] to open 5时22分
[04:09:42] [账号状态] 8890145315 STOCK: 等待登录
[04:10:32] [账号状态] 8890145315 STOCK: 正常
[04:13:09] [WAIT 04:13:09] to open 5时16分
[04:13:13] [账号状态] 8890145315 STOCK: 等待登录
[04:13:29] [账号状态] 8890145315 STOCK: 正常
[04:16:47] [账号状态] 8890145315 STOCK: 等待登录
[04:17:03] [账号状态] 8890145315 STOCK: 正常
[04:18:19] [WAIT 04:18:19] to open 5时11分
[04:20:13] [账号状态] 8890145315 STOCK: 等待登录
[04:20:28] [账号状态] 8890145315 STOCK: 正常
[04:23:39] [WAIT 04:23:39] to open 5时6分
[04:23:42] [账号状态] 8890145315 STOCK: 等待登录
[04:23:58] [账号状态] 8890145315 STOCK: 正常
[04:27:14] [账号状态] 8890145315 STOCK: 等待登录
[04:27:30] [账号状态] 8890145315 STOCK: 正常
[04:28:40] [WAIT 04:28:40] to open 5时1分
[04:30:45] [账号状态] 8890145315 STOCK: 等待登录
[04:31:00] [账号状态] 8890145315 STOCK: 正常
[04:34:16] [账号状态] 8890145315 STOCK: 等待登录
[04:34:20] [WAIT 04:34:20] to open 4时55分
[04:34:31] [账号状态] 8890145315 STOCK: 正常
[04:37:49] [账号状态] 8890145315 STOCK: 等待登录
[04:38:04] [账号状态] 8890145315 STOCK: 正常
[04:39:28] [WAIT 04:39:28] to open 4时50分
[04:41:14] [账号状态] 8890145315 STOCK: 等待登录
[04:41:30] [账号状态] 8890145315 STOCK: 正常
[04:44:43] [WAIT 04:44:43] to open 4时45分
[04:44:48] [账号状态] 8890145315 STOCK: 等待登录
[04:45:04] [账号状态] 8890145315 STOCK: 正常
[04:48:19] [账号状态] 8890145315 STOCK: 等待登录
[04:48:34] [账号状态] 8890145315 STOCK: 正常
[04:49:44] [WAIT 04:49:44] to open 4时40分
[04:51:51] [账号状态] 8890145315 STOCK: 等待登录
[04:52:06] [账号状态] 8890145315 STOCK: 正常
[04:55:21] [账号状态] 8890145315 STOCK: 等待登录
[04:55:22] [WAIT 04:55:22] to open 4时34分
[04:55:37] [账号状态] 8890145315 STOCK: 正常
[04:58:50] [账号状态] 8890145315 STOCK: 等待登录
[04:59:05] [账号状态] 8890145315 STOCK: 正常
[05:00:25] [WAIT 05:00:25] to open 4时29分
[05:02:25] [账号状态] 8890145315 STOCK: 等待登录
[05:02:41] [账号状态] 8890145315 STOCK: 正常
[05:05:56] [WAIT 05:05:56] to open 4时24分
[05:05:56] [账号状态] 8890145315 STOCK: 等待登录
[05:06:12] [账号状态] 8890145315 STOCK: 正常
[05:09:24] [账号状态] 8890145315 STOCK: 等待登录
[05:09:39] [账号状态] 8890145315 STOCK: 正常
[05:11:05] [WAIT 05:11:05] to open 4时18分
[05:12:54] [账号状态] 8890145315 STOCK: 等待登录
[05:13:10] [账号状态] 8890145315 STOCK: 正常
[05:16:22] [账号状态] 8890145315 STOCK: 等待登录
[05:16:26] [WAIT 05:16:26] to open 4时13分
[05:16:38] [账号状态] 8890145315 STOCK: 正常
[05:19:54] [账号状态] 8890145315 STOCK: 等待登录
[05:20:09] [账号状态] 8890145315 STOCK: 正常
[05:21:27] [WAIT 05:21:27] to open 4时8分
[05:23:26] [账号状态] 8890145315 STOCK: 等待登录
[05:26:57] [WAIT 05:26:57] to open 4时3分
[05:30:27] [账号状态] 8890145315 STOCK: 正常
[05:32:06] [WAIT 05:32:06] to open 3时57分
[05:33:55] [账号状态] 8890145315 STOCK: 等待登录
[05:36:03] [账号状态] 8890145315 STOCK: 正常
[05:37:27] [账号状态] 8890145315 STOCK: 等待登录
[05:37:29] [WAIT 05:37:29] to open 3时52分
[05:37:43] [账号状态] 8890145315 STOCK: 正常
[05:40:57] [账号状态] 8890145315 STOCK: 等待登录
[05:41:13] [账号状态] 8890145315 STOCK: 正常
[05:42:39] [WAIT 05:42:39] to open 3时47分
[05:44:30] [账号状态] 8890145315 STOCK: 等待登录
[05:44:46] [账号状态] 8890145315 STOCK: 正常
[05:48:00] [WAIT 05:48:00] to open 3时42分
[05:48:01] [账号状态] 8890145315 STOCK: 等待登录
[05:48:16] [账号状态] 8890145315 STOCK: 正常
[05:51:30] [账号状态] 8890145315 STOCK: 等待登录
[05:51:45] [账号状态] 8890145315 STOCK: 正常
[05:53:02] [WAIT 05:53:02] to open 3时36分
[05:55:04] [账号状态] 8890145315 STOCK: 等待登录
[05:55:22] [账号状态] 8890145315 STOCK: 正常
[05:58:35] [WAIT 05:58:35] to open 3时31分
[05:58:36] [账号状态] 8890145315 STOCK: 等待登录
[05:58:51] [账号状态] 8890145315 STOCK: 正常
[06:02:05] [账号状态] 8890145315 STOCK: 等待登录
[06:02:20] [账号状态] 8890145315 STOCK: 正常
[06:03:44] [WAIT 06:03:44] to open 3时26分
[06:05:35] [账号状态] 8890145315 STOCK: 等待登录
[06:09:05] [WAIT 06:09:05] to open 3时20分
[06:14:06] [WAIT 06:14:06] to open 3时15分
[06:16:14] [账号状态] 8890145315 STOCK: 正常
[06:19:36] [WAIT 06:19:36] to open 3时10分
[06:19:38] [账号状态] 8890145315 STOCK: 等待登录
[06:21:33] [账号状态] 8890145315 STOCK: 正常
[06:23:08] [账号状态] 8890145315 STOCK: 等待登录
[06:23:23] [账号状态] 8890145315 STOCK: 正常
[06:24:45] [WAIT 06:24:45] to open 3时5分
[06:26:50] [账号状态] 8890145315 STOCK: 等待登录
[06:30:10] [WAIT 06:30:10] to open 2时59分
[06:35:11] [WAIT 06:35:11] to open 2时54分
[06:37:13] [账号状态] 8890145315 STOCK: 正常
[06:40:38] [WAIT 06:40:38] to open 2时49分
[06:40:43] [账号状态] 8890145315 STOCK: 等待登录
[06:40:58] [账号状态] 8890145315 STOCK: 正常
[06:44:11] [账号状态] 8890145315 STOCK: 等待登录
[06:44:26] [账号状态] 8890145315 STOCK: 正常
[06:45:39] [WAIT 06:45:39] to open 2时44分
[06:47:41] [账号状态] 8890145315 STOCK: 等待登录
[06:47:57] [账号状态] 8890145315 STOCK: 正常
[06:51:12] [账号状态] 8890145315 STOCK: 等待登录
[06:51:17] [WAIT 06:51:17] to open 2时38分
[06:51:27] [账号状态] 8890145315 STOCK: 正常
[06:54:42] [账号状态] 8890145315 STOCK: 等待登录
[06:54:57] [账号状态] 8890145315 STOCK: 正常
[06:56:20] [WAIT 06:56:20] to open 2时33分
[06:58:13] [账号状态] 8890145315 STOCK: 等待登录
[06:58:28] [账号状态] 8890145315 STOCK: 正常
[07:01:42] [WAIT 07:01:42] to open 2时28分
[07:01:46] [账号状态] 8890145315 STOCK: 等待登录
[07:02:01] [账号状态] 8890145315 STOCK: 正常
[07:05:20] [账号状态] 8890145315 STOCK: 等待登录
[07:05:35] [账号状态] 8890145315 STOCK: 正常
[07:06:42] [WAIT 07:06:42] to open 2时23分
[07:08:48] [账号状态] 8890145315 STOCK: 等待登录
[07:09:03] [账号状态] 8890145315 STOCK: 正常
[07:12:12] [WAIT 07:12:12] to open 2时17分
[07:12:15] [账号状态] 8890145315 STOCK: 等待登录
[07:12:31] [账号状态] 8890145315 STOCK: 正常
[07:15:50] [账号状态] 8890145315 STOCK: 等待登录
[07:16:06] [账号状态] 8890145315 STOCK: 正常
[07:17:14] [WAIT 07:17:14] to open 2时12分
[07:19:20] [账号状态] 8890145315 STOCK: 等待登录
[07:19:36] [账号状态] 8890145315 STOCK: 正常
[07:22:51] [账号状态] 8890145315 STOCK: 等待登录
[07:22:53] [WAIT 07:22:53] to open 2时7分
[07:23:06] [账号状态] 8890145315 STOCK: 正常
[07:26:19] [账号状态] 8890145315 STOCK: 等待登录
[07:26:34] [账号状态] 8890145315 STOCK: 正常
[07:28:02] [WAIT 07:28:02] to open 2时1分
[07:29:48] [账号状态] 8890145315 STOCK: 等待登录
[07:30:03] [账号状态] 8890145315 STOCK: 正常
[07:33:16] [WAIT 07:33:16] to open 1时56分
[07:33:20] [账号状态] 8890145315 STOCK: 等待登录
[07:33:36] [账号状态] 8890145315 STOCK: 正常
[07:36:52] [账号状态] 8890145315 STOCK: 等待登录
[07:37:07] [账号状态] 8890145315 STOCK: 正常
[07:38:16] [WAIT 07:38:16] to open 1时51分
[07:40:26] [账号状态] 8890145315 STOCK: 等待登录
[07:40:41] [账号状态] 8890145315 STOCK: 正常
[07:43:53] [账号状态] 8890145315 STOCK: 等待登录
[07:43:55] [WAIT 07:43:55] to open 1时46分
[07:44:09] [账号状态] 8890145315 STOCK: 正常
[07:47:23] [账号状态] 8890145315 STOCK: 等待登录
[07:47:39] [账号状态] 8890145315 STOCK: 正常
[07:48:59] [WAIT 07:48:59] to open 1时41分
[07:50:56] [账号状态] 8890145315 STOCK: 等待登录
[07:51:12] [账号状态] 8890145315 STOCK: 正常
[07:54:26] [账号状态] 8890145315 STOCK: 等待登录
[07:54:29] [WAIT 07:54:29] to open 1时35分
[07:54:42] [账号状态] 8890145315 STOCK: 正常
[07:57:57] [账号状态] 8890145315 STOCK: 等待登录
[07:58:12] [账号状态] 8890145315 STOCK: 正常
[07:59:39] [WAIT 07:59:39] to open 1时30分
[08:00:09] [账号状态] 8890145315 STOCK: 等待登录
[08:04:59] [WAIT 08:04:59] to open 1时25分
[08:05:25] [账号状态] 8890145315 STOCK: 未知(2)
[08:05:25] [账号状态] 8890145315 STOCK: 初始化中
[08:05:28] [账号状态] 8890145315 STOCK: 正常
[08:06:07] [账号状态] 8890145315 STOCK: 等待登录
[08:09:06] [账号状态] 8890145315 STOCK: 未知(2)
[08:09:06] [账号状态] 8890145315 STOCK: 初始化中
[08:09:06] [账号状态] 8890145315 STOCK: 正常
[08:10:01] [WAIT 08:10:01] to open 1时19分
[08:12:01] [账号状态] 8890145315 STOCK: 等待登录
[08:15:32] [WAIT 08:15:32] to open 1时14分
[08:20:33] [WAIT 08:20:33] to open 1时9分
[08:26:07] [WAIT 08:26:07] to open 1时3分
[08:29:34] [账号状态] 8890145315 STOCK: 正常
[08:31:15] [WAIT 08:31:15] to open 58分45秒
[08:33:18] [账号状态] 8890145315 STOCK: 等待登录
[08:36:39] [WAIT 08:36:39] to open 53分21秒
[08:40:56] [账号状态] 8890145315 STOCK: 正常
[08:41:40] [WAIT 08:41:40] to open 48分20秒
[08:43:40] [账号状态] 8890145315 STOCK: 等待登录
[08:43:55] [账号状态] 8890145315 STOCK: 正常
[08:47:11] [账号状态] 8890145315 STOCK: 等待登录
[08:47:11] [WAIT 08:47:11] to open 42分49秒
[08:47:26] [账号状态] 8890145315 STOCK: 正常
[08:50:40] [账号状态] 8890145315 STOCK: 等待登录
[08:50:56] [账号状态] 8890145315 STOCK: 正常
[08:52:18] [WAIT 08:52:18] to open 37分42秒
[08:54:12] [账号状态] 8890145315 STOCK: 等待登录
[08:57:00] [账号状态] 8890145315 STOCK: 正常
[08:57:21] [WAIT 08:57:21] to open 32分39秒
[09:01:27] [账号状态] 8890145315 STOCK: 等待登录
[09:02:04] [账号状态] 8890145315 STOCK: 正常
[09:02:21] [WAIT 09:02:21] to open 27分39秒
[09:07:21] [WAIT 09:07:21] to open 22分39秒
[09:12:21] [WAIT 09:12:21] to open 17分39秒
[09:17:21] [WAIT 09:17:21] to open 12分39秒
[09:22:21] [WAIT 09:22:21] to open 7分39秒
[09:25:01] [PRE-MKT 09:25:01] computing signal...
[09:25:01] [SIGNAL] BEAR open Y352.00 ATR11.1% RSI35 vol_ratio1.00 mult0.20 trig Y355.92 
[09:25:01] [FACTOR] trend-0.15 volatility-0.17 volume+0.00 RSI+0.10
[09:25:01] [ACCOUNT] pos:300 sh Y102,900(100%) | cash:Y354 | T+0:3 lots(300 sh)
[09:25:01] [REV-T] ✅ 3 lots trig Y355.92 buyback=sell×(1-ATR%×0.15) emerg +3%
[09:25:01] [FWD-T] ❌ insufficient cash  1 lot≈Y34,300
[09:26:01] [PRE-MKT 09:26:01] to open 3分59秒
[09:27:01] [PRE-MKT 09:27:01] to open 2分59秒
[09:28:01] [PRE-MKT 09:28:01] to open 1分59秒
[09:29:01] [PRE-MKT 09:29:01] to open 59秒
[09:30:01] [OPEN] [Y343.00] [REV-T trig Y355.92(need +3.77%)] [FWD-T trig Y341.44(need -0.45%)]
[09:30:01] [HB] IDLE Y343.00 REV-T: need +12.92 to Y355.92 | FWD-T: off
