============================================================
  日志文件创建: 2026-08-21 09:02:22
  策略版本: v29 (for MiniQMT Evn)
  标的: 601869
============================================================
[09:02:24] [连接] MiniQMT 行情服务已连接
[09:02:25] [交易] 已订阅账号 8890145315
[09:02:25] [START] 长飞光纤 v29 LIVE 601869.SH
[09:02:27] [DATA-DBG] hist_open[-3:]= [270.515, 266.705, 269.705] | tick_open=357.71 | lastClose=357.71
[09:02:27] [SIGNAL] BEAR | Open Y357.71 | ATR 11.2% | RSI 35 | Vol_ratio 1.00 | Mult 0.20 | Trig Y362.50 
[09:02:27] [FACTOR] trend -0.15 |  volatility -0.17 |  volume +0.00 |  RSI +0.10 | 
[09:02:27] [ACCOUNT] Position:200 sh Y71,542(67%) | Cash:Y35,938 | T+0:2 lots(200 sh)
[09:02:27] [REV-T] ✅ 2 lots trig Y362.50 buyback=sell×(1-ATR%×0.15) emerg +3% / emergTrigFalse
[09:02:27] [FWD-T] ✅ 0 lots buy Y350.56 sell Y354.77(+1.2%) 1 lot≈Y35,771
[09:02:27] [MOM] 2min±2×ATR10m(1.0%~6.0%) 反T买回-1.5% 正T卖回+1.8% 1手(100sh) 上限3次 紧急买回关
[09:02:27] [WAIT 09:02:27] to open 27分33秒
[09:04:39] [账号状态] 8890145315 STOCK: 等待登录
[09:05:09] [账号状态] 8890145315 STOCK: 正常
[09:07:27] [WAIT 09:07:27] to open 22分33秒
[09:12:27] [WAIT 09:12:27] to open 17分33秒
[09:17:27] [WAIT 09:17:27] to open 12分33秒
[09:22:27] [WAIT 09:22:27] to open 7分33秒
[09:27:27] [WAIT 09:27:27] to open 2分33秒
[09:30:07] [SELL-TRIG RECALC] open Y357.71→Y355.00 trig Y362.50→Y359.75 (Mult 0.20 ATR 11.2%)
[09:30:07] [OPEN] [Y355.89] [REV-T trig Y359.75(need +1.08%)] [FWD-T trig Y350.56(need -1.50%)]
[09:30:07] [HB] IDLE Y355.89 REV-T: need +3.86 to Y359.75 | FWD-T: need -7.12 to Y348.77
[09:30:39] [REV-T spike #1/5] Y360.05 >= Y359.75
[09:30:48] [REV-T sell trig] peak Y361.87 pullback 0.30% → Y360.79
[09:30:48] [ORDER-REV-T sell] Y360.79 × 100 sh
[09:30:48]   >>> 下单卖出: Y360.79 x 100股 601869.SH
[09:30:48] [委托] 卖 Y360.79 0/100股 -> 已报
[09:30:51] [成交] 卖 601869.SH Y360.79 x 100股 = Y36,079
[09:30:51] [委托] 卖 Y360.79 100/100股 -> 全成
[09:30:52] [FILL-REV-T sell] Y360.79 × 100 sh | pos 200→100 | cash +36,079
[09:31:07] [HB] SOLD Y359.94 sell Y360.79 -0.2% buyback Y354.75 ladder Y366.20
[09:32:07] [HB] SOLD Y358.60 sell Y360.79 -0.6% buyback Y354.75 ladder Y366.20
[09:32:42] [Buyback trig ] Y354.28(-1.80%)
[09:33:06] [REV-T buyback trig] low Y353.17 bounce 0.52% → Y355.00 gross~Y579
[09:33:06] [ORDER-REV-T buyback(NORMAL)] Y355.00 × 100 sh
[09:33:06]   >>> 下单买入: Y355.00 x 100股 601869.SH
[09:33:06] [委托] 买 Y355.00 0/100股 -> 已报
[09:33:06] [成交] 买 601869.SH Y355.00 x 100股 = Y35,500
[09:33:06] [委托] 买 Y355.00 100/100股 -> 全成
[09:33:07] [FILL-REV-T buyback(NORMAL)] Y355.00 × 100 sh | pos 100→200 | cash -35,500
[09:33:07] [SELL-TRIG UPD] Y359.75→Y360.79 (已消耗, 提升至实际卖出价)
[09:33:07] [RESUME] → IDLE (REV-T 1/5, FWD-T 0/5)
[09:33:08] [HB] IDLE Y355.00 REV-T: need +5.79 to Y360.79 | FWD-T: need -6.23 to Y348.77
[09:34:08] [HB] IDLE Y357.00 REV-T: need +3.79 to Y360.79 | FWD-T: need -7.14 to Y349.86
[09:35:08] [HB] IDLE Y355.24 REV-T: need +5.55 to Y360.79 | FWD-T: need -5.38 to Y349.86
[09:36:08] [HB] IDLE Y354.82 REV-T: need +5.97 to Y360.79 | FWD-T: need -4.96 to Y349.86
[09:37:08] [HB] IDLE Y354.01 REV-T: need +6.78 to Y360.79 | FWD-T: need -4.15 to Y349.86
[09:38:08] [HB] IDLE Y352.00 REV-T: need +8.79 to Y360.79 | FWD-T: need -2.14 to Y349.86
[09:39:08] [HB] IDLE Y351.20 REV-T: need +9.59 to Y360.79 | FWD-T: need -1.34 to Y349.86
[09:40:08] [HB] IDLE Y353.50 REV-T: need +7.29 to Y360.79 | FWD-T: need -3.64 to Y349.86
[09:41:08] [HB] IDLE Y354.46 REV-T: need +6.33 to Y360.79 | FWD-T: need -4.60 to Y349.86
[09:42:08] [HB] IDLE Y355.40 REV-T: need +5.39 to Y360.79 | FWD-T: need -5.54 to Y349.86
[09:43:09] [HB] IDLE Y356.70 REV-T: need +4.09 to Y360.79 | FWD-T: need -6.84 to Y349.86
[09:44:09] [HB] IDLE Y355.20 REV-T: need +5.59 to Y360.79 | FWD-T: need -5.34 to Y349.86
[09:45:09] [HB] IDLE Y357.33 REV-T: need +3.46 to Y360.79 | FWD-T: need -7.15 to Y350.18
[09:45:45] [MOM spike] 2min +1.73% (2×ATR10m 1.73%) Y360.84 → 冲高回落卖出监测
[09:45:45] [LOCK] P+1.6% M 1.85% D 0.00%
[09:45:46] [MOM-HB] 冲高回落卖出: peak Y360.84 Y360.84 trig±1.73%
[09:46:00] [MOM sell trig] peak Y360.84 回落0.17% → Y360.21
[09:46:00] [ORDER-MOM short] Y360.21 × 100 sh
[09:46:00]   >>> 下单卖出: Y360.21 x 100股 601869.SH
[09:46:00] [委托] 卖 Y360.21 0/100股 -> 已报
[09:46:01] [成交] 卖 601869.SH Y360.21 x 100股 = Y36,021
[09:46:01] [委托] 卖 Y360.21 100/100股 -> 全成
[09:46:02] [FILL-MOM short] Y360.21 × 100 sh | pos 200→100 | cash +36,021
[09:46:02] [MOM sold] Y360.21 x 100 sh | 买回触发 ≤Y354.81
[09:46:02] [UNLOCK]
[09:46:09] [HB] IDLE Y359.00 REV-T: need +1.79 to Y360.79 | FWD-T: need -7.18 to Y351.82
[09:46:46] [MOM-HB] 已卖Y360.21 等跌1.5%买回 Y359.72 trig±1.72%
[09:47:09] [HB] IDLE Y359.69 REV-T: need +1.10 to Y360.79 | FWD-T: need -7.19 to Y352.50
[09:47:46] [MOM-HB] 已卖Y360.21 等跌1.5%买回 Y359.26 trig±1.47%
[09:48:09] [HB] IDLE Y358.88 REV-T: need +1.91 to Y360.79 | FWD-T: need -6.38 to Y352.50
[09:48:46] [MOM-HB] 已卖Y360.21 等跌1.5%买回 Y358.48 trig±1.48%
[09:49:09] [HB] IDLE Y359.65 REV-T: need +1.14 to Y360.79 | FWD-T: need -7.15 to Y352.50
[09:49:21] [LOCK] P+1.5% M 1.09% D 0.11%
[09:49:47] [MOM-HB] 已卖Y360.21 等跌1.5%买回 Y360.49 trig±1.71%
[09:49:58] [UNLOCK]
[09:50:10] [HB] IDLE Y359.94 REV-T: need +0.85 to Y360.79 | FWD-T: need -7.20 to Y352.74
[09:50:47] [MOM-HB] 已卖Y360.21 等跌1.5%买回 Y359.90 trig±1.48%
[09:51:10] [HB] IDLE Y359.00 REV-T: need +1.79 to Y360.79 | FWD-T: need -6.26 to Y352.74
[09:51:47] [MOM-HB] 已卖Y360.21 等跌1.5%买回 Y360.20 trig±1.35%
[09:51:57] [LOCK] P+1.6% M 0.50% D 0.15%
[09:52:03] [UNLOCK]
[09:52:10] [HB] IDLE Y360.95 REV-T: need! -0.16 to Y360.79 | FWD-T: need -7.22 to Y353.73
[09:52:39] [LOCK] P+1.8% M 0.55% D 0.04%
[09:52:42] [UNLOCK]
[09:52:45] [LOCK] P+1.7% M 0.51% D 0.07%
[09:52:47] [MOM-HB] 已卖Y360.21 等跌1.5%买回 Y361.23 trig±1.25%
[09:52:54] [UNLOCK]
[09:52:57] [LOCK] P+1.7% M 0.51% D 0.10%
[09:53:10] [HB] IDLE Y361.10 REV-T: need! -0.31 to Y360.79 | FWD-T: need -7.22 to Y353.88 | LOCKED
[09:53:47] [MOM-HB] 已卖Y360.21 等跌1.5%买回 Y361.43 trig±1.00%
[09:54:09] [UNLOCK]
[09:54:09] [LOCK] P+1.9% M 0.54% D 0.06%
[09:54:10] [HB] IDLE Y361.58 REV-T: need! -0.79 to Y360.79 | FWD-T: need -7.23 to Y354.35 | LOCKED
[09:54:12] [UNLOCK]
[09:54:12] [LOCK] P+1.9% M 0.54% D 0.02%
[09:54:18] [UNLOCK]
[09:54:47] [MOM-HB] 已卖Y360.21 等跌1.5%买回 Y361.79 trig±1.00%
[09:55:01] [LOCK] P+2.0% M 0.56% D 0.00%
[09:55:10] [HB] IDLE Y361.99 REV-T: need! -1.20 to Y360.79 | FWD-T: need -7.24 to Y354.75 | LOCKED
[09:55:18] [UNLOCK]
[09:55:47] [MOM-HB] 已卖Y360.21 等跌1.5%买回 Y361.18 trig±1.00%
[09:56:10] [HB] IDLE Y360.20 REV-T: need +0.59 to Y360.79 | FWD-T: need -5.45 to Y354.75
[09:56:47] [MOM-HB] 已卖Y360.21 等跌1.5%买回 Y361.10 trig±1.00%
[09:57:10] [HB] IDLE Y360.70 REV-T: need +0.09 to Y360.79 | FWD-T: need -5.95 to Y354.75
[09:57:47] [MOM-HB] 已卖Y360.21 等跌1.5%买回 Y361.25 trig±1.00%
[09:58:10] [HB] IDLE Y361.00 REV-T: need! -0.21 to Y360.79 | FWD-T: need -6.25 to Y354.75
[09:58:47] [MOM-HB] 已卖Y360.21 等跌1.5%买回 Y360.02 trig±1.00%
[09:59:10] [HB] IDLE Y360.97 REV-T: need! -0.18 to Y360.79 | FWD-T: need -6.22 to Y354.75
[09:59:48] [MOM-HB] 已卖Y360.21 等跌1.5%买回 Y361.40 trig±1.00%
[10:00:11] [HB] IDLE Y362.20 REV-T: need! -1.41 to Y360.79 | FWD-T: need -7.24 to Y354.96
[10:00:48] [MOM-HB] 已卖Y360.21 等跌1.5%买回 Y362.62 trig±1.00%
[10:00:54] [LOCK] P+2.2% M 0.51% D 0.00%
[10:01:11] [HB] IDLE Y362.85 REV-T: need! -2.06 to Y360.79 | FWD-T: need -7.26 to Y355.59 | LOCKED
[10:01:39] [UNLOCK]
[10:01:48] [MOM-HB] 已卖Y360.21 等跌1.5%买回 Y362.00 trig±1.00%
[10:02:11] [HB] IDLE Y362.37 REV-T: need! -1.58 to Y360.79 | FWD-T: need -6.78 to Y355.59
[10:02:21] [LOCK] P+2.1% M 0.61% D 0.15%
[10:02:32] [UNLOCK]
[10:02:48] [MOM-HB] 已卖Y360.21 等跌1.5%买回 Y362.93 trig±1.00%
[10:03:03] [LOCK] P+2.3% M 0.60% D 0.00%
[10:03:11] [HB] IDLE Y363.50 REV-T: need! -2.71 to Y360.79 | FWD-T: need -7.27 to Y356.23 | LOCKED
[10:03:48] [MOM-HB] 已卖Y360.21 等跌1.5%买回 Y363.57 trig±1.00%
[10:04:11] [HB] IDLE Y363.31 REV-T: need! -2.52 to Y360.79 | FWD-T: need -7.08 to Y356.23 | LOCKED
[10:04:48] [MOM-HB] 已卖Y360.21 等跌1.5%买回 Y363.58 trig±1.00%
[10:04:52] [UNLOCK]
[10:05:11] [HB] IDLE Y363.15 REV-T: need! -2.36 to Y360.79 | FWD-T: need -6.92 to Y356.23
[10:05:48] [MOM-HB] 已卖Y360.21 等跌1.5%买回 Y363.40 trig±1.00%
[10:06:11] [HB] IDLE Y363.31 REV-T: need! -2.52 to Y360.79 | FWD-T: need -7.08 to Y356.23
[10:06:48] [MOM-HB] 已卖Y360.21 等跌1.5%买回 Y363.07 trig±1.00%
[10:06:54] [LOCK] P+2.6% M 0.59% D 0.00%
[10:07:00] [UNLOCK]
[10:07:03] [LOCK] P+2.6% M 0.63% D 0.00%
[10:07:11] [HB] IDLE Y364.39 REV-T: need! -3.60 to Y360.79 | FWD-T: need -7.29 to Y357.10 | LOCKED
[10:07:39] [UNLOCK]
[10:07:39] [LOCK] P+2.8% M 0.58% D 0.00%
[10:07:42] [UNLOCK]
[10:07:48] [MOM-HB] 已卖Y360.21 等跌1.5%买回 Y364.66 trig±1.00%
[10:07:51] [LOCK] P+2.8% M 0.53% D 0.02%
[10:07:54] [UNLOCK]
[10:08:11] [HB] IDLE Y364.93 REV-T: need! -4.14 to Y360.79 | FWD-T: need -7.30 to Y357.63
[10:08:15] [LOCK] P+2.9% M 0.50% D 0.00%
[10:08:18] [UNLOCK]
[10:08:36] [LOCK] P+3.0% M 0.58% D 0.00%
[10:08:48] [MOM-HB] 已卖Y360.21 等跌1.5%买回 Y365.73 trig±1.00%
[10:09:00] [UNLOCK]
[10:09:03] [LOCK] P+3.0% M 0.54% D 0.08%
[10:09:12] [HB] IDLE Y365.65 REV-T: need! -4.86 to Y360.79 | FWD-T: need -7.31 to Y358.34 | LOCKED
[10:09:49] [MOM-HB] 已卖Y360.21 等跌1.5%买回 Y365.51 trig±1.00%
[10:10:12] [HB] IDLE Y365.56 REV-T: need! -4.77 to Y360.79 | FWD-T: need -7.22 to Y358.34 | LOCKED
[10:10:49] [MOM-HB] 已卖Y360.21 等跌1.5%买回 Y365.59 trig±1.00%
[10:11:12] [HB] IDLE Y365.75 REV-T: need! -4.96 to Y360.79 | FWD-T: need -7.31 to Y358.44 | LOCKED
[10:11:49] [MOM-HB] 已卖Y360.21 等跌1.5%买回 Y365.17 trig±1.00%
[10:11:51] [UNLOCK]
[10:12:12] [HB] IDLE Y365.17 REV-T: need! -4.38 to Y360.79 | FWD-T: need -6.73 to Y358.44
[10:12:15] [LOCK] P+3.2% M 0.53% D 0.00%
[10:12:24] [UNLOCK]
[10:12:24] [LOCK] P+3.3% M 0.56% D 0.00%
[10:12:39] [UNLOCK]
[10:12:42] [LOCK] P+3.3% M 0.57% D 0.00%
[10:12:49] [MOM-HB] 已卖Y360.21 等跌1.5%买回 Y366.88 trig±1.00%
[10:13:00] [UNLOCK]
[10:13:12] [HB] IDLE Y365.79 REV-T: need! -5.00 to Y360.79 | FWD-T: need -7.32 to Y358.47
[10:13:49] [MOM-HB] 已卖Y360.21 等跌1.5%买回 Y364.54 trig±1.00%
[10:14:12] [HB] IDLE Y363.99 REV-T: need! -3.20 to Y360.79 | FWD-T: need -5.52 to Y358.47
[10:14:49] [MOM-HB] 已卖Y360.21 等跌1.5%买回 Y364.47 trig±1.00%
[10:15:12] [HB] IDLE Y365.00 REV-T: need! -4.21 to Y360.79 | FWD-T: need -6.53 to Y358.47
[10:15:49] [MOM-HB] 已卖Y360.21 等跌1.5%买回 Y365.05 trig±1.00%
[10:16:12] [HB] IDLE Y364.96 REV-T: need! -4.17 to Y360.79 | FWD-T: need -6.49 to Y358.47
[10:16:49] [MOM-HB] 已卖Y360.21 等跌1.5%买回 Y364.50 trig±1.00%
[10:17:12] [HB] IDLE Y363.68 REV-T: need! -2.89 to Y360.79 | FWD-T: need -5.21 to Y358.47
[10:17:49] [MOM-HB] 已卖Y360.21 等跌1.5%买回 Y363.21 trig±1.00%
[10:18:12] [HB] IDLE Y363.23 REV-T: need! -2.44 to Y360.79 | FWD-T: need -4.76 to Y358.47
[10:18:50] [MOM-HB] 已卖Y360.21 等跌1.5%买回 Y362.60 trig±1.00%
[10:19:13] [HB] IDLE Y361.64 REV-T: need! -0.85 to Y360.79 | FWD-T: need -3.17 to Y358.47
[10:19:50] [MOM-HB] 已卖Y360.21 等跌1.5%买回 Y361.59 trig±1.00%
[10:20:13] [HB] IDLE Y361.00 REV-T: need! -0.21 to Y360.79 | FWD-T: need -2.53 to Y358.47
[10:20:50] [MOM-HB] 已卖Y360.21 等跌1.5%买回 Y360.70 trig±1.00%
[10:21:13] [HB] IDLE Y361.20 REV-T: need! -0.41 to Y360.79 | FWD-T: need -2.73 to Y358.47
[10:21:50] [MOM-HB] 已卖Y360.21 等跌1.5%买回 Y360.73 trig±1.00%
[10:22:13] [HB] IDLE Y360.98 REV-T: need! -0.19 to Y360.79 | FWD-T: need -2.51 to Y358.47
[10:22:50] [MOM-HB] 已卖Y360.21 等跌1.5%买回 Y359.70 trig±1.00%
[10:23:13] [HB] IDLE Y358.91 REV-T: need +1.88 to Y360.79 | FWD-T: need -0.44 to Y358.47
[10:23:50] [MOM-HB] 已卖Y360.21 等跌1.5%买回 Y360.11 trig±1.00%
[10:24:13] [HB] IDLE Y360.11 REV-T: need +0.68 to Y360.79 | FWD-T: need -1.64 to Y358.47
[10:24:50] [MOM-HB] 已卖Y360.21 等跌1.5%买回 Y359.98 trig±1.00%
[10:25:13] [HB] IDLE Y361.23 REV-T: need! -0.44 to Y360.79 | FWD-T: need -2.76 to Y358.47
[10:25:50] [MOM-HB] 已卖Y360.21 等跌1.5%买回 Y360.49 trig±1.00%
[10:26:13] [HB] IDLE Y361.16 REV-T: need! -0.37 to Y360.79 | FWD-T: need -2.69 to Y358.47
[10:26:50] [MOM-HB] 已卖Y360.21 等跌1.5%买回 Y361.24 trig±1.00%
[10:27:13] [HB] IDLE Y362.13 REV-T: need! -1.34 to Y360.79 | FWD-T: need -3.66 to Y358.47
[10:27:50] [MOM-HB] 已卖Y360.21 等跌1.5%买回 Y361.20 trig±1.00%
[10:28:14] [HB] IDLE Y359.53 REV-T: need +1.26 to Y360.79 | FWD-T: need -1.06 to Y358.47
[10:28:37] [FWD-T dip #1/5] Y358.40 <= Y358.47(-0.02%)
[10:28:51] [MOM-HB] 已卖Y360.21 等跌1.5%买回 Y357.68 trig±1.00%
[10:29:14] [HB] BT_DIPPING Y357.34 dip Y357.19 bounce 0.04%
[10:29:51] [MOM-HB] 已卖Y360.21 等跌1.5%买回 Y357.50 trig±1.00%
[10:29:54] [FWD-T buy trig] low Y357.19 bounce 0.12% → Y357.62
[10:29:54] [ORDER-FWD-T buy] Y357.62 × 100 sh
[10:29:54]   >>> 下单买入: Y357.62 x 100股 601869.SH
[10:29:54] [委托] 买 Y357.62 0/100股 -> 已报
[10:29:56] [成交] 买 601869.SH Y357.62 x 100股 = Y35,762
[10:29:56] [委托] 买 Y357.62 100/100股 -> 全成
[10:29:57] [FILL-FWD-T buy] Y357.62 × 100 sh | pos 100→200 | cash -35,762
[10:30:14] [HB] BT_BOUGHT Y357.70 buy Y357.62 +0.0% sellback Y361.91 ladder Y352.26
[10:30:51] [MOM-HB] 已卖Y360.21 等跌1.5%买回 Y357.33 trig±1.00%
[10:31:14] [HB] BT_BOUGHT Y357.39 buy Y357.62 -0.1% sellback Y361.91 ladder Y352.26
[10:31:51] [MOM-HB] 已卖Y360.21 等跌1.5%买回 Y357.69 trig±1.00%
[10:32:14] [HB] BT_BOUGHT Y357.46 buy Y357.62 -0.0% sellback Y361.91 ladder Y352.26
[10:32:51] [MOM-HB] 已卖Y360.21 等跌1.5%买回 Y356.24 trig±1.00%
[10:33:14] [HB] BT_BOUGHT Y356.54 buy Y357.62 -0.3% sellback Y361.91 ladder Y352.26
[10:33:51] [MOM-HB] 已卖Y360.21 等跌1.5%买回 Y356.06 trig±1.00%
[10:34:14] [HB] BT_BOUGHT Y356.08 buy Y357.62 -0.4% sellback Y361.91 ladder Y352.26
[10:34:51] [MOM-HB] 已卖Y360.21 等跌1.5%买回 Y355.80 trig±1.00%
[10:35:14] [HB] BT_BOUGHT Y356.06 buy Y357.62 -0.4% sellback Y361.91 ladder Y352.26
[10:35:52] [MOM-HB] 已卖Y360.21 等跌1.5%买回 Y357.51 trig±1.00%
[10:36:15] [HB] BT_BOUGHT Y357.41 buy Y357.62 -0.1% sellback Y361.91 ladder Y352.26
[10:36:52] [MOM-HB] 已卖Y360.21 等跌1.5%买回 Y356.99 trig±1.03%
[10:37:15] [HB] BT_BOUGHT Y356.30 buy Y357.62 -0.4% sellback Y361.91 ladder Y352.26
[10:37:52] [MOM-HB] 已卖Y360.21 等跌1.5%买回 Y356.40 trig±1.00%
[10:38:15] [HB] BT_BOUGHT Y356.01 buy Y357.62 -0.5% sellback Y361.91 ladder Y352.26
[10:38:52] [MOM-HB] 已卖Y360.21 等跌1.5%买回 Y355.55 trig±1.00%
[10:39:15] [HB] BT_BOUGHT Y355.29 buy Y357.62 -0.7% sellback Y361.91 ladder Y352.26
[10:39:52] [MOM-HB] 已卖Y360.21 等跌1.5%买回 Y355.62 trig±1.00%
[10:40:15] [HB] BT_BOUGHT Y355.35 buy Y357.62 -0.6% sellback Y361.91 ladder Y352.26
[10:40:52] [MOM-HB] 已卖Y360.21 等跌1.5%买回 Y355.07 trig±1.00%
[10:40:58] [MOM buyback trig] Y354.77 ≤Y354.81(-1.50%) → 探底回升买回
[10:41:15] [HB] BT_BOUGHT Y353.98 buy Y357.62 -1.0% sellback Y361.91 ladder Y352.26
[10:41:52] [MOM-HB] 探底回升买回: dip Y353.90 Y354.00 trig±1.00%
[10:42:15] [HB] BT_BOUGHT Y354.18 buy Y357.62 -1.0% sellback Y361.91 ladder Y352.26
[10:42:27] [MOM buyback buy] low Y353.90 回升0.11% → Y354.29
[10:42:27] [ORDER-MOM buyback] Y354.29 × 100 sh
[10:42:27]   >>> 下单买入: Y354.29 x 100股 601869.SH
[10:42:27] [委托] 买 Y354.29 0/100股 -> 已报
[10:42:36] [FILL-MOM buyback(TIMEOUT)] Y354.29 × 100 sh | pos 200→200 | cash -35,429
[10:42:36] [VERIFY] MOM buyback(TIMEOUT): status PENDING | exp +100 act +0 | cashΔ -35,429
[10:42:36] [撤单] order_id=1098942009
[10:42:36] [MOM buyback FAIL] 未成交, 保持 DIPPING
[10:42:36] [委托] 买 Y354.29 0/100股 -> 已撤
[10:42:36] [MOM buyback buy] low Y353.90 回升0.31% → Y354.99
[10:42:36] [ORDER-MOM buyback] Y354.99 × 100 sh
[10:42:36]   >>> 下单买入: Y354.99 x 100股 601869.SH
[10:42:36] [委托] 买 Y354.99 0/100股 -> 已报
[10:42:44] [FILL-MOM buyback(TIMEOUT)] Y354.99 × 100 sh | pos 200→200 | cash -35,516
[10:42:44] [VERIFY] MOM buyback(TIMEOUT): status PENDING | exp +100 act +0 | cashΔ -35,516
[10:42:44] [撤单] order_id=1098942202
[10:42:44] [MOM buyback FAIL] 未成交, 保持 DIPPING
[10:42:44] [委托] 买 Y354.99 0/100股 -> 已撤
[10:42:45] [MOM buyback buy] low Y353.90 回升0.41% → Y355.36
[10:42:45] [ORDER-MOM buyback] Y355.36 × 100 sh
[10:42:45]   >>> 下单买入: Y355.36 x 100股 601869.SH
[10:42:45] [委托] 买 Y355.36 0/100股 -> 已报
[10:42:53] [FILL-MOM buyback(TIMEOUT)] Y355.36 × 100 sh | pos 200→200 | cash -35,536
[10:42:53] [VERIFY] MOM buyback(TIMEOUT): status PENDING | exp +100 act +0 | cashΔ -35,536
[10:42:53] [撤单] order_id=1098942249
[10:42:53] [MOM buyback FAIL] 未成交, 保持 DIPPING
[10:42:53] [委托] 买 Y355.36 0/100股 -> 已撤
[10:42:54] [MOM buyback buy] low Y353.90 回升0.48% → Y355.59
[10:42:54] [ORDER-MOM buyback] Y355.59 × 100 sh
[10:42:54]   >>> 下单买入: Y355.59 x 100股 601869.SH
[10:42:54] [委托] 买 Y355.59 0/100股 -> 已报
[10:42:55] [成交] 买 601869.SH Y355.59 x 100股 = Y35,559
[10:42:55] [委托] 买 Y355.59 100/100股 -> 全成
[10:42:55] [FILL-MOM buyback] Y355.59 × 100 sh | pos 200→300 | cash -35,559
[10:42:55] [MOM short done] 卖Y360.21 买Y355.59 x 100sh gross~Y462
[10:42:55] [MOM-HB]  Y355.59 trig±1.00%
[10:43:16] [HB] BT_BOUGHT Y356.62 buy Y357.62 -0.3% sellback Y361.91 ladder Y352.26
[10:44:16] [HB] BT_BOUGHT Y356.22 buy Y357.62 -0.4% sellback Y361.91 ladder Y352.26
[10:45:16] [HB] BT_BOUGHT Y356.20 buy Y357.62 -0.4% sellback Y361.91 ladder Y352.26
[10:46:16] [HB] BT_BOUGHT Y357.99 buy Y357.62 +0.1% sellback Y361.91 ladder Y352.26
[10:47:16] [HB] BT_BOUGHT Y358.15 buy Y357.62 +0.1% sellback Y361.91 ladder Y352.26
[10:48:16] [HB] BT_BOUGHT Y358.50 buy Y357.62 +0.2% sellback Y361.91 ladder Y352.26
[10:49:16] [HB] BT_BOUGHT Y357.39 buy Y357.62 -0.1% sellback Y361.91 ladder Y352.26
[10:50:16] [HB] BT_BOUGHT Y357.89 buy Y357.62 +0.1% sellback Y361.91 ladder Y352.26
[10:51:16] [HB] BT_BOUGHT Y358.50 buy Y357.62 +0.2% sellback Y361.91 ladder Y352.26
[10:52:17] [HB] BT_BOUGHT Y359.12 buy Y357.62 +0.4% sellback Y361.91 ladder Y352.26
[10:53:17] [HB] BT_BOUGHT Y359.51 buy Y357.62 +0.5% sellback Y361.91 ladder Y352.26
[10:54:17] [HB] BT_BOUGHT Y360.16 buy Y357.62 +0.7% sellback Y361.91 ladder Y352.26
[10:55:17] [HB] BT_BOUGHT Y360.14 buy Y357.62 +0.7% sellback Y361.91 ladder Y352.26
[10:56:17] [HB] BT_BOUGHT Y360.79 buy Y357.62 +0.9% sellback Y361.91 ladder Y352.26
[10:57:17] [HB] BT_BOUGHT Y361.06 buy Y357.62 +1.0% sellback Y361.91 ladder Y352.26
[10:58:17] [HB] BT_BOUGHT Y360.00 buy Y357.62 +0.7% sellback Y361.91 ladder Y352.26
[10:59:17] [HB] BT_BOUGHT Y359.99 buy Y357.62 +0.7% sellback Y361.91 ladder Y352.26
[11:00:17] [HB] BT_BOUGHT Y359.01 buy Y357.62 +0.4% sellback Y361.91 ladder Y352.26
[11:01:17] [HB] BT_BOUGHT Y359.91 buy Y357.62 +0.6% sellback Y361.91 ladder Y352.26
[11:02:18] [HB] BT_BOUGHT Y359.40 buy Y357.62 +0.5% sellback Y361.91 ladder Y352.26
[11:03:18] [HB] BT_BOUGHT Y358.55 buy Y357.62 +0.3% sellback Y361.91 ladder Y352.26
[11:04:18] [HB] BT_BOUGHT Y358.31 buy Y357.62 +0.2% sellback Y361.91 ladder Y352.26
[11:05:18] [HB] BT_BOUGHT Y358.31 buy Y357.62 +0.2% sellback Y361.91 ladder Y352.26
[11:06:18] [HB] BT_BOUGHT Y357.99 buy Y357.62 +0.1% sellback Y361.91 ladder Y352.26
[11:07:18] [HB] BT_BOUGHT Y358.26 buy Y357.62 +0.2% sellback Y361.91 ladder Y352.26
[11:08:18] [HB] BT_BOUGHT Y358.03 buy Y357.62 +0.1% sellback Y361.91 ladder Y352.26
[11:09:18] [HB] BT_BOUGHT Y358.41 buy Y357.62 +0.2% sellback Y361.91 ladder Y352.26
[11:10:18] [HB] BT_BOUGHT Y358.52 buy Y357.62 +0.3% sellback Y361.91 ladder Y352.26
[11:11:18] [HB] BT_BOUGHT Y357.99 buy Y357.62 +0.1% sellback Y361.91 ladder Y352.26
[11:12:18] [HB] BT_BOUGHT Y358.50 buy Y357.62 +0.2% sellback Y361.91 ladder Y352.26
[11:13:19] [HB] BT_BOUGHT Y358.34 buy Y357.62 +0.2% sellback Y361.91 ladder Y352.26
[11:14:19] [HB] BT_BOUGHT Y358.00 buy Y357.62 +0.1% sellback Y361.91 ladder Y352.26
[11:15:19] [HB] BT_BOUGHT Y358.06 buy Y357.62 +0.1% sellback Y361.91 ladder Y352.26
[11:16:19] [HB] BT_BOUGHT Y358.51 buy Y357.62 +0.2% sellback Y361.91 ladder Y352.26
[11:17:19] [HB] BT_BOUGHT Y358.90 buy Y357.62 +0.4% sellback Y361.91 ladder Y352.26
[11:18:19] [HB] BT_BOUGHT Y359.29 buy Y357.62 +0.5% sellback Y361.91 ladder Y352.26
[11:19:19] [HB] BT_BOUGHT Y358.47 buy Y357.62 +0.2% sellback Y361.91 ladder Y352.26
[11:20:19] [HB] BT_BOUGHT Y358.01 buy Y357.62 +0.1% sellback Y361.91 ladder Y352.26
[11:21:19] [HB] BT_BOUGHT Y357.97 buy Y357.62 +0.1% sellback Y361.91 ladder Y352.26
[11:22:19] [HB] BT_BOUGHT Y357.51 buy Y357.62 -0.0% sellback Y361.91 ladder Y352.26
[11:23:07] [账号状态] 8890145315 STOCK: 等待登录
[11:23:20] [HB] BT_BOUGHT Y358.44 buy Y357.62 +0.2% sellback Y361.91 ladder Y352.26
[11:23:23] [账号状态] 8890145315 STOCK: 正常
[11:24:20] [HB] BT_BOUGHT Y358.46 buy Y357.62 +0.2% sellback Y361.91 ladder Y352.26
[11:25:20] [HB] BT_BOUGHT Y359.50 buy Y357.62 +0.5% sellback Y361.91 ladder Y352.26
[11:26:20] [HB] BT_BOUGHT Y359.02 buy Y357.62 +0.4% sellback Y361.91 ladder Y352.26
[11:27:20] [HB] BT_BOUGHT Y359.50 buy Y357.62 +0.5% sellback Y361.91 ladder Y352.26
[11:28:20] [HB] BT_BOUGHT Y359.45 buy Y357.62 +0.5% sellback Y361.91 ladder Y352.26
[11:29:20] [HB] BT_BOUGHT Y359.39 buy Y357.62 +0.5% sellback Y361.91 ladder Y352.26
[11:34:21] [LUNCH 11:34:21]
[11:39:21] [LUNCH 11:39:21]
[11:44:21] [LUNCH 11:44:21]
[11:49:21] [LUNCH 11:49:21]
[11:54:21] [LUNCH 11:54:21]
[11:59:21] [LUNCH 11:59:21]
[12:04:21] [LUNCH 12:04:21]
[12:09:21] [LUNCH 12:09:21]
[12:14:21] [LUNCH 12:14:21]
[12:19:21] [LUNCH 12:19:21]
[12:24:21] [LUNCH 12:24:21]
[12:29:16] [账号状态] 8890145315 STOCK: 等待登录
[12:29:30] [LUNCH 12:29:30]
[12:32:52] [账号状态] 8890145315 STOCK: 正常
[12:34:30] [LUNCH 12:34:30]
[12:40:27] [账号状态] 8890145315 STOCK: 等待登录
[12:40:31] [LUNCH 12:40:31]
[12:40:43] [账号状态] 8890145315 STOCK: 正常
[12:43:44] [账号状态] 8890145315 STOCK: 等待登录
[12:43:59] [账号状态] 8890145315 STOCK: 正常
[12:45:32] [LUNCH 12:45:32]
[12:47:20] [账号状态] 8890145315 STOCK: 等待登录
[12:47:35] [账号状态] 8890145315 STOCK: 正常
[12:50:41] [LUNCH 12:50:41]
[12:50:44] [账号状态] 8890145315 STOCK: 等待登录
[12:50:59] [账号状态] 8890145315 STOCK: 正常
[12:54:15] [账号状态] 8890145315 STOCK: 等待登录
[12:54:30] [账号状态] 8890145315 STOCK: 正常
[12:55:44] [LUNCH 12:55:44]
[12:57:46] [账号状态] 8890145315 STOCK: 等待登录
[12:58:01] [账号状态] 8890145315 STOCK: 正常
[13:00:05] [HB] BT_BOUGHT Y359.10 buy Y357.62 +0.4% sellback Y361.91 ladder Y352.26
[13:01:15] [HB] BT_BOUGHT Y358.84 buy Y357.62 +0.3% sellback Y361.91 ladder Y352.26
[13:01:26] [账号状态] 8890145315 STOCK: 等待登录
[13:01:43] [账号状态] 8890145315 STOCK: 正常
[13:02:15] [HB] BT_BOUGHT Y358.43 buy Y357.62 +0.2% sellback Y361.91 ladder Y352.26
[13:03:15] [HB] BT_BOUGHT Y360.00 buy Y357.62 +0.7% sellback Y361.91 ladder Y352.26
[13:04:46] [HB] BT_BOUGHT Y360.00 buy Y357.62 +0.7% sellback Y361.91 ladder Y352.26
[13:04:52] [账号状态] 8890145315 STOCK: 等待登录
[13:05:07] [账号状态] 8890145315 STOCK: 正常
[13:05:46] [HB] BT_BOUGHT Y358.58 buy Y357.62 +0.3% sellback Y361.91 ladder Y352.26
[13:06:46] [HB] BT_BOUGHT Y359.19 buy Y357.62 +0.4% sellback Y361.91 ladder Y352.26
[13:08:16] [HB] BT_BOUGHT Y358.52 buy Y357.62 +0.3% sellback Y361.91 ladder Y352.26
[13:08:20] [账号状态] 8890145315 STOCK: 等待登录
[13:08:35] [账号状态] 8890145315 STOCK: 正常
[13:09:16] [HB] BT_BOUGHT Y357.10 buy Y357.62 -0.1% sellback Y361.91 ladder Y352.26
[13:10:16] [HB] BT_BOUGHT Y358.00 buy Y357.62 +0.1% sellback Y361.91 ladder Y352.26
[13:11:45] [HB] BT_BOUGHT Y358.52 buy Y357.62 +0.3% sellback Y361.91 ladder Y352.26
[13:11:52] [账号状态] 8890145315 STOCK: 等待登录
[13:12:45] [HB] BT_BOUGHT Y358.52 buy Y357.62 +0.3% sellback Y361.91 ladder Y352.26
[13:13:45] [HB] BT_BOUGHT Y358.52 buy Y357.62 +0.3% sellback Y361.91 ladder Y352.26
[13:15:19] [HB] BT_BOUGHT Y358.52 buy Y357.62 +0.3% sellback Y361.91 ladder Y352.26
[13:16:19] [HB] BT_BOUGHT Y358.50 buy Y357.62 +0.2% sellback Y361.91 ladder Y352.26
[13:17:19] [HB] BT_BOUGHT Y358.51 buy Y357.62 +0.2% sellback Y361.91 ladder Y352.26
[13:18:51] [HB] BT_BOUGHT Y358.52 buy Y357.62 +0.3% sellback Y361.91 ladder Y352.26
[13:19:51] [HB] BT_BOUGHT Y359.29 buy Y357.62 +0.5% sellback Y361.91 ladder Y352.26
[13:20:13] [账号状态] 8890145315 STOCK: 正常
[13:20:51] [HB] BT_BOUGHT Y359.00 buy Y357.62 +0.4% sellback Y361.91 ladder Y352.26
[13:22:21] [HB] BT_BOUGHT Y358.60 buy Y357.62 +0.3% sellback Y361.91 ladder Y352.26
[13:22:25] [账号状态] 8890145315 STOCK: 等待登录
[13:22:41] [账号状态] 8890145315 STOCK: 正常
[13:23:21] [HB] BT_BOUGHT Y358.37 buy Y357.62 +0.2% sellback Y361.91 ladder Y352.26
[13:24:21] [HB] BT_BOUGHT Y358.40 buy Y357.62 +0.2% sellback Y361.91 ladder Y352.26
[13:25:51] [HB] BT_BOUGHT Y358.38 buy Y357.62 +0.2% sellback Y361.91 ladder Y352.26
[13:25:55] [账号状态] 8890145315 STOCK: 等待登录
[13:26:10] [账号状态] 8890145315 STOCK: 正常
[13:26:51] [HB] BT_BOUGHT Y359.09 buy Y357.62 +0.4% sellback Y361.91 ladder Y352.26
[13:27:51] [HB] BT_BOUGHT Y358.66 buy Y357.62 +0.3% sellback Y361.91 ladder Y352.26
[13:29:21] [HB] BT_BOUGHT Y359.50 buy Y357.62 +0.5% sellback Y361.91 ladder Y352.26
[13:29:25] [账号状态] 8890145315 STOCK: 等待登录
[13:29:41] [账号状态] 8890145315 STOCK: 正常
[13:30:21] [HB] BT_BOUGHT Y359.26 buy Y357.62 +0.5% sellback Y361.91 ladder Y352.26
[13:31:21] [HB] BT_BOUGHT Y358.50 buy Y357.62 +0.2% sellback Y361.91 ladder Y352.26
[13:32:54] [HB] BT_BOUGHT Y358.50 buy Y357.62 +0.2% sellback Y361.91 ladder Y352.26
[13:32:58] [账号状态] 8890145315 STOCK: 等待登录
[13:33:13] [账号状态] 8890145315 STOCK: 正常
[13:33:54] [HB] BT_BOUGHT Y358.50 buy Y357.62 +0.2% sellback Y361.91 ladder Y352.26
[13:34:54] [HB] BT_BOUGHT Y358.44 buy Y357.62 +0.2% sellback Y361.91 ladder Y352.26
[13:36:26] [HB] BT_BOUGHT Y358.30 buy Y357.62 +0.2% sellback Y361.91 ladder Y352.26
[13:36:31] [账号状态] 8890145315 STOCK: 等待登录
[13:36:46] [账号状态] 8890145315 STOCK: 正常
[13:37:26] [HB] BT_BOUGHT Y358.35 buy Y357.62 +0.2% sellback Y361.91 ladder Y352.26
[13:38:26] [HB] BT_BOUGHT Y358.21 buy Y357.62 +0.2% sellback Y361.91 ladder Y352.26
[13:39:57] [HB] BT_BOUGHT Y358.21 buy Y357.62 +0.2% sellback Y361.91 ladder Y352.26
[13:40:01] [账号状态] 8890145315 STOCK: 等待登录
[13:40:17] [账号状态] 8890145315 STOCK: 正常
[13:40:57] [HB] BT_BOUGHT Y357.66 buy Y357.62 +0.0% sellback Y361.91 ladder Y352.26
[13:41:57] [HB] BT_BOUGHT Y357.73 buy Y357.62 +0.0% sellback Y361.91 ladder Y352.26
[13:42:57] [HB] BT_BOUGHT Y357.69 buy Y357.62 +0.0% sellback Y361.91 ladder Y352.26
[13:43:57] [HB] BT_BOUGHT Y357.69 buy Y357.62 +0.0% sellback Y361.91 ladder Y352.26
[13:44:57] [HB] BT_BOUGHT Y357.23 buy Y357.62 -0.1% sellback Y361.91 ladder Y352.26
[13:45:57] [HB] BT_BOUGHT Y357.15 buy Y357.62 -0.1% sellback Y361.91 ladder Y352.26
[13:46:58] [HB] BT_BOUGHT Y357.11 buy Y357.62 -0.1% sellback Y361.91 ladder Y352.26
[13:47:58] [HB] BT_BOUGHT Y357.15 buy Y357.62 -0.1% sellback Y361.91 ladder Y352.26
[13:48:58] [HB] BT_BOUGHT Y357.36 buy Y357.62 -0.1% sellback Y361.91 ladder Y352.26
[13:49:58] [HB] BT_BOUGHT Y357.65 buy Y357.62 +0.0% sellback Y361.91 ladder Y352.26
[13:50:58] [HB] BT_BOUGHT Y358.03 buy Y357.62 +0.1% sellback Y361.91 ladder Y352.26
[13:51:58] [HB] BT_BOUGHT Y357.39 buy Y357.62 -0.1% sellback Y361.91 ladder Y352.26
[13:52:58] [HB] BT_BOUGHT Y357.23 buy Y357.62 -0.1% sellback Y361.91 ladder Y352.26
[13:53:58] [HB] BT_BOUGHT Y357.00 buy Y357.62 -0.2% sellback Y361.91 ladder Y352.26
[13:54:58] [HB] BT_BOUGHT Y356.45 buy Y357.62 -0.3% sellback Y361.91 ladder Y352.26
[13:55:58] [HB] BT_BOUGHT Y357.38 buy Y357.62 -0.1% sellback Y361.91 ladder Y352.26
[13:56:59] [HB] BT_BOUGHT Y357.81 buy Y357.62 +0.1% sellback Y361.91 ladder Y352.26
[13:57:59] [HB] BT_BOUGHT Y358.18 buy Y357.62 +0.2% sellback Y361.91 ladder Y352.26
[13:58:59] [HB] BT_BOUGHT Y358.20 buy Y357.62 +0.2% sellback Y361.91 ladder Y352.26
[13:59:59] [HB] BT_BOUGHT Y357.82 buy Y357.62 +0.1% sellback Y361.91 ladder Y352.26
[14:00:59] [HB] BT_BOUGHT Y356.61 buy Y357.62 -0.3% sellback Y361.91 ladder Y352.26
[14:01:59] [HB] BT_BOUGHT Y356.76 buy Y357.62 -0.2% sellback Y361.91 ladder Y352.26
[14:02:59] [HB] BT_BOUGHT Y356.70 buy Y357.62 -0.3% sellback Y361.91 ladder Y352.26
[14:03:59] [HB] BT_BOUGHT Y355.85 buy Y357.62 -0.5% sellback Y361.91 ladder Y352.26
[14:04:59] [HB] BT_BOUGHT Y355.58 buy Y357.62 -0.6% sellback Y361.91 ladder Y352.26
[14:05:59] [HB] BT_BOUGHT Y355.79 buy Y357.62 -0.5% sellback Y361.91 ladder Y352.26
[14:07:00] [HB] BT_BOUGHT Y356.80 buy Y357.62 -0.2% sellback Y361.91 ladder Y352.26
[14:08:00] [HB] BT_BOUGHT Y356.66 buy Y357.62 -0.3% sellback Y361.91 ladder Y352.26
[14:09:00] [HB] BT_BOUGHT Y356.98 buy Y357.62 -0.2% sellback Y361.91 ladder Y352.26
[14:10:00] [HB] BT_BOUGHT Y357.40 buy Y357.62 -0.1% sellback Y361.91 ladder Y352.26
[14:11:00] [HB] BT_BOUGHT Y358.01 buy Y357.62 +0.1% sellback Y361.91 ladder Y352.26
[14:12:00] [HB] BT_BOUGHT Y358.04 buy Y357.62 +0.1% sellback Y361.91 ladder Y352.26
[14:13:00] [HB] BT_BOUGHT Y357.82 buy Y357.62 +0.1% sellback Y361.91 ladder Y352.26
[14:14:00] [HB] BT_BOUGHT Y358.19 buy Y357.62 +0.2% sellback Y361.91 ladder Y352.26
[14:15:00] [HB] BT_BOUGHT Y360.50 buy Y357.62 +0.8% sellback Y361.91 ladder Y352.26
[14:16:00] [HB] BT_BOUGHT Y360.39 buy Y357.62 +0.8% sellback Y361.91 ladder Y352.26
[14:17:01] [HB] BT_BOUGHT Y360.96 buy Y357.62 +0.9% sellback Y361.91 ladder Y352.26
[14:18:01] [HB] BT_BOUGHT Y360.01 buy Y357.62 +0.7% sellback Y361.91 ladder Y352.26
[14:19:01] [HB] BT_BOUGHT Y361.30 buy Y357.62 +1.0% sellback Y361.91 ladder Y352.26
[14:19:37] [FWD-T sellback watch] +1.22% → Y362.00
[14:20:01] [HB] BT_SPIKING Y362.98 peak Y362.98 pullback 0.00%
[14:21:01] [HB] BT_SPIKING Y363.81 peak Y363.81 pullback 0.00%
[14:21:16] [FWD-T sell trig] peak Y363.95 pullback 0.12% → Y363.50 gross~Y588
[14:21:16] [FWD-T sell SKIP] 可卖 不足: planned 100 actual 0
[14:21:16] [FWD-T sell FAIL] 未成交, 回 BT_BOUGHT
[14:21:17] [FWD-T sellback watch] +1.64% → Y363.50
[14:21:19] [FWD-T sell trig] peak Y363.50 pullback 0.13% → Y363.01 gross~Y539
[14:21:19] [FWD-T sell SKIP] 可卖 不足: planned 100 actual 0
[14:21:19] [FWD-T sell FAIL] 未成交, 回 BT_BOUGHT
[14:21:20] [FWD-T sellback watch] +1.51% → Y363.01
[14:21:40] [FWD-T sell trig] peak Y363.01 pullback 0.11% → Y362.61 gross~Y499
[14:21:40] [FWD-T sell SKIP] 可卖 不足: planned 100 actual 0
[14:21:40] [FWD-T sell FAIL] 未成交, 回 BT_BOUGHT
[14:21:41] [FWD-T sellback watch] +1.40% → Y362.61
[14:22:01] [HB] BT_SPIKING Y362.78 peak Y362.78 pullback 0.00%
[14:22:49] [FWD-T sell trig] peak Y363.32 pullback 0.12% → Y362.90 gross~Y528
[14:22:49] [FWD-T sell SKIP] 可卖 不足: planned 100 actual 0
[14:22:49] [FWD-T sell FAIL] 未成交, 回 BT_BOUGHT
[14:22:50] [FWD-T sellback watch] +1.48% → Y362.90
[14:23:01] [HB] BT_SPIKING Y363.00 peak Y363.00 pullback 0.00%
[14:24:01] [HB] BT_SPIKING Y363.25 peak Y363.40 pullback 0.04%
[14:24:43] [FWD-T sell trig] peak Y363.48 pullback 0.11% → Y363.09 gross~Y547
[14:24:43] [FWD-T sell SKIP] 可卖 不足: planned 100 actual 0
[14:24:43] [FWD-T sell FAIL] 未成交, 回 BT_BOUGHT
[14:24:44] [FWD-T sellback watch] +1.53% → Y363.09
[14:25:01] [HB] BT_SPIKING Y363.15 peak Y363.23 pullback 0.02%
[14:26:02] [HB] BT_SPIKING Y363.40 peak Y363.40 pullback 0.00%
[14:26:43] [FWD-T sell trig] peak Y364.68 pullback 0.10% → Y364.31 gross~Y669
[14:26:43] [FWD-T sell SKIP] 可卖 不足: planned 100 actual 0
[14:26:43] [FWD-T sell FAIL] 未成交, 回 BT_BOUGHT
[14:26:44] [FWD-T sellback watch] +1.87% → Y364.31
[14:27:02] [HB] BT_SPIKING Y364.04 peak Y364.31 pullback 0.07%
[14:27:46] [FWD-T sell trig] peak Y365.08 pullback 0.16% → Y364.51 gross~Y689
[14:27:46] [FWD-T sell SKIP] 可卖 不足: planned 100 actual 0
[14:27:46] [FWD-T sell FAIL] 未成交, 回 BT_BOUGHT
[14:27:47] [FWD-T sellback watch] +1.93% → Y364.51
[14:28:02] [HB] BT_SPIKING Y364.55 peak Y364.55 pullback 0.00%
[14:29:02] [HB] BT_SPIKING Y364.62 peak Y364.88 pullback 0.07%
[14:29:16] [FWD-T sell trig] peak Y364.88 pullback 0.15% → Y364.33 gross~Y671
[14:29:16] [FWD-T sell SKIP] 可卖 不足: planned 100 actual 0
[14:29:16] [FWD-T sell FAIL] 未成交, 回 BT_BOUGHT
[14:29:17] [FWD-T sellback watch] +1.88% → Y364.33
[14:29:34] [FWD-T sell trig] peak Y364.33 pullback 0.20% → Y363.60 gross~Y598
[14:29:34] [FWD-T sell SKIP] 可卖 不足: planned 100 actual 0
[14:29:34] [FWD-T sell FAIL] 未成交, 回 BT_BOUGHT
[14:29:35] [FWD-T sellback watch] +1.67% → Y363.60
[14:30:02] [HB] BT_SPIKING Y364.09 peak Y364.09 pullback 0.00%
[14:30:22] [FWD-T sell trig] peak Y364.10 pullback 0.18% → Y363.45 gross~Y583
[14:30:22] [FWD-T sell SKIP] 可卖 不足: planned 100 actual 0
[14:30:22] [FWD-T sell FAIL] 未成交, 回 BT_BOUGHT
[14:30:23] [FWD-T sellback watch] +1.63% → Y363.45
[14:30:28] [FWD-T sell trig] peak Y364.00 pullback 0.15% → Y363.45 gross~Y583
[14:30:28] [FWD-T sell SKIP] 可卖 不足: planned 100 actual 0
[14:30:28] [FWD-T sell FAIL] 未成交, 回 BT_BOUGHT
[14:30:28] [FWD-T sellback watch] +1.63% → Y363.45
[14:30:40] [FWD-T sell trig] peak Y364.01 pullback 0.14% → Y363.51 gross~Y589
[14:30:40] [FWD-T sell SKIP] 可卖 不足: planned 100 actual 0
[14:30:40] [FWD-T sell FAIL] 未成交, 回 BT_BOUGHT
[14:30:40] [FWD-T sellback watch] +1.65% → Y363.51
[14:31:02] [HB] BT_SPIKING Y365.08 peak Y365.08 pullback 0.00%
[14:32:02] [HB] BT_SPIKING Y365.54 peak Y365.54 pullback 0.00%
[14:32:16] [FWD-T sell trig] peak Y365.55 pullback 0.15% → Y365.00 gross~Y738
[14:32:16] [FWD-T sell SKIP] 可卖 不足: planned 100 actual 0
[14:32:16] [FWD-T sell FAIL] 未成交, 回 BT_BOUGHT
[14:32:17] [FWD-T sellback watch] +2.06% → Y365.00
[14:33:02] [HB] BT_SPIKING Y364.75 peak Y365.01 pullback 0.07%
[14:34:02] [HB] BT_SPIKING Y365.38 peak Y365.41 pullback 0.01%
[14:34:04] [FWD-T sell trig] peak Y365.41 pullback 0.17% → Y364.80 gross~Y718
[14:34:04] [FWD-T sell SKIP] 可卖 不足: planned 100 actual 0
[14:34:04] [FWD-T sell FAIL] 未成交, 回 BT_BOUGHT
[14:34:05] [FWD-T sellback watch] +2.01% → Y364.80
[14:34:19] [FWD-T sell trig] peak Y364.80 pullback 0.10% → Y364.42 gross~Y680
[14:34:19] [FWD-T sell SKIP] 可卖 不足: planned 100 actual 0
[14:34:19] [FWD-T sell FAIL] 未成交, 回 BT_BOUGHT
[14:34:20] [FWD-T sellback watch] +1.90% → Y364.42
[14:34:28] [FWD-T sell trig] peak Y364.42 pullback 0.11% → Y364.01 gross~Y639
[14:34:28] [FWD-T sell SKIP] 可卖 不足: planned 100 actual 0
[14:34:28] [FWD-T sell FAIL] 未成交, 回 BT_BOUGHT
[14:34:28] [FWD-T sellback watch] +1.79% → Y364.01
[14:34:49] [FWD-T sell trig] peak Y364.20 pullback 0.16% → Y363.61 gross~Y599
[14:34:49] [FWD-T sell SKIP] 可卖 不足: planned 100 actual 0
[14:34:49] [FWD-T sell FAIL] 未成交, 回 BT_BOUGHT
[14:34:49] [FWD-T sellback watch] +1.67% → Y363.61
[14:35:02] [HB] BT_SPIKING Y363.89 peak Y363.89 pullback 0.00%
[14:35:55] [FWD-T sell trig] peak Y364.58 pullback 0.15% → Y364.02 gross~Y640
[14:35:55] [FWD-T sell SKIP] 可卖 不足: planned 100 actual 0
[14:35:55] [FWD-T sell FAIL] 未成交, 回 BT_BOUGHT
[14:35:56] [FWD-T sellback watch] +1.79% → Y364.02
[14:36:03] [HB] BT_SPIKING Y364.16 peak Y364.16 pullback 0.00%
[14:36:22] [FWD-T sell trig] peak Y364.16 pullback 0.11% → Y363.77 gross~Y615
[14:36:22] [FWD-T sell SKIP] 可卖 不足: planned 100 actual 0
[14:36:22] [FWD-T sell FAIL] 未成交, 回 BT_BOUGHT
[14:36:23] [FWD-T sellback watch] +1.72% → Y363.77
[14:37:03] [HB] BT_SPIKING Y363.64 peak Y363.77 pullback 0.04%
[14:37:28] [FWD-T sell trig] peak Y364.57 pullback 0.10% → Y364.20 gross~Y658
[14:37:28] [FWD-T sell SKIP] 可卖 不足: planned 100 actual 0
[14:37:28] [FWD-T sell FAIL] 未成交, 回 BT_BOUGHT
[14:37:29] [FWD-T sellback watch] +1.84% → Y364.20
[14:38:03] [HB] BT_SPIKING Y364.19 peak Y364.34 pullback 0.04%
[14:39:03] [HB] BT_SPIKING Y365.22 peak Y365.31 pullback 0.02%
[14:39:31] [FWD-T sell trig] peak Y365.31 pullback 0.12% → Y364.88 gross~Y726
[14:39:31] [FWD-T sell SKIP] 可卖 不足: planned 100 actual 0
[14:39:31] [FWD-T sell FAIL] 未成交, 回 BT_BOUGHT
[14:39:32] [FWD-T sellback watch] +2.03% → Y364.88
[14:40:03] [HB] BT_SPIKING Y364.81 peak Y365.00 pullback 0.05%
[14:40:07] [FWD-T sell trig] peak Y365.00 pullback 0.10% → Y364.63 gross~Y701
[14:40:07] [FWD-T sell SKIP] 可卖 不足: planned 100 actual 0
[14:40:07] [FWD-T sell FAIL] 未成交, 回 BT_BOUGHT
[14:40:07] [FWD-T sellback watch] +1.96% → Y364.63
[14:40:19] [FWD-T sell trig] peak Y364.63 pullback 0.12% → Y364.20 gross~Y658
[14:40:19] [FWD-T sell SKIP] 可卖 不足: planned 100 actual 0
[14:40:19] [FWD-T sell FAIL] 未成交, 回 BT_BOUGHT
[14:40:20] [FWD-T sellback watch] +1.84% → Y364.20
[14:41:03] [HB] BT_SPIKING Y364.19 peak Y364.46 pullback 0.07%
[14:42:03] [HB] BT_SPIKING Y364.32 peak Y364.46 pullback 0.04%
[14:42:13] [FWD-T sell trig] peak Y364.46 pullback 0.12% → Y364.01 gross~Y639
[14:42:13] [FWD-T sell SKIP] 可卖 不足: planned 100 actual 0
[14:42:13] [FWD-T sell FAIL] 未成交, 回 BT_BOUGHT
[14:42:14] [FWD-T sellback watch] +1.79% → Y364.01
[14:42:43] [FWD-T sell trig] peak Y364.01 pullback 0.11% → Y363.62 gross~Y600
[14:42:43] [FWD-T sell SKIP] 可卖 不足: planned 100 actual 0
[14:42:43] [FWD-T sell FAIL] 未成交, 回 BT_BOUGHT
[14:42:44] [FWD-T sellback watch] +1.68% → Y363.62
[14:43:03] [HB] BT_SPIKING Y363.52 peak Y363.62 pullback 0.03%
[14:43:19] [FWD-T sell trig] peak Y363.62 pullback 0.14% → Y363.12 gross~Y550
[14:43:19] [FWD-T sell SKIP] 可卖 不足: planned 100 actual 0
[14:43:19] [FWD-T sell FAIL] 未成交, 回 BT_BOUGHT
[14:43:20] [FWD-T sellback watch] +1.54% → Y363.12
[14:43:37] [FWD-T sell trig] peak Y363.30 pullback 0.11% → Y362.90 gross~Y528
[14:43:37] [FWD-T sell SKIP] 可卖 不足: planned 100 actual 0
[14:43:37] [FWD-T sell FAIL] 未成交, 回 BT_BOUGHT
[14:43:38] [FWD-T sellback watch] +1.48% → Y362.90
[14:44:03] [HB] BT_SPIKING Y362.89 peak Y362.90 pullback 0.00%
[14:45:04] [HB] BT_SPIKING Y363.60 peak Y363.60 pullback 0.00%
[14:45:25] [FWD-T sell trig] peak Y363.68 pullback 0.10% → Y363.31 gross~Y569
[14:45:25] [FWD-T sell SKIP] 可卖 不足: planned 100 actual 0
[14:45:25] [FWD-T sell FAIL] 未成交, 回 BT_BOUGHT
[14:45:26] [FWD-T sellback watch] +1.59% → Y363.31
[14:45:49] [FWD-T sell trig] peak Y363.44 pullback 0.11% → Y363.03 gross~Y541
[14:45:49] [FWD-T sell SKIP] 可卖 不足: planned 100 actual 0
[14:45:49] [FWD-T sell FAIL] 未成交, 回 BT_BOUGHT
[14:45:50] [FWD-T sellback watch] +1.51% → Y363.03
[14:46:04] [HB] BT_SPIKING Y363.01 peak Y363.10 pullback 0.02%
[14:46:19] [FWD-T sell trig] peak Y363.10 pullback 0.11% → Y362.70 gross~Y508
[14:46:19] [FWD-T sell SKIP] 可卖 不足: planned 100 actual 0
[14:46:19] [FWD-T sell FAIL] 未成交, 回 BT_BOUGHT
[14:46:20] [FWD-T sellback watch] +1.42% → Y362.70
[14:47:04] [HB] BT_SPIKING Y362.70 peak Y362.80 pullback 0.03%
[14:48:04] [HB] BT_SPIKING Y362.94 peak Y363.00 pullback 0.02%
[14:49:04] [HB] BT_SPIKING Y362.90 peak Y363.00 pullback 0.03%
[14:50:04] [HB] BT_SPIKING Y363.59 peak Y363.59 pullback 0.00%
[14:50:26] [FWD-T sell trig] peak Y363.59 pullback 0.16% → Y363.01 gross~Y539
[14:50:26] [FWD-T sell SKIP] 可卖 不足: planned 100 actual 0
[14:50:26] [FWD-T sell FAIL] 未成交, 回 BT_BOUGHT
[14:50:26] [FWD-T sellback watch] +1.51% → Y363.01
[14:51:04] [HB] BT_SPIKING Y363.32 peak Y363.40 pullback 0.02%
[14:52:04] [HB] BT_SPIKING Y363.93 peak Y363.93 pullback 0.00%
[14:53:04] [HB] BT_SPIKING Y363.70 peak Y363.93 pullback 0.06%
[14:53:40] [FWD-T sell trig] peak Y363.93 pullback 0.12% → Y363.51 gross~Y589
[14:53:40] [FWD-T sell SKIP] 可卖 不足: planned 100 actual 0
[14:53:40] [FWD-T sell FAIL] 未成交, 回 BT_BOUGHT
[14:53:40] [FWD-T sellback watch] +1.65% → Y363.51
[14:54:04] [HB] BT_SPIKING Y363.49 peak Y363.51 pullback 0.01%
[14:55:05] [HB] BT_SPIKING Y363.51 peak Y363.51 pullback 0.00%
[14:56:05] [HB] BT_SPIKING Y363.41 peak Y363.66 pullback 0.07%
[14:57:05] [HB] BT_SPIKING Y363.60 peak Y363.66 pullback 0.02%
[14:58:05] [HB] BT_SPIKING Y363.60 peak Y363.66 pullback 0.02%
[14:59:05] [HB] BT_SPIKING Y363.60 peak Y363.66 pullback 0.02%
[15:04:11] [CLOSE 15:04:11]
[15:09:11] [CLOSE 15:09:11]
[15:14:11] [CLOSE 15:14:11]
[15:19:11] [CLOSE 15:19:11]
[15:24:11] [CLOSE 15:24:11]
[15:29:11] [CLOSE 15:29:11]
[15:34:11] [CLOSE 15:34:11]
[15:39:11] [CLOSE 15:39:11]
[15:44:11] [CLOSE 15:44:11]
[15:49:11] [CLOSE 15:49:11]
[15:54:11] [CLOSE 15:54:11]
[15:59:11] [CLOSE 15:59:11]
[16:04:11] [CLOSE 16:04:11]
[16:09:11] [CLOSE 16:09:11]
[16:14:11] [CLOSE 16:14:11]
[16:19:11] [CLOSE 16:19:11]
[16:24:11] [CLOSE 16:24:11]
[16:29:11] [CLOSE 16:29:11]
[16:34:11] [CLOSE 16:34:11]
[16:39:11] [CLOSE 16:39:11]
[16:44:11] [CLOSE 16:44:11]
[16:49:11] [CLOSE 16:49:11]
[16:54:11] [CLOSE 16:54:11]
[16:59:11] [CLOSE 16:59:11]
[17:04:11] [CLOSE 17:04:11]
[17:09:11] [CLOSE 17:09:11]
[17:14:11] [CLOSE 17:14:11]
[17:19:11] [CLOSE 17:19:11]
[17:24:11] [CLOSE 17:24:11]
[17:29:11] [CLOSE 17:29:11]
[17:34:11] [CLOSE 17:34:11]
[17:39:11] [CLOSE 17:39:11]
[17:44:11] [CLOSE 17:44:11]
[17:49:11] [CLOSE 17:49:11]
[17:54:11] [CLOSE 17:54:11]
[17:59:11] [CLOSE 17:59:11]
[18:04:11] [CLOSE 18:04:11]
[18:09:11] [CLOSE 18:09:11]
