============================================================
  日志文件创建: 2026-08-13 10:52:28
  策略版本: v22 (MiniQMT, 模块化拆分)
  标的: 601869
============================================================
[10:52:34] [连接] MiniQMT 行情服务已连接
[10:52:35] [交易] 已订阅账号 8890145315
[10:52:35] [启动] 长飞光纤 v22 实盘 601869.SH
[10:52:36] [信号] 熊市 开盘Y352.00 ATR11.1% RSI35 量比1.00 乘数0.20 触发Y358.28 
[10:52:36] [因子] 趋势-0.15 波动率-0.17 成交量+0.00 RSI+0.10
[10:52:36] [账户] 持仓:200股 Y69,520(68%) | 可用:Y33,435 | T+0:2手(200股)
[10:52:36] [反T] ✅ 2手 触发Y358.28 买回=卖价×(1-ATR%×0.15) 紧急+3%
[10:52:36] [正T] ❌ 资金不足  1手≈Y34,760
[10:52:36] [开盘] [Y347.60] [反T触发Y358.28(需涨3.07%)] [正T触发Y341.44(需跌1.77%)]
[10:52:36] [心跳] IDLE Y347.60 反T:需涨10.68至Y358.28 | 正T:禁
[10:53:36] [心跳] IDLE Y347.84 反T:需涨10.44至Y358.28 | 正T:禁
[10:54:36] [心跳] IDLE Y348.46 反T:需涨9.82至Y358.28 | 正T:禁
[10:55:36] [心跳] IDLE Y349.79 反T:需涨8.49至Y358.28 | 正T:禁
[10:56:36] [心跳] IDLE Y349.57 反T:需涨8.71至Y358.28 | 正T:禁
[10:57:36] [心跳] IDLE Y349.20 反T:需涨9.08至Y358.28 | 正T:禁
[10:58:36] [心跳] IDLE Y350.18 反T:需涨8.10至Y358.28 | 正T:禁
[10:59:36] [心跳] IDLE Y350.49 反T:需涨7.79至Y358.28 | 正T:禁
[11:00:36] [心跳] IDLE Y349.74 反T:需涨8.54至Y358.28 | 正T:禁
[11:01:36] [心跳] IDLE Y350.78 反T:需涨7.50至Y358.28 | 正T:禁
[11:02:36] [心跳] IDLE Y351.88 反T:需涨6.40至Y358.28 | 正T:禁
