============================================================
  日志文件创建: 2026-08-10 11:47:13
  策略版本: RSI_v3 (MiniQMT, 模块化拆分)
  标的: 601869
============================================================
[11:47:16] [连接] MiniQMT 行情服务已连接

[11:47:16] [信号mode] 已连接行情, 不下单

[11:47:16] 长飞光纤 RSI策略 v3 MiniQMT版 启动

[11:47:16]   mode: 信号监控(不下单)

[11:47:16]   ★ v3: RealTimeRSI — 逐tick实时更新

[11:47:16]   RSI(14) | 超买>70 | 超卖<30

[11:47:16]   反弹确认: 0.10% | 回落确认: 0.10%

[11:47:16]   ★ 日志: D:\02Project\QMT-export\Stragety\MiniQMT_Stragety\logs\DayTradeing_RSI_v3_601869_20260810_114713.log

[11:47:17] 

[11:47:17] ═══════════════════════════════════════════════════════

[11:47:17]   RealTimeRSI 引擎初始化...

[11:47:17] ═══════════════════════════════════════════════════════

[11:47:17] [RealTimeRSI] 初始化完成: 80天日线数据

[11:47:17]   avg_gain=8.9692  avg_loss=12.6082

[11:47:17]   prev_close(昨收)=Y312.40

[11:47:17]   daily_RSI(静态)=41.57

[11:47:17]   → 交易时段将用 当前价vs昨收 逐tick更新RSI

[11:47:17] 

[11:47:17] ╔══════════════════════════════════════════════════════════════╗

[11:47:17] ║  📊 RSI(14) 实时计算 — 长飞光纤  20260810                 ║

[11:47:17] ╠══════════════════════════════════════════════════════════════╣

[11:47:17] ║  历史14天逐日涨跌 (日线收盘):                                   ║

[11:47:17] ║   T-N         收盘价         涨跌额          涨跌幅%  ║

[11:47:17] ║  ────────────────────────────────────────────────────  ║

[11:47:17] ║  T-13  Y    361.57      -40.17       -10.00%  📉 ║

[11:47:17] ║  T-12  Y    382.00      +20.43        +5.65%  📈 ║

[11:47:17] ║  T-11  Y    406.38      +24.38        +6.38%  📈 ║

[11:47:17] ║  T-10  Y    366.05      -40.33        -9.92%  📉 ║

[11:47:17] ║  T-9  Y    356.12       -9.93        -2.71%  📉 ║

[11:47:17] ║  T-8  Y    331.65      -24.47        -6.87%  📉 ║

[11:47:17] ║  T-7  Y    335.89       +4.24        +1.28%  📈 ║

[11:47:17] ║  T-6  Y    302.30      -33.59       -10.00%  📉 ║

[11:47:17] ║  T-5  Y    281.70      -20.60        -6.81%  📉 ║

[11:47:17] ║  T-4  Y    262.66      -19.04        -6.76%  📉 ║

[11:47:17] ║  T-3  Y    271.50       +8.84        +3.37%  📈 ║

[11:47:17] ║  T-2  Y    262.30       -9.20        -3.39%  📉 ║

[11:47:17] ║  T-1  Y    284.00      +21.70        +8.27%  📈 ║

[11:47:17] ║  T-0  Y    312.40      +28.40       +10.00%  📈 ║

[11:47:17] ╠══════════════════════════════════════════════════════════════╣

[11:47:17] ║  历史 avg_gain: 8.9692   历史 avg_loss: 12.6082          ║

[11:47:17] ║  昨收 (prev_close): Y312.40                            ║

[11:47:17] ╠══════════════════════════════════════════════════════════════╣

[11:47:17] ║  ★ 实时RSI (基于当前价 Y333.93):                            ║

[11:47:17] ║  今日涨跌: Y+21.53 (+6.89%)                              ║

[11:47:17] ║  实时 avg_gain: 9.8664   实时 avg_loss: 11.7076          ║

[11:47:17] ║  实时 RS: 0.84  →  RSI_live = **45.73**                ║

[11:47:17] ╠══════════════════════════════════════════════════════════════╣

[11:47:17] ║  RSI 实时位置:                                           ║

[11:47:17] ║  0 ░░░░░░░░░░░░░░░┃──────▼────────────┃▓▓▓▓▓▓▓▓▓▓▓▓▓▓▓ 100 ║

[11:47:17] ║  RSI_live=45.7 (实时) | RSI_daily=41.6 (静态) | Δ=+4.2 ║

[11:47:17] ║  区域: ⚪ 中性 ║

[11:47:17] ║  距超买线(70): +24.3点   |  距超卖线(30): +15.7点 ║

[11:47:17] ╚══════════════════════════════════════════════════════════════╝

[11:47:17] 

[11:47:17] ┌──────────────────────────────────────────────────────────────┐

[11:47:17] │  🎯 RSI v3 交易计划 — 长飞光纤  20260810                      │

[11:47:17] │  RSI_live=45.7 (实时)  RSI_daily=41.6 (静态)  ⚪ 中性       │

[11:47:17] ├──────────────────────────────────────────────────────────────┤

[11:47:17] │  开盘: Y345.00  当前: Y333.93  (-3.21%)                   │

[11:47:17] │  持仓:     0股  Y         0  (0%)  总资产: Y           0    │

[11:47:17] │  可用资金: Y           0    T+0可卖:   0股 (0手)              │

[11:47:17] ├──────────────────────────────────────────────────────────────┤

[11:47:17] │  🔄 价格行为确认机制:                                         │

[11:47:17] │  ⚪ **中性区域** — 等待RSI进入超买/超卖                           │

[11:47:17] │  └─ 建议: 等待RSI进入超买/超卖区域                               │

[11:47:17] ├──────────────────────────────────────────────────────────────┤

[11:47:17] │  📋 RSI(14) | 超买70 | 超卖30 | 反弹0.10% | 回落0.10% | 日2笔   │

[11:47:17] └──────────────────────────────────────────────────────────────┘

[11:47:17] 

[11:47:17] 开始监控... (Ctrl+C 停止)

[11:47:17] 

[11:47:17] [午休] 11:47:17 | RSI_live=45.7 ⚪ 中性

[11:52:17] [午休] 11:52:17 | RSI_live=45.7 ⚪ 中性

[11:57:17] [午休] 11:57:17 | RSI_live=45.7 ⚪ 中性

[12:02:17] [午休] 12:02:17 | RSI_live=45.7 ⚪ 中性

[12:07:17] [午休] 12:07:17 | RSI_live=45.7 ⚪ 中性

[12:12:17] [午休] 12:12:17 | RSI_live=45.7 ⚪ 中性

[12:17:17] [午休] 12:17:17 | RSI_live=45.7 ⚪ 中性

[12:22:17] [午休] 12:22:17 | RSI_live=45.7 ⚪ 中性

[12:27:17] [午休] 12:27:17 | RSI_live=45.7 ⚪ 中性

[12:32:17] [午休] 12:32:17 | RSI_live=45.7 ⚪ 中性

[12:37:18] [午休] 12:37:18 | RSI_live=45.7 ⚪ 中性

[12:42:18] [午休] 12:42:18 | RSI_live=45.7 ⚪ 中性

[12:47:18] [午休] 12:47:18 | RSI_live=45.7 ⚪ 中性

[12:52:26] [午休] 12:52:26 | RSI_live=45.7 ⚪ 中性

[12:57:41] [午休] 12:57:41 | RSI_live=45.7 ⚪ 中性

[13:01:02] [RSI] RSI_live=45.7 | ⚪ 中性 | 今日+21.53(+6.89%) | RSI_daily=41.6 Δ=+4.2 | ⏳ | Y333.93 | 0/2笔

[13:01:04] [RSI] RSI_live=45.7 | ⚪ 中性 | 今日+21.53(+6.89%) | RSI_daily=41.6 Δ=+4.2 | ⏳ | Y333.93 | 0/2笔

[13:02:04] [RSI] RSI_live=45.5 | ⚪ 中性 | 今日+20.26(+6.49%) | RSI_daily=41.6 Δ=+3.9 | ⏳ | Y332.66 | 0/2笔

[13:03:04] [RSI] RSI_live=45.5 | ⚪ 中性 | 今日+20.20(+6.47%) | RSI_daily=41.6 Δ=+3.9 | ⏳ | Y332.60 | 0/2笔

[13:04:35] [RSI] RSI_live=45.4 | ⚪ 中性 | 今日+19.61(+6.28%) | RSI_daily=41.6 Δ=+3.8 | ⏳ | Y332.01 | 0/2笔

[13:05:35] [RSI] RSI_live=45.2 | ⚪ 中性 | 今日+18.71(+5.99%) | RSI_daily=41.6 Δ=+3.6 | ⏳ | Y331.11 | 0/2笔

[13:06:35] [RSI] RSI_live=45.5 | ⚪ 中性 | 今日+20.00(+6.40%) | RSI_daily=41.6 Δ=+3.9 | ⏳ | Y332.40 | 0/2笔

[13:08:05] [RSI] RSI_live=45.5 | ⚪ 中性 | 今日+20.01(+6.41%) | RSI_daily=41.6 Δ=+3.9 | ⏳ | Y332.41 | 0/2笔

[13:09:05] [RSI] RSI_live=45.4 | ⚪ 中性 | 今日+19.71(+6.31%) | RSI_daily=41.6 Δ=+3.8 | ⏳ | Y332.11 | 0/2笔

[13:10:05] [RSI] RSI_live=45.6 | ⚪ 中性 | 今日+20.58(+6.59%) | RSI_daily=41.6 Δ=+4.0 | ⏳ | Y332.98 | 0/2笔

[13:11:34] [RSI] RSI_live=45.4 | ⚪ 中性 | 今日+19.82(+6.34%) | RSI_daily=41.6 Δ=+3.9 | ⏳ | Y332.22 | 0/2笔

[13:12:34] [RSI] RSI_live=45.4 | ⚪ 中性 | 今日+19.82(+6.34%) | RSI_daily=41.6 Δ=+3.9 | ⏳ | Y332.22 | 0/2笔

[13:13:34] [RSI] RSI_live=45.3 | ⚪ 中性 | 今日+18.93(+6.06%) | RSI_daily=41.6 Δ=+3.7 | ⏳ | Y331.33 | 0/2笔

[13:15:06] [RSI] RSI_live=45.2 | ⚪ 中性 | 今日+18.73(+6.00%) | RSI_daily=41.6 Δ=+3.7 | ⏳ | Y331.13 | 0/2笔

[13:16:06] [RSI] RSI_live=45.2 | ⚪ 中性 | 今日+18.59(+5.95%) | RSI_daily=41.6 Δ=+3.6 | ⏳ | Y330.99 | 0/2笔

[13:17:06] [RSI] RSI_live=45.3 | ⚪ 中性 | 今日+19.19(+6.14%) | RSI_daily=41.6 Δ=+3.7 | ⏳ | Y331.59 | 0/2笔

[13:18:38] [RSI] RSI_live=45.4 | ⚪ 中性 | 今日+19.59(+6.27%) | RSI_daily=41.6 Δ=+3.8 | ⏳ | Y331.99 | 0/2笔

[13:19:38] [RSI] RSI_live=45.5 | ⚪ 中性 | 今日+20.14(+6.45%) | RSI_daily=41.6 Δ=+3.9 | ⏳ | Y332.54 | 0/2笔

[13:20:38] [RSI] RSI_live=45.5 | ⚪ 中性 | 今日+20.09(+6.43%) | RSI_daily=41.6 Δ=+3.9 | ⏳ | Y332.49 | 0/2笔

[13:22:09] [RSI] RSI_live=45.5 | ⚪ 中性 | 今日+20.38(+6.52%) | RSI_daily=41.6 Δ=+4.0 | ⏳ | Y332.78 | 0/2笔

[13:23:09] [RSI] RSI_live=45.0 | ⚪ 中性 | 今日+17.76(+5.69%) | RSI_daily=41.6 Δ=+3.5 | ⏳ | Y330.16 | 0/2笔

[13:24:09] [RSI] RSI_live=45.1 | ⚪ 中性 | 今日+18.28(+5.85%) | RSI_daily=41.6 Δ=+3.6 | ⏳ | Y330.68 | 0/2笔

[13:25:37] [RSI] RSI_live=45.2 | ⚪ 中性 | 今日+18.59(+5.95%) | RSI_daily=41.6 Δ=+3.6 | ⏳ | Y330.99 | 0/2笔

[13:26:37] [RSI] RSI_live=45.4 | ⚪ 中性 | 今日+19.62(+6.28%) | RSI_daily=41.6 Δ=+3.8 | ⏳ | Y332.02 | 0/2笔

[13:27:37] [RSI] RSI_live=45.4 | ⚪ 中性 | 今日+19.61(+6.28%) | RSI_daily=41.6 Δ=+3.8 | ⏳ | Y332.01 | 0/2笔

[13:29:10] [RSI] RSI_live=45.5 | ⚪ 中性 | 今日+20.06(+6.42%) | RSI_daily=41.6 Δ=+3.9 | ⏳ | Y332.46 | 0/2笔

[13:30:10] [RSI] RSI_live=45.6 | ⚪ 中性 | 今日+20.59(+6.59%) | RSI_daily=41.6 Δ=+4.0 | ⏳ | Y332.99 | 0/2笔

[13:31:10] [RSI] RSI_live=45.7 | ⚪ 中性 | 今日+21.25(+6.80%) | RSI_daily=41.6 Δ=+4.1 | ⏳ | Y333.65 | 0/2笔

[13:32:10] [RSI] RSI_live=45.6 | ⚪ 中性 | 今日+20.56(+6.58%) | RSI_daily=41.6 Δ=+4.0 | ⏳ | Y332.96 | 0/2笔

[13:33:10] [RSI] RSI_live=45.8 | ⚪ 中性 | 今日+22.14(+7.09%) | RSI_daily=41.6 Δ=+4.3 | ⏳ | Y334.54 | 0/2笔

[13:34:10] [RSI] RSI_live=45.9 | ⚪ 中性 | 今日+22.61(+7.24%) | RSI_daily=41.6 Δ=+4.4 | ⏳ | Y335.01 | 0/2笔

[13:35:10] [RSI] RSI_live=45.9 | ⚪ 中性 | 今日+22.58(+7.23%) | RSI_daily=41.6 Δ=+4.3 | ⏳ | Y334.98 | 0/2笔

[13:36:10] [RSI] RSI_live=46.0 | ⚪ 中性 | 今日+23.10(+7.39%) | RSI_daily=41.6 Δ=+4.5 | ⏳ | Y335.50 | 0/2笔

[13:37:10] [RSI] RSI_live=46.0 | ⚪ 中性 | 今日+22.72(+7.27%) | RSI_daily=41.6 Δ=+4.4 | ⏳ | Y335.12 | 0/2笔

[13:38:10] [RSI] RSI_live=45.7 | ⚪ 中性 | 今日+21.43(+6.86%) | RSI_daily=41.6 Δ=+4.2 | ⏳ | Y333.83 | 0/2笔

[13:39:10] [RSI] RSI_live=45.8 | ⚪ 中性 | 今日+21.65(+6.93%) | RSI_daily=41.6 Δ=+4.2 | ⏳ | Y334.05 | 0/2笔

[13:40:10] [RSI] RSI_live=45.9 | ⚪ 中性 | 今日+22.69(+7.26%) | RSI_daily=41.6 Δ=+4.4 | ⏳ | Y335.09 | 0/2笔

[13:41:10] [RSI] RSI_live=46.1 | ⚪ 中性 | 今日+23.80(+7.62%) | RSI_daily=41.6 Δ=+4.6 | ⏳ | Y336.20 | 0/2笔

[13:42:10] [RSI] RSI_live=46.3 | ⚪ 中性 | 今日+24.89(+7.97%) | RSI_daily=41.6 Δ=+4.8 | ⏳ | Y337.29 | 0/2笔

[13:43:11] [RSI] RSI_live=46.3 | ⚪ 中性 | 今日+24.76(+7.93%) | RSI_daily=41.6 Δ=+4.7 | ⏳ | Y337.16 | 0/2笔

[13:44:11] [RSI] RSI_live=46.0 | ⚪ 中性 | 今日+23.23(+7.44%) | RSI_daily=41.6 Δ=+4.5 | ⏳ | Y335.63 | 0/2笔

[13:45:11] [RSI] RSI_live=45.8 | ⚪ 中性 | 今日+21.60(+6.91%) | RSI_daily=41.6 Δ=+4.2 | ⏳ | Y334.00 | 0/2笔

[13:46:11] [RSI] RSI_live=45.7 | ⚪ 中性 | 今日+21.40(+6.85%) | RSI_daily=41.6 Δ=+4.1 | ⏳ | Y333.80 | 0/2笔

[13:47:11] [RSI] RSI_live=45.8 | ⚪ 中性 | 今日+22.15(+7.09%) | RSI_daily=41.6 Δ=+4.3 | ⏳ | Y334.55 | 0/2笔

