============================================================
  日志文件创建: 2026-09-06 16:55:18
  策略版本: v40 (for MiniQMT Evn)
  标的: 601869
============================================================
[16:55:18] [连接] MiniQMT 行情服务已连接
[16:55:18] [START] 长飞光纤 v40 SIGNAL 601869.SH
[16:55:18] [DATA-STALE] attempt 1/3: daily data missing
[16:55:19] [DATA-STALE] attempt 2/3: daily data missing
[16:55:20] [DATA-STALE] attempt 3/3: daily data missing
[16:55:20] [TRADE-LOCK] daily data unavailable or stale; all trading disabled
[16:55:20] [CLOSE 16:55:20]
[17:00:20] [CLOSE 17:00:20]
[17:05:20] [CLOSE 17:05:20]
[17:10:20] [CLOSE 17:10:20]
[17:15:20] [CLOSE 17:15:20]
[17:15:45] Interrupted by user
[17:15:45] [STOP] 长飞光纤 v40 cum 0 days gross~Y0

============================================================
  日志结束: 2026-09-06 17:15:45
============================================================
