============================================================
  日志文件创建: 2026-09-04 09:59:51
  策略版本: v40 (for MiniQMT Evn)
  标的: 601869
============================================================
[09:59:53] [连接] MiniQMT 行情服务已连接
[09:59:53] [账号状态] 8890145315 未知(STOCK): 正常
[09:59:54] [交易] 已订阅账号 8890145315
[09:59:54] [START] 长飞光纤 v40 LIVE 601869.SH
[09:59:55] [DailyData] excluded incomplete current-day bar 20260904
[09:59:55] [DATA-STALE] attempt 1/3: adjusted/raw date indexes differ
[09:59:57] [DailyData] excluded incomplete current-day bar 20260904
[09:59:57] [DATA-STALE] attempt 2/3: adjusted/raw date indexes differ
[09:59:58] [DailyData] excluded incomplete current-day bar 20260904
[09:59:58] [DATA-STALE] attempt 3/3: adjusted/raw date indexes differ
[09:59:59] [TRADE-LOCK] daily data unavailable or stale; all trading disabled
[10:00:00] [ERROR] 'NoneType' object has no attribute 'get'
[10:00:00] [STOP] 长飞光纤 v40 cum 0 days gross~Y0

============================================================
  日志结束: 2026-09-04 10:00:00
============================================================
