============================================================
  日志文件创建: 2026-08-10 09:09:18
  策略版本: v14 (MiniQMT)
  标的: 601869
============================================================
[09:09:18] [连接] MiniQMT 行情服务已连接

[09:09:18] [信号mode] 已连接行情, 不下单

[09:09:18] 长飞光纤 迷你反T v14 MiniQMT版 启动

[09:09:18]   mode: 信号监控(不下单)

[09:09:18]   标的: 长飞光纤(601869.SH)

[09:09:18]   触发BASE: bear=0.4 sideways=0.55 weak_bull=0.65

[09:09:18]   ★ 日志文件: d:\02Project\QMT-export\Stragety\MiniQMT_Stragety\logs\DayTradeing_v14_601869_20260810_090918.log

[09:09:18] [数据] 今日开盘: Y338.69 (来自tick)

[09:09:18] 

[09:09:18] ╔═══════════════════════════════════════════════════════╗

[09:09:18] ║  长飞光纤  迷你反T v14  |  20260810  |  bear  ║

[09:09:18] ╠═══════════════════════════════════════════════════════╣

[09:09:18] ║  开盘: Y338.69  |  ATR: 10.9%  |  RSI: 42  |  量比: 1.00    ║

[09:09:18] ║  持仓: 0股 Y0(0%)  |  可用: Y0  |  总资产: Y0  ║

[09:09:18] [异常] 初始化失败: name 'base_can_use' is not defined

[09:09:18] 开始监控... (Ctrl+C 停止)

[09:09:18] 

[09:09:18] [等待开盘] 09:09:18 — 距开盘 20分42秒

