============================================================
  日志文件创建: 2026-08-10 13:54:25
  策略版本: v18 (MiniQMT, 模块化拆分)
  标的: 601869
============================================================
[13:54:27] [连接] MiniQMT 行情服务已连接

[13:54:28] [交易] 已订阅账号 8890145315

[13:54:28] 长飞光纤 迷你反T v18 MiniQMT版 启动

[13:54:28]   mode: 实盘交易

[13:54:28]   标的: 长飞光纤(601869.SH)

[13:54:28]   ★ v18: 订单成交确认 + 状态不卡死 + 多笔自动恢复

[13:54:28]   ★ 日志: D:\02Project\QMT-export\Stragety\MiniQMT_Stragety\logs\DayTradeing_v18_601869_20260810_135425.log

[13:54:28] [数据] 今日开盘: Y345.00 (来自tick)

[13:54:28] 

[13:54:28] ┌──────────────────────────────────────────────────────────┐

[13:54:28] │  📊 信号计算结果摘要                                        │

[13:54:28] ├──────────────────────────────────────────────────────────┤

[13:54:28] │  趋势判定: 熊市 🔴                          连涨: 2天  │

[13:54:28] │  开盘: Y345.00         昨收: Y312.40         涨跌: +10.44%  │

[13:54:28] │  ATR: Y34.13 (10.92%)    ATR/MA20: 0.86                    │

[13:54:28] │  RSI: 41.6                   量比: 1.00                        │

[13:54:28] │  卖出乘数: 0.20  (基础: 0.40)                              │

[13:54:28] │  因子偏差: 趋势: -0.15 | 波动率: -0.11 | 成交量: +0.00 | RSI: +0.03                        │

[13:54:28] │  反T触发线: Y351.83  (原始: Y351.83)          │

[13:54:28] │  ⛔ 反T已禁止:                                             │

[13:54:28] └──────────────────────────────────────────────────────────┘

[13:54:28] 

[13:54:28] ┌──────────────────────────────────────────────────────────┐

[13:54:28] │  🎯 今日交易计划 — bear  20260810               │

[13:54:28] ├──────────────────────────────────────────────────────────┤

[13:54:28] │  持仓:   200股  Y    66,698  (68%)                       │

[13:54:28] │  可用: Y      32,064    总资产: Y      98,762              │

[13:54:28] │  T+0可卖:   0股 (0手)   T+1锁定: 200股                       │

[13:54:28] ├──────────────────────────────────────────────────────────┤

[13:54:28] │  📉 反T (先卖后买) — ❌ 不可用                                │

[13:54:28] │     原因: 可用0股<1手                                            │

[13:54:28] ├──────────────────────────────────────────────────────────┤

[13:54:28] │  📈 正T (先买后卖) — ❌ 不可用                                │

[13:54:28] │     原因: 资金不足; T+1:无可卖持仓                                    │

[13:54:28] ├──────────────────────────────────────────────────────────┤

[13:54:28] │  ⚠ 风险: 熊市, 正T风险较高, 优先反T                          │

[13:54:28] │  📋 状态监控: 反T=❌ 正T=❌ 最大3/3次                       │

[13:54:28] └──────────────────────────────────────────────────────────┘

[13:54:28] 

[13:54:28] 开始监控... (Ctrl+C 停止)

[13:54:28] 

[13:54:28] [待命] Y333.49 | 无可用交易方向

[13:59:28] [待命] Y334.26 | 无可用交易方向

[14:04:28] [待命] Y337.18 | 无可用交易方向

[14:09:28] [待命] Y339.27 | 无可用交易方向

[14:14:28] [待命] Y343.18 | 无可用交易方向

[14:19:28] [待命] Y342.04 | 无可用交易方向

[14:24:28] [待命] Y344.97 | 无可用交易方向

[14:29:28] [待命] Y341.52 | 无可用交易方向

[14:34:28] [待命] Y338.00 | 无可用交易方向

[14:39:29] [待命] Y339.36 | 无可用交易方向

[14:44:29] [待命] Y341.35 | 无可用交易方向

[14:49:29] [待命] Y340.60 | 无可用交易方向

